2026-09-11 10:42:02 +0200: Memory Usage (674564K) : Starting running GF180MCU Klayout LVS runset on /foss/designs/DAC_CORE_5bit/DAC_CORE_5bit.klay.gds
2026-09-11 10:42:02 +0200: Memory Usage (674564K) : Ruby Version for klayout: 3.2.3
2026-09-11 10:42:02 +0200: Memory Usage (674564K) : Loading database to memory is complete.
2026-09-11 10:42:02 +0200: Memory Usage (674564K) : GF180MCU Klayout LVS runset output at: /foss/designs/DAC_CORE_5bit/output/DAC_CORE_5bit__DAC_CORE_5bit/DAC_CORE_5bit.lvsdb.gz
2026-09-11 10:42:02 +0200: Memory Usage (674564K) : Evaluate switches.
2026-09-11 10:42:02 +0200: Memory Usage (674564K) : Substrate name used: 
2026-09-11 10:42:02 +0200: Memory Usage (674564K) : Extracted netlist with net names: true
2026-09-11 10:42:02 +0200: Memory Usage (674564K) : Extracted netlist with comments in details: false
2026-09-11 10:42:02 +0200: Memory Usage (674564K) : GF180MCU Klayout LVS extracted netlist file at: DAC_CORE_5bit_extracted.cir
2026-09-11 10:42:02 +0200: Memory Usage (674564K) : LVS device_scaling option: false
2026-09-11 10:42:02 +0200: Memory Usage (674564K) : Selected SCH_SIMPLE option: false
2026-09-11 10:42:02 +0200: Memory Usage (674564K) : Selected NET_ONLY option: false
2026-09-11 10:42:02 +0200: Memory Usage (674564K) : Selected TOP_LVL_PINS option: true
2026-09-11 10:42:02 +0200: Memory Usage (674564K) : Selected COMBINE option: false
2026-09-11 10:42:02 +0200: Memory Usage (674564K) : Selected PURGE option: false
2026-09-11 10:42:02 +0200: Memory Usage (674564K) : Selected PURGE_NETS option: false
2026-09-11 10:42:02 +0200: Memory Usage (674564K) : Selected SIMPLIFY option: false
2026-09-11 10:42:02 +0200: Memory Usage (674564K) : Verbose mode: false
2026-09-11 10:42:02 +0200: Memory Usage (674564K) : deep  mode is enabled.
2026-09-11 10:42:02 +0200: Memory Usage (674564K) : METAL_TOP Selected is 9K
2026-09-11 10:42:02 +0200: Memory Usage (674564K) : METAL_STACK Selected is 6LM
2026-09-11 10:42:02 +0200: Memory Usage (674564K) : POLY_RES Selected is 1k
2026-09-11 10:42:02 +0200: Memory Usage (674564K) : MIM Option selected: B
2026-09-11 10:42:02 +0200: Memory Usage (674564K) : MIM CAP selected: 2
2026-09-11 10:42:02 +0200: Memory Usage (674564K) : Netlist file: /foss/designs/DAC_CORE_5bit/output/DAC_CORE_5bit__DAC_CORE_5bit/DAC_CORE_5bit_dummy_schematic.spice
2026-09-11 10:42:02 +0200: Memory Usage (674564K) : Read in polygons from layers.
2026-09-11 10:42:02 +0200: Memory Usage (674564K) : comp has 649 polygons
2026-09-11 10:42:02 +0200: Memory Usage (674564K) : dnwell has 0 polygons
2026-09-11 10:42:02 +0200: Memory Usage (674564K) : nwell has 651 polygons
2026-09-11 10:42:02 +0200: Memory Usage (674564K) : lvpwell has 0 polygons
2026-09-11 10:42:02 +0200: Memory Usage (674564K) : dualgate has 0 polygons
2026-09-11 10:42:02 +0200: Memory Usage (674564K) : poly2 has 233 polygons
2026-09-11 10:42:02 +0200: Memory Usage (674564K) : nplus has 554 polygons
2026-09-11 10:42:02 +0200: Memory Usage (674564K) : pplus has 95 polygons
2026-09-11 10:42:02 +0200: Memory Usage (674564K) : sab has 0 polygons
2026-09-11 10:42:02 +0200: Memory Usage (674564K) : esd has 0 polygons
2026-09-11 10:42:02 +0200: Memory Usage (674564K) : resistor has 0 polygons
2026-09-11 10:42:02 +0200: Memory Usage (674564K) : fhres has 0 polygons
2026-09-11 10:42:02 +0200: Memory Usage (674564K) : fusetop has 0 polygons
2026-09-11 10:42:02 +0200: Memory Usage (674564K) : fusewindow_d has 0 polygons
2026-09-11 10:42:02 +0200: Memory Usage (674564K) : polyfuse has 0 polygons
2026-09-11 10:42:02 +0200: Memory Usage (674564K) : mvsd has 0 polygons
2026-09-11 10:42:02 +0200: Memory Usage (675080K) : mvpsd has 0 polygons
2026-09-11 10:42:02 +0200: Memory Usage (675080K) : nat has 0 polygons
2026-09-11 10:42:02 +0200: Memory Usage (675080K) : comp_dummy has 0 polygons
2026-09-11 10:42:02 +0200: Memory Usage (675080K) : poly2_dummy has 0 polygons
2026-09-11 10:42:02 +0200: Memory Usage (675080K) : schottky_diode has 0 polygons
2026-09-11 10:42:02 +0200: Memory Usage (675080K) : zener has 0 polygons
2026-09-11 10:42:02 +0200: Memory Usage (675080K) : res_mk has 0 polygons
2026-09-11 10:42:02 +0200: Memory Usage (675080K) : opc_drc has 0 polygons
2026-09-11 10:42:02 +0200: Memory Usage (675080K) : ndmy has 0 polygons
2026-09-11 10:42:02 +0200: Memory Usage (675080K) : pmndmy has 0 polygons
2026-09-11 10:42:02 +0200: Memory Usage (675484K) : v5_xtor has 0 polygons
2026-09-11 10:42:02 +0200: Memory Usage (675484K) : cap_mk has 0 polygons
2026-09-11 10:42:02 +0200: Memory Usage (675484K) : mos_cap_mk has 0 polygons
2026-09-11 10:42:02 +0200: Memory Usage (675484K) : ind_mk has 0 polygons
2026-09-11 10:42:02 +0200: Memory Usage (675484K) : diode_mk has 0 polygons
2026-09-11 10:42:02 +0200: Memory Usage (675484K) : drc_bjt has 0 polygons
2026-09-11 10:42:02 +0200: Memory Usage (675484K) : lvs_bjt has 0 polygons
2026-09-11 10:42:03 +0200: Memory Usage (675484K) : mim_l_mk has 0 polygons
2026-09-11 10:42:03 +0200: Memory Usage (675484K) : latchup_mk has 0 polygons
2026-09-11 10:42:03 +0200: Memory Usage (675484K) : guard_ring_mk has 0 polygons
2026-09-11 10:42:03 +0200: Memory Usage (675484K) : otp_mk has 0 polygons
2026-09-11 10:42:03 +0200: Memory Usage (675484K) : mtpmark has 0 polygons
2026-09-11 10:42:03 +0200: Memory Usage (675484K) : neo_ee_mk has 0 polygons
2026-09-11 10:42:03 +0200: Memory Usage (675484K) : sramcore has 0 polygons
2026-09-11 10:42:03 +0200: Memory Usage (675484K) : lvs_rf has 0 polygons
2026-09-11 10:42:03 +0200: Memory Usage (675484K) : lvs_drain has 0 polygons
2026-09-11 10:42:03 +0200: Memory Usage (675484K) : ind_mk has 0 polygons
2026-09-11 10:42:03 +0200: Memory Usage (675484K) : hvpolyrs has 0 polygons
2026-09-11 10:42:03 +0200: Memory Usage (675484K) : lvs_io has 0 polygons
2026-09-11 10:42:03 +0200: Memory Usage (675484K) : probe_mk has 0 polygons
2026-09-11 10:42:03 +0200: Memory Usage (675484K) : esd_mk has 0 polygons
2026-09-11 10:42:03 +0200: Memory Usage (675484K) : lvs_source has 0 polygons
2026-09-11 10:42:03 +0200: Memory Usage (675484K) : well_diode_mk has 0 polygons
2026-09-11 10:42:03 +0200: Memory Usage (675484K) : ldmos_xtor has 0 polygons
2026-09-11 10:42:03 +0200: Memory Usage (675484K) : plfuse has 0 polygons
2026-09-11 10:42:03 +0200: Memory Usage (675484K) : efuse_mk has 0 polygons
2026-09-11 10:42:03 +0200: Memory Usage (675484K) : mcell_feol_mk has 0 polygons
2026-09-11 10:42:03 +0200: Memory Usage (675484K) : ymtp_mk has 0 polygons
2026-09-11 10:42:03 +0200: Memory Usage (675484K) : dev_wf_mk has 0 polygons
2026-09-11 10:42:03 +0200: Memory Usage (675484K) : comp_label has 0 polygons
2026-09-11 10:42:03 +0200: Memory Usage (675484K) : poly2_label has 0 polygons
2026-09-11 10:42:03 +0200: Memory Usage (675484K) : mdiode has 0 polygons
2026-09-11 10:42:03 +0200: Memory Usage (675484K) : contact has 1036 polygons
2026-09-11 10:42:03 +0200: Memory Usage (675484K) : metal1_drawn has 1057 polygons
2026-09-11 10:42:03 +0200: Memory Usage (675484K) : metal1_dummy has 0 polygons
2026-09-11 10:42:03 +0200: Memory Usage (675484K) : metal1_label has 1 polygons
2026-09-11 10:42:03 +0200: Memory Usage (675484K) : metal1_slot has 0 polygons
2026-09-11 10:42:03 +0200: Memory Usage (675484K) : metal1_blk has 0 polygons
2026-09-11 10:42:03 +0200: Memory Usage (675484K) : metal1_res has 0 polygons
2026-09-11 10:42:03 +0200: Memory Usage (675484K) : via1 has 108 polygons
2026-09-11 10:42:03 +0200: Memory Usage (675484K) : metal2_drawn has 151 polygons
2026-09-11 10:42:03 +0200: Memory Usage (675484K) : metal2_dummy has 0 polygons
2026-09-11 10:42:03 +0200: Memory Usage (675484K) : metal2_label has 7 polygons
2026-09-11 10:42:03 +0200: Memory Usage (675484K) : metal2_slot has 0 polygons
2026-09-11 10:42:03 +0200: Memory Usage (675912K) : metal2_blk has 0 polygons
2026-09-11 10:42:03 +0200: Memory Usage (675912K) : metal2_res has 0 polygons
2026-09-11 10:42:03 +0200: Memory Usage (675912K) : via2 has 0 polygons
2026-09-11 10:42:03 +0200: Memory Usage (675912K) : metal3_drawn has 0 polygons
2026-09-11 10:42:03 +0200: Memory Usage (675912K) : metal3_dummy has 0 polygons
2026-09-11 10:42:03 +0200: Memory Usage (675912K) : metal3_label has 0 polygons
2026-09-11 10:42:03 +0200: Memory Usage (676320K) : metal3_slot has 0 polygons
2026-09-11 10:42:03 +0200: Memory Usage (676320K) : metal3_blk has 0 polygons
2026-09-11 10:42:03 +0200: Memory Usage (676320K) : metal3_res has 0 polygons
2026-09-11 10:42:03 +0200: Memory Usage (676320K) : via3 has 0 polygons
2026-09-11 10:42:03 +0200: Memory Usage (676320K) : metal4_drawn has 0 polygons
2026-09-11 10:42:03 +0200: Memory Usage (676320K) : metal4_dummy has 0 polygons
2026-09-11 10:42:03 +0200: Memory Usage (676732K) : metal4_label has 0 polygons
2026-09-11 10:42:03 +0200: Memory Usage (676732K) : metal4_slot has 0 polygons
2026-09-11 10:42:03 +0200: Memory Usage (676732K) : metal4_blk has 0 polygons
2026-09-11 10:42:03 +0200: Memory Usage (676732K) : metal4_res has 0 polygons
2026-09-11 10:42:03 +0200: Memory Usage (676732K) : via4 has 0 polygons
2026-09-11 10:42:03 +0200: Memory Usage (676732K) : metal5_drawn has 0 polygons
2026-09-11 10:42:03 +0200: Memory Usage (676732K) : metal5_dummy has 0 polygons
2026-09-11 10:42:03 +0200: Memory Usage (677144K) : metal5_label has 0 polygons
2026-09-11 10:42:03 +0200: Memory Usage (677144K) : metal5_slot has 0 polygons
2026-09-11 10:42:03 +0200: Memory Usage (677144K) : metal5_blk has 0 polygons
2026-09-11 10:42:03 +0200: Memory Usage (677144K) : metal5_res has 0 polygons
2026-09-11 10:42:03 +0200: Memory Usage (677144K) : via5 has 0 polygons
2026-09-11 10:42:03 +0200: Memory Usage (677144K) : metaltop_drawn has 0 polygons
2026-09-11 10:42:03 +0200: Memory Usage (677144K) : metaltop_dummy has 0 polygons
2026-09-11 10:42:03 +0200: Memory Usage (677144K) : metaltop_label has 0 polygons
2026-09-11 10:42:03 +0200: Memory Usage (677144K) : metaltop_slot has 0 polygons
2026-09-11 10:42:03 +0200: Memory Usage (677144K) : metaltop_blk has 0 polygons
2026-09-11 10:42:03 +0200: Memory Usage (677144K) : metal6_res has 0 polygons
2026-09-11 10:42:03 +0200: Memory Usage (677144K) : pad has 0 polygons
2026-09-11 10:42:03 +0200: Memory Usage (677144K) : ubmpperi has 0 polygons
2026-09-11 10:42:03 +0200: Memory Usage (677144K) : ubmparray has 0 polygons
2026-09-11 10:42:03 +0200: Memory Usage (677144K) : ubmeplate has 0 polygons
2026-09-11 10:42:03 +0200: Memory Usage (677144K) : pr_bndry has 0 polygons
2026-09-11 10:42:03 +0200: Memory Usage (677144K) : border has 0 polygons
2026-09-11 10:42:03 +0200: Memory Usage (677144K) : Total no. of polygons in the design is 4542
2026-09-11 10:42:03 +0200: Memory Usage (677144K) : Starting deriving base layers.
2026-09-11 10:42:03 +0200: Memory Usage (677144K) : Starting GF180MCU LVS runset
2026-09-11 10:42:03 +0200: Memory Usage (677144K) : Starting base layers derivations
2026-09-11 10:42:03 +0200: Memory Usage (826152K) : Starting MOSFET DERIVATIONS
2026-09-11 10:42:03 +0200: Memory Usage (826908K) : Starting PMOS layers DERIVATIONS
2026-09-11 10:42:03 +0200: Memory Usage (828800K) : Starting NMOS layers DERIVATIONS
2026-09-11 10:42:03 +0200: Memory Usage (831088K) : Starting BJT DERIVATIONS
2026-09-11 10:42:03 +0200: Memory Usage (831088K) : Starting vnpn layers DERIVATIONS
2026-09-11 10:42:03 +0200: Memory Usage (836384K) : Starting vpnp layers DERIVATIONS
2026-09-11 10:42:04 +0200: Memory Usage (837896K) : Starting DIODE DERIVATIONS
2026-09-11 10:42:04 +0200: Memory Usage (837896K) : Starting RESISTOR DERIVATIONS
2026-09-11 10:42:04 +0200: Memory Usage (837896K) : Starting MIMCAP DERIVATIONS
2026-09-11 10:42:04 +0200: Memory Usage (837896K) : Starting MOSCAP DERIVATIONS
2026-09-11 10:42:04 +0200: Memory Usage (839060K) : Starting MOS SAB DERIVATIONS
2026-09-11 10:42:04 +0200: Memory Usage (839816K) : Starting PMOS SAB DERIVATIONS
2026-09-11 10:42:04 +0200: Memory Usage (841328K) : Starting NMOS SAB DERIVATIONS
2026-09-11 10:42:04 +0200: Memory Usage (842524K) : Starting NMOS EFUSE DERIVATIONS
2026-09-11 10:42:04 +0200: Memory Usage (842968K) : Starting GF180 LVS connectivity setup
2026-09-11 10:42:04 +0200: Memory Usage (842968K) : Starting GF180 LVS connectivity setup (Inter-layer)
2026-09-11 10:42:04 +0200: Memory Usage (842968K) : Starting GF180 LVS connectivity setup (Global)
2026-09-11 10:42:04 +0200: Memory Usage (842968K) : Starting GF180 LVS connectivity setup (Multifinger Devices)
2026-09-11 10:42:04 +0200: Memory Usage (842968K) : Starting LVS MOSFET CONNECTIONS
2026-09-11 10:42:04 +0200: Memory Usage (842968K) : Starting LVS BJT CONNECTIONS
2026-09-11 10:42:04 +0200: Memory Usage (843032K) : Starting LVS DIODE CONNECTIONS
2026-09-11 10:42:04 +0200: Memory Usage (843032K) : Starting LVS MIMCAP CONNECTIONS
2026-09-11 10:42:04 +0200: Memory Usage (843032K) : Starting LVS RESISTOR CONNECTIONS
2026-09-11 10:42:04 +0200: Memory Usage (843032K) : Starting LVS EFUSE CONNECTIONS
2026-09-11 10:42:04 +0200: Memory Usage (843096K) : Starting GF180 LVS DEVICES EXTRACTION
2026-09-11 10:42:04 +0200: Memory Usage (843096K) : Starting MOSFET EXTRACTION
2026-09-11 10:42:04 +0200: Memory Usage (843096K) : Starting PMOS EXTRACTION
2026-09-11 10:42:04 +0200: Memory Usage (843096K) : Extracting 3.3V PMOS transistor outside DNWEL
2026-09-11 10:42:04 +0200: Memory Usage (843096K) : Extracting 5V PMOS transistor outside DNWELL
2026-09-11 10:42:04 +0200: Memory Usage (843096K) : Extracting 6V PMOS transistor outside DNWELL
2026-09-11 10:42:04 +0200: Memory Usage (843096K) : Extracting 3.3V PMOS transistor inside DNWELL
2026-09-11 10:42:04 +0200: Memory Usage (843096K) : Extracting 5V PMOS transistor inside DNWELL
2026-09-11 10:42:04 +0200: Memory Usage (843096K) : Extracting 6V PMOS transistor inside DNWELL
2026-09-11 10:42:04 +0200: Memory Usage (843096K) : Extracting LDPMOS transistor
2026-09-11 10:42:04 +0200: Memory Usage (843096K) : Starting NMOS EXTRACTION
2026-09-11 10:42:04 +0200: Memory Usage (843096K) : 3.3V NMOS transistor outside DNWELL
2026-09-11 10:42:04 +0200: Memory Usage (843096K) : 5V NMOS transistor outside DNWELL
2026-09-11 10:42:04 +0200: Memory Usage (843096K) : 6V NMOS transistor outside DNWELL
2026-09-11 10:42:04 +0200: Memory Usage (843096K) : 3.3V NMOS transistor inside DNWELL
2026-09-11 10:42:04 +0200: Memory Usage (843096K) : 5V NMOS transistor inside DNWELL
2026-09-11 10:42:04 +0200: Memory Usage (843096K) : 6V NMOS transistor inside DNWELL
2026-09-11 10:42:04 +0200: Memory Usage (843096K) : Native Vt NMOS transistor
2026-09-11 10:42:04 +0200: Memory Usage (843096K) : Extracting LDNMOS transistor
2026-09-11 10:42:04 +0200: Memory Usage (843096K) : Starting BJT EXTRACTION
2026-09-11 10:42:04 +0200: Memory Usage (843096K) : Starting vnpn BJT EXTRACTION
2026-09-11 10:42:04 +0200: Memory Usage (843096K) : Extracting npn_10p00x10p00 BJT
2026-09-11 10:42:04 +0200: Memory Usage (843096K) : Extracting npn_05p00x05p00 BJT
2026-09-11 10:42:04 +0200: Memory Usage (843096K) : Extracting npn_00p54x16p00 BJT
2026-09-11 10:42:04 +0200: Memory Usage (843096K) : Extracting npn_00p54x08p00 BJT
2026-09-11 10:42:04 +0200: Memory Usage (843096K) : Extracting npn_00p54x04p00 BJT
2026-09-11 10:42:04 +0200: Memory Usage (843096K) : Extracting npn_00p54x02p00 BJT
2026-09-11 10:42:04 +0200: Memory Usage (843096K) : Starting vpnp BJT EXTRACTION
2026-09-11 10:42:04 +0200: Memory Usage (843096K) : Extracting pnp_10p00x10p00 BJT
2026-09-11 10:42:04 +0200: Memory Usage (843096K) : Extracting pnp_05p00x05p00 BJT
2026-09-11 10:42:04 +0200: Memory Usage (843096K) : Extracting pnp_10p00x00p42 BJT
2026-09-11 10:42:04 +0200: Memory Usage (843096K) : Extracting pnp_05p00x00p42 BJT
2026-09-11 10:42:04 +0200: Memory Usage (843096K) : Starting DIODE EXTRACTION
2026-09-11 10:42:04 +0200: Memory Usage (843096K) : Extracting diode_nd2ps_03v3 diode
2026-09-11 10:42:04 +0200: Memory Usage (843096K) : Extracting diode_nd2ps_03v3_dn diode
2026-09-11 10:42:04 +0200: Memory Usage (843096K) : Extracting diode_nd2ps_06v0 diode
2026-09-11 10:42:04 +0200: Memory Usage (843096K) : Extracting diode_nd2ps_06v0_dn diode
2026-09-11 10:42:04 +0200: Memory Usage (843096K) : Extracting diode_pd2nw_03v3 diode
2026-09-11 10:42:04 +0200: Memory Usage (843096K) : Extractingdiode_pd2nw_03v3_dn diode
2026-09-11 10:42:04 +0200: Memory Usage (843096K) : Extracting diode_pd2nw_06v0 diode
2026-09-11 10:42:04 +0200: Memory Usage (843096K) : Extracting diode_pd2nw_06v0_dn diode
2026-09-11 10:42:04 +0200: Memory Usage (843096K) : Extracting diode_nw2ps_03v3 diode
2026-09-11 10:42:04 +0200: Memory Usage (843096K) : Extracting diode_nw2ps_06v0 diode
2026-09-11 10:42:04 +0200: Memory Usage (843096K) : Extracting diode_pw2dw_03v3 diode
2026-09-11 10:42:04 +0200: Memory Usage (843096K) : Extracting diode_pw2dw_06v0 diode
2026-09-11 10:42:04 +0200: Memory Usage (843096K) : Extracting diode_dw2ps_03v3 diode
2026-09-11 10:42:04 +0200: Memory Usage (843096K) : Extracting diode_dw2ps_06v0 diode
2026-09-11 10:42:04 +0200: Memory Usage (843096K) : Extracting sc_diode diode
2026-09-11 10:42:05 +0200: Memory Usage (843096K) : Starting RESISTOR EXTRACTION
2026-09-11 10:42:05 +0200: Memory Usage (843096K) : Extracting NPLUS_U device
2026-09-11 10:42:05 +0200: Memory Usage (843096K) : Extracting NPLUS_U_DW device
2026-09-11 10:42:05 +0200: Memory Usage (843096K) : Extracting PPLUS_U device
2026-09-11 10:42:05 +0200: Memory Usage (843096K) : Extracting PPLUS_U_DW device
2026-09-11 10:42:05 +0200: Memory Usage (843096K) : Extracting NPLUS_S device
2026-09-11 10:42:05 +0200: Memory Usage (843096K) : Extracting NPLUS_S_DW device
2026-09-11 10:42:05 +0200: Memory Usage (843096K) : Extracting PPLUS_S device
2026-09-11 10:42:05 +0200: Memory Usage (843096K) : Extracting PPLUS_S_DW device
2026-09-11 10:42:05 +0200: Memory Usage (843096K) : Extracting NWELL device
2026-09-11 10:42:05 +0200: Memory Usage (843096K) : Extracting PWELL device
2026-09-11 10:42:05 +0200: Memory Usage (843096K) : Extracting NPOLYF_U device
2026-09-11 10:42:05 +0200: Memory Usage (843096K) : Extracting NPOLYF_U_DW device
2026-09-11 10:42:05 +0200: Memory Usage (843096K) : Extracting PPOLYF_U device
2026-09-11 10:42:05 +0200: Memory Usage (843096K) : Extracting PPOLYF_U_DW device
2026-09-11 10:42:05 +0200: Memory Usage (843096K) : Extracting NPOLYF_S device
2026-09-11 10:42:05 +0200: Memory Usage (843096K) : Extracting NPOLYF_S_DW device
2026-09-11 10:42:05 +0200: Memory Usage (843096K) : Extracting PPOLYF_S device
2026-09-11 10:42:05 +0200: Memory Usage (843096K) : Extracting PPOLYF_S_DW device
2026-09-11 10:42:05 +0200: Memory Usage (843096K) : Extracting PPOLYF_U_1K device
2026-09-11 10:42:05 +0200: Memory Usage (843096K) : Extracting PPOLYF_U_DW_1 device
2026-09-11 10:42:05 +0200: Memory Usage (843096K) : Extracting PPOLYF_U_1K_6p0 device
2026-09-11 10:42:05 +0200: Memory Usage (843096K) : Extracting PPOLYF_U_DW_1K_6p0 device
2026-09-11 10:42:05 +0200: Memory Usage (843096K) : Extracting RM1 device
2026-09-11 10:42:05 +0200: Memory Usage (843096K) : Extracting RM2 device
2026-09-11 10:42:05 +0200: Memory Usage (843096K) : Extracting RM3 device
2026-09-11 10:42:05 +0200: Memory Usage (843096K) : Extracting TM9K device
2026-09-11 10:42:05 +0200: Memory Usage (843096K) : Starting MIMCAP EXTRACTION
2026-09-11 10:42:05 +0200: Memory Usage (843096K) : Extracting cap_mim2f0 device
2026-09-11 10:42:05 +0200: Memory Usage (843096K) : Starting MOSCAP EXTRACTION
2026-09-11 10:42:05 +0200: Memory Usage (843096K) : Extracting cap_nmos_03v3 device
2026-09-11 10:42:05 +0200: Memory Usage (843096K) : Extracting cap_nmos_03v3_dn device
2026-09-11 10:42:05 +0200: Memory Usage (843096K) : Extracting cap_pmos_03v3 device
2026-09-11 10:42:05 +0200: Memory Usage (843096K) : Extracting cap_pmos_03v3_dn device
2026-09-11 10:42:05 +0200: Memory Usage (843096K) : Extracting cap_nmos_06v0 device
2026-09-11 10:42:05 +0200: Memory Usage (843096K) : Extracting cap_nmos_06v0_dn device
2026-09-11 10:42:05 +0200: Memory Usage (843096K) : Extracting cap_pmos_06v0 device
2026-09-11 10:42:05 +0200: Memory Usage (843096K) : Extracting cap_pmos_06v0 device
2026-09-11 10:42:05 +0200: Memory Usage (843096K) : Extracting cap_pmos_03v3_b device
2026-09-11 10:42:05 +0200: Memory Usage (843096K) : Extracting cap_nmos_06v0_b device
2026-09-11 10:42:05 +0200: Memory Usage (843096K) : Extracting cap_pmos_06v0_b device
2026-09-11 10:42:05 +0200: Memory Usage (843096K) : Starting MOS SAB EXTRACTION
2026-09-11 10:42:05 +0200: Memory Usage (843096K) : Starting PMOS SAB EXTRACTION
2026-09-11 10:42:05 +0200: Memory Usage (843096K) : Extracting 3.3V ESD PMOS transistor outside DNWELL device
2026-09-11 10:42:05 +0200: Memory Usage (843096K) : Extracting 5V ESD PMOS transistor outside DNWELL device
2026-09-11 10:42:05 +0200: Memory Usage (843096K) : Extracting 6V ESD PMOS transistor outside DNWELL device
2026-09-11 10:42:05 +0200: Memory Usage (843096K) : Extracting 3.3V ESD PMOS transistor inside DNWELL device
2026-09-11 10:42:05 +0200: Memory Usage (843096K) : Extracting 5V ESD PMOS transistor inside DNWELL device
2026-09-11 10:42:05 +0200: Memory Usage (843096K) : Extracting 6V ESD PMOS transistor inside DNWELL device
2026-09-11 10:42:05 +0200: Memory Usage (843096K) : Starting NMOS SAB EXTRACTION
2026-09-11 10:42:05 +0200: Memory Usage (843096K) : Extracting 3.3V ESD NMOS transistor outside DNWELL device
2026-09-11 10:42:05 +0200: Memory Usage (843096K) : Extracting 5V ESD NMOS transistor outside DNWELL device
2026-09-11 10:42:05 +0200: Memory Usage (843096K) : Extracting 6V ESD NMOS transistor outside DNWELL device
2026-09-11 10:42:05 +0200: Memory Usage (843096K) : Extracting 3.3V ESD NMOS transistor inside DNWELL device
2026-09-11 10:42:05 +0200: Memory Usage (843096K) : Extracting 5V ESD NMOS transistor inside DNWELL device
2026-09-11 10:42:05 +0200: Memory Usage (843096K) : Extracting 6V ESD NMOS transistor inside DNWELL device
2026-09-11 10:42:05 +0200: Memory Usage (843096K) : Starting EFUSE EXTRACTION
2026-09-11 10:42:05 +0200: Memory Usage (843096K) : Starting GF180 LVS comparison section
2026-09-11 10:42:05 +0200: Memory Usage (843096K) : LVS Total Run time 3.101003 seconds
2026-09-11 10:42:05 +0200: Memory Usage (843096K) : xxxxxxxxxxxxxxxxxxxxxxxxxxxxxxxxxxxxxxxxxx
2026-09-11 10:42:05 +0200: Memory Usage (843096K) : ERROR : Netlists don't match
2026-09-11 10:42:05 +0200: Memory Usage (843096K) : xxxxxxxxxxxxxxxxxxxxxxxxxxxxxxxxxxxxxxxxxx
