[2026-09-10 00:31:40,542] [INFO]    GDS input file passed, running in LVS mode
[2026-09-10 00:31:40,544] [INFO]    Found cell DAC_CORE_5bit in GDS DAC_CORE_5bit.klay.gds (only top cell)
[2026-09-10 00:31:40,545] [INFO]    LVS input schematic not specified (argument --schematic), using dummy schematic
[2026-09-10 00:31:40,549] [INFO]    Cache miss: extracted LVSDB is older than the input GDS
[2026-09-10 00:31:40,550] [SUBPROCESS]    output/.kpex_cache/gf180mcuD/foss/designs/DAC_CORE_5bit/DAC_CORE_5bit.klay.gds/DAC_CORE_5bit.lvsdb.gz
[2026-09-10 00:31:40,551] [SUBPROCESS]    klayout -b -r /usr/local/lib/python3.12/dist-packages/klayout_pex/pdk/gf180mcuD/libs.tech/kpex/gf180mcu.lvs -rd input=/foss/designs/DAC_CORE_5bit/DAC_CORE_5bit.klay.gds -rd report=/foss/designs/DAC_CORE_5bit/output/DAC_CORE_5bit__DAC_CORE_5bit/DAC_CORE_5bit.lvsdb.gz -rd schematic=/foss/designs/DAC_CORE_5bit/output/DAC_CORE_5bit__DAC_CORE_5bit/DAC_CORE_5bit_dummy_schematic.spice -rd thr=22 -rd run_mode=deep -rd spice_net_names=true -rd spice_comments=false -rd scale=false -rd verbose=false -rd schematic_simplify=false -rd net_only=false -rd top_lvl_pins=true -rd combine=false -rd combine_devices=false -rd purge=false -rd purge_nets=false -rd no_simplify=true
[2026-09-10 00:31:40,553] [SUBPROCESS]    output/DAC_CORE_5bit__DAC_CORE_5bit/DAC_CORE_5bit_lvs.log
[2026-09-10 00:31:42,661] [SUBPROCESS]    2026-09-10 00:31:42 +0200: Memory Usage (674572K) : Starting running GF180MCU Klayout LVS runset on /foss/designs/DAC_CORE_5bit/DAC_CORE_5bit.klay.gds
[2026-09-10 00:31:42,671] [SUBPROCESS]    2026-09-10 00:31:42 +0200: Memory Usage (674572K) : Ruby Version for klayout: 3.2.3
[2026-09-10 00:31:42,676] [SUBPROCESS]    2026-09-10 00:31:42 +0200: Memory Usage (674572K) : Loading database to memory is complete.
[2026-09-10 00:31:42,682] [SUBPROCESS]    2026-09-10 00:31:42 +0200: Memory Usage (674572K) : GF180MCU Klayout LVS runset output at: /foss/designs/DAC_CORE_5bit/output/DAC_CORE_5bit__DAC_CORE_5bit/DAC_CORE_5bit.lvsdb.gz
[2026-09-10 00:31:42,689] [SUBPROCESS]    2026-09-10 00:31:42 +0200: Memory Usage (674572K) : Evaluate switches.
[2026-09-10 00:31:42,695] [SUBPROCESS]    2026-09-10 00:31:42 +0200: Memory Usage (674572K) : Substrate name used: 
[2026-09-10 00:31:42,702] [SUBPROCESS]    2026-09-10 00:31:42 +0200: Memory Usage (674572K) : Extracted netlist with net names: true
[2026-09-10 00:31:42,709] [SUBPROCESS]    2026-09-10 00:31:42 +0200: Memory Usage (674572K) : Extracted netlist with comments in details: false
[2026-09-10 00:31:42,715] [SUBPROCESS]    2026-09-10 00:31:42 +0200: Memory Usage (674572K) : GF180MCU Klayout LVS extracted netlist file at: DAC_CORE_5bit_extracted.cir
[2026-09-10 00:31:42,721] [SUBPROCESS]    2026-09-10 00:31:42 +0200: Memory Usage (674572K) : LVS device_scaling option: false
[2026-09-10 00:31:42,728] [SUBPROCESS]    2026-09-10 00:31:42 +0200: Memory Usage (674572K) : Selected SCH_SIMPLE option: false
[2026-09-10 00:31:42,734] [SUBPROCESS]    2026-09-10 00:31:42 +0200: Memory Usage (674572K) : Selected NET_ONLY option: false
[2026-09-10 00:31:42,741] [SUBPROCESS]    2026-09-10 00:31:42 +0200: Memory Usage (674572K) : Selected TOP_LVL_PINS option: true
[2026-09-10 00:31:42,749] [SUBPROCESS]    2026-09-10 00:31:42 +0200: Memory Usage (674572K) : Selected COMBINE option: false
[2026-09-10 00:31:42,757] [SUBPROCESS]    2026-09-10 00:31:42 +0200: Memory Usage (674572K) : Selected PURGE option: false
[2026-09-10 00:31:42,763] [SUBPROCESS]    2026-09-10 00:31:42 +0200: Memory Usage (674572K) : Selected PURGE_NETS option: false
[2026-09-10 00:31:42,769] [SUBPROCESS]    2026-09-10 00:31:42 +0200: Memory Usage (674572K) : Selected SIMPLIFY option: false
[2026-09-10 00:31:42,776] [SUBPROCESS]    2026-09-10 00:31:42 +0200: Memory Usage (674572K) : Verbose mode: false
[2026-09-10 00:31:42,783] [SUBPROCESS]    2026-09-10 00:31:42 +0200: Memory Usage (674572K) : deep  mode is enabled.
[2026-09-10 00:31:42,791] [SUBPROCESS]    2026-09-10 00:31:42 +0200: Memory Usage (674572K) : METAL_TOP Selected is 9K
[2026-09-10 00:31:42,798] [SUBPROCESS]    2026-09-10 00:31:42 +0200: Memory Usage (674572K) : METAL_STACK Selected is 6LM
[2026-09-10 00:31:42,804] [SUBPROCESS]    2026-09-10 00:31:42 +0200: Memory Usage (674572K) : POLY_RES Selected is 1k
[2026-09-10 00:31:42,811] [SUBPROCESS]    2026-09-10 00:31:42 +0200: Memory Usage (674572K) : MIM Option selected: B
[2026-09-10 00:31:42,819] [SUBPROCESS]    2026-09-10 00:31:42 +0200: Memory Usage (674572K) : MIM CAP selected: 2
[2026-09-10 00:31:42,826] [SUBPROCESS]    2026-09-10 00:31:42 +0200: Memory Usage (674572K) : Netlist file: /foss/designs/DAC_CORE_5bit/output/DAC_CORE_5bit__DAC_CORE_5bit/DAC_CORE_5bit_dummy_schematic.spice
[2026-09-10 00:31:42,835] [SUBPROCESS]    2026-09-10 00:31:42 +0200: Memory Usage (674572K) : Read in polygons from layers.
[2026-09-10 00:31:42,842] [SUBPROCESS]    2026-09-10 00:31:42 +0200: Memory Usage (674572K) : comp has 649 polygons
[2026-09-10 00:31:42,850] [SUBPROCESS]    2026-09-10 00:31:42 +0200: Memory Usage (674572K) : dnwell has 0 polygons
[2026-09-10 00:31:42,860] [SUBPROCESS]    2026-09-10 00:31:42 +0200: Memory Usage (674572K) : nwell has 651 polygons
[2026-09-10 00:31:42,869] [SUBPROCESS]    2026-09-10 00:31:42 +0200: Memory Usage (674572K) : lvpwell has 0 polygons
[2026-09-10 00:31:42,877] [SUBPROCESS]    2026-09-10 00:31:42 +0200: Memory Usage (674572K) : dualgate has 0 polygons
[2026-09-10 00:31:42,885] [SUBPROCESS]    2026-09-10 00:31:42 +0200: Memory Usage (674572K) : poly2 has 231 polygons
[2026-09-10 00:31:42,893] [SUBPROCESS]    2026-09-10 00:31:42 +0200: Memory Usage (674572K) : nplus has 554 polygons
[2026-09-10 00:31:42,901] [SUBPROCESS]    2026-09-10 00:31:42 +0200: Memory Usage (674572K) : pplus has 95 polygons
[2026-09-10 00:31:42,910] [SUBPROCESS]    2026-09-10 00:31:42 +0200: Memory Usage (674572K) : sab has 0 polygons
[2026-09-10 00:31:42,917] [SUBPROCESS]    2026-09-10 00:31:42 +0200: Memory Usage (674572K) : esd has 0 polygons
[2026-09-10 00:31:42,925] [SUBPROCESS]    2026-09-10 00:31:42 +0200: Memory Usage (674572K) : resistor has 0 polygons
[2026-09-10 00:31:42,933] [SUBPROCESS]    2026-09-10 00:31:42 +0200: Memory Usage (674572K) : fhres has 0 polygons
[2026-09-10 00:31:42,941] [SUBPROCESS]    2026-09-10 00:31:42 +0200: Memory Usage (674572K) : fusetop has 0 polygons
[2026-09-10 00:31:42,950] [SUBPROCESS]    2026-09-10 00:31:42 +0200: Memory Usage (674572K) : fusewindow_d has 0 polygons
[2026-09-10 00:31:42,958] [SUBPROCESS]    2026-09-10 00:31:42 +0200: Memory Usage (674572K) : polyfuse has 0 polygons
[2026-09-10 00:31:42,966] [SUBPROCESS]    2026-09-10 00:31:42 +0200: Memory Usage (674572K) : mvsd has 0 polygons
[2026-09-10 00:31:42,974] [SUBPROCESS]    2026-09-10 00:31:42 +0200: Memory Usage (675088K) : mvpsd has 0 polygons
[2026-09-10 00:31:42,982] [SUBPROCESS]    2026-09-10 00:31:42 +0200: Memory Usage (675088K) : nat has 0 polygons
[2026-09-10 00:31:42,991] [SUBPROCESS]    2026-09-10 00:31:42 +0200: Memory Usage (675088K) : comp_dummy has 0 polygons
[2026-09-10 00:31:42,998] [SUBPROCESS]    2026-09-10 00:31:42 +0200: Memory Usage (675088K) : poly2_dummy has 0 polygons
[2026-09-10 00:31:43,007] [SUBPROCESS]    2026-09-10 00:31:42 +0200: Memory Usage (675088K) : schottky_diode has 0 polygons
[2026-09-10 00:31:43,014] [SUBPROCESS]    2026-09-10 00:31:43 +0200: Memory Usage (675088K) : zener has 0 polygons
[2026-09-10 00:31:43,023] [SUBPROCESS]    2026-09-10 00:31:43 +0200: Memory Usage (675088K) : res_mk has 0 polygons
[2026-09-10 00:31:43,030] [SUBPROCESS]    2026-09-10 00:31:43 +0200: Memory Usage (675088K) : opc_drc has 0 polygons
[2026-09-10 00:31:43,039] [SUBPROCESS]    2026-09-10 00:31:43 +0200: Memory Usage (675088K) : ndmy has 0 polygons
[2026-09-10 00:31:43,046] [SUBPROCESS]    2026-09-10 00:31:43 +0200: Memory Usage (675088K) : pmndmy has 0 polygons
[2026-09-10 00:31:43,054] [SUBPROCESS]    2026-09-10 00:31:43 +0200: Memory Usage (675492K) : v5_xtor has 0 polygons
[2026-09-10 00:31:43,063] [SUBPROCESS]    2026-09-10 00:31:43 +0200: Memory Usage (675492K) : cap_mk has 0 polygons
[2026-09-10 00:31:43,072] [SUBPROCESS]    2026-09-10 00:31:43 +0200: Memory Usage (675492K) : mos_cap_mk has 0 polygons
[2026-09-10 00:31:43,080] [SUBPROCESS]    2026-09-10 00:31:43 +0200: Memory Usage (675492K) : ind_mk has 0 polygons
[2026-09-10 00:31:43,088] [SUBPROCESS]    2026-09-10 00:31:43 +0200: Memory Usage (675492K) : diode_mk has 0 polygons
[2026-09-10 00:31:43,096] [SUBPROCESS]    2026-09-10 00:31:43 +0200: Memory Usage (675492K) : drc_bjt has 0 polygons
[2026-09-10 00:31:43,105] [SUBPROCESS]    2026-09-10 00:31:43 +0200: Memory Usage (675492K) : lvs_bjt has 0 polygons
[2026-09-10 00:31:43,113] [SUBPROCESS]    2026-09-10 00:31:43 +0200: Memory Usage (675920K) : mim_l_mk has 0 polygons
[2026-09-10 00:31:43,121] [SUBPROCESS]    2026-09-10 00:31:43 +0200: Memory Usage (675920K) : latchup_mk has 0 polygons
[2026-09-10 00:31:43,128] [SUBPROCESS]    2026-09-10 00:31:43 +0200: Memory Usage (675920K) : guard_ring_mk has 0 polygons
[2026-09-10 00:31:43,136] [SUBPROCESS]    2026-09-10 00:31:43 +0200: Memory Usage (675920K) : otp_mk has 0 polygons
[2026-09-10 00:31:43,164] [SUBPROCESS]    2026-09-10 00:31:43 +0200: Memory Usage (675920K) : mtpmark has 0 polygons
[2026-09-10 00:31:43,171] [SUBPROCESS]    2026-09-10 00:31:43 +0200: Memory Usage (675920K) : neo_ee_mk has 0 polygons
[2026-09-10 00:31:43,182] [SUBPROCESS]    2026-09-10 00:31:43 +0200: Memory Usage (675920K) : sramcore has 0 polygons
[2026-09-10 00:31:43,196] [SUBPROCESS]    2026-09-10 00:31:43 +0200: Memory Usage (675920K) : lvs_rf has 0 polygons
[2026-09-10 00:31:43,206] [SUBPROCESS]    2026-09-10 00:31:43 +0200: Memory Usage (675920K) : lvs_drain has 0 polygons
[2026-09-10 00:31:43,213] [SUBPROCESS]    2026-09-10 00:31:43 +0200: Memory Usage (675920K) : ind_mk has 0 polygons
[2026-09-10 00:31:43,222] [SUBPROCESS]    2026-09-10 00:31:43 +0200: Memory Usage (675920K) : hvpolyrs has 0 polygons
[2026-09-10 00:31:43,229] [SUBPROCESS]    2026-09-10 00:31:43 +0200: Memory Usage (675920K) : lvs_io has 0 polygons
[2026-09-10 00:31:43,237] [SUBPROCESS]    2026-09-10 00:31:43 +0200: Memory Usage (675920K) : probe_mk has 0 polygons
[2026-09-10 00:31:43,244] [SUBPROCESS]    2026-09-10 00:31:43 +0200: Memory Usage (675920K) : esd_mk has 0 polygons
[2026-09-10 00:31:43,251] [SUBPROCESS]    2026-09-10 00:31:43 +0200: Memory Usage (675920K) : lvs_source has 0 polygons
[2026-09-10 00:31:43,261] [SUBPROCESS]    2026-09-10 00:31:43 +0200: Memory Usage (675920K) : well_diode_mk has 0 polygons
[2026-09-10 00:31:43,269] [SUBPROCESS]    2026-09-10 00:31:43 +0200: Memory Usage (675920K) : ldmos_xtor has 0 polygons
[2026-09-10 00:31:43,276] [SUBPROCESS]    2026-09-10 00:31:43 +0200: Memory Usage (675920K) : plfuse has 0 polygons
[2026-09-10 00:31:43,283] [SUBPROCESS]    2026-09-10 00:31:43 +0200: Memory Usage (675920K) : efuse_mk has 0 polygons
[2026-09-10 00:31:43,292] [SUBPROCESS]    2026-09-10 00:31:43 +0200: Memory Usage (675920K) : mcell_feol_mk has 0 polygons
[2026-09-10 00:31:43,299] [SUBPROCESS]    2026-09-10 00:31:43 +0200: Memory Usage (675920K) : ymtp_mk has 0 polygons
[2026-09-10 00:31:43,308] [SUBPROCESS]    2026-09-10 00:31:43 +0200: Memory Usage (675920K) : dev_wf_mk has 0 polygons
[2026-09-10 00:31:43,315] [SUBPROCESS]    2026-09-10 00:31:43 +0200: Memory Usage (675920K) : comp_label has 0 polygons
[2026-09-10 00:31:43,324] [SUBPROCESS]    2026-09-10 00:31:43 +0200: Memory Usage (675920K) : poly2_label has 0 polygons
[2026-09-10 00:31:43,332] [SUBPROCESS]    2026-09-10 00:31:43 +0200: Memory Usage (675920K) : mdiode has 0 polygons
[2026-09-10 00:31:43,341] [SUBPROCESS]    2026-09-10 00:31:43 +0200: Memory Usage (675920K) : contact has 1034 polygons
[2026-09-10 00:31:43,349] [SUBPROCESS]    2026-09-10 00:31:43 +0200: Memory Usage (675920K) : metal1_drawn has 1055 polygons
[2026-09-10 00:31:43,359] [SUBPROCESS]    2026-09-10 00:31:43 +0200: Memory Usage (675920K) : metal1_dummy has 0 polygons
[2026-09-10 00:31:43,367] [SUBPROCESS]    2026-09-10 00:31:43 +0200: Memory Usage (675920K) : metal1_label has 1 polygons
[2026-09-10 00:31:43,376] [SUBPROCESS]    2026-09-10 00:31:43 +0200: Memory Usage (675920K) : metal1_slot has 0 polygons
[2026-09-10 00:31:43,384] [SUBPROCESS]    2026-09-10 00:31:43 +0200: Memory Usage (675920K) : metal1_blk has 0 polygons
[2026-09-10 00:31:43,393] [SUBPROCESS]    2026-09-10 00:31:43 +0200: Memory Usage (675920K) : metal1_res has 0 polygons
[2026-09-10 00:31:43,401] [SUBPROCESS]    2026-09-10 00:31:43 +0200: Memory Usage (675920K) : via1 has 106 polygons
[2026-09-10 00:31:43,408] [SUBPROCESS]    2026-09-10 00:31:43 +0200: Memory Usage (675920K) : metal2_drawn has 149 polygons
[2026-09-10 00:31:43,418] [SUBPROCESS]    2026-09-10 00:31:43 +0200: Memory Usage (675920K) : metal2_dummy has 0 polygons
[2026-09-10 00:31:43,427] [SUBPROCESS]    2026-09-10 00:31:43 +0200: Memory Usage (675920K) : metal2_label has 7 polygons
[2026-09-10 00:31:43,434] [SUBPROCESS]    2026-09-10 00:31:43 +0200: Memory Usage (675920K) : metal2_slot has 0 polygons
[2026-09-10 00:31:43,442] [SUBPROCESS]    2026-09-10 00:31:43 +0200: Memory Usage (675920K) : metal2_blk has 0 polygons
[2026-09-10 00:31:43,449] [SUBPROCESS]    2026-09-10 00:31:43 +0200: Memory Usage (675920K) : metal2_res has 0 polygons
[2026-09-10 00:31:43,458] [SUBPROCESS]    2026-09-10 00:31:43 +0200: Memory Usage (675920K) : via2 has 0 polygons
[2026-09-10 00:31:43,465] [SUBPROCESS]    2026-09-10 00:31:43 +0200: Memory Usage (675920K) : metal3_drawn has 0 polygons
[2026-09-10 00:31:43,475] [SUBPROCESS]    2026-09-10 00:31:43 +0200: Memory Usage (675920K) : metal3_dummy has 0 polygons
[2026-09-10 00:31:43,482] [SUBPROCESS]    2026-09-10 00:31:43 +0200: Memory Usage (675920K) : metal3_label has 0 polygons
[2026-09-10 00:31:43,490] [SUBPROCESS]    2026-09-10 00:31:43 +0200: Memory Usage (675920K) : metal3_slot has 0 polygons
[2026-09-10 00:31:43,499] [SUBPROCESS]    2026-09-10 00:31:43 +0200: Memory Usage (675920K) : metal3_blk has 0 polygons
[2026-09-10 00:31:43,508] [SUBPROCESS]    2026-09-10 00:31:43 +0200: Memory Usage (675920K) : metal3_res has 0 polygons
[2026-09-10 00:31:43,515] [SUBPROCESS]    2026-09-10 00:31:43 +0200: Memory Usage (675920K) : via3 has 0 polygons
[2026-09-10 00:31:43,523] [SUBPROCESS]    2026-09-10 00:31:43 +0200: Memory Usage (675920K) : metal4_drawn has 0 polygons
[2026-09-10 00:31:43,532] [SUBPROCESS]    2026-09-10 00:31:43 +0200: Memory Usage (675920K) : metal4_dummy has 0 polygons
[2026-09-10 00:31:43,541] [SUBPROCESS]    2026-09-10 00:31:43 +0200: Memory Usage (676320K) : metal4_label has 0 polygons
[2026-09-10 00:31:43,549] [SUBPROCESS]    2026-09-10 00:31:43 +0200: Memory Usage (676320K) : metal4_slot has 0 polygons
[2026-09-10 00:31:43,557] [SUBPROCESS]    2026-09-10 00:31:43 +0200: Memory Usage (676320K) : metal4_blk has 0 polygons
[2026-09-10 00:31:43,566] [SUBPROCESS]    2026-09-10 00:31:43 +0200: Memory Usage (676320K) : metal4_res has 0 polygons
[2026-09-10 00:31:43,574] [SUBPROCESS]    2026-09-10 00:31:43 +0200: Memory Usage (676320K) : via4 has 0 polygons
[2026-09-10 00:31:43,582] [SUBPROCESS]    2026-09-10 00:31:43 +0200: Memory Usage (676320K) : metal5_drawn has 0 polygons
[2026-09-10 00:31:43,592] [SUBPROCESS]    2026-09-10 00:31:43 +0200: Memory Usage (676736K) : metal5_dummy has 0 polygons
[2026-09-10 00:31:43,600] [SUBPROCESS]    2026-09-10 00:31:43 +0200: Memory Usage (676736K) : metal5_label has 0 polygons
[2026-09-10 00:31:43,608] [SUBPROCESS]    2026-09-10 00:31:43 +0200: Memory Usage (676736K) : metal5_slot has 0 polygons
[2026-09-10 00:31:43,616] [SUBPROCESS]    2026-09-10 00:31:43 +0200: Memory Usage (676736K) : metal5_blk has 0 polygons
[2026-09-10 00:31:43,626] [SUBPROCESS]    2026-09-10 00:31:43 +0200: Memory Usage (676736K) : metal5_res has 0 polygons
[2026-09-10 00:31:43,634] [SUBPROCESS]    2026-09-10 00:31:43 +0200: Memory Usage (676736K) : via5 has 0 polygons
[2026-09-10 00:31:43,642] [SUBPROCESS]    2026-09-10 00:31:43 +0200: Memory Usage (677148K) : metaltop_drawn has 0 polygons
[2026-09-10 00:31:43,652] [SUBPROCESS]    2026-09-10 00:31:43 +0200: Memory Usage (677148K) : metaltop_dummy has 0 polygons
[2026-09-10 00:31:43,659] [SUBPROCESS]    2026-09-10 00:31:43 +0200: Memory Usage (677148K) : metaltop_label has 0 polygons
[2026-09-10 00:31:43,684] [SUBPROCESS]    2026-09-10 00:31:43 +0200: Memory Usage (677148K) : metaltop_slot has 0 polygons
[2026-09-10 00:31:43,691] [SUBPROCESS]    2026-09-10 00:31:43 +0200: Memory Usage (677148K) : metaltop_blk has 0 polygons
[2026-09-10 00:31:43,699] [SUBPROCESS]    2026-09-10 00:31:43 +0200: Memory Usage (677148K) : metal6_res has 0 polygons
[2026-09-10 00:31:43,710] [SUBPROCESS]    2026-09-10 00:31:43 +0200: Memory Usage (677148K) : pad has 0 polygons
[2026-09-10 00:31:43,716] [SUBPROCESS]    2026-09-10 00:31:43 +0200: Memory Usage (677148K) : ubmpperi has 0 polygons
[2026-09-10 00:31:43,725] [SUBPROCESS]    2026-09-10 00:31:43 +0200: Memory Usage (677148K) : ubmparray has 0 polygons
[2026-09-10 00:31:43,732] [SUBPROCESS]    2026-09-10 00:31:43 +0200: Memory Usage (677148K) : ubmeplate has 0 polygons
[2026-09-10 00:31:43,740] [SUBPROCESS]    2026-09-10 00:31:43 +0200: Memory Usage (677148K) : pr_bndry has 0 polygons
[2026-09-10 00:31:43,747] [SUBPROCESS]    2026-09-10 00:31:43 +0200: Memory Usage (677148K) : border has 0 polygons
[2026-09-10 00:31:43,753] [SUBPROCESS]    2026-09-10 00:31:43 +0200: Memory Usage (677148K) : Total no. of polygons in the design is 4532
[2026-09-10 00:31:43,760] [SUBPROCESS]    2026-09-10 00:31:43 +0200: Memory Usage (677148K) : Starting deriving base layers.
[2026-09-10 00:31:43,765] [SUBPROCESS]    2026-09-10 00:31:43 +0200: Memory Usage (677148K) : Starting GF180MCU LVS runset
[2026-09-10 00:31:43,870] [SUBPROCESS]    2026-09-10 00:31:43 +0200: Memory Usage (677148K) : Starting base layers derivations
[2026-09-10 00:31:43,887] [SUBPROCESS]    2026-09-10 00:31:43 +0200: Memory Usage (825764K) : Starting MOSFET DERIVATIONS
[2026-09-10 00:31:43,926] [SUBPROCESS]    2026-09-10 00:31:43 +0200: Memory Usage (826140K) : Starting PMOS layers DERIVATIONS
[2026-09-10 00:31:43,970] [SUBPROCESS]    2026-09-10 00:31:43 +0200: Memory Usage (828032K) : Starting NMOS layers DERIVATIONS
[2026-09-10 00:31:43,977] [SUBPROCESS]    2026-09-10 00:31:43 +0200: Memory Usage (830700K) : Starting BJT DERIVATIONS
[2026-09-10 00:31:44,065] [SUBPROCESS]    2026-09-10 00:31:43 +0200: Memory Usage (830700K) : Starting vnpn layers DERIVATIONS
[2026-09-10 00:31:44,129] [SUBPROCESS]    2026-09-10 00:31:44 +0200: Memory Usage (835616K) : Starting vpnp layers DERIVATIONS
[2026-09-10 00:31:44,264] [SUBPROCESS]    2026-09-10 00:31:44 +0200: Memory Usage (837884K) : Starting DIODE DERIVATIONS
[2026-09-10 00:31:44,438] [SUBPROCESS]    2026-09-10 00:31:44 +0200: Memory Usage (838672K) : Starting RESISTOR DERIVATIONS
[2026-09-10 00:31:44,454] [SUBPROCESS]    2026-09-10 00:31:44 +0200: Memory Usage (838672K) : Starting MIMCAP DERIVATIONS
[2026-09-10 00:31:44,497] [SUBPROCESS]    2026-09-10 00:31:44 +0200: Memory Usage (838672K) : Starting MOSCAP DERIVATIONS
[2026-09-10 00:31:44,517] [SUBPROCESS]    2026-09-10 00:31:44 +0200: Memory Usage (838672K) : Starting MOS SAB DERIVATIONS
[2026-09-10 00:31:44,544] [SUBPROCESS]    2026-09-10 00:31:44 +0200: Memory Usage (838672K) : Starting PMOS SAB DERIVATIONS
[2026-09-10 00:31:44,570] [SUBPROCESS]    2026-09-10 00:31:44 +0200: Memory Usage (838672K) : Starting NMOS SAB DERIVATIONS
[2026-09-10 00:31:44,584] [SUBPROCESS]    2026-09-10 00:31:44 +0200: Memory Usage (839048K) : Starting NMOS EFUSE DERIVATIONS
[2026-09-10 00:31:44,592] [SUBPROCESS]    2026-09-10 00:31:44 +0200: Memory Usage (839424K) : Starting GF180 LVS connectivity setup
[2026-09-10 00:31:44,598] [SUBPROCESS]    2026-09-10 00:31:44 +0200: Memory Usage (839424K) : Starting GF180 LVS connectivity setup (Inter-layer)
[2026-09-10 00:31:44,604] [SUBPROCESS]    2026-09-10 00:31:44 +0200: Memory Usage (839424K) : Starting GF180 LVS connectivity setup (Global)
[2026-09-10 00:31:44,611] [SUBPROCESS]    2026-09-10 00:31:44 +0200: Memory Usage (839424K) : Starting GF180 LVS connectivity setup (Multifinger Devices)
[2026-09-10 00:31:44,617] [SUBPROCESS]    2026-09-10 00:31:44 +0200: Memory Usage (839424K) : Starting LVS MOSFET CONNECTIONS
[2026-09-10 00:31:44,625] [SUBPROCESS]    2026-09-10 00:31:44 +0200: Memory Usage (839424K) : Starting LVS BJT CONNECTIONS
[2026-09-10 00:31:44,633] [SUBPROCESS]    2026-09-10 00:31:44 +0200: Memory Usage (839424K) : Starting LVS DIODE CONNECTIONS
[2026-09-10 00:31:44,640] [SUBPROCESS]    2026-09-10 00:31:44 +0200: Memory Usage (839424K) : Starting LVS MIMCAP CONNECTIONS
[2026-09-10 00:31:44,646] [SUBPROCESS]    2026-09-10 00:31:44 +0200: Memory Usage (839424K) : Starting LVS RESISTOR CONNECTIONS
[2026-09-10 00:31:44,652] [SUBPROCESS]    2026-09-10 00:31:44 +0200: Memory Usage (839488K) : Starting LVS EFUSE CONNECTIONS
[2026-09-10 00:31:44,659] [SUBPROCESS]    2026-09-10 00:31:44 +0200: Memory Usage (839488K) : Starting GF180 LVS DEVICES EXTRACTION
[2026-09-10 00:31:44,665] [SUBPROCESS]    2026-09-10 00:31:44 +0200: Memory Usage (839488K) : Starting MOSFET EXTRACTION
[2026-09-10 00:31:44,672] [SUBPROCESS]    2026-09-10 00:31:44 +0200: Memory Usage (839488K) : Starting PMOS EXTRACTION
[2026-09-10 00:31:44,681] [SUBPROCESS]    2026-09-10 00:31:44 +0200: Memory Usage (839488K) : Extracting 3.3V PMOS transistor outside DNWEL
[2026-09-10 00:31:44,690] [SUBPROCESS]    2026-09-10 00:31:44 +0200: Memory Usage (839488K) : Extracting 5V PMOS transistor outside DNWELL
[2026-09-10 00:31:44,699] [SUBPROCESS]    2026-09-10 00:31:44 +0200: Memory Usage (839488K) : Extracting 6V PMOS transistor outside DNWELL
[2026-09-10 00:31:44,707] [SUBPROCESS]    2026-09-10 00:31:44 +0200: Memory Usage (839868K) : Extracting 3.3V PMOS transistor inside DNWELL
[2026-09-10 00:31:44,734] [SUBPROCESS]    2026-09-10 00:31:44 +0200: Memory Usage (839868K) : Extracting 5V PMOS transistor inside DNWELL
[2026-09-10 00:31:44,741] [SUBPROCESS]    2026-09-10 00:31:44 +0200: Memory Usage (839868K) : Extracting 6V PMOS transistor inside DNWELL
[2026-09-10 00:31:44,748] [SUBPROCESS]    2026-09-10 00:31:44 +0200: Memory Usage (839868K) : Extracting LDPMOS transistor
[2026-09-10 00:31:44,755] [SUBPROCESS]    2026-09-10 00:31:44 +0200: Memory Usage (839868K) : Starting NMOS EXTRACTION
[2026-09-10 00:31:44,762] [SUBPROCESS]    2026-09-10 00:31:44 +0200: Memory Usage (839868K) : 3.3V NMOS transistor outside DNWELL
[2026-09-10 00:31:44,770] [SUBPROCESS]    2026-09-10 00:31:44 +0200: Memory Usage (839868K) : 5V NMOS transistor outside DNWELL
[2026-09-10 00:31:44,777] [SUBPROCESS]    2026-09-10 00:31:44 +0200: Memory Usage (839868K) : 6V NMOS transistor outside DNWELL
[2026-09-10 00:31:44,785] [SUBPROCESS]    2026-09-10 00:31:44 +0200: Memory Usage (839868K) : 3.3V NMOS transistor inside DNWELL
[2026-09-10 00:31:44,794] [SUBPROCESS]    2026-09-10 00:31:44 +0200: Memory Usage (839868K) : 5V NMOS transistor inside DNWELL
[2026-09-10 00:31:44,801] [SUBPROCESS]    2026-09-10 00:31:44 +0200: Memory Usage (839868K) : 6V NMOS transistor inside DNWELL
[2026-09-10 00:31:44,809] [SUBPROCESS]    2026-09-10 00:31:44 +0200: Memory Usage (839868K) : Native Vt NMOS transistor
[2026-09-10 00:31:44,816] [SUBPROCESS]    2026-09-10 00:31:44 +0200: Memory Usage (839868K) : Extracting LDNMOS transistor
[2026-09-10 00:31:44,824] [SUBPROCESS]    2026-09-10 00:31:44 +0200: Memory Usage (839868K) : Starting BJT EXTRACTION
[2026-09-10 00:31:44,832] [SUBPROCESS]    2026-09-10 00:31:44 +0200: Memory Usage (839868K) : Starting vnpn BJT EXTRACTION
[2026-09-10 00:31:44,844] [SUBPROCESS]    2026-09-10 00:31:44 +0200: Memory Usage (839868K) : Extracting npn_10p00x10p00 BJT
[2026-09-10 00:31:44,856] [SUBPROCESS]    2026-09-10 00:31:44 +0200: Memory Usage (839868K) : Extracting npn_05p00x05p00 BJT
[2026-09-10 00:31:44,869] [SUBPROCESS]    2026-09-10 00:31:44 +0200: Memory Usage (839868K) : Extracting npn_00p54x16p00 BJT
[2026-09-10 00:31:44,880] [SUBPROCESS]    2026-09-10 00:31:44 +0200: Memory Usage (839868K) : Extracting npn_00p54x08p00 BJT
[2026-09-10 00:31:44,892] [SUBPROCESS]    2026-09-10 00:31:44 +0200: Memory Usage (839868K) : Extracting npn_00p54x04p00 BJT
[2026-09-10 00:31:44,903] [SUBPROCESS]    2026-09-10 00:31:44 +0200: Memory Usage (839868K) : Extracting npn_00p54x02p00 BJT
[2026-09-10 00:31:44,910] [SUBPROCESS]    2026-09-10 00:31:44 +0200: Memory Usage (839868K) : Starting vpnp BJT EXTRACTION
[2026-09-10 00:31:44,921] [SUBPROCESS]    2026-09-10 00:31:44 +0200: Memory Usage (839868K) : Extracting pnp_10p00x10p00 BJT
[2026-09-10 00:31:44,932] [SUBPROCESS]    2026-09-10 00:31:44 +0200: Memory Usage (839868K) : Extracting pnp_05p00x05p00 BJT
[2026-09-10 00:31:44,942] [SUBPROCESS]    2026-09-10 00:31:44 +0200: Memory Usage (839868K) : Extracting pnp_10p00x00p42 BJT
[2026-09-10 00:31:44,951] [SUBPROCESS]    2026-09-10 00:31:44 +0200: Memory Usage (839868K) : Extracting pnp_05p00x00p42 BJT
[2026-09-10 00:31:44,959] [SUBPROCESS]    2026-09-10 00:31:44 +0200: Memory Usage (839868K) : Starting DIODE EXTRACTION
[2026-09-10 00:31:44,966] [SUBPROCESS]    2026-09-10 00:31:44 +0200: Memory Usage (839868K) : Extracting diode_nd2ps_03v3 diode
[2026-09-10 00:31:44,976] [SUBPROCESS]    2026-09-10 00:31:44 +0200: Memory Usage (839868K) : Extracting diode_nd2ps_03v3_dn diode
[2026-09-10 00:31:44,986] [SUBPROCESS]    2026-09-10 00:31:44 +0200: Memory Usage (839868K) : Extracting diode_nd2ps_06v0 diode
[2026-09-10 00:31:45,009] [SUBPROCESS]    2026-09-10 00:31:44 +0200: Memory Usage (839868K) : Extracting diode_nd2ps_06v0_dn diode
[2026-09-10 00:31:45,017] [SUBPROCESS]    2026-09-10 00:31:45 +0200: Memory Usage (839868K) : Extracting diode_pd2nw_03v3 diode
[2026-09-10 00:31:45,026] [SUBPROCESS]    2026-09-10 00:31:45 +0200: Memory Usage (839868K) : Extractingdiode_pd2nw_03v3_dn diode
[2026-09-10 00:31:45,035] [SUBPROCESS]    2026-09-10 00:31:45 +0200: Memory Usage (839868K) : Extracting diode_pd2nw_06v0 diode
[2026-09-10 00:31:45,044] [SUBPROCESS]    2026-09-10 00:31:45 +0200: Memory Usage (839868K) : Extracting diode_pd2nw_06v0_dn diode
[2026-09-10 00:31:45,051] [SUBPROCESS]    2026-09-10 00:31:45 +0200: Memory Usage (839868K) : Extracting diode_nw2ps_03v3 diode
[2026-09-10 00:31:45,060] [SUBPROCESS]    2026-09-10 00:31:45 +0200: Memory Usage (839868K) : Extracting diode_nw2ps_06v0 diode
[2026-09-10 00:31:45,070] [SUBPROCESS]    2026-09-10 00:31:45 +0200: Memory Usage (839868K) : Extracting diode_pw2dw_03v3 diode
[2026-09-10 00:31:45,083] [SUBPROCESS]    2026-09-10 00:31:45 +0200: Memory Usage (839868K) : Extracting diode_pw2dw_06v0 diode
[2026-09-10 00:31:45,092] [SUBPROCESS]    2026-09-10 00:31:45 +0200: Memory Usage (839868K) : Extracting diode_dw2ps_03v3 diode
[2026-09-10 00:31:45,103] [SUBPROCESS]    2026-09-10 00:31:45 +0200: Memory Usage (839868K) : Extracting diode_dw2ps_06v0 diode
[2026-09-10 00:31:45,115] [SUBPROCESS]    2026-09-10 00:31:45 +0200: Memory Usage (839868K) : Extracting sc_diode diode
[2026-09-10 00:31:45,135] [SUBPROCESS]    2026-09-10 00:31:45 +0200: Memory Usage (839868K) : Starting RESISTOR EXTRACTION
[2026-09-10 00:31:45,144] [SUBPROCESS]    2026-09-10 00:31:45 +0200: Memory Usage (839868K) : Extracting NPLUS_U device
[2026-09-10 00:31:45,152] [SUBPROCESS]    2026-09-10 00:31:45 +0200: Memory Usage (839868K) : Extracting NPLUS_U_DW device
[2026-09-10 00:31:45,160] [SUBPROCESS]    2026-09-10 00:31:45 +0200: Memory Usage (839868K) : Extracting PPLUS_U device
[2026-09-10 00:31:45,168] [SUBPROCESS]    2026-09-10 00:31:45 +0200: Memory Usage (839868K) : Extracting PPLUS_U_DW device
[2026-09-10 00:31:45,176] [SUBPROCESS]    2026-09-10 00:31:45 +0200: Memory Usage (839868K) : Extracting NPLUS_S device
[2026-09-10 00:31:45,183] [SUBPROCESS]    2026-09-10 00:31:45 +0200: Memory Usage (839868K) : Extracting NPLUS_S_DW device
[2026-09-10 00:31:45,209] [SUBPROCESS]    2026-09-10 00:31:45 +0200: Memory Usage (839868K) : Extracting PPLUS_S device
[2026-09-10 00:31:45,217] [SUBPROCESS]    2026-09-10 00:31:45 +0200: Memory Usage (839868K) : Extracting PPLUS_S_DW device
[2026-09-10 00:31:45,227] [SUBPROCESS]    2026-09-10 00:31:45 +0200: Memory Usage (839868K) : Extracting NWELL device
[2026-09-10 00:31:45,251] [SUBPROCESS]    2026-09-10 00:31:45 +0200: Memory Usage (839868K) : Extracting PWELL device
[2026-09-10 00:31:45,259] [SUBPROCESS]    2026-09-10 00:31:45 +0200: Memory Usage (839868K) : Extracting NPOLYF_U device
[2026-09-10 00:31:45,266] [SUBPROCESS]    2026-09-10 00:31:45 +0200: Memory Usage (839868K) : Extracting NPOLYF_U_DW device
[2026-09-10 00:31:45,275] [SUBPROCESS]    2026-09-10 00:31:45 +0200: Memory Usage (839868K) : Extracting PPOLYF_U device
[2026-09-10 00:31:45,283] [SUBPROCESS]    2026-09-10 00:31:45 +0200: Memory Usage (839868K) : Extracting PPOLYF_U_DW device
[2026-09-10 00:31:45,292] [SUBPROCESS]    2026-09-10 00:31:45 +0200: Memory Usage (839868K) : Extracting NPOLYF_S device
[2026-09-10 00:31:45,300] [SUBPROCESS]    2026-09-10 00:31:45 +0200: Memory Usage (839868K) : Extracting NPOLYF_S_DW device
[2026-09-10 00:31:45,310] [SUBPROCESS]    2026-09-10 00:31:45 +0200: Memory Usage (839868K) : Extracting PPOLYF_S device
[2026-09-10 00:31:45,318] [SUBPROCESS]    2026-09-10 00:31:45 +0200: Memory Usage (839868K) : Extracting PPOLYF_S_DW device
[2026-09-10 00:31:45,328] [SUBPROCESS]    2026-09-10 00:31:45 +0200: Memory Usage (839868K) : Extracting PPOLYF_U_1K device
[2026-09-10 00:31:45,336] [SUBPROCESS]    2026-09-10 00:31:45 +0200: Memory Usage (839868K) : Extracting PPOLYF_U_DW_1 device
[2026-09-10 00:31:45,345] [SUBPROCESS]    2026-09-10 00:31:45 +0200: Memory Usage (839868K) : Extracting PPOLYF_U_1K_6p0 device
[2026-09-10 00:31:45,354] [SUBPROCESS]    2026-09-10 00:31:45 +0200: Memory Usage (839868K) : Extracting PPOLYF_U_DW_1K_6p0 device
[2026-09-10 00:31:45,367] [SUBPROCESS]    2026-09-10 00:31:45 +0200: Memory Usage (839868K) : Extracting RM1 device
[2026-09-10 00:31:45,378] [SUBPROCESS]    2026-09-10 00:31:45 +0200: Memory Usage (839868K) : Extracting RM2 device
[2026-09-10 00:31:45,385] [SUBPROCESS]    2026-09-10 00:31:45 +0200: Memory Usage (839868K) : Extracting RM3 device
[2026-09-10 00:31:45,395] [SUBPROCESS]    2026-09-10 00:31:45 +0200: Memory Usage (839868K) : Extracting TM9K device
[2026-09-10 00:31:45,401] [SUBPROCESS]    2026-09-10 00:31:45 +0200: Memory Usage (839868K) : Starting MIMCAP EXTRACTION
[2026-09-10 00:31:45,410] [SUBPROCESS]    2026-09-10 00:31:45 +0200: Memory Usage (839868K) : Extracting cap_mim2f0 device
[2026-09-10 00:31:45,416] [SUBPROCESS]    2026-09-10 00:31:45 +0200: Memory Usage (839868K) : Starting MOSCAP EXTRACTION
[2026-09-10 00:31:45,425] [SUBPROCESS]    2026-09-10 00:31:45 +0200: Memory Usage (839868K) : Extracting cap_nmos_03v3 device
[2026-09-10 00:31:45,433] [SUBPROCESS]    2026-09-10 00:31:45 +0200: Memory Usage (839868K) : Extracting cap_nmos_03v3_dn device
[2026-09-10 00:31:45,448] [SUBPROCESS]    2026-09-10 00:31:45 +0200: Memory Usage (839868K) : Extracting cap_pmos_03v3 device
[2026-09-10 00:31:45,456] [SUBPROCESS]    2026-09-10 00:31:45 +0200: Memory Usage (839868K) : Extracting cap_pmos_03v3_dn device
[2026-09-10 00:31:45,464] [SUBPROCESS]    2026-09-10 00:31:45 +0200: Memory Usage (839868K) : Extracting cap_nmos_06v0 device
[2026-09-10 00:31:45,473] [SUBPROCESS]    2026-09-10 00:31:45 +0200: Memory Usage (839868K) : Extracting cap_nmos_06v0_dn device
[2026-09-10 00:31:45,488] [SUBPROCESS]    2026-09-10 00:31:45 +0200: Memory Usage (839868K) : Extracting cap_pmos_06v0 device
[2026-09-10 00:31:45,503] [SUBPROCESS]    2026-09-10 00:31:45 +0200: Memory Usage (839868K) : Extracting cap_pmos_06v0 device
[2026-09-10 00:31:45,511] [SUBPROCESS]    2026-09-10 00:31:45 +0200: Memory Usage (839868K) : Extracting cap_pmos_03v3_b device
[2026-09-10 00:31:45,527] [SUBPROCESS]    2026-09-10 00:31:45 +0200: Memory Usage (839868K) : Extracting cap_nmos_06v0_b device
[2026-09-10 00:31:45,533] [SUBPROCESS]    2026-09-10 00:31:45 +0200: Memory Usage (839868K) : Extracting cap_pmos_06v0_b device
[2026-09-10 00:31:45,541] [SUBPROCESS]    2026-09-10 00:31:45 +0200: Memory Usage (839868K) : Starting MOS SAB EXTRACTION
[2026-09-10 00:31:45,554] [SUBPROCESS]    2026-09-10 00:31:45 +0200: Memory Usage (839868K) : Starting PMOS SAB EXTRACTION
[2026-09-10 00:31:45,556] [SUBPROCESS]    2026-09-10 00:31:45 +0200: Memory Usage (839868K) : Extracting 3.3V ESD PMOS transistor outside DNWELL device
[2026-09-10 00:31:45,564] [SUBPROCESS]    2026-09-10 00:31:45 +0200: Memory Usage (839868K) : Extracting 5V ESD PMOS transistor outside DNWELL device
[2026-09-10 00:31:45,573] [SUBPROCESS]    2026-09-10 00:31:45 +0200: Memory Usage (839868K) : Extracting 6V ESD PMOS transistor outside DNWELL device
[2026-09-10 00:31:45,581] [SUBPROCESS]    2026-09-10 00:31:45 +0200: Memory Usage (839868K) : Extracting 3.3V ESD PMOS transistor inside DNWELL device
[2026-09-10 00:31:45,588] [SUBPROCESS]    2026-09-10 00:31:45 +0200: Memory Usage (839868K) : Extracting 5V ESD PMOS transistor inside DNWELL device
[2026-09-10 00:31:45,596] [SUBPROCESS]    2026-09-10 00:31:45 +0200: Memory Usage (839868K) : Extracting 6V ESD PMOS transistor inside DNWELL device
[2026-09-10 00:31:45,603] [SUBPROCESS]    2026-09-10 00:31:45 +0200: Memory Usage (839868K) : Starting NMOS SAB EXTRACTION
[2026-09-10 00:31:45,611] [SUBPROCESS]    2026-09-10 00:31:45 +0200: Memory Usage (839868K) : Extracting 3.3V ESD NMOS transistor outside DNWELL device
[2026-09-10 00:31:45,619] [SUBPROCESS]    2026-09-10 00:31:45 +0200: Memory Usage (839868K) : Extracting 5V ESD NMOS transistor outside DNWELL device
[2026-09-10 00:31:45,627] [SUBPROCESS]    2026-09-10 00:31:45 +0200: Memory Usage (839868K) : Extracting 6V ESD NMOS transistor outside DNWELL device
[2026-09-10 00:31:45,635] [SUBPROCESS]    2026-09-10 00:31:45 +0200: Memory Usage (839868K) : Extracting 3.3V ESD NMOS transistor inside DNWELL device
[2026-09-10 00:31:45,644] [SUBPROCESS]    2026-09-10 00:31:45 +0200: Memory Usage (839868K) : Extracting 5V ESD NMOS transistor inside DNWELL device
[2026-09-10 00:31:45,651] [SUBPROCESS]    2026-09-10 00:31:45 +0200: Memory Usage (839868K) : Extracting 6V ESD NMOS transistor inside DNWELL device
[2026-09-10 00:31:45,659] [SUBPROCESS]    2026-09-10 00:31:45 +0200: Memory Usage (839868K) : Starting EFUSE EXTRACTION
[2026-09-10 00:31:45,692] [SUBPROCESS]    2026-09-10 00:31:45 +0200: Memory Usage (839868K) : Starting GF180 LVS comparison section
[2026-09-10 00:31:45,699] [SUBPROCESS]    2026-09-10 00:31:45 +0200: Memory Usage (839868K) : LVS Total Run time 3.040246 seconds
[2026-09-10 00:31:45,706] [SUBPROCESS]    2026-09-10 00:31:45 +0200: Memory Usage (839868K) : xxxxxxxxxxxxxxxxxxxxxxxxxxxxxxxxxxxxxxxxxx
[2026-09-10 00:31:45,713] [SUBPROCESS]    2026-09-10 00:31:45 +0200: Memory Usage (839868K) : ERROR : Netlists don't match
[2026-09-10 00:31:45,837] [SUBPROCESS]    2026-09-10 00:31:45 +0200: Memory Usage (839868K) : xxxxxxxxxxxxxxxxxxxxxxxxxxxxxxxxxxxxxxxxxx
[2026-09-10 00:31:45,958] [INFO]    klayout LVS succeeded after 5.404s
[2026-09-10 00:31:45,975] [WARNING]    Unable to find info about extracted LVS layer 'comp'
[2026-09-10 00:31:45,977] [WARNING]    Unable to find info about extracted LVS layer 'nwell'
[2026-09-10 00:31:45,978] [WARNING]    Unable to find info about extracted LVS layer 'contact'
[2026-09-10 00:31:45,979] [WARNING]    Unable to find info about extracted LVS layer 'via1'
[2026-09-10 00:31:45,981] [INFO]    (31, 20) -> (psd)
[2026-09-10 00:31:45,982] [INFO]    (34, 0) -> (metal1_con)
[2026-09-10 00:31:45,983] [INFO]    (36, 0) -> (metal2_con)
[2026-09-10 00:31:46,006] [WARNING]    Can't find GDS pair for layer M1-Poly
[2026-09-10 00:31:46,007] [WARNING]    Can't find GDS pair for layer Via1_con
[2026-09-10 00:31:46,009] [WARNING]    Can't find GDS pair for layer Via2_con
[2026-09-10 00:31:46,010] [WARNING]    Can't find GDS pair for layer Via3_con
[2026-09-10 00:31:46,012] [WARNING]    Can't find GDS pair for layer Via4_ncap
[2026-09-10 00:31:49,467] [INFO]    LVSDB: found 8pins
[2026-09-10 00:31:49,469] [WARNING]    Could not find a layer for device $1, class pfet_03v3, terminal G, net DAC_REF
[2026-09-10 00:31:49,473] [WARNING]    Could not find a layer for device $1, class pfet_03v3, terminal B, net VDD
[2026-09-10 00:31:49,476] [WARNING]    Could not find a layer for device $2, class pfet_03v3, terminal G, net DAC_REF
[2026-09-10 00:31:49,478] [WARNING]    Could not find a layer for device $2, class pfet_03v3, terminal B, net VDD
[2026-09-10 00:31:49,480] [WARNING]    Could not find a layer for device $3, class pfet_03v3, terminal G, net DAC_REF
[2026-09-10 00:31:49,481] [WARNING]    Could not find a layer for device $3, class pfet_03v3, terminal B, net VDD
[2026-09-10 00:31:49,483] [WARNING]    Could not find a layer for device $4, class pfet_03v3, terminal G, net DAC_REF
[2026-09-10 00:31:49,486] [WARNING]    Could not find a layer for device $4, class pfet_03v3, terminal B, net VDD
[2026-09-10 00:31:49,490] [WARNING]    Could not find a layer for device $5, class pfet_03v3, terminal G, net DAC_REF
[2026-09-10 00:31:49,493] [WARNING]    Could not find a layer for device $5, class pfet_03v3, terminal B, net VDD
[2026-09-10 00:31:49,495] [WARNING]    Could not find a layer for device $6, class pfet_03v3, terminal G, net DAC_REF
[2026-09-10 00:31:49,498] [WARNING]    Could not find a layer for device $6, class pfet_03v3, terminal B, net VDD
[2026-09-10 00:31:49,502] [WARNING]    Could not find a layer for device $7, class pfet_03v3, terminal G, net DAC_REF
[2026-09-10 00:31:49,505] [WARNING]    Could not find a layer for device $7, class pfet_03v3, terminal B, net VDD
[2026-09-10 00:31:49,510] [WARNING]    Could not find a layer for device $8, class pfet_03v3, terminal G, net DAC_REF
[2026-09-10 00:31:49,512] [WARNING]    Could not find a layer for device $8, class pfet_03v3, terminal B, net VDD
[2026-09-10 00:31:49,514] [WARNING]    Could not find a layer for device $9, class pfet_03v3, terminal G, net DAC_REF
[2026-09-10 00:31:49,516] [WARNING]    Could not find a layer for device $9, class pfet_03v3, terminal B, net VDD
[2026-09-10 00:31:49,518] [WARNING]    Could not find a layer for device $10, class pfet_03v3, terminal G, net DAC_REF
[2026-09-10 00:31:49,519] [WARNING]    Could not find a layer for device $10, class pfet_03v3, terminal B, net VDD
[2026-09-10 00:31:49,522] [WARNING]    Could not find a layer for device $11, class pfet_03v3, terminal G, net DAC_REF
[2026-09-10 00:31:49,525] [WARNING]    Could not find a layer for device $11, class pfet_03v3, terminal B, net VDD
[2026-09-10 00:31:49,527] [WARNING]    Could not find a layer for device $12, class pfet_03v3, terminal G, net DAC_REF
[2026-09-10 00:31:49,529] [WARNING]    Could not find a layer for device $12, class pfet_03v3, terminal B, net VDD
[2026-09-10 00:31:49,531] [WARNING]    Could not find a layer for device $13, class pfet_03v3, terminal G, net DAC_REF
[2026-09-10 00:31:49,533] [WARNING]    Could not find a layer for device $13, class pfet_03v3, terminal B, net VDD
[2026-09-10 00:31:49,535] [WARNING]    Could not find a layer for device $14, class pfet_03v3, terminal G, net DAC_REF
[2026-09-10 00:31:49,539] [WARNING]    Could not find a layer for device $14, class pfet_03v3, terminal B, net VDD
[2026-09-10 00:31:49,543] [WARNING]    Could not find a layer for device $15, class pfet_03v3, terminal G, net DAC_REF
[2026-09-10 00:31:49,546] [WARNING]    Could not find a layer for device $15, class pfet_03v3, terminal B, net VDD
[2026-09-10 00:31:49,549] [WARNING]    Could not find a layer for device $16, class pfet_03v3, terminal G, net DAC_REF
[2026-09-10 00:31:49,551] [WARNING]    Could not find a layer for device $16, class pfet_03v3, terminal B, net VDD
[2026-09-10 00:31:49,553] [WARNING]    Could not find a layer for device $17, class pfet_03v3, terminal G, net DAC_REF
[2026-09-10 00:31:49,556] [WARNING]    Could not find a layer for device $17, class pfet_03v3, terminal B, net VDD
[2026-09-10 00:31:49,559] [WARNING]    Could not find a layer for device $18, class pfet_03v3, terminal G, net DAC_REF
[2026-09-10 00:31:49,561] [WARNING]    Could not find a layer for device $18, class pfet_03v3, terminal B, net VDD
[2026-09-10 00:31:49,563] [WARNING]    Could not find a layer for device $19, class pfet_03v3, terminal G, net DAC_REF
[2026-09-10 00:31:49,565] [WARNING]    Could not find a layer for device $19, class pfet_03v3, terminal B, net VDD
[2026-09-10 00:31:49,567] [WARNING]    Could not find a layer for device $20, class pfet_03v3, terminal G, net DAC_REF
[2026-09-10 00:31:49,569] [WARNING]    Could not find a layer for device $20, class pfet_03v3, terminal B, net VDD
[2026-09-10 00:31:49,573] [WARNING]    Could not find a layer for device $21, class pfet_03v3, terminal G, net DAC_REF
[2026-09-10 00:31:49,577] [WARNING]    Could not find a layer for device $21, class pfet_03v3, terminal B, net VDD
[2026-09-10 00:31:49,580] [WARNING]    Could not find a layer for device $22, class pfet_03v3, terminal G, net DAC_REF
[2026-09-10 00:31:49,583] [WARNING]    Could not find a layer for device $22, class pfet_03v3, terminal B, net VDD
[2026-09-10 00:31:49,585] [WARNING]    Could not find a layer for device $23, class pfet_03v3, terminal G, net DAC_REF
[2026-09-10 00:31:49,588] [WARNING]    Could not find a layer for device $23, class pfet_03v3, terminal B, net VDD
[2026-09-10 00:31:49,591] [WARNING]    Could not find a layer for device $24, class pfet_03v3, terminal G, net DAC_REF
[2026-09-10 00:31:49,593] [WARNING]    Could not find a layer for device $24, class pfet_03v3, terminal B, net VDD
[2026-09-10 00:31:49,595] [WARNING]    Could not find a layer for device $25, class pfet_03v3, terminal G, net DAC_REF
[2026-09-10 00:31:49,597] [WARNING]    Could not find a layer for device $25, class pfet_03v3, terminal B, net VDD
[2026-09-10 00:31:49,599] [WARNING]    Could not find a layer for device $26, class pfet_03v3, terminal G, net DAC_REF
[2026-09-10 00:31:49,601] [WARNING]    Could not find a layer for device $26, class pfet_03v3, terminal B, net VDD
[2026-09-10 00:31:49,602] [WARNING]    Could not find a layer for device $27, class pfet_03v3, terminal G, net DAC_REF
[2026-09-10 00:31:49,605] [WARNING]    Could not find a layer for device $27, class pfet_03v3, terminal B, net VDD
[2026-09-10 00:31:49,608] [WARNING]    Could not find a layer for device $28, class pfet_03v3, terminal G, net DAC_REF
[2026-09-10 00:31:49,610] [WARNING]    Could not find a layer for device $28, class pfet_03v3, terminal B, net VDD
[2026-09-10 00:31:49,612] [WARNING]    Could not find a layer for device $29, class pfet_03v3, terminal G, net DAC_REF
[2026-09-10 00:31:49,614] [WARNING]    Could not find a layer for device $29, class pfet_03v3, terminal B, net VDD
[2026-09-10 00:31:49,617] [WARNING]    Could not find a layer for device $30, class pfet_03v3, terminal G, net DAC_REF
[2026-09-10 00:31:49,620] [WARNING]    Could not find a layer for device $30, class pfet_03v3, terminal B, net VDD
[2026-09-10 00:31:49,622] [WARNING]    Could not find a layer for device $31, class pfet_03v3, terminal G, net DAC_REF
[2026-09-10 00:31:49,625] [WARNING]    Could not find a layer for device $31, class pfet_03v3, terminal B, net VDD
[2026-09-10 00:31:49,627] [WARNING]    Could not find a layer for device $32, class pfet_03v3, terminal G, net DAC_REF
[2026-09-10 00:31:49,629] [WARNING]    Could not find a layer for device $32, class pfet_03v3, terminal B, net VDD
[2026-09-10 00:31:49,631] [WARNING]    Could not find a layer for device $33, class pfet_03v3, terminal G, net DAC_REF
[2026-09-10 00:31:49,633] [WARNING]    Could not find a layer for device $33, class pfet_03v3, terminal B, net VDD
[2026-09-10 00:31:49,634] [WARNING]    Could not find a layer for device $34, class pfet_03v3, terminal G, net DAC_REF
[2026-09-10 00:31:49,636] [WARNING]    Could not find a layer for device $34, class pfet_03v3, terminal B, net VDD
[2026-09-10 00:31:49,639] [WARNING]    Could not find a layer for device $35, class pfet_03v3, terminal G, net DAC_REF
[2026-09-10 00:31:49,642] [WARNING]    Could not find a layer for device $35, class pfet_03v3, terminal B, net VDD
[2026-09-10 00:31:49,644] [WARNING]    Could not find a layer for device $36, class pfet_03v3, terminal G, net DAC_REF
[2026-09-10 00:31:49,646] [WARNING]    Could not find a layer for device $36, class pfet_03v3, terminal B, net VDD
[2026-09-10 00:31:49,648] [WARNING]    Could not find a layer for device $37, class pfet_03v3, terminal G, net DAC_REF
[2026-09-10 00:31:49,650] [WARNING]    Could not find a layer for device $37, class pfet_03v3, terminal B, net VDD
[2026-09-10 00:31:49,652] [WARNING]    Could not find a layer for device $38, class pfet_03v3, terminal G, net DAC_REF
[2026-09-10 00:31:49,654] [WARNING]    Could not find a layer for device $38, class pfet_03v3, terminal B, net VDD
[2026-09-10 00:31:49,657] [WARNING]    Could not find a layer for device $39, class pfet_03v3, terminal G, net DAC_REF
[2026-09-10 00:31:49,660] [WARNING]    Could not find a layer for device $39, class pfet_03v3, terminal B, net VDD
[2026-09-10 00:31:49,662] [WARNING]    Could not find a layer for device $40, class pfet_03v3, terminal G, net DAC_REF
[2026-09-10 00:31:49,664] [WARNING]    Could not find a layer for device $40, class pfet_03v3, terminal B, net VDD
[2026-09-10 00:31:49,666] [WARNING]    Could not find a layer for device $41, class pfet_03v3, terminal G, net DAC_REF
[2026-09-10 00:31:49,668] [WARNING]    Could not find a layer for device $41, class pfet_03v3, terminal B, net VDD
[2026-09-10 00:31:49,671] [WARNING]    Could not find a layer for device $42, class pfet_03v3, terminal G, net DAC_REF
[2026-09-10 00:31:49,674] [WARNING]    Could not find a layer for device $42, class pfet_03v3, terminal B, net VDD
[2026-09-10 00:31:49,676] [WARNING]    Could not find a layer for device $43, class pfet_03v3, terminal G, net DAC_REF
[2026-09-10 00:31:49,679] [WARNING]    Could not find a layer for device $43, class pfet_03v3, terminal B, net VDD
[2026-09-10 00:31:49,680] [WARNING]    Could not find a layer for device $44, class pfet_03v3, terminal G, net DAC_REF
[2026-09-10 00:31:49,682] [WARNING]    Could not find a layer for device $44, class pfet_03v3, terminal B, net VDD
[2026-09-10 00:31:49,684] [WARNING]    Could not find a layer for device $45, class pfet_03v3, terminal G, net DAC_REF
[2026-09-10 00:31:49,686] [WARNING]    Could not find a layer for device $45, class pfet_03v3, terminal B, net VDD
[2026-09-10 00:31:49,689] [WARNING]    Could not find a layer for device $46, class pfet_03v3, terminal G, net DAC_REF
[2026-09-10 00:31:49,692] [WARNING]    Could not find a layer for device $46, class pfet_03v3, terminal B, net VDD
[2026-09-10 00:31:49,694] [WARNING]    Could not find a layer for device $47, class pfet_03v3, terminal G, net DAC_REF
[2026-09-10 00:31:49,698] [WARNING]    Could not find a layer for device $47, class pfet_03v3, terminal B, net VDD
[2026-09-10 00:31:49,700] [WARNING]    Could not find a layer for device $48, class pfet_03v3, terminal G, net DAC_REF
[2026-09-10 00:31:49,702] [WARNING]    Could not find a layer for device $48, class pfet_03v3, terminal B, net VDD
[2026-09-10 00:31:49,703] [WARNING]    Could not find a layer for device $49, class pfet_03v3, terminal G, net DAC_REF
[2026-09-10 00:31:49,707] [WARNING]    Could not find a layer for device $49, class pfet_03v3, terminal B, net VDD
[2026-09-10 00:31:49,710] [WARNING]    Could not find a layer for device $50, class pfet_03v3, terminal G, net DAC_REF
[2026-09-10 00:31:49,712] [WARNING]    Could not find a layer for device $50, class pfet_03v3, terminal B, net VDD
[2026-09-10 00:31:49,714] [WARNING]    Could not find a layer for device $51, class pfet_03v3, terminal G, net DAC_REF
[2026-09-10 00:31:49,716] [WARNING]    Could not find a layer for device $51, class pfet_03v3, terminal B, net VDD
[2026-09-10 00:31:49,718] [WARNING]    Could not find a layer for device $52, class pfet_03v3, terminal G, net DAC_REF
[2026-09-10 00:31:49,720] [WARNING]    Could not find a layer for device $52, class pfet_03v3, terminal B, net VDD
[2026-09-10 00:31:49,723] [WARNING]    Could not find a layer for device $53, class pfet_03v3, terminal G, net DAC_REF
[2026-09-10 00:31:49,726] [WARNING]    Could not find a layer for device $53, class pfet_03v3, terminal B, net VDD
[2026-09-10 00:31:49,728] [WARNING]    Could not find a layer for device $54, class pfet_03v3, terminal G, net DAC_REF
[2026-09-10 00:31:49,730] [WARNING]    Could not find a layer for device $54, class pfet_03v3, terminal B, net VDD
[2026-09-10 00:31:49,732] [WARNING]    Could not find a layer for device $55, class pfet_03v3, terminal G, net DAC_REF
[2026-09-10 00:31:49,734] [WARNING]    Could not find a layer for device $55, class pfet_03v3, terminal B, net VDD
[2026-09-10 00:31:49,736] [WARNING]    Could not find a layer for device $56, class pfet_03v3, terminal G, net DAC_REF
[2026-09-10 00:31:49,740] [WARNING]    Could not find a layer for device $56, class pfet_03v3, terminal B, net VDD
[2026-09-10 00:31:49,743] [WARNING]    Could not find a layer for device $57, class pfet_03v3, terminal G, net DAC_REF
[2026-09-10 00:31:49,746] [WARNING]    Could not find a layer for device $57, class pfet_03v3, terminal B, net VDD
[2026-09-10 00:31:49,748] [WARNING]    Could not find a layer for device $58, class pfet_03v3, terminal G, net DAC_REF
[2026-09-10 00:31:49,750] [WARNING]    Could not find a layer for device $58, class pfet_03v3, terminal B, net VDD
[2026-09-10 00:31:49,751] [WARNING]    Could not find a layer for device $59, class pfet_03v3, terminal G, net DAC_REF
[2026-09-10 00:31:49,754] [WARNING]    Could not find a layer for device $59, class pfet_03v3, terminal B, net VDD
[2026-09-10 00:31:49,758] [WARNING]    Could not find a layer for device $60, class pfet_03v3, terminal G, net DAC_REF
[2026-09-10 00:31:49,760] [WARNING]    Could not find a layer for device $60, class pfet_03v3, terminal B, net VDD
[2026-09-10 00:31:49,762] [WARNING]    Could not find a layer for device $61, class pfet_03v3, terminal G, net DAC_REF
[2026-09-10 00:31:49,764] [WARNING]    Could not find a layer for device $61, class pfet_03v3, terminal B, net VDD
[2026-09-10 00:31:49,766] [WARNING]    Could not find a layer for device $62, class pfet_03v3, terminal G, net DAC_REF
[2026-09-10 00:31:49,768] [WARNING]    Could not find a layer for device $62, class pfet_03v3, terminal B, net VDD
[2026-09-10 00:31:49,771] [WARNING]    Could not find a layer for device $63, class pfet_03v3, terminal G, net DAC_REF
[2026-09-10 00:31:49,774] [WARNING]    Could not find a layer for device $63, class pfet_03v3, terminal B, net VDD
[2026-09-10 00:31:49,777] [WARNING]    Could not find a layer for device $64, class pfet_03v3, terminal G, net b[4]
[2026-09-10 00:31:49,779] [WARNING]    Could not find a layer for device $64, class pfet_03v3, terminal B, net VDD
[2026-09-10 00:31:49,781] [WARNING]    Could not find a layer for device $65, class pfet_03v3, terminal G, net b[4]
[2026-09-10 00:31:49,782] [WARNING]    Could not find a layer for device $65, class pfet_03v3, terminal B, net VDD
[2026-09-10 00:31:49,784] [WARNING]    Could not find a layer for device $66, class pfet_03v3, terminal G, net b[4]
[2026-09-10 00:31:49,786] [WARNING]    Could not find a layer for device $66, class pfet_03v3, terminal B, net VDD
[2026-09-10 00:31:49,789] [WARNING]    Could not find a layer for device $67, class pfet_03v3, terminal G, net b[4]
[2026-09-10 00:31:49,792] [WARNING]    Could not find a layer for device $67, class pfet_03v3, terminal B, net VDD
[2026-09-10 00:31:49,794] [WARNING]    Could not find a layer for device $68, class pfet_03v3, terminal G, net b[3]
[2026-09-10 00:31:49,796] [WARNING]    Could not find a layer for device $68, class pfet_03v3, terminal B, net VDD
[2026-09-10 00:31:49,797] [WARNING]    Could not find a layer for device $69, class pfet_03v3, terminal G, net b[3]
[2026-09-10 00:31:49,799] [WARNING]    Could not find a layer for device $69, class pfet_03v3, terminal B, net VDD
[2026-09-10 00:31:49,800] [WARNING]    Could not find a layer for device $70, class pfet_03v3, terminal G, net b[2]
[2026-09-10 00:31:49,802] [WARNING]    Could not find a layer for device $70, class pfet_03v3, terminal B, net VDD
[2026-09-10 00:31:49,803] [WARNING]    Could not find a layer for device $71, class pfet_03v3, terminal G, net b[1]
[2026-09-10 00:31:49,807] [WARNING]    Could not find a layer for device $71, class pfet_03v3, terminal B, net VDD
[2026-09-10 00:31:49,809] [WARNING]    Could not find a layer for device $72, class pfet_03v3, terminal G, net b[4]
[2026-09-10 00:31:49,811] [WARNING]    Could not find a layer for device $72, class pfet_03v3, terminal B, net VDD
[2026-09-10 00:31:49,813] [WARNING]    Could not find a layer for device $73, class pfet_03v3, terminal G, net b[4]
[2026-09-10 00:31:49,815] [WARNING]    Could not find a layer for device $73, class pfet_03v3, terminal B, net VDD
[2026-09-10 00:31:49,817] [WARNING]    Could not find a layer for device $74, class pfet_03v3, terminal G, net b[4]
[2026-09-10 00:31:49,819] [WARNING]    Could not find a layer for device $74, class pfet_03v3, terminal B, net VDD
[2026-09-10 00:31:49,821] [WARNING]    Could not find a layer for device $75, class pfet_03v3, terminal G, net b[4]
[2026-09-10 00:31:49,824] [WARNING]    Could not find a layer for device $75, class pfet_03v3, terminal B, net VDD
[2026-09-10 00:31:49,826] [WARNING]    Could not find a layer for device $76, class pfet_03v3, terminal G, net b[3]
[2026-09-10 00:31:49,828] [WARNING]    Could not find a layer for device $76, class pfet_03v3, terminal B, net VDD
[2026-09-10 00:31:49,829] [WARNING]    Could not find a layer for device $77, class pfet_03v3, terminal G, net b[3]
[2026-09-10 00:31:49,831] [WARNING]    Could not find a layer for device $77, class pfet_03v3, terminal B, net VDD
[2026-09-10 00:31:49,833] [WARNING]    Could not find a layer for device $78, class pfet_03v3, terminal G, net b[2]
[2026-09-10 00:31:49,834] [WARNING]    Could not find a layer for device $78, class pfet_03v3, terminal B, net VDD
[2026-09-10 00:31:49,836] [WARNING]    Could not find a layer for device $79, class pfet_03v3, terminal G, net b[4]
[2026-09-10 00:31:49,838] [WARNING]    Could not find a layer for device $79, class pfet_03v3, terminal B, net VDD
[2026-09-10 00:31:49,841] [WARNING]    Could not find a layer for device $80, class pfet_03v3, terminal G, net b[4]
[2026-09-10 00:31:49,843] [WARNING]    Could not find a layer for device $80, class pfet_03v3, terminal B, net VDD
[2026-09-10 00:31:49,844] [WARNING]    Could not find a layer for device $81, class pfet_03v3, terminal G, net b[4]
[2026-09-10 00:31:49,846] [WARNING]    Could not find a layer for device $81, class pfet_03v3, terminal B, net VDD
[2026-09-10 00:31:49,848] [WARNING]    Could not find a layer for device $82, class pfet_03v3, terminal G, net b[4]
[2026-09-10 00:31:49,849] [WARNING]    Could not find a layer for device $82, class pfet_03v3, terminal B, net VDD
[2026-09-10 00:31:49,851] [WARNING]    Could not find a layer for device $83, class pfet_03v3, terminal G, net b[3]
[2026-09-10 00:31:49,853] [WARNING]    Could not find a layer for device $83, class pfet_03v3, terminal B, net VDD
[2026-09-10 00:31:49,854] [WARNING]    Could not find a layer for device $84, class pfet_03v3, terminal G, net b[3]
[2026-09-10 00:31:49,858] [WARNING]    Could not find a layer for device $84, class pfet_03v3, terminal B, net VDD
[2026-09-10 00:31:49,860] [WARNING]    Could not find a layer for device $85, class pfet_03v3, terminal G, net b[2]
[2026-09-10 00:31:49,862] [WARNING]    Could not find a layer for device $85, class pfet_03v3, terminal B, net VDD
[2026-09-10 00:31:49,864] [WARNING]    Could not find a layer for device $86, class pfet_03v3, terminal G, net b[1]
[2026-09-10 00:31:49,865] [WARNING]    Could not find a layer for device $86, class pfet_03v3, terminal B, net VDD
[2026-09-10 00:31:49,867] [WARNING]    Could not find a layer for device $87, class pfet_03v3, terminal G, net b[1]
[2026-09-10 00:31:49,869] [WARNING]    Could not find a layer for device $87, class pfet_03v3, terminal B, net VDD
[2026-09-10 00:31:49,870] [WARNING]    Could not find a layer for device $88, class pfet_03v3, terminal G, net b[4]
[2026-09-10 00:31:49,873] [WARNING]    Could not find a layer for device $88, class pfet_03v3, terminal B, net VDD
[2026-09-10 00:31:49,875] [WARNING]    Could not find a layer for device $89, class pfet_03v3, terminal G, net b[4]
[2026-09-10 00:31:49,877] [WARNING]    Could not find a layer for device $89, class pfet_03v3, terminal B, net VDD
[2026-09-10 00:31:49,879] [WARNING]    Could not find a layer for device $90, class pfet_03v3, terminal G, net b[4]
[2026-09-10 00:31:49,880] [WARNING]    Could not find a layer for device $90, class pfet_03v3, terminal B, net VDD
[2026-09-10 00:31:49,882] [WARNING]    Could not find a layer for device $91, class pfet_03v3, terminal G, net b[4]
[2026-09-10 00:31:49,884] [WARNING]    Could not find a layer for device $91, class pfet_03v3, terminal B, net VDD
[2026-09-10 00:31:49,885] [WARNING]    Could not find a layer for device $92, class pfet_03v3, terminal G, net b[3]
[2026-09-10 00:31:49,887] [WARNING]    Could not find a layer for device $92, class pfet_03v3, terminal B, net VDD
[2026-09-10 00:31:49,890] [WARNING]    Could not find a layer for device $93, class pfet_03v3, terminal G, net b[3]
[2026-09-10 00:31:49,893] [WARNING]    Could not find a layer for device $93, class pfet_03v3, terminal B, net VDD
[2026-09-10 00:31:49,895] [WARNING]    Could not find a layer for device $94, class pfet_03v3, terminal G, net b[2]
[2026-09-10 00:31:49,897] [WARNING]    Could not find a layer for device $94, class pfet_03v3, terminal B, net VDD
[2026-09-10 00:31:49,899] [WARNING]    Could not find a layer for device $95, class pfet_03v3, terminal G, net b[0]
[2026-09-10 00:31:49,900] [WARNING]    Could not find a layer for device $95, class pfet_03v3, terminal B, net VDD
[2026-09-10 00:31:50,574] [SUBPROCESS]    Device;Net1;Net2;Capacitance [fF];Resistance [Ω]
[2026-09-10 00:31:50,575] [SUBPROCESS]    C1;$10;$13;1.662;
[2026-09-10 00:31:50,575] [SUBPROCESS]    C2;$10;$14;0.247;
[2026-09-10 00:31:50,576] [SUBPROCESS]    C3;$10;$26;3.265;
[2026-09-10 00:31:50,576] [SUBPROCESS]    C4;$10;$7;0.579;
[2026-09-10 00:31:50,577] [SUBPROCESS]    C5;$10;b[0];0.003;
[2026-09-10 00:31:50,578] [SUBPROCESS]    C6;$10;b[2];0.439;
[2026-09-10 00:31:50,578] [SUBPROCESS]    C7;$10;b[3];2.105;
[2026-09-10 00:31:50,579] [SUBPROCESS]    C8;$10;b[4];0.012;
[2026-09-10 00:31:50,579] [SUBPROCESS]    C9;$10;DAC_REF;0.013;
[2026-09-10 00:31:50,580] [SUBPROCESS]    C10;$10;I_DAC;0.807;
[2026-09-10 00:31:50,580] [SUBPROCESS]    C11;$10;VDD;7.841;
[2026-09-10 00:31:50,581] [SUBPROCESS]    C12;$10;VSUBS;6.92;
[2026-09-10 00:31:50,581] [SUBPROCESS]    C13;$13;$14;2.935;
[2026-09-10 00:31:50,581] [SUBPROCESS]    C14;$13;$26;0.49;
[2026-09-10 00:31:50,582] [SUBPROCESS]    C15;$13;$7;0.097;
[2026-09-10 00:31:50,582] [SUBPROCESS]    C16;$13;b[0];0.117;
[2026-09-10 00:31:50,583] [SUBPROCESS]    C17;$13;b[1];0.326;
[2026-09-10 00:31:50,583] [SUBPROCESS]    C18;$13;b[2];0.525;
[2026-09-10 00:31:50,584] [SUBPROCESS]    C19;$13;I_DAC;0.361;
[2026-09-10 00:31:50,584] [SUBPROCESS]    C20;$13;VDD;4.132;
[2026-09-10 00:31:50,584] [SUBPROCESS]    C21;$13;VSUBS;3.1;
[2026-09-10 00:31:50,585] [SUBPROCESS]    C22;$14;$26;0.351;
[2026-09-10 00:31:50,585] [SUBPROCESS]    C23;$14;$7;1.178;
[2026-09-10 00:31:50,586] [SUBPROCESS]    C24;$14;b[0];0.14;
[2026-09-10 00:31:50,586] [SUBPROCESS]    C25;$14;b[1];0.126;
[2026-09-10 00:31:50,587] [SUBPROCESS]    C26;$14;I_DAC;0.329;
[2026-09-10 00:31:50,587] [SUBPROCESS]    C27;$14;VDD;2.26;
[2026-09-10 00:31:50,588] [SUBPROCESS]    C28;$14;VSUBS;1.738;
[2026-09-10 00:31:50,588] [SUBPROCESS]    C29;$26;$7;0.33;
[2026-09-10 00:31:50,588] [SUBPROCESS]    C30;$26;b[3];0.073;
[2026-09-10 00:31:50,589] [SUBPROCESS]    C31;$26;b[4];3.887;
[2026-09-10 00:31:50,589] [SUBPROCESS]    C32;$26;DAC_REF;0.062;
[2026-09-10 00:31:50,590] [SUBPROCESS]    C33;$26;I_DAC;1.326;
[2026-09-10 00:31:50,590] [SUBPROCESS]    C34;$26;VDD;10.713;
[2026-09-10 00:31:50,591] [SUBPROCESS]    C35;$26;VSUBS;9.675;
[2026-09-10 00:31:50,591] [SUBPROCESS]    C36;$7;b[0];0.299;
[2026-09-10 00:31:50,592] [SUBPROCESS]    C37;$7;I_DAC;0.054;
[2026-09-10 00:31:50,592] [SUBPROCESS]    C38;$7;VDD;1.363;
[2026-09-10 00:31:50,593] [SUBPROCESS]    C39;$7;VSUBS;1.63;
[2026-09-10 00:31:50,594] [SUBPROCESS]    C40;b[0];b[1];0.05;
[2026-09-10 00:31:50,594] [SUBPROCESS]    C41;b[0];b[2];0.016;
[2026-09-10 00:31:50,594] [SUBPROCESS]    C42;b[1];b[2];0.062;
[2026-09-10 00:31:50,595] [SUBPROCESS]    C43;b[1];b[3];0.0;
[2026-09-10 00:31:50,595] [SUBPROCESS]    C44;b[2];b[3];0.079;
[2026-09-10 00:31:50,596] [SUBPROCESS]    C45;b[3];b[4];0.252;
[2026-09-10 00:31:50,596] [SUBPROCESS]    C46;DAC_REF;VDD;1.361;
[2026-09-10 00:31:50,597] [SUBPROCESS]    C47;DAC_REF;VSUBS;0.544;
[2026-09-10 00:31:50,597] [SUBPROCESS]    C48;I_DAC;b[0];1.153;
[2026-09-10 00:31:50,597] [SUBPROCESS]    C49;I_DAC;b[1];0.66;
[2026-09-10 00:31:50,598] [SUBPROCESS]    C50;I_DAC;b[2];0.794;
[2026-09-10 00:31:50,598] [SUBPROCESS]    C51;I_DAC;b[3];1.625;
[2026-09-10 00:31:50,599] [SUBPROCESS]    C52;I_DAC;b[4];3.571;
[2026-09-10 00:31:50,599] [SUBPROCESS]    C53;I_DAC;VDD;1.187;
[2026-09-10 00:31:50,599] [SUBPROCESS]    C54;I_DAC;VSUBS;3.647;
[2026-09-10 00:31:50,600] [SUBPROCESS]    C55;VDD;b[0];2.273;
[2026-09-10 00:31:50,600] [SUBPROCESS]    C56;VDD;b[1];0.11;
[2026-09-10 00:31:50,601] [SUBPROCESS]    C57;VDD;b[2];0.137;
[2026-09-10 00:31:50,601] [SUBPROCESS]    C58;VDD;b[3];0.228;
[2026-09-10 00:31:50,602] [SUBPROCESS]    C59;VDD;b[4];0.779;
[2026-09-10 00:31:50,602] [SUBPROCESS]    C60;VDD;VSUBS;51.677;
[2026-09-10 00:31:50,602] [SUBPROCESS]    C61;VSUBS;b[0];0.693;
[2026-09-10 00:31:50,603] [SUBPROCESS]    C62;VSUBS;b[1];0.413;
[2026-09-10 00:31:50,604] [SUBPROCESS]    C63;VSUBS;b[2];0.45;
[2026-09-10 00:31:50,604] [SUBPROCESS]    C64;VSUBS;b[3];0.952;
[2026-09-10 00:31:50,605] [SUBPROCESS]    C65;VSUBS;b[4];2.063;
[2026-09-10 00:31:50,606] [SUBPROCESS]    /foss/designs/DAC_CORE_5bit/output/DAC_CORE_5bit__DAC_CORE_5bit/DAC_CORE_5bit_k25d_pex_netlist.csv
[2026-09-10 00:31:50,613] [SUBPROCESS]    Wrote expanded netlist to: /foss/designs/DAC_CORE_5bit/output/DAC_CORE_5bit__DAC_CORE_5bit/DAC_CORE_5bit_k25d_pex_netlist.spice
[2026-09-10 00:31:50,616] [INFO]    Copied expanded SPICE netlist to: DAC_CORE_5bit.pex.spice
