[2026-09-09 23:44:23,843] [INFO]    GDS input file passed, running in LVS mode
[2026-09-09 23:44:23,845] [INFO]    Found cell DAC_CORE_5bit in GDS DAC_CORE_5bit.klay.gds (only top cell)
[2026-09-09 23:44:23,846] [INFO]    LVS input schematic not specified (argument --schematic), using dummy schematic
[2026-09-09 23:44:23,851] [INFO]    Cache miss: extracted LVSDB is older than the input GDS
[2026-09-09 23:44:23,851] [SUBPROCESS]    output/.kpex_cache/gf180mcuD/foss/designs/DAC_CORE_5bit/DAC_CORE_5bit.klay.gds/DAC_CORE_5bit.lvsdb.gz
[2026-09-09 23:44:23,852] [SUBPROCESS]    klayout -b -r /usr/local/lib/python3.12/dist-packages/klayout_pex/pdk/gf180mcuD/libs.tech/kpex/gf180mcu.lvs -rd input=/foss/designs/DAC_CORE_5bit/DAC_CORE_5bit.klay.gds -rd report=/foss/designs/DAC_CORE_5bit/output/DAC_CORE_5bit__DAC_CORE_5bit/DAC_CORE_5bit.lvsdb.gz -rd schematic=/foss/designs/DAC_CORE_5bit/output/DAC_CORE_5bit__DAC_CORE_5bit/DAC_CORE_5bit_dummy_schematic.spice -rd thr=22 -rd run_mode=deep -rd spice_net_names=true -rd spice_comments=false -rd scale=false -rd verbose=false -rd schematic_simplify=false -rd net_only=false -rd top_lvl_pins=true -rd combine=false -rd combine_devices=false -rd purge=false -rd purge_nets=false -rd no_simplify=true
[2026-09-09 23:44:23,854] [SUBPROCESS]    output/DAC_CORE_5bit__DAC_CORE_5bit/DAC_CORE_5bit_lvs.log
[2026-09-09 23:44:25,978] [SUBPROCESS]    2026-09-09 23:44:25 +0200: Memory Usage (674576K) : Starting running GF180MCU Klayout LVS runset on /foss/designs/DAC_CORE_5bit/DAC_CORE_5bit.klay.gds
[2026-09-09 23:44:25,987] [SUBPROCESS]    2026-09-09 23:44:25 +0200: Memory Usage (674576K) : Ruby Version for klayout: 3.2.3
[2026-09-09 23:44:25,992] [SUBPROCESS]    2026-09-09 23:44:25 +0200: Memory Usage (674576K) : Loading database to memory is complete.
[2026-09-09 23:44:25,998] [SUBPROCESS]    2026-09-09 23:44:25 +0200: Memory Usage (674576K) : GF180MCU Klayout LVS runset output at: /foss/designs/DAC_CORE_5bit/output/DAC_CORE_5bit__DAC_CORE_5bit/DAC_CORE_5bit.lvsdb.gz
[2026-09-09 23:44:26,006] [SUBPROCESS]    2026-09-09 23:44:25 +0200: Memory Usage (674576K) : Evaluate switches.
[2026-09-09 23:44:26,013] [SUBPROCESS]    2026-09-09 23:44:26 +0200: Memory Usage (674576K) : Substrate name used: 
[2026-09-09 23:44:26,020] [SUBPROCESS]    2026-09-09 23:44:26 +0200: Memory Usage (674576K) : Extracted netlist with net names: true
[2026-09-09 23:44:26,027] [SUBPROCESS]    2026-09-09 23:44:26 +0200: Memory Usage (674576K) : Extracted netlist with comments in details: false
[2026-09-09 23:44:26,033] [SUBPROCESS]    2026-09-09 23:44:26 +0200: Memory Usage (674576K) : GF180MCU Klayout LVS extracted netlist file at: DAC_CORE_5bit_extracted.cir
[2026-09-09 23:44:26,040] [SUBPROCESS]    2026-09-09 23:44:26 +0200: Memory Usage (674576K) : LVS device_scaling option: false
[2026-09-09 23:44:26,045] [SUBPROCESS]    2026-09-09 23:44:26 +0200: Memory Usage (674576K) : Selected SCH_SIMPLE option: false
[2026-09-09 23:44:26,053] [SUBPROCESS]    2026-09-09 23:44:26 +0200: Memory Usage (674576K) : Selected NET_ONLY option: false
[2026-09-09 23:44:26,060] [SUBPROCESS]    2026-09-09 23:44:26 +0200: Memory Usage (674576K) : Selected TOP_LVL_PINS option: true
[2026-09-09 23:44:26,068] [SUBPROCESS]    2026-09-09 23:44:26 +0200: Memory Usage (674576K) : Selected COMBINE option: false
[2026-09-09 23:44:26,074] [SUBPROCESS]    2026-09-09 23:44:26 +0200: Memory Usage (674576K) : Selected PURGE option: false
[2026-09-09 23:44:26,079] [SUBPROCESS]    2026-09-09 23:44:26 +0200: Memory Usage (674576K) : Selected PURGE_NETS option: false
[2026-09-09 23:44:26,086] [SUBPROCESS]    2026-09-09 23:44:26 +0200: Memory Usage (674576K) : Selected SIMPLIFY option: false
[2026-09-09 23:44:26,093] [SUBPROCESS]    2026-09-09 23:44:26 +0200: Memory Usage (674576K) : Verbose mode: false
[2026-09-09 23:44:26,100] [SUBPROCESS]    2026-09-09 23:44:26 +0200: Memory Usage (674576K) : deep  mode is enabled.
[2026-09-09 23:44:26,107] [SUBPROCESS]    2026-09-09 23:44:26 +0200: Memory Usage (674576K) : METAL_TOP Selected is 9K
[2026-09-09 23:44:26,112] [SUBPROCESS]    2026-09-09 23:44:26 +0200: Memory Usage (674576K) : METAL_STACK Selected is 6LM
[2026-09-09 23:44:26,119] [SUBPROCESS]    2026-09-09 23:44:26 +0200: Memory Usage (674576K) : POLY_RES Selected is 1k
[2026-09-09 23:44:26,125] [SUBPROCESS]    2026-09-09 23:44:26 +0200: Memory Usage (674576K) : MIM Option selected: B
[2026-09-09 23:44:26,133] [SUBPROCESS]    2026-09-09 23:44:26 +0200: Memory Usage (674576K) : MIM CAP selected: 2
[2026-09-09 23:44:26,141] [SUBPROCESS]    2026-09-09 23:44:26 +0200: Memory Usage (674576K) : Netlist file: /foss/designs/DAC_CORE_5bit/output/DAC_CORE_5bit__DAC_CORE_5bit/DAC_CORE_5bit_dummy_schematic.spice
[2026-09-09 23:44:26,150] [SUBPROCESS]    2026-09-09 23:44:26 +0200: Memory Usage (674576K) : Read in polygons from layers.
[2026-09-09 23:44:26,157] [SUBPROCESS]    2026-09-09 23:44:26 +0200: Memory Usage (674576K) : comp has 649 polygons
[2026-09-09 23:44:26,164] [SUBPROCESS]    2026-09-09 23:44:26 +0200: Memory Usage (674576K) : dnwell has 0 polygons
[2026-09-09 23:44:26,173] [SUBPROCESS]    2026-09-09 23:44:26 +0200: Memory Usage (674576K) : nwell has 651 polygons
[2026-09-09 23:44:26,180] [SUBPROCESS]    2026-09-09 23:44:26 +0200: Memory Usage (674576K) : lvpwell has 0 polygons
[2026-09-09 23:44:26,190] [SUBPROCESS]    2026-09-09 23:44:26 +0200: Memory Usage (674576K) : dualgate has 0 polygons
[2026-09-09 23:44:26,197] [SUBPROCESS]    2026-09-09 23:44:26 +0200: Memory Usage (674576K) : poly2 has 231 polygons
[2026-09-09 23:44:26,206] [SUBPROCESS]    2026-09-09 23:44:26 +0200: Memory Usage (674576K) : nplus has 554 polygons
[2026-09-09 23:44:26,213] [SUBPROCESS]    2026-09-09 23:44:26 +0200: Memory Usage (674576K) : pplus has 95 polygons
[2026-09-09 23:44:26,223] [SUBPROCESS]    2026-09-09 23:44:26 +0200: Memory Usage (674576K) : sab has 0 polygons
[2026-09-09 23:44:26,231] [SUBPROCESS]    2026-09-09 23:44:26 +0200: Memory Usage (674576K) : esd has 0 polygons
[2026-09-09 23:44:26,239] [SUBPROCESS]    2026-09-09 23:44:26 +0200: Memory Usage (674576K) : resistor has 0 polygons
[2026-09-09 23:44:26,247] [SUBPROCESS]    2026-09-09 23:44:26 +0200: Memory Usage (674576K) : fhres has 0 polygons
[2026-09-09 23:44:26,256] [SUBPROCESS]    2026-09-09 23:44:26 +0200: Memory Usage (674576K) : fusetop has 0 polygons
[2026-09-09 23:44:26,265] [SUBPROCESS]    2026-09-09 23:44:26 +0200: Memory Usage (674576K) : fusewindow_d has 0 polygons
[2026-09-09 23:44:26,273] [SUBPROCESS]    2026-09-09 23:44:26 +0200: Memory Usage (674576K) : polyfuse has 0 polygons
[2026-09-09 23:44:26,281] [SUBPROCESS]    2026-09-09 23:44:26 +0200: Memory Usage (674576K) : mvsd has 0 polygons
[2026-09-09 23:44:26,290] [SUBPROCESS]    2026-09-09 23:44:26 +0200: Memory Usage (675096K) : mvpsd has 0 polygons
[2026-09-09 23:44:26,297] [SUBPROCESS]    2026-09-09 23:44:26 +0200: Memory Usage (675096K) : nat has 0 polygons
[2026-09-09 23:44:26,306] [SUBPROCESS]    2026-09-09 23:44:26 +0200: Memory Usage (675096K) : comp_dummy has 0 polygons
[2026-09-09 23:44:26,313] [SUBPROCESS]    2026-09-09 23:44:26 +0200: Memory Usage (675096K) : poly2_dummy has 0 polygons
[2026-09-09 23:44:26,322] [SUBPROCESS]    2026-09-09 23:44:26 +0200: Memory Usage (675096K) : schottky_diode has 0 polygons
[2026-09-09 23:44:26,328] [SUBPROCESS]    2026-09-09 23:44:26 +0200: Memory Usage (675096K) : zener has 0 polygons
[2026-09-09 23:44:26,337] [SUBPROCESS]    2026-09-09 23:44:26 +0200: Memory Usage (675096K) : res_mk has 0 polygons
[2026-09-09 23:44:26,344] [SUBPROCESS]    2026-09-09 23:44:26 +0200: Memory Usage (675096K) : opc_drc has 0 polygons
[2026-09-09 23:44:26,352] [SUBPROCESS]    2026-09-09 23:44:26 +0200: Memory Usage (675096K) : ndmy has 0 polygons
[2026-09-09 23:44:26,360] [SUBPROCESS]    2026-09-09 23:44:26 +0200: Memory Usage (675096K) : pmndmy has 0 polygons
[2026-09-09 23:44:26,368] [SUBPROCESS]    2026-09-09 23:44:26 +0200: Memory Usage (675496K) : v5_xtor has 0 polygons
[2026-09-09 23:44:26,376] [SUBPROCESS]    2026-09-09 23:44:26 +0200: Memory Usage (675496K) : cap_mk has 0 polygons
[2026-09-09 23:44:26,384] [SUBPROCESS]    2026-09-09 23:44:26 +0200: Memory Usage (675496K) : mos_cap_mk has 0 polygons
[2026-09-09 23:44:26,393] [SUBPROCESS]    2026-09-09 23:44:26 +0200: Memory Usage (675496K) : ind_mk has 0 polygons
[2026-09-09 23:44:26,400] [SUBPROCESS]    2026-09-09 23:44:26 +0200: Memory Usage (675496K) : diode_mk has 0 polygons
[2026-09-09 23:44:26,408] [SUBPROCESS]    2026-09-09 23:44:26 +0200: Memory Usage (675496K) : drc_bjt has 0 polygons
[2026-09-09 23:44:26,417] [SUBPROCESS]    2026-09-09 23:44:26 +0200: Memory Usage (675868K) : lvs_bjt has 0 polygons
[2026-09-09 23:44:26,424] [SUBPROCESS]    2026-09-09 23:44:26 +0200: Memory Usage (675868K) : mim_l_mk has 0 polygons
[2026-09-09 23:44:26,431] [SUBPROCESS]    2026-09-09 23:44:26 +0200: Memory Usage (675868K) : latchup_mk has 0 polygons
[2026-09-09 23:44:26,440] [SUBPROCESS]    2026-09-09 23:44:26 +0200: Memory Usage (675868K) : guard_ring_mk has 0 polygons
[2026-09-09 23:44:26,447] [SUBPROCESS]    2026-09-09 23:44:26 +0200: Memory Usage (675868K) : otp_mk has 0 polygons
[2026-09-09 23:44:26,476] [SUBPROCESS]    2026-09-09 23:44:26 +0200: Memory Usage (675868K) : mtpmark has 0 polygons
[2026-09-09 23:44:26,483] [SUBPROCESS]    2026-09-09 23:44:26 +0200: Memory Usage (676240K) : neo_ee_mk has 0 polygons
[2026-09-09 23:44:26,491] [SUBPROCESS]    2026-09-09 23:44:26 +0200: Memory Usage (676240K) : sramcore has 0 polygons
[2026-09-09 23:44:26,498] [SUBPROCESS]    2026-09-09 23:44:26 +0200: Memory Usage (676240K) : lvs_rf has 0 polygons
[2026-09-09 23:44:26,507] [SUBPROCESS]    2026-09-09 23:44:26 +0200: Memory Usage (676240K) : lvs_drain has 0 polygons
[2026-09-09 23:44:26,514] [SUBPROCESS]    2026-09-09 23:44:26 +0200: Memory Usage (676240K) : ind_mk has 0 polygons
[2026-09-09 23:44:26,523] [SUBPROCESS]    2026-09-09 23:44:26 +0200: Memory Usage (676240K) : hvpolyrs has 0 polygons
[2026-09-09 23:44:26,529] [SUBPROCESS]    2026-09-09 23:44:26 +0200: Memory Usage (676240K) : lvs_io has 0 polygons
[2026-09-09 23:44:26,539] [SUBPROCESS]    2026-09-09 23:44:26 +0200: Memory Usage (676240K) : probe_mk has 0 polygons
[2026-09-09 23:44:26,546] [SUBPROCESS]    2026-09-09 23:44:26 +0200: Memory Usage (676240K) : esd_mk has 0 polygons
[2026-09-09 23:44:26,555] [SUBPROCESS]    2026-09-09 23:44:26 +0200: Memory Usage (676240K) : lvs_source has 0 polygons
[2026-09-09 23:44:26,563] [SUBPROCESS]    2026-09-09 23:44:26 +0200: Memory Usage (676240K) : well_diode_mk has 0 polygons
[2026-09-09 23:44:26,571] [SUBPROCESS]    2026-09-09 23:44:26 +0200: Memory Usage (676240K) : ldmos_xtor has 0 polygons
[2026-09-09 23:44:26,579] [SUBPROCESS]    2026-09-09 23:44:26 +0200: Memory Usage (676240K) : plfuse has 0 polygons
[2026-09-09 23:44:26,587] [SUBPROCESS]    2026-09-09 23:44:26 +0200: Memory Usage (676240K) : efuse_mk has 0 polygons
[2026-09-09 23:44:26,595] [SUBPROCESS]    2026-09-09 23:44:26 +0200: Memory Usage (676240K) : mcell_feol_mk has 0 polygons
[2026-09-09 23:44:26,603] [SUBPROCESS]    2026-09-09 23:44:26 +0200: Memory Usage (676240K) : ymtp_mk has 0 polygons
[2026-09-09 23:44:26,610] [SUBPROCESS]    2026-09-09 23:44:26 +0200: Memory Usage (676240K) : dev_wf_mk has 0 polygons
[2026-09-09 23:44:26,620] [SUBPROCESS]    2026-09-09 23:44:26 +0200: Memory Usage (676240K) : comp_label has 0 polygons
[2026-09-09 23:44:26,628] [SUBPROCESS]    2026-09-09 23:44:26 +0200: Memory Usage (676240K) : poly2_label has 0 polygons
[2026-09-09 23:44:26,636] [SUBPROCESS]    2026-09-09 23:44:26 +0200: Memory Usage (676240K) : mdiode has 0 polygons
[2026-09-09 23:44:26,644] [SUBPROCESS]    2026-09-09 23:44:26 +0200: Memory Usage (676240K) : contact has 1034 polygons
[2026-09-09 23:44:26,652] [SUBPROCESS]    2026-09-09 23:44:26 +0200: Memory Usage (676240K) : metal1_drawn has 1055 polygons
[2026-09-09 23:44:26,662] [SUBPROCESS]    2026-09-09 23:44:26 +0200: Memory Usage (676240K) : metal1_dummy has 0 polygons
[2026-09-09 23:44:26,671] [SUBPROCESS]    2026-09-09 23:44:26 +0200: Memory Usage (676240K) : metal1_label has 1 polygons
[2026-09-09 23:44:26,678] [SUBPROCESS]    2026-09-09 23:44:26 +0200: Memory Usage (676240K) : metal1_slot has 0 polygons
[2026-09-09 23:44:26,687] [SUBPROCESS]    2026-09-09 23:44:26 +0200: Memory Usage (676240K) : metal1_blk has 0 polygons
[2026-09-09 23:44:26,696] [SUBPROCESS]    2026-09-09 23:44:26 +0200: Memory Usage (676240K) : metal1_res has 0 polygons
[2026-09-09 23:44:26,706] [SUBPROCESS]    2026-09-09 23:44:26 +0200: Memory Usage (676240K) : via1 has 106 polygons
[2026-09-09 23:44:26,713] [SUBPROCESS]    2026-09-09 23:44:26 +0200: Memory Usage (676240K) : metal2_drawn has 148 polygons
[2026-09-09 23:44:26,723] [SUBPROCESS]    2026-09-09 23:44:26 +0200: Memory Usage (676240K) : metal2_dummy has 0 polygons
[2026-09-09 23:44:26,730] [SUBPROCESS]    2026-09-09 23:44:26 +0200: Memory Usage (676240K) : metal2_label has 7 polygons
[2026-09-09 23:44:26,739] [SUBPROCESS]    2026-09-09 23:44:26 +0200: Memory Usage (676240K) : metal2_slot has 0 polygons
[2026-09-09 23:44:26,747] [SUBPROCESS]    2026-09-09 23:44:26 +0200: Memory Usage (676240K) : metal2_blk has 0 polygons
[2026-09-09 23:44:26,756] [SUBPROCESS]    2026-09-09 23:44:26 +0200: Memory Usage (676240K) : metal2_res has 0 polygons
[2026-09-09 23:44:26,763] [SUBPROCESS]    2026-09-09 23:44:26 +0200: Memory Usage (676240K) : via2 has 0 polygons
[2026-09-09 23:44:26,772] [SUBPROCESS]    2026-09-09 23:44:26 +0200: Memory Usage (676240K) : metal3_drawn has 0 polygons
[2026-09-09 23:44:26,779] [SUBPROCESS]    2026-09-09 23:44:26 +0200: Memory Usage (676240K) : metal3_dummy has 0 polygons
[2026-09-09 23:44:26,788] [SUBPROCESS]    2026-09-09 23:44:26 +0200: Memory Usage (676240K) : metal3_label has 0 polygons
[2026-09-09 23:44:26,795] [SUBPROCESS]    2026-09-09 23:44:26 +0200: Memory Usage (676240K) : metal3_slot has 0 polygons
[2026-09-09 23:44:26,803] [SUBPROCESS]    2026-09-09 23:44:26 +0200: Memory Usage (676240K) : metal3_blk has 0 polygons
[2026-09-09 23:44:26,810] [SUBPROCESS]    2026-09-09 23:44:26 +0200: Memory Usage (676240K) : metal3_res has 0 polygons
[2026-09-09 23:44:26,820] [SUBPROCESS]    2026-09-09 23:44:26 +0200: Memory Usage (676240K) : via3 has 0 polygons
[2026-09-09 23:44:26,827] [SUBPROCESS]    2026-09-09 23:44:26 +0200: Memory Usage (676240K) : metal4_drawn has 0 polygons
[2026-09-09 23:44:26,836] [SUBPROCESS]    2026-09-09 23:44:26 +0200: Memory Usage (676240K) : metal4_dummy has 0 polygons
[2026-09-09 23:44:26,843] [SUBPROCESS]    2026-09-09 23:44:26 +0200: Memory Usage (676240K) : metal4_label has 0 polygons
[2026-09-09 23:44:26,851] [SUBPROCESS]    2026-09-09 23:44:26 +0200: Memory Usage (676240K) : metal4_slot has 0 polygons
[2026-09-09 23:44:26,859] [SUBPROCESS]    2026-09-09 23:44:26 +0200: Memory Usage (676240K) : metal4_blk has 0 polygons
[2026-09-09 23:44:26,867] [SUBPROCESS]    2026-09-09 23:44:26 +0200: Memory Usage (676240K) : metal4_res has 0 polygons
[2026-09-09 23:44:26,875] [SUBPROCESS]    2026-09-09 23:44:26 +0200: Memory Usage (676240K) : via4 has 0 polygons
[2026-09-09 23:44:26,881] [SUBPROCESS]    2026-09-09 23:44:26 +0200: Memory Usage (676240K) : metal5_drawn has 0 polygons
[2026-09-09 23:44:26,890] [SUBPROCESS]    2026-09-09 23:44:26 +0200: Memory Usage (676636K) : metal5_dummy has 0 polygons
[2026-09-09 23:44:26,898] [SUBPROCESS]    2026-09-09 23:44:26 +0200: Memory Usage (676636K) : metal5_label has 0 polygons
[2026-09-09 23:44:26,906] [SUBPROCESS]    2026-09-09 23:44:26 +0200: Memory Usage (676636K) : metal5_slot has 0 polygons
[2026-09-09 23:44:26,913] [SUBPROCESS]    2026-09-09 23:44:26 +0200: Memory Usage (676636K) : metal5_blk has 0 polygons
[2026-09-09 23:44:26,922] [SUBPROCESS]    2026-09-09 23:44:26 +0200: Memory Usage (676636K) : metal5_res has 0 polygons
[2026-09-09 23:44:26,928] [SUBPROCESS]    2026-09-09 23:44:26 +0200: Memory Usage (676636K) : via5 has 0 polygons
[2026-09-09 23:44:26,937] [SUBPROCESS]    2026-09-09 23:44:26 +0200: Memory Usage (677048K) : metaltop_drawn has 0 polygons
[2026-09-09 23:44:26,946] [SUBPROCESS]    2026-09-09 23:44:26 +0200: Memory Usage (677048K) : metaltop_dummy has 0 polygons
[2026-09-09 23:44:26,953] [SUBPROCESS]    2026-09-09 23:44:26 +0200: Memory Usage (677048K) : metaltop_label has 0 polygons
[2026-09-09 23:44:26,961] [SUBPROCESS]    2026-09-09 23:44:26 +0200: Memory Usage (677048K) : metaltop_slot has 0 polygons
[2026-09-09 23:44:26,969] [SUBPROCESS]    2026-09-09 23:44:26 +0200: Memory Usage (677048K) : metaltop_blk has 0 polygons
[2026-09-09 23:44:26,996] [SUBPROCESS]    2026-09-09 23:44:26 +0200: Memory Usage (677048K) : metal6_res has 0 polygons
[2026-09-09 23:44:27,003] [SUBPROCESS]    2026-09-09 23:44:26 +0200: Memory Usage (677448K) : pad has 0 polygons
[2026-09-09 23:44:27,010] [SUBPROCESS]    2026-09-09 23:44:27 +0200: Memory Usage (677448K) : ubmpperi has 0 polygons
[2026-09-09 23:44:27,017] [SUBPROCESS]    2026-09-09 23:44:27 +0200: Memory Usage (677448K) : ubmparray has 0 polygons
[2026-09-09 23:44:27,025] [SUBPROCESS]    2026-09-09 23:44:27 +0200: Memory Usage (677448K) : ubmeplate has 0 polygons
[2026-09-09 23:44:27,032] [SUBPROCESS]    2026-09-09 23:44:27 +0200: Memory Usage (677448K) : pr_bndry has 0 polygons
[2026-09-09 23:44:27,040] [SUBPROCESS]    2026-09-09 23:44:27 +0200: Memory Usage (677448K) : border has 0 polygons
[2026-09-09 23:44:27,045] [SUBPROCESS]    2026-09-09 23:44:27 +0200: Memory Usage (677448K) : Total no. of polygons in the design is 4531
[2026-09-09 23:44:27,051] [SUBPROCESS]    2026-09-09 23:44:27 +0200: Memory Usage (677448K) : Starting deriving base layers.
[2026-09-09 23:44:27,059] [SUBPROCESS]    2026-09-09 23:44:27 +0200: Memory Usage (677448K) : Starting GF180MCU LVS runset
[2026-09-09 23:44:27,164] [SUBPROCESS]    2026-09-09 23:44:27 +0200: Memory Usage (677448K) : Starting base layers derivations
[2026-09-09 23:44:27,179] [SUBPROCESS]    2026-09-09 23:44:27 +0200: Memory Usage (825332K) : Starting MOSFET DERIVATIONS
[2026-09-09 23:44:27,217] [SUBPROCESS]    2026-09-09 23:44:27 +0200: Memory Usage (826088K) : Starting PMOS layers DERIVATIONS
[2026-09-09 23:44:27,261] [SUBPROCESS]    2026-09-09 23:44:27 +0200: Memory Usage (827980K) : Starting NMOS layers DERIVATIONS
[2026-09-09 23:44:27,267] [SUBPROCESS]    2026-09-09 23:44:27 +0200: Memory Usage (830268K) : Starting BJT DERIVATIONS
[2026-09-09 23:44:27,356] [SUBPROCESS]    2026-09-09 23:44:27 +0200: Memory Usage (830268K) : Starting vnpn layers DERIVATIONS
[2026-09-09 23:44:27,417] [SUBPROCESS]    2026-09-09 23:44:27 +0200: Memory Usage (835564K) : Starting vpnp layers DERIVATIONS
[2026-09-09 23:44:27,546] [SUBPROCESS]    2026-09-09 23:44:27 +0200: Memory Usage (837832K) : Starting DIODE DERIVATIONS
[2026-09-09 23:44:27,722] [SUBPROCESS]    2026-09-09 23:44:27 +0200: Memory Usage (838620K) : Starting RESISTOR DERIVATIONS
[2026-09-09 23:44:27,738] [SUBPROCESS]    2026-09-09 23:44:27 +0200: Memory Usage (838620K) : Starting MIMCAP DERIVATIONS
[2026-09-09 23:44:27,777] [SUBPROCESS]    2026-09-09 23:44:27 +0200: Memory Usage (838620K) : Starting MOSCAP DERIVATIONS
[2026-09-09 23:44:27,794] [SUBPROCESS]    2026-09-09 23:44:27 +0200: Memory Usage (838620K) : Starting MOS SAB DERIVATIONS
[2026-09-09 23:44:27,821] [SUBPROCESS]    2026-09-09 23:44:27 +0200: Memory Usage (838620K) : Starting PMOS SAB DERIVATIONS
[2026-09-09 23:44:27,847] [SUBPROCESS]    2026-09-09 23:44:27 +0200: Memory Usage (838620K) : Starting NMOS SAB DERIVATIONS
[2026-09-09 23:44:27,861] [SUBPROCESS]    2026-09-09 23:44:27 +0200: Memory Usage (838620K) : Starting NMOS EFUSE DERIVATIONS
[2026-09-09 23:44:27,868] [SUBPROCESS]    2026-09-09 23:44:27 +0200: Memory Usage (838620K) : Starting GF180 LVS connectivity setup
[2026-09-09 23:44:27,873] [SUBPROCESS]    2026-09-09 23:44:27 +0200: Memory Usage (838620K) : Starting GF180 LVS connectivity setup (Inter-layer)
[2026-09-09 23:44:27,880] [SUBPROCESS]    2026-09-09 23:44:27 +0200: Memory Usage (838620K) : Starting GF180 LVS connectivity setup (Global)
[2026-09-09 23:44:27,888] [SUBPROCESS]    2026-09-09 23:44:27 +0200: Memory Usage (838620K) : Starting GF180 LVS connectivity setup (Multifinger Devices)
[2026-09-09 23:44:27,894] [SUBPROCESS]    2026-09-09 23:44:27 +0200: Memory Usage (838620K) : Starting LVS MOSFET CONNECTIONS
[2026-09-09 23:44:27,900] [SUBPROCESS]    2026-09-09 23:44:27 +0200: Memory Usage (838620K) : Starting LVS BJT CONNECTIONS
[2026-09-09 23:44:27,907] [SUBPROCESS]    2026-09-09 23:44:27 +0200: Memory Usage (838620K) : Starting LVS DIODE CONNECTIONS
[2026-09-09 23:44:27,913] [SUBPROCESS]    2026-09-09 23:44:27 +0200: Memory Usage (838620K) : Starting LVS MIMCAP CONNECTIONS
[2026-09-09 23:44:27,920] [SUBPROCESS]    2026-09-09 23:44:27 +0200: Memory Usage (838620K) : Starting LVS RESISTOR CONNECTIONS
[2026-09-09 23:44:27,927] [SUBPROCESS]    2026-09-09 23:44:27 +0200: Memory Usage (838620K) : Starting LVS EFUSE CONNECTIONS
[2026-09-09 23:44:27,934] [SUBPROCESS]    2026-09-09 23:44:27 +0200: Memory Usage (838620K) : Starting GF180 LVS DEVICES EXTRACTION
[2026-09-09 23:44:27,940] [SUBPROCESS]    2026-09-09 23:44:27 +0200: Memory Usage (838620K) : Starting MOSFET EXTRACTION
[2026-09-09 23:44:27,946] [SUBPROCESS]    2026-09-09 23:44:27 +0200: Memory Usage (838620K) : Starting PMOS EXTRACTION
[2026-09-09 23:44:27,956] [SUBPROCESS]    2026-09-09 23:44:27 +0200: Memory Usage (838620K) : Extracting 3.3V PMOS transistor outside DNWEL
[2026-09-09 23:44:27,967] [SUBPROCESS]    2026-09-09 23:44:27 +0200: Memory Usage (838620K) : Extracting 5V PMOS transistor outside DNWELL
[2026-09-09 23:44:27,975] [SUBPROCESS]    2026-09-09 23:44:27 +0200: Memory Usage (838620K) : Extracting 6V PMOS transistor outside DNWELL
[2026-09-09 23:44:27,984] [SUBPROCESS]    2026-09-09 23:44:27 +0200: Memory Usage (838620K) : Extracting 3.3V PMOS transistor inside DNWELL
[2026-09-09 23:44:27,991] [SUBPROCESS]    2026-09-09 23:44:27 +0200: Memory Usage (838620K) : Extracting 5V PMOS transistor inside DNWELL
[2026-09-09 23:44:27,999] [SUBPROCESS]    2026-09-09 23:44:27 +0200: Memory Usage (838620K) : Extracting 6V PMOS transistor inside DNWELL
[2026-09-09 23:44:28,008] [SUBPROCESS]    2026-09-09 23:44:27 +0200: Memory Usage (838620K) : Extracting LDPMOS transistor
[2026-09-09 23:44:28,013] [SUBPROCESS]    2026-09-09 23:44:28 +0200: Memory Usage (838620K) : Starting NMOS EXTRACTION
[2026-09-09 23:44:28,042] [SUBPROCESS]    2026-09-09 23:44:28 +0200: Memory Usage (838620K) : 3.3V NMOS transistor outside DNWELL
[2026-09-09 23:44:28,051] [SUBPROCESS]    2026-09-09 23:44:28 +0200: Memory Usage (838620K) : 5V NMOS transistor outside DNWELL
[2026-09-09 23:44:28,058] [SUBPROCESS]    2026-09-09 23:44:28 +0200: Memory Usage (838620K) : 6V NMOS transistor outside DNWELL
[2026-09-09 23:44:28,067] [SUBPROCESS]    2026-09-09 23:44:28 +0200: Memory Usage (838620K) : 3.3V NMOS transistor inside DNWELL
[2026-09-09 23:44:28,074] [SUBPROCESS]    2026-09-09 23:44:28 +0200: Memory Usage (838620K) : 5V NMOS transistor inside DNWELL
[2026-09-09 23:44:28,083] [SUBPROCESS]    2026-09-09 23:44:28 +0200: Memory Usage (838620K) : 6V NMOS transistor inside DNWELL
[2026-09-09 23:44:28,093] [SUBPROCESS]    2026-09-09 23:44:28 +0200: Memory Usage (838620K) : Native Vt NMOS transistor
[2026-09-09 23:44:28,100] [SUBPROCESS]    2026-09-09 23:44:28 +0200: Memory Usage (838620K) : Extracting LDNMOS transistor
[2026-09-09 23:44:28,107] [SUBPROCESS]    2026-09-09 23:44:28 +0200: Memory Usage (838620K) : Starting BJT EXTRACTION
[2026-09-09 23:44:28,113] [SUBPROCESS]    2026-09-09 23:44:28 +0200: Memory Usage (838620K) : Starting vnpn BJT EXTRACTION
[2026-09-09 23:44:28,126] [SUBPROCESS]    2026-09-09 23:44:28 +0200: Memory Usage (838620K) : Extracting npn_10p00x10p00 BJT
[2026-09-09 23:44:28,138] [SUBPROCESS]    2026-09-09 23:44:28 +0200: Memory Usage (838620K) : Extracting npn_05p00x05p00 BJT
[2026-09-09 23:44:28,153] [SUBPROCESS]    2026-09-09 23:44:28 +0200: Memory Usage (838620K) : Extracting npn_00p54x16p00 BJT
[2026-09-09 23:44:28,168] [SUBPROCESS]    2026-09-09 23:44:28 +0200: Memory Usage (838620K) : Extracting npn_00p54x08p00 BJT
[2026-09-09 23:44:28,183] [SUBPROCESS]    2026-09-09 23:44:28 +0200: Memory Usage (838620K) : Extracting npn_00p54x04p00 BJT
[2026-09-09 23:44:28,199] [SUBPROCESS]    2026-09-09 23:44:28 +0200: Memory Usage (838620K) : Extracting npn_00p54x02p00 BJT
[2026-09-09 23:44:28,207] [SUBPROCESS]    2026-09-09 23:44:28 +0200: Memory Usage (838620K) : Starting vpnp BJT EXTRACTION
[2026-09-09 23:44:28,220] [SUBPROCESS]    2026-09-09 23:44:28 +0200: Memory Usage (838620K) : Extracting pnp_10p00x10p00 BJT
[2026-09-09 23:44:28,230] [SUBPROCESS]    2026-09-09 23:44:28 +0200: Memory Usage (838620K) : Extracting pnp_05p00x05p00 BJT
[2026-09-09 23:44:28,241] [SUBPROCESS]    2026-09-09 23:44:28 +0200: Memory Usage (838620K) : Extracting pnp_10p00x00p42 BJT
[2026-09-09 23:44:28,253] [SUBPROCESS]    2026-09-09 23:44:28 +0200: Memory Usage (838620K) : Extracting pnp_05p00x00p42 BJT
[2026-09-09 23:44:28,260] [SUBPROCESS]    2026-09-09 23:44:28 +0200: Memory Usage (838620K) : Starting DIODE EXTRACTION
[2026-09-09 23:44:28,268] [SUBPROCESS]    2026-09-09 23:44:28 +0200: Memory Usage (838620K) : Extracting diode_nd2ps_03v3 diode
[2026-09-09 23:44:28,276] [SUBPROCESS]    2026-09-09 23:44:28 +0200: Memory Usage (838620K) : Extracting diode_nd2ps_03v3_dn diode
[2026-09-09 23:44:28,286] [SUBPROCESS]    2026-09-09 23:44:28 +0200: Memory Usage (838620K) : Extracting diode_nd2ps_06v0 diode
[2026-09-09 23:44:28,293] [SUBPROCESS]    2026-09-09 23:44:28 +0200: Memory Usage (838620K) : Extracting diode_nd2ps_06v0_dn diode
[2026-09-09 23:44:28,301] [SUBPROCESS]    2026-09-09 23:44:28 +0200: Memory Usage (838620K) : Extracting diode_pd2nw_03v3 diode
[2026-09-09 23:44:28,309] [SUBPROCESS]    2026-09-09 23:44:28 +0200: Memory Usage (838620K) : Extractingdiode_pd2nw_03v3_dn diode
[2026-09-09 23:44:28,317] [SUBPROCESS]    2026-09-09 23:44:28 +0200: Memory Usage (838620K) : Extracting diode_pd2nw_06v0 diode
[2026-09-09 23:44:28,326] [SUBPROCESS]    2026-09-09 23:44:28 +0200: Memory Usage (838620K) : Extracting diode_pd2nw_06v0_dn diode
[2026-09-09 23:44:28,333] [SUBPROCESS]    2026-09-09 23:44:28 +0200: Memory Usage (838620K) : Extracting diode_nw2ps_03v3 diode
[2026-09-09 23:44:28,341] [SUBPROCESS]    2026-09-09 23:44:28 +0200: Memory Usage (838620K) : Extracting diode_nw2ps_06v0 diode
[2026-09-09 23:44:28,349] [SUBPROCESS]    2026-09-09 23:44:28 +0200: Memory Usage (838620K) : Extracting diode_pw2dw_03v3 diode
[2026-09-09 23:44:28,357] [SUBPROCESS]    2026-09-09 23:44:28 +0200: Memory Usage (838620K) : Extracting diode_pw2dw_06v0 diode
[2026-09-09 23:44:28,365] [SUBPROCESS]    2026-09-09 23:44:28 +0200: Memory Usage (838620K) : Extracting diode_dw2ps_03v3 diode
[2026-09-09 23:44:28,374] [SUBPROCESS]    2026-09-09 23:44:28 +0200: Memory Usage (838620K) : Extracting diode_dw2ps_06v0 diode
[2026-09-09 23:44:28,381] [SUBPROCESS]    2026-09-09 23:44:28 +0200: Memory Usage (838620K) : Extracting sc_diode diode
[2026-09-09 23:44:28,388] [SUBPROCESS]    2026-09-09 23:44:28 +0200: Memory Usage (838620K) : Starting RESISTOR EXTRACTION
[2026-09-09 23:44:28,397] [SUBPROCESS]    2026-09-09 23:44:28 +0200: Memory Usage (838620K) : Extracting NPLUS_U device
[2026-09-09 23:44:28,406] [SUBPROCESS]    2026-09-09 23:44:28 +0200: Memory Usage (838620K) : Extracting NPLUS_U_DW device
[2026-09-09 23:44:28,413] [SUBPROCESS]    2026-09-09 23:44:28 +0200: Memory Usage (838620K) : Extracting PPLUS_U device
[2026-09-09 23:44:28,422] [SUBPROCESS]    2026-09-09 23:44:28 +0200: Memory Usage (838620K) : Extracting PPLUS_U_DW device
[2026-09-09 23:44:28,429] [SUBPROCESS]    2026-09-09 23:44:28 +0200: Memory Usage (838620K) : Extracting NPLUS_S device
[2026-09-09 23:44:28,438] [SUBPROCESS]    2026-09-09 23:44:28 +0200: Memory Usage (838620K) : Extracting NPLUS_S_DW device
[2026-09-09 23:44:28,446] [SUBPROCESS]    2026-09-09 23:44:28 +0200: Memory Usage (838620K) : Extracting PPLUS_S device
[2026-09-09 23:44:28,455] [SUBPROCESS]    2026-09-09 23:44:28 +0200: Memory Usage (838620K) : Extracting PPLUS_S_DW device
[2026-09-09 23:44:28,464] [SUBPROCESS]    2026-09-09 23:44:28 +0200: Memory Usage (838620K) : Extracting NWELL device
[2026-09-09 23:44:28,473] [SUBPROCESS]    2026-09-09 23:44:28 +0200: Memory Usage (838620K) : Extracting PWELL device
[2026-09-09 23:44:28,480] [SUBPROCESS]    2026-09-09 23:44:28 +0200: Memory Usage (838620K) : Extracting NPOLYF_U device
[2026-09-09 23:44:28,490] [SUBPROCESS]    2026-09-09 23:44:28 +0200: Memory Usage (838620K) : Extracting NPOLYF_U_DW device
[2026-09-09 23:44:28,498] [SUBPROCESS]    2026-09-09 23:44:28 +0200: Memory Usage (838620K) : Extracting PPOLYF_U device
[2026-09-09 23:44:28,506] [SUBPROCESS]    2026-09-09 23:44:28 +0200: Memory Usage (838620K) : Extracting PPOLYF_U_DW device
[2026-09-09 23:44:28,514] [SUBPROCESS]    2026-09-09 23:44:28 +0200: Memory Usage (838620K) : Extracting NPOLYF_S device
[2026-09-09 23:44:28,524] [SUBPROCESS]    2026-09-09 23:44:28 +0200: Memory Usage (838620K) : Extracting NPOLYF_S_DW device
[2026-09-09 23:44:28,532] [SUBPROCESS]    2026-09-09 23:44:28 +0200: Memory Usage (838620K) : Extracting PPOLYF_S device
[2026-09-09 23:44:28,540] [SUBPROCESS]    2026-09-09 23:44:28 +0200: Memory Usage (838620K) : Extracting PPOLYF_S_DW device
[2026-09-09 23:44:28,566] [SUBPROCESS]    2026-09-09 23:44:28 +0200: Memory Usage (838620K) : Extracting PPOLYF_U_1K device
[2026-09-09 23:44:28,573] [SUBPROCESS]    2026-09-09 23:44:28 +0200: Memory Usage (838620K) : Extracting PPOLYF_U_DW_1 device
[2026-09-09 23:44:28,581] [SUBPROCESS]    2026-09-09 23:44:28 +0200: Memory Usage (838620K) : Extracting PPOLYF_U_1K_6p0 device
[2026-09-09 23:44:28,589] [SUBPROCESS]    2026-09-09 23:44:28 +0200: Memory Usage (838620K) : Extracting PPOLYF_U_DW_1K_6p0 device
[2026-09-09 23:44:28,602] [SUBPROCESS]    2026-09-09 23:44:28 +0200: Memory Usage (838620K) : Extracting RM1 device
[2026-09-09 23:44:28,613] [SUBPROCESS]    2026-09-09 23:44:28 +0200: Memory Usage (838620K) : Extracting RM2 device
[2026-09-09 23:44:28,621] [SUBPROCESS]    2026-09-09 23:44:28 +0200: Memory Usage (838620K) : Extracting RM3 device
[2026-09-09 23:44:28,629] [SUBPROCESS]    2026-09-09 23:44:28 +0200: Memory Usage (838620K) : Extracting TM9K device
[2026-09-09 23:44:28,636] [SUBPROCESS]    2026-09-09 23:44:28 +0200: Memory Usage (838620K) : Starting MIMCAP EXTRACTION
[2026-09-09 23:44:28,645] [SUBPROCESS]    2026-09-09 23:44:28 +0200: Memory Usage (838620K) : Extracting cap_mim2f0 device
[2026-09-09 23:44:28,652] [SUBPROCESS]    2026-09-09 23:44:28 +0200: Memory Usage (838620K) : Starting MOSCAP EXTRACTION
[2026-09-09 23:44:28,660] [SUBPROCESS]    2026-09-09 23:44:28 +0200: Memory Usage (838620K) : Extracting cap_nmos_03v3 device
[2026-09-09 23:44:28,669] [SUBPROCESS]    2026-09-09 23:44:28 +0200: Memory Usage (838620K) : Extracting cap_nmos_03v3_dn device
[2026-09-09 23:44:28,685] [SUBPROCESS]    2026-09-09 23:44:28 +0200: Memory Usage (838620K) : Extracting cap_pmos_03v3 device
[2026-09-09 23:44:28,694] [SUBPROCESS]    2026-09-09 23:44:28 +0200: Memory Usage (838620K) : Extracting cap_pmos_03v3_dn device
[2026-09-09 23:44:28,702] [SUBPROCESS]    2026-09-09 23:44:28 +0200: Memory Usage (838620K) : Extracting cap_nmos_06v0 device
[2026-09-09 23:44:28,710] [SUBPROCESS]    2026-09-09 23:44:28 +0200: Memory Usage (838620K) : Extracting cap_nmos_06v0_dn device
[2026-09-09 23:44:28,725] [SUBPROCESS]    2026-09-09 23:44:28 +0200: Memory Usage (838620K) : Extracting cap_pmos_06v0 device
[2026-09-09 23:44:28,741] [SUBPROCESS]    2026-09-09 23:44:28 +0200: Memory Usage (838620K) : Extracting cap_pmos_06v0 device
[2026-09-09 23:44:28,748] [SUBPROCESS]    2026-09-09 23:44:28 +0200: Memory Usage (838620K) : Extracting cap_pmos_03v3_b device
[2026-09-09 23:44:28,763] [SUBPROCESS]    2026-09-09 23:44:28 +0200: Memory Usage (838620K) : Extracting cap_nmos_06v0_b device
[2026-09-09 23:44:28,772] [SUBPROCESS]    2026-09-09 23:44:28 +0200: Memory Usage (838620K) : Extracting cap_pmos_06v0_b device
[2026-09-09 23:44:28,778] [SUBPROCESS]    2026-09-09 23:44:28 +0200: Memory Usage (838620K) : Starting MOS SAB EXTRACTION
[2026-09-09 23:44:28,785] [SUBPROCESS]    2026-09-09 23:44:28 +0200: Memory Usage (838620K) : Starting PMOS SAB EXTRACTION
[2026-09-09 23:44:28,793] [SUBPROCESS]    2026-09-09 23:44:28 +0200: Memory Usage (838620K) : Extracting 3.3V ESD PMOS transistor outside DNWELL device
[2026-09-09 23:44:28,801] [SUBPROCESS]    2026-09-09 23:44:28 +0200: Memory Usage (838620K) : Extracting 5V ESD PMOS transistor outside DNWELL device
[2026-09-09 23:44:28,810] [SUBPROCESS]    2026-09-09 23:44:28 +0200: Memory Usage (838620K) : Extracting 6V ESD PMOS transistor outside DNWELL device
[2026-09-09 23:44:28,818] [SUBPROCESS]    2026-09-09 23:44:28 +0200: Memory Usage (838620K) : Extracting 3.3V ESD PMOS transistor inside DNWELL device
[2026-09-09 23:44:28,826] [SUBPROCESS]    2026-09-09 23:44:28 +0200: Memory Usage (838620K) : Extracting 5V ESD PMOS transistor inside DNWELL device
[2026-09-09 23:44:28,834] [SUBPROCESS]    2026-09-09 23:44:28 +0200: Memory Usage (838620K) : Extracting 6V ESD PMOS transistor inside DNWELL device
[2026-09-09 23:44:28,841] [SUBPROCESS]    2026-09-09 23:44:28 +0200: Memory Usage (838620K) : Starting NMOS SAB EXTRACTION
[2026-09-09 23:44:28,850] [SUBPROCESS]    2026-09-09 23:44:28 +0200: Memory Usage (838620K) : Extracting 3.3V ESD NMOS transistor outside DNWELL device
[2026-09-09 23:44:28,858] [SUBPROCESS]    2026-09-09 23:44:28 +0200: Memory Usage (838620K) : Extracting 5V ESD NMOS transistor outside DNWELL device
[2026-09-09 23:44:28,866] [SUBPROCESS]    2026-09-09 23:44:28 +0200: Memory Usage (838620K) : Extracting 6V ESD NMOS transistor outside DNWELL device
[2026-09-09 23:44:28,873] [SUBPROCESS]    2026-09-09 23:44:28 +0200: Memory Usage (838620K) : Extracting 3.3V ESD NMOS transistor inside DNWELL device
[2026-09-09 23:44:28,881] [SUBPROCESS]    2026-09-09 23:44:28 +0200: Memory Usage (838620K) : Extracting 5V ESD NMOS transistor inside DNWELL device
[2026-09-09 23:44:28,890] [SUBPROCESS]    2026-09-09 23:44:28 +0200: Memory Usage (838620K) : Extracting 6V ESD NMOS transistor inside DNWELL device
[2026-09-09 23:44:28,898] [SUBPROCESS]    2026-09-09 23:44:28 +0200: Memory Usage (838620K) : Starting EFUSE EXTRACTION
[2026-09-09 23:44:28,934] [SUBPROCESS]    2026-09-09 23:44:28 +0200: Memory Usage (838620K) : Starting GF180 LVS comparison section
[2026-09-09 23:44:28,940] [SUBPROCESS]    2026-09-09 23:44:28 +0200: Memory Usage (838620K) : LVS Total Run time 2.961058 seconds
[2026-09-09 23:44:28,946] [SUBPROCESS]    2026-09-09 23:44:28 +0200: Memory Usage (838620K) : xxxxxxxxxxxxxxxxxxxxxxxxxxxxxxxxxxxxxxxxxx
[2026-09-09 23:44:28,953] [SUBPROCESS]    2026-09-09 23:44:28 +0200: Memory Usage (838620K) : ERROR : Netlists don't match
[2026-09-09 23:44:29,077] [SUBPROCESS]    2026-09-09 23:44:28 +0200: Memory Usage (838620K) : xxxxxxxxxxxxxxxxxxxxxxxxxxxxxxxxxxxxxxxxxx
[2026-09-09 23:44:29,199] [INFO]    klayout LVS succeeded after 5.345s
[2026-09-09 23:44:29,217] [WARNING]    Unable to find info about extracted LVS layer 'comp'
[2026-09-09 23:44:29,219] [WARNING]    Unable to find info about extracted LVS layer 'nwell'
[2026-09-09 23:44:29,220] [WARNING]    Unable to find info about extracted LVS layer 'contact'
[2026-09-09 23:44:29,222] [WARNING]    Unable to find info about extracted LVS layer 'via1'
[2026-09-09 23:44:29,223] [INFO]    (31, 20) -> (psd)
[2026-09-09 23:44:29,224] [INFO]    (34, 0) -> (metal1_con)
[2026-09-09 23:44:29,225] [INFO]    (36, 0) -> (metal2_con)
[2026-09-09 23:44:29,249] [WARNING]    Can't find GDS pair for layer M1-Poly
[2026-09-09 23:44:29,250] [WARNING]    Can't find GDS pair for layer Via1_con
[2026-09-09 23:44:29,251] [WARNING]    Can't find GDS pair for layer Via2_con
[2026-09-09 23:44:29,253] [WARNING]    Can't find GDS pair for layer Via3_con
[2026-09-09 23:44:29,254] [WARNING]    Can't find GDS pair for layer Via4_ncap
[2026-09-09 23:44:32,757] [INFO]    LVSDB: found 8pins
[2026-09-09 23:44:32,760] [WARNING]    Could not find a layer for device $1, class pfet_03v3, terminal G, net DAC_REF
[2026-09-09 23:44:32,763] [WARNING]    Could not find a layer for device $1, class pfet_03v3, terminal B, net VDD
[2026-09-09 23:44:32,766] [WARNING]    Could not find a layer for device $2, class pfet_03v3, terminal G, net DAC_REF
[2026-09-09 23:44:32,768] [WARNING]    Could not find a layer for device $2, class pfet_03v3, terminal B, net VDD
[2026-09-09 23:44:32,770] [WARNING]    Could not find a layer for device $3, class pfet_03v3, terminal G, net DAC_REF
[2026-09-09 23:44:32,772] [WARNING]    Could not find a layer for device $3, class pfet_03v3, terminal B, net VDD
[2026-09-09 23:44:32,774] [WARNING]    Could not find a layer for device $4, class pfet_03v3, terminal G, net DAC_REF
[2026-09-09 23:44:32,776] [WARNING]    Could not find a layer for device $4, class pfet_03v3, terminal B, net VDD
[2026-09-09 23:44:32,780] [WARNING]    Could not find a layer for device $5, class pfet_03v3, terminal G, net DAC_REF
[2026-09-09 23:44:32,782] [WARNING]    Could not find a layer for device $5, class pfet_03v3, terminal B, net VDD
[2026-09-09 23:44:32,784] [WARNING]    Could not find a layer for device $6, class pfet_03v3, terminal G, net DAC_REF
[2026-09-09 23:44:32,786] [WARNING]    Could not find a layer for device $6, class pfet_03v3, terminal B, net VDD
[2026-09-09 23:44:32,789] [WARNING]    Could not find a layer for device $7, class pfet_03v3, terminal G, net DAC_REF
[2026-09-09 23:44:32,791] [WARNING]    Could not find a layer for device $7, class pfet_03v3, terminal B, net VDD
[2026-09-09 23:44:32,794] [WARNING]    Could not find a layer for device $8, class pfet_03v3, terminal G, net DAC_REF
[2026-09-09 23:44:32,797] [WARNING]    Could not find a layer for device $8, class pfet_03v3, terminal B, net VDD
[2026-09-09 23:44:32,799] [WARNING]    Could not find a layer for device $9, class pfet_03v3, terminal G, net DAC_REF
[2026-09-09 23:44:32,801] [WARNING]    Could not find a layer for device $9, class pfet_03v3, terminal B, net VDD
[2026-09-09 23:44:32,804] [WARNING]    Could not find a layer for device $10, class pfet_03v3, terminal G, net DAC_REF
[2026-09-09 23:44:32,806] [WARNING]    Could not find a layer for device $10, class pfet_03v3, terminal B, net VDD
[2026-09-09 23:44:32,808] [WARNING]    Could not find a layer for device $11, class pfet_03v3, terminal G, net DAC_REF
[2026-09-09 23:44:32,810] [WARNING]    Could not find a layer for device $11, class pfet_03v3, terminal B, net VDD
[2026-09-09 23:44:32,812] [WARNING]    Could not find a layer for device $12, class pfet_03v3, terminal G, net DAC_REF
[2026-09-09 23:44:32,814] [WARNING]    Could not find a layer for device $12, class pfet_03v3, terminal B, net VDD
[2026-09-09 23:44:32,816] [WARNING]    Could not find a layer for device $13, class pfet_03v3, terminal G, net DAC_REF
[2026-09-09 23:44:32,818] [WARNING]    Could not find a layer for device $13, class pfet_03v3, terminal B, net VDD
[2026-09-09 23:44:32,821] [WARNING]    Could not find a layer for device $14, class pfet_03v3, terminal G, net DAC_REF
[2026-09-09 23:44:32,823] [WARNING]    Could not find a layer for device $14, class pfet_03v3, terminal B, net VDD
[2026-09-09 23:44:32,825] [WARNING]    Could not find a layer for device $15, class pfet_03v3, terminal G, net DAC_REF
[2026-09-09 23:44:32,827] [WARNING]    Could not find a layer for device $15, class pfet_03v3, terminal B, net VDD
[2026-09-09 23:44:32,830] [WARNING]    Could not find a layer for device $16, class pfet_03v3, terminal G, net DAC_REF
[2026-09-09 23:44:32,833] [WARNING]    Could not find a layer for device $16, class pfet_03v3, terminal B, net VDD
[2026-09-09 23:44:32,835] [WARNING]    Could not find a layer for device $17, class pfet_03v3, terminal G, net DAC_REF
[2026-09-09 23:44:32,839] [WARNING]    Could not find a layer for device $17, class pfet_03v3, terminal B, net VDD
[2026-09-09 23:44:32,842] [WARNING]    Could not find a layer for device $18, class pfet_03v3, terminal G, net DAC_REF
[2026-09-09 23:44:32,845] [WARNING]    Could not find a layer for device $18, class pfet_03v3, terminal B, net VDD
[2026-09-09 23:44:32,848] [WARNING]    Could not find a layer for device $19, class pfet_03v3, terminal G, net DAC_REF
[2026-09-09 23:44:32,850] [WARNING]    Could not find a layer for device $19, class pfet_03v3, terminal B, net VDD
[2026-09-09 23:44:32,851] [WARNING]    Could not find a layer for device $20, class pfet_03v3, terminal G, net DAC_REF
[2026-09-09 23:44:32,854] [WARNING]    Could not find a layer for device $20, class pfet_03v3, terminal B, net VDD
[2026-09-09 23:44:32,856] [WARNING]    Could not find a layer for device $21, class pfet_03v3, terminal G, net DAC_REF
[2026-09-09 23:44:32,858] [WARNING]    Could not find a layer for device $21, class pfet_03v3, terminal B, net VDD
[2026-09-09 23:44:32,861] [WARNING]    Could not find a layer for device $22, class pfet_03v3, terminal G, net DAC_REF
[2026-09-09 23:44:32,863] [WARNING]    Could not find a layer for device $22, class pfet_03v3, terminal B, net VDD
[2026-09-09 23:44:32,865] [WARNING]    Could not find a layer for device $23, class pfet_03v3, terminal G, net DAC_REF
[2026-09-09 23:44:32,867] [WARNING]    Could not find a layer for device $23, class pfet_03v3, terminal B, net VDD
[2026-09-09 23:44:32,869] [WARNING]    Could not find a layer for device $24, class pfet_03v3, terminal G, net DAC_REF
[2026-09-09 23:44:32,872] [WARNING]    Could not find a layer for device $24, class pfet_03v3, terminal B, net VDD
[2026-09-09 23:44:32,874] [WARNING]    Could not find a layer for device $25, class pfet_03v3, terminal G, net DAC_REF
[2026-09-09 23:44:32,877] [WARNING]    Could not find a layer for device $25, class pfet_03v3, terminal B, net VDD
[2026-09-09 23:44:32,880] [WARNING]    Could not find a layer for device $26, class pfet_03v3, terminal G, net DAC_REF
[2026-09-09 23:44:32,882] [WARNING]    Could not find a layer for device $26, class pfet_03v3, terminal B, net VDD
[2026-09-09 23:44:32,884] [WARNING]    Could not find a layer for device $27, class pfet_03v3, terminal G, net DAC_REF
[2026-09-09 23:44:32,887] [WARNING]    Could not find a layer for device $27, class pfet_03v3, terminal B, net VDD
[2026-09-09 23:44:32,889] [WARNING]    Could not find a layer for device $28, class pfet_03v3, terminal G, net DAC_REF
[2026-09-09 23:44:32,891] [WARNING]    Could not find a layer for device $28, class pfet_03v3, terminal B, net VDD
[2026-09-09 23:44:32,893] [WARNING]    Could not find a layer for device $29, class pfet_03v3, terminal G, net DAC_REF
[2026-09-09 23:44:32,896] [WARNING]    Could not find a layer for device $29, class pfet_03v3, terminal B, net VDD
[2026-09-09 23:44:32,898] [WARNING]    Could not find a layer for device $30, class pfet_03v3, terminal G, net DAC_REF
[2026-09-09 23:44:32,900] [WARNING]    Could not find a layer for device $30, class pfet_03v3, terminal B, net VDD
[2026-09-09 23:44:32,902] [WARNING]    Could not find a layer for device $31, class pfet_03v3, terminal G, net DAC_REF
[2026-09-09 23:44:32,904] [WARNING]    Could not find a layer for device $31, class pfet_03v3, terminal B, net VDD
[2026-09-09 23:44:32,906] [WARNING]    Could not find a layer for device $32, class pfet_03v3, terminal G, net DAC_REF
[2026-09-09 23:44:32,908] [WARNING]    Could not find a layer for device $32, class pfet_03v3, terminal B, net VDD
[2026-09-09 23:44:32,910] [WARNING]    Could not find a layer for device $33, class pfet_03v3, terminal G, net DAC_REF
[2026-09-09 23:44:32,914] [WARNING]    Could not find a layer for device $33, class pfet_03v3, terminal B, net VDD
[2026-09-09 23:44:32,916] [WARNING]    Could not find a layer for device $34, class pfet_03v3, terminal G, net DAC_REF
[2026-09-09 23:44:32,918] [WARNING]    Could not find a layer for device $34, class pfet_03v3, terminal B, net VDD
[2026-09-09 23:44:32,920] [WARNING]    Could not find a layer for device $35, class pfet_03v3, terminal G, net DAC_REF
[2026-09-09 23:44:32,923] [WARNING]    Could not find a layer for device $35, class pfet_03v3, terminal B, net VDD
[2026-09-09 23:44:32,925] [WARNING]    Could not find a layer for device $36, class pfet_03v3, terminal G, net DAC_REF
[2026-09-09 23:44:32,928] [WARNING]    Could not find a layer for device $36, class pfet_03v3, terminal B, net VDD
[2026-09-09 23:44:32,931] [WARNING]    Could not find a layer for device $37, class pfet_03v3, terminal G, net DAC_REF
[2026-09-09 23:44:32,933] [WARNING]    Could not find a layer for device $37, class pfet_03v3, terminal B, net VDD
[2026-09-09 23:44:32,934] [WARNING]    Could not find a layer for device $38, class pfet_03v3, terminal G, net DAC_REF
[2026-09-09 23:44:32,936] [WARNING]    Could not find a layer for device $38, class pfet_03v3, terminal B, net VDD
[2026-09-09 23:44:32,939] [WARNING]    Could not find a layer for device $39, class pfet_03v3, terminal G, net DAC_REF
[2026-09-09 23:44:32,941] [WARNING]    Could not find a layer for device $39, class pfet_03v3, terminal B, net VDD
[2026-09-09 23:44:32,944] [WARNING]    Could not find a layer for device $40, class pfet_03v3, terminal G, net DAC_REF
[2026-09-09 23:44:32,947] [WARNING]    Could not find a layer for device $40, class pfet_03v3, terminal B, net VDD
[2026-09-09 23:44:32,948] [WARNING]    Could not find a layer for device $41, class pfet_03v3, terminal G, net DAC_REF
[2026-09-09 23:44:32,950] [WARNING]    Could not find a layer for device $41, class pfet_03v3, terminal B, net VDD
[2026-09-09 23:44:32,953] [WARNING]    Could not find a layer for device $42, class pfet_03v3, terminal G, net DAC_REF
[2026-09-09 23:44:32,957] [WARNING]    Could not find a layer for device $42, class pfet_03v3, terminal B, net VDD
[2026-09-09 23:44:32,959] [WARNING]    Could not find a layer for device $43, class pfet_03v3, terminal G, net DAC_REF
[2026-09-09 23:44:32,961] [WARNING]    Could not find a layer for device $43, class pfet_03v3, terminal B, net VDD
[2026-09-09 23:44:32,963] [WARNING]    Could not find a layer for device $44, class pfet_03v3, terminal G, net DAC_REF
[2026-09-09 23:44:32,965] [WARNING]    Could not find a layer for device $44, class pfet_03v3, terminal B, net VDD
[2026-09-09 23:44:32,967] [WARNING]    Could not find a layer for device $45, class pfet_03v3, terminal G, net DAC_REF
[2026-09-09 23:44:32,969] [WARNING]    Could not find a layer for device $45, class pfet_03v3, terminal B, net VDD
[2026-09-09 23:44:32,971] [WARNING]    Could not find a layer for device $46, class pfet_03v3, terminal G, net DAC_REF
[2026-09-09 23:44:32,973] [WARNING]    Could not find a layer for device $46, class pfet_03v3, terminal B, net VDD
[2026-09-09 23:44:32,975] [WARNING]    Could not find a layer for device $47, class pfet_03v3, terminal G, net DAC_REF
[2026-09-09 23:44:32,977] [WARNING]    Could not find a layer for device $47, class pfet_03v3, terminal B, net VDD
[2026-09-09 23:44:32,979] [WARNING]    Could not find a layer for device $48, class pfet_03v3, terminal G, net DAC_REF
[2026-09-09 23:44:32,982] [WARNING]    Could not find a layer for device $48, class pfet_03v3, terminal B, net VDD
[2026-09-09 23:44:32,983] [WARNING]    Could not find a layer for device $49, class pfet_03v3, terminal G, net DAC_REF
[2026-09-09 23:44:32,987] [WARNING]    Could not find a layer for device $49, class pfet_03v3, terminal B, net VDD
[2026-09-09 23:44:32,989] [WARNING]    Could not find a layer for device $50, class pfet_03v3, terminal G, net DAC_REF
[2026-09-09 23:44:32,991] [WARNING]    Could not find a layer for device $50, class pfet_03v3, terminal B, net VDD
[2026-09-09 23:44:32,994] [WARNING]    Could not find a layer for device $51, class pfet_03v3, terminal G, net DAC_REF
[2026-09-09 23:44:32,997] [WARNING]    Could not find a layer for device $51, class pfet_03v3, terminal B, net VDD
[2026-09-09 23:44:32,999] [WARNING]    Could not find a layer for device $52, class pfet_03v3, terminal G, net DAC_REF
[2026-09-09 23:44:33,001] [WARNING]    Could not find a layer for device $52, class pfet_03v3, terminal B, net VDD
[2026-09-09 23:44:33,003] [WARNING]    Could not find a layer for device $53, class pfet_03v3, terminal G, net DAC_REF
[2026-09-09 23:44:33,005] [WARNING]    Could not find a layer for device $53, class pfet_03v3, terminal B, net VDD
[2026-09-09 23:44:33,007] [WARNING]    Could not find a layer for device $54, class pfet_03v3, terminal G, net DAC_REF
[2026-09-09 23:44:33,009] [WARNING]    Could not find a layer for device $54, class pfet_03v3, terminal B, net VDD
[2026-09-09 23:44:33,012] [WARNING]    Could not find a layer for device $55, class pfet_03v3, terminal G, net DAC_REF
[2026-09-09 23:44:33,014] [WARNING]    Could not find a layer for device $55, class pfet_03v3, terminal B, net VDD
[2026-09-09 23:44:33,016] [WARNING]    Could not find a layer for device $56, class pfet_03v3, terminal G, net DAC_REF
[2026-09-09 23:44:33,018] [WARNING]    Could not find a layer for device $56, class pfet_03v3, terminal B, net VDD
[2026-09-09 23:44:33,020] [WARNING]    Could not find a layer for device $57, class pfet_03v3, terminal G, net DAC_REF
[2026-09-09 23:44:33,023] [WARNING]    Could not find a layer for device $57, class pfet_03v3, terminal B, net VDD
[2026-09-09 23:44:33,025] [WARNING]    Could not find a layer for device $58, class pfet_03v3, terminal G, net DAC_REF
[2026-09-09 23:44:33,027] [WARNING]    Could not find a layer for device $58, class pfet_03v3, terminal B, net VDD
[2026-09-09 23:44:33,030] [WARNING]    Could not find a layer for device $59, class pfet_03v3, terminal G, net DAC_REF
[2026-09-09 23:44:33,032] [WARNING]    Could not find a layer for device $59, class pfet_03v3, terminal B, net VDD
[2026-09-09 23:44:33,036] [WARNING]    Could not find a layer for device $60, class pfet_03v3, terminal G, net DAC_REF
[2026-09-09 23:44:33,039] [WARNING]    Could not find a layer for device $60, class pfet_03v3, terminal B, net VDD
[2026-09-09 23:44:33,041] [WARNING]    Could not find a layer for device $61, class pfet_03v3, terminal G, net DAC_REF
[2026-09-09 23:44:33,043] [WARNING]    Could not find a layer for device $61, class pfet_03v3, terminal B, net VDD
[2026-09-09 23:44:33,045] [WARNING]    Could not find a layer for device $62, class pfet_03v3, terminal G, net DAC_REF
[2026-09-09 23:44:33,048] [WARNING]    Could not find a layer for device $62, class pfet_03v3, terminal B, net VDD
[2026-09-09 23:44:33,049] [WARNING]    Could not find a layer for device $63, class pfet_03v3, terminal G, net DAC_REF
[2026-09-09 23:44:33,052] [WARNING]    Could not find a layer for device $63, class pfet_03v3, terminal B, net VDD
[2026-09-09 23:44:33,054] [WARNING]    Could not find a layer for device $64, class pfet_03v3, terminal G, net b[4]
[2026-09-09 23:44:33,056] [WARNING]    Could not find a layer for device $64, class pfet_03v3, terminal B, net VDD
[2026-09-09 23:44:33,058] [WARNING]    Could not find a layer for device $65, class pfet_03v3, terminal G, net b[4]
[2026-09-09 23:44:33,060] [WARNING]    Could not find a layer for device $65, class pfet_03v3, terminal B, net VDD
[2026-09-09 23:44:33,062] [WARNING]    Could not find a layer for device $66, class pfet_03v3, terminal G, net b[4]
[2026-09-09 23:44:33,064] [WARNING]    Could not find a layer for device $66, class pfet_03v3, terminal B, net VDD
[2026-09-09 23:44:33,066] [WARNING]    Could not find a layer for device $67, class pfet_03v3, terminal G, net b[4]
[2026-09-09 23:44:33,068] [WARNING]    Could not find a layer for device $67, class pfet_03v3, terminal B, net VDD
[2026-09-09 23:44:33,069] [WARNING]    Could not find a layer for device $68, class pfet_03v3, terminal G, net b[3]
[2026-09-09 23:44:33,073] [WARNING]    Could not find a layer for device $68, class pfet_03v3, terminal B, net VDD
[2026-09-09 23:44:33,075] [WARNING]    Could not find a layer for device $69, class pfet_03v3, terminal G, net b[3]
[2026-09-09 23:44:33,077] [WARNING]    Could not find a layer for device $69, class pfet_03v3, terminal B, net VDD
[2026-09-09 23:44:33,079] [WARNING]    Could not find a layer for device $70, class pfet_03v3, terminal G, net b[2]
[2026-09-09 23:44:33,081] [WARNING]    Could not find a layer for device $70, class pfet_03v3, terminal B, net VDD
[2026-09-09 23:44:33,083] [WARNING]    Could not find a layer for device $71, class pfet_03v3, terminal G, net b[1]
[2026-09-09 23:44:33,084] [WARNING]    Could not find a layer for device $71, class pfet_03v3, terminal B, net VDD
[2026-09-09 23:44:33,086] [WARNING]    Could not find a layer for device $72, class pfet_03v3, terminal G, net b[4]
[2026-09-09 23:44:33,089] [WARNING]    Could not find a layer for device $72, class pfet_03v3, terminal B, net VDD
[2026-09-09 23:44:33,090] [WARNING]    Could not find a layer for device $73, class pfet_03v3, terminal G, net b[4]
[2026-09-09 23:44:33,092] [WARNING]    Could not find a layer for device $73, class pfet_03v3, terminal B, net VDD
[2026-09-09 23:44:33,094] [WARNING]    Could not find a layer for device $74, class pfet_03v3, terminal G, net b[4]
[2026-09-09 23:44:33,097] [WARNING]    Could not find a layer for device $74, class pfet_03v3, terminal B, net VDD
[2026-09-09 23:44:33,098] [WARNING]    Could not find a layer for device $75, class pfet_03v3, terminal G, net b[4]
[2026-09-09 23:44:33,100] [WARNING]    Could not find a layer for device $75, class pfet_03v3, terminal B, net VDD
[2026-09-09 23:44:33,101] [WARNING]    Could not find a layer for device $76, class pfet_03v3, terminal G, net b[3]
[2026-09-09 23:44:33,104] [WARNING]    Could not find a layer for device $76, class pfet_03v3, terminal B, net VDD
[2026-09-09 23:44:33,106] [WARNING]    Could not find a layer for device $77, class pfet_03v3, terminal G, net b[3]
[2026-09-09 23:44:33,108] [WARNING]    Could not find a layer for device $77, class pfet_03v3, terminal B, net VDD
[2026-09-09 23:44:33,109] [WARNING]    Could not find a layer for device $78, class pfet_03v3, terminal G, net b[2]
[2026-09-09 23:44:33,111] [WARNING]    Could not find a layer for device $78, class pfet_03v3, terminal B, net VDD
[2026-09-09 23:44:33,114] [WARNING]    Could not find a layer for device $79, class pfet_03v3, terminal G, net b[4]
[2026-09-09 23:44:33,117] [WARNING]    Could not find a layer for device $79, class pfet_03v3, terminal B, net VDD
[2026-09-09 23:44:33,119] [WARNING]    Could not find a layer for device $80, class pfet_03v3, terminal G, net b[4]
[2026-09-09 23:44:33,121] [WARNING]    Could not find a layer for device $80, class pfet_03v3, terminal B, net VDD
[2026-09-09 23:44:33,123] [WARNING]    Could not find a layer for device $81, class pfet_03v3, terminal G, net b[4]
[2026-09-09 23:44:33,125] [WARNING]    Could not find a layer for device $81, class pfet_03v3, terminal B, net VDD
[2026-09-09 23:44:33,127] [WARNING]    Could not find a layer for device $82, class pfet_03v3, terminal G, net b[4]
[2026-09-09 23:44:33,130] [WARNING]    Could not find a layer for device $82, class pfet_03v3, terminal B, net VDD
[2026-09-09 23:44:33,131] [WARNING]    Could not find a layer for device $83, class pfet_03v3, terminal G, net b[3]
[2026-09-09 23:44:33,133] [WARNING]    Could not find a layer for device $83, class pfet_03v3, terminal B, net VDD
[2026-09-09 23:44:33,135] [WARNING]    Could not find a layer for device $84, class pfet_03v3, terminal G, net b[3]
[2026-09-09 23:44:33,137] [WARNING]    Could not find a layer for device $84, class pfet_03v3, terminal B, net VDD
[2026-09-09 23:44:33,139] [WARNING]    Could not find a layer for device $85, class pfet_03v3, terminal G, net b[2]
[2026-09-09 23:44:33,141] [WARNING]    Could not find a layer for device $85, class pfet_03v3, terminal B, net VDD
[2026-09-09 23:44:33,143] [WARNING]    Could not find a layer for device $86, class pfet_03v3, terminal G, net b[1]
[2026-09-09 23:44:33,146] [WARNING]    Could not find a layer for device $86, class pfet_03v3, terminal B, net VDD
[2026-09-09 23:44:33,148] [WARNING]    Could not find a layer for device $87, class pfet_03v3, terminal G, net b[1]
[2026-09-09 23:44:33,150] [WARNING]    Could not find a layer for device $87, class pfet_03v3, terminal B, net VDD
[2026-09-09 23:44:33,152] [WARNING]    Could not find a layer for device $88, class pfet_03v3, terminal G, net b[4]
[2026-09-09 23:44:33,155] [WARNING]    Could not find a layer for device $88, class pfet_03v3, terminal B, net VDD
[2026-09-09 23:44:33,157] [WARNING]    Could not find a layer for device $89, class pfet_03v3, terminal G, net b[4]
[2026-09-09 23:44:33,160] [WARNING]    Could not find a layer for device $89, class pfet_03v3, terminal B, net VDD
[2026-09-09 23:44:33,163] [WARNING]    Could not find a layer for device $90, class pfet_03v3, terminal G, net b[4]
[2026-09-09 23:44:33,165] [WARNING]    Could not find a layer for device $90, class pfet_03v3, terminal B, net VDD
[2026-09-09 23:44:33,166] [WARNING]    Could not find a layer for device $91, class pfet_03v3, terminal G, net b[4]
[2026-09-09 23:44:33,168] [WARNING]    Could not find a layer for device $91, class pfet_03v3, terminal B, net VDD
[2026-09-09 23:44:33,171] [WARNING]    Could not find a layer for device $92, class pfet_03v3, terminal G, net b[3]
[2026-09-09 23:44:33,173] [WARNING]    Could not find a layer for device $92, class pfet_03v3, terminal B, net VDD
[2026-09-09 23:44:33,174] [WARNING]    Could not find a layer for device $93, class pfet_03v3, terminal G, net b[3]
[2026-09-09 23:44:33,177] [WARNING]    Could not find a layer for device $93, class pfet_03v3, terminal B, net VDD
[2026-09-09 23:44:33,179] [WARNING]    Could not find a layer for device $94, class pfet_03v3, terminal G, net b[2]
[2026-09-09 23:44:33,182] [WARNING]    Could not find a layer for device $94, class pfet_03v3, terminal B, net VDD
[2026-09-09 23:44:33,183] [WARNING]    Could not find a layer for device $95, class pfet_03v3, terminal G, net b[0]
[2026-09-09 23:44:33,185] [WARNING]    Could not find a layer for device $95, class pfet_03v3, terminal B, net VDD
[2026-09-09 23:44:33,874] [SUBPROCESS]    Device;Net1;Net2;Capacitance [fF];Resistance [Ω]
[2026-09-09 23:44:33,875] [SUBPROCESS]    C1;$10;$13;1.666;
[2026-09-09 23:44:33,876] [SUBPROCESS]    C2;$10;$14;0.263;
[2026-09-09 23:44:33,876] [SUBPROCESS]    C3;$10;$26;3.266;
[2026-09-09 23:44:33,877] [SUBPROCESS]    C4;$10;$7;0.705;
[2026-09-09 23:44:33,878] [SUBPROCESS]    C5;$10;b[0];0.003;
[2026-09-09 23:44:33,878] [SUBPROCESS]    C6;$10;b[2];0.439;
[2026-09-09 23:44:33,879] [SUBPROCESS]    C7;$10;b[3];2.105;
[2026-09-09 23:44:33,879] [SUBPROCESS]    C8;$10;b[4];0.012;
[2026-09-09 23:44:33,880] [SUBPROCESS]    C9;$10;DAC_REF;0.013;
[2026-09-09 23:44:33,880] [SUBPROCESS]    C10;$10;I_DAC;0.807;
[2026-09-09 23:44:33,881] [SUBPROCESS]    C11;$10;VDD;7.022;
[2026-09-09 23:44:33,881] [SUBPROCESS]    C12;$10;VSUBS;7.22;
[2026-09-09 23:44:33,881] [SUBPROCESS]    C13;$13;$14;3.102;
[2026-09-09 23:44:33,882] [SUBPROCESS]    C14;$13;$26;0.487;
[2026-09-09 23:44:33,882] [SUBPROCESS]    C15;$13;$7;0.137;
[2026-09-09 23:44:33,883] [SUBPROCESS]    C16;$13;b[0];0.117;
[2026-09-09 23:44:33,883] [SUBPROCESS]    C17;$13;b[1];0.326;
[2026-09-09 23:44:33,884] [SUBPROCESS]    C18;$13;b[2];0.525;
[2026-09-09 23:44:33,884] [SUBPROCESS]    C19;$13;I_DAC;0.361;
[2026-09-09 23:44:33,885] [SUBPROCESS]    C20;$13;VDD;3.818;
[2026-09-09 23:44:33,885] [SUBPROCESS]    C21;$13;VSUBS;3.185;
[2026-09-09 23:44:33,886] [SUBPROCESS]    C22;$14;$26;0.375;
[2026-09-09 23:44:33,886] [SUBPROCESS]    C23;$14;$7;1.328;
[2026-09-09 23:44:33,886] [SUBPROCESS]    C24;$14;b[0];0.151;
[2026-09-09 23:44:33,887] [SUBPROCESS]    C25;$14;b[1];0.133;
[2026-09-09 23:44:33,887] [SUBPROCESS]    C26;$14;I_DAC;0.348;
[2026-09-09 23:44:33,888] [SUBPROCESS]    C27;$14;VDD;2.161;
[2026-09-09 23:44:33,888] [SUBPROCESS]    C28;$14;VSUBS;1.838;
[2026-09-09 23:44:33,889] [SUBPROCESS]    C29;$26;$7;0.426;
[2026-09-09 23:44:33,889] [SUBPROCESS]    C30;$26;b[3];0.073;
[2026-09-09 23:44:33,890] [SUBPROCESS]    C31;$26;b[4];3.887;
[2026-09-09 23:44:33,890] [SUBPROCESS]    C32;$26;DAC_REF;0.062;
[2026-09-09 23:44:33,890] [SUBPROCESS]    C33;$26;I_DAC;1.326;
[2026-09-09 23:44:33,891] [SUBPROCESS]    C34;$26;VDD;10.237;
[2026-09-09 23:44:33,891] [SUBPROCESS]    C35;$26;VSUBS;9.899;
[2026-09-09 23:44:33,892] [SUBPROCESS]    C36;$7;b[0];0.318;
[2026-09-09 23:44:33,892] [SUBPROCESS]    C37;$7;I_DAC;0.066;
[2026-09-09 23:44:33,893] [SUBPROCESS]    C38;$7;VDD;1.505;
[2026-09-09 23:44:33,894] [SUBPROCESS]    C39;$7;VSUBS;1.88;
[2026-09-09 23:44:33,894] [SUBPROCESS]    C40;b[0];b[1];0.05;
[2026-09-09 23:44:33,895] [SUBPROCESS]    C41;b[0];b[2];0.016;
[2026-09-09 23:44:33,895] [SUBPROCESS]    C42;b[1];b[2];0.062;
[2026-09-09 23:44:33,896] [SUBPROCESS]    C43;b[1];b[3];0.0;
[2026-09-09 23:44:33,896] [SUBPROCESS]    C44;b[2];b[3];0.079;
[2026-09-09 23:44:33,896] [SUBPROCESS]    C45;b[3];b[4];0.252;
[2026-09-09 23:44:33,897] [SUBPROCESS]    C46;DAC_REF;VDD;1.307;
[2026-09-09 23:44:33,897] [SUBPROCESS]    C47;DAC_REF;VSUBS;0.553;
[2026-09-09 23:44:33,898] [SUBPROCESS]    C48;I_DAC;b[0];1.152;
[2026-09-09 23:44:33,898] [SUBPROCESS]    C49;I_DAC;b[1];0.66;
[2026-09-09 23:44:33,899] [SUBPROCESS]    C50;I_DAC;b[2];0.794;
[2026-09-09 23:44:33,899] [SUBPROCESS]    C51;I_DAC;b[3];1.625;
[2026-09-09 23:44:33,899] [SUBPROCESS]    C52;I_DAC;b[4];3.571;
[2026-09-09 23:44:33,900] [SUBPROCESS]    C53;I_DAC;VDD;1.185;
[2026-09-09 23:44:33,900] [SUBPROCESS]    C54;I_DAC;VSUBS;3.644;
[2026-09-09 23:44:33,901] [SUBPROCESS]    C55;VDD;b[0];2.273;
[2026-09-09 23:44:33,901] [SUBPROCESS]    C56;VDD;b[1];0.11;
[2026-09-09 23:44:33,901] [SUBPROCESS]    C57;VDD;b[2];0.137;
[2026-09-09 23:44:33,902] [SUBPROCESS]    C58;VDD;b[3];0.228;
[2026-09-09 23:44:33,903] [SUBPROCESS]    C59;VDD;b[4];0.779;
[2026-09-09 23:44:33,903] [SUBPROCESS]    C60;VDD;VSUBS;49.487;
[2026-09-09 23:44:33,904] [SUBPROCESS]    C61;VSUBS;b[0];0.693;
[2026-09-09 23:44:33,904] [SUBPROCESS]    C62;VSUBS;b[1];0.412;
[2026-09-09 23:44:33,905] [SUBPROCESS]    C63;VSUBS;b[2];0.45;
[2026-09-09 23:44:33,905] [SUBPROCESS]    C64;VSUBS;b[3];0.952;
[2026-09-09 23:44:33,906] [SUBPROCESS]    C65;VSUBS;b[4];2.063;
[2026-09-09 23:44:33,906] [SUBPROCESS]    /foss/designs/DAC_CORE_5bit/output/DAC_CORE_5bit__DAC_CORE_5bit/DAC_CORE_5bit_k25d_pex_netlist.csv
[2026-09-09 23:44:33,915] [SUBPROCESS]    Wrote expanded netlist to: /foss/designs/DAC_CORE_5bit/output/DAC_CORE_5bit__DAC_CORE_5bit/DAC_CORE_5bit_k25d_pex_netlist.spice
[2026-09-09 23:44:33,918] [INFO]    Copied expanded SPICE netlist to: DAC_CORE_5bit.pex.spice
