GDS input file passed, running in LVS mode
Found cell DAC_CORE_5bit in GDS DAC_CORE_5bit.klay.gds (only top cell)
LVS input schematic not specified (argument --schematic), using dummy schematic
Cache miss: extracted LVSDB is older than the input GDS
output/.kpex_cache/gf180mcuD/foss/designs/DAC_CORE_5bit/DAC_CORE_5bit.klay.gds/DAC_CORE_5bit.lvsdb.gz
klayout -b -r /usr/local/lib/python3.12/dist-packages/klayout_pex/pdk/gf180mcuD/libs.tech/kpex/gf180mcu.lvs -rd input=/foss/designs/DAC_CORE_5bit/DAC_CORE_5bit.klay.gds -rd report=/foss/designs/DAC_CORE_5bit/output/DAC_CORE_5bit__DAC_CORE_5bit/DAC_CORE_5bit.lvsdb.gz -rd schematic=/foss/designs/DAC_CORE_5bit/output/DAC_CORE_5bit__DAC_CORE_5bit/DAC_CORE_5bit_dummy_schematic.spice -rd thr=22 -rd run_mode=deep -rd spice_net_names=true -rd spice_comments=false -rd scale=false -rd verbose=false -rd schematic_simplify=false -rd net_only=false -rd top_lvl_pins=true -rd combine=false -rd combine_devices=false -rd purge=false -rd purge_nets=false -rd no_simplify=true
output/DAC_CORE_5bit__DAC_CORE_5bit/DAC_CORE_5bit_lvs.log
2026-09-09 23:02:42 +0200: Memory Usage (674580K) : Starting running GF180MCU Klayout LVS runset on /foss/designs/DAC_CORE_5bit/DAC_CORE_5bit.klay.gds
2026-09-09 23:02:42 +0200: Memory Usage (674580K) : Ruby Version for klayout: 3.2.3
2026-09-09 23:02:42 +0200: Memory Usage (674580K) : Loading database to memory is complete.
2026-09-09 23:02:42 +0200: Memory Usage (674580K) : GF180MCU Klayout LVS runset output at: /foss/designs/DAC_CORE_5bit/output/DAC_CORE_5bit__DAC_CORE_5bit/DAC_CORE_5bit.lvsdb.gz
2026-09-09 23:02:42 +0200: Memory Usage (674580K) : Evaluate switches.
2026-09-09 23:02:42 +0200: Memory Usage (674580K) : Substrate name used: 
2026-09-09 23:02:42 +0200: Memory Usage (674580K) : Extracted netlist with net names: true
2026-09-09 23:02:42 +0200: Memory Usage (674580K) : Extracted netlist with comments in details: false
2026-09-09 23:02:42 +0200: Memory Usage (674580K) : GF180MCU Klayout LVS extracted netlist file at: DAC_CORE_5bit_extracted.cir
2026-09-09 23:02:42 +0200: Memory Usage (674580K) : LVS device_scaling option: false
2026-09-09 23:02:42 +0200: Memory Usage (674580K) : Selected SCH_SIMPLE option: false
2026-09-09 23:02:42 +0200: Memory Usage (674580K) : Selected NET_ONLY option: false
2026-09-09 23:02:42 +0200: Memory Usage (674580K) : Selected TOP_LVL_PINS option: true
2026-09-09 23:02:42 +0200: Memory Usage (674580K) : Selected COMBINE option: false
2026-09-09 23:02:43 +0200: Memory Usage (674580K) : Selected PURGE option: false
2026-09-09 23:02:43 +0200: Memory Usage (674580K) : Selected PURGE_NETS option: false
2026-09-09 23:02:43 +0200: Memory Usage (674580K) : Selected SIMPLIFY option: false
2026-09-09 23:02:43 +0200: Memory Usage (674580K) : Verbose mode: false
2026-09-09 23:02:43 +0200: Memory Usage (674580K) : deep  mode is enabled.
2026-09-09 23:02:43 +0200: Memory Usage (674580K) : METAL_TOP Selected is 9K
2026-09-09 23:02:43 +0200: Memory Usage (674580K) : METAL_STACK Selected is 6LM
2026-09-09 23:02:43 +0200: Memory Usage (674580K) : POLY_RES Selected is 1k
2026-09-09 23:02:43 +0200: Memory Usage (674580K) : MIM Option selected: B
2026-09-09 23:02:43 +0200: Memory Usage (674580K) : MIM CAP selected: 2
2026-09-09 23:02:43 +0200: Memory Usage (674580K) : Netlist file: /foss/designs/DAC_CORE_5bit/output/DAC_CORE_5bit__DAC_CORE_5bit/DAC_CORE_5bit_dummy_schematic.spice
2026-09-09 23:02:43 +0200: Memory Usage (674580K) : Read in polygons from layers.
2026-09-09 23:02:43 +0200: Memory Usage (674580K) : comp has 649 polygons
2026-09-09 23:02:43 +0200: Memory Usage (674580K) : dnwell has 0 polygons
2026-09-09 23:02:43 +0200: Memory Usage (674580K) : nwell has 651 polygons
2026-09-09 23:02:43 +0200: Memory Usage (674580K) : lvpwell has 0 polygons
2026-09-09 23:02:43 +0200: Memory Usage (674580K) : dualgate has 0 polygons
2026-09-09 23:02:43 +0200: Memory Usage (674580K) : poly2 has 231 polygons
2026-09-09 23:02:43 +0200: Memory Usage (674580K) : nplus has 554 polygons
2026-09-09 23:02:43 +0200: Memory Usage (674580K) : pplus has 95 polygons
2026-09-09 23:02:43 +0200: Memory Usage (674580K) : sab has 0 polygons
2026-09-09 23:02:43 +0200: Memory Usage (674580K) : esd has 0 polygons
2026-09-09 23:02:43 +0200: Memory Usage (674580K) : resistor has 0 polygons
2026-09-09 23:02:43 +0200: Memory Usage (674580K) : fhres has 0 polygons
2026-09-09 23:02:43 +0200: Memory Usage (674580K) : fusetop has 0 polygons
2026-09-09 23:02:43 +0200: Memory Usage (674580K) : fusewindow_d has 0 polygons
2026-09-09 23:02:43 +0200: Memory Usage (674580K) : polyfuse has 0 polygons
2026-09-09 23:02:43 +0200: Memory Usage (674580K) : mvsd has 0 polygons
2026-09-09 23:02:43 +0200: Memory Usage (675096K) : mvpsd has 0 polygons
2026-09-09 23:02:43 +0200: Memory Usage (675096K) : nat has 0 polygons
2026-09-09 23:02:43 +0200: Memory Usage (675096K) : comp_dummy has 0 polygons
2026-09-09 23:02:43 +0200: Memory Usage (675096K) : poly2_dummy has 0 polygons
2026-09-09 23:02:43 +0200: Memory Usage (675096K) : schottky_diode has 0 polygons
2026-09-09 23:02:43 +0200: Memory Usage (675096K) : zener has 0 polygons
2026-09-09 23:02:43 +0200: Memory Usage (675096K) : res_mk has 0 polygons
2026-09-09 23:02:43 +0200: Memory Usage (675096K) : opc_drc has 0 polygons
2026-09-09 23:02:43 +0200: Memory Usage (675096K) : ndmy has 0 polygons
2026-09-09 23:02:43 +0200: Memory Usage (675096K) : pmndmy has 0 polygons
2026-09-09 23:02:43 +0200: Memory Usage (675508K) : v5_xtor has 0 polygons
2026-09-09 23:02:43 +0200: Memory Usage (675508K) : cap_mk has 0 polygons
2026-09-09 23:02:43 +0200: Memory Usage (675508K) : mos_cap_mk has 0 polygons
2026-09-09 23:02:43 +0200: Memory Usage (675508K) : ind_mk has 0 polygons
2026-09-09 23:02:43 +0200: Memory Usage (675508K) : diode_mk has 0 polygons
2026-09-09 23:02:43 +0200: Memory Usage (675508K) : drc_bjt has 0 polygons
2026-09-09 23:02:43 +0200: Memory Usage (675508K) : lvs_bjt has 0 polygons
2026-09-09 23:02:43 +0200: Memory Usage (675940K) : mim_l_mk has 0 polygons
2026-09-09 23:02:43 +0200: Memory Usage (675940K) : latchup_mk has 0 polygons
2026-09-09 23:02:43 +0200: Memory Usage (675940K) : guard_ring_mk has 0 polygons
2026-09-09 23:02:43 +0200: Memory Usage (675940K) : otp_mk has 0 polygons
2026-09-09 23:02:43 +0200: Memory Usage (675940K) : mtpmark has 0 polygons
2026-09-09 23:02:43 +0200: Memory Usage (675940K) : neo_ee_mk has 0 polygons
2026-09-09 23:02:43 +0200: Memory Usage (675940K) : sramcore has 0 polygons
2026-09-09 23:02:43 +0200: Memory Usage (675940K) : lvs_rf has 0 polygons
2026-09-09 23:02:43 +0200: Memory Usage (675940K) : lvs_drain has 0 polygons
2026-09-09 23:02:43 +0200: Memory Usage (675940K) : ind_mk has 0 polygons
2026-09-09 23:02:43 +0200: Memory Usage (675940K) : hvpolyrs has 0 polygons
2026-09-09 23:02:43 +0200: Memory Usage (675940K) : lvs_io has 0 polygons
2026-09-09 23:02:43 +0200: Memory Usage (675940K) : probe_mk has 0 polygons
2026-09-09 23:02:43 +0200: Memory Usage (675940K) : esd_mk has 0 polygons
2026-09-09 23:02:43 +0200: Memory Usage (675940K) : lvs_source has 0 polygons
2026-09-09 23:02:43 +0200: Memory Usage (675940K) : well_diode_mk has 0 polygons
2026-09-09 23:02:43 +0200: Memory Usage (675940K) : ldmos_xtor has 0 polygons
2026-09-09 23:02:43 +0200: Memory Usage (675940K) : plfuse has 0 polygons
2026-09-09 23:02:43 +0200: Memory Usage (675940K) : efuse_mk has 0 polygons
2026-09-09 23:02:43 +0200: Memory Usage (675940K) : mcell_feol_mk has 0 polygons
2026-09-09 23:02:43 +0200: Memory Usage (675940K) : ymtp_mk has 0 polygons
2026-09-09 23:02:43 +0200: Memory Usage (675940K) : dev_wf_mk has 0 polygons
2026-09-09 23:02:43 +0200: Memory Usage (675940K) : comp_label has 0 polygons
2026-09-09 23:02:43 +0200: Memory Usage (675940K) : poly2_label has 0 polygons
2026-09-09 23:02:43 +0200: Memory Usage (675940K) : mdiode has 0 polygons
2026-09-09 23:02:43 +0200: Memory Usage (675940K) : contact has 1034 polygons
2026-09-09 23:02:43 +0200: Memory Usage (675940K) : metal1_drawn has 1057 polygons
2026-09-09 23:02:43 +0200: Memory Usage (675940K) : metal1_dummy has 0 polygons
2026-09-09 23:02:43 +0200: Memory Usage (675940K) : metal1_label has 1 polygons
2026-09-09 23:02:43 +0200: Memory Usage (675940K) : metal1_slot has 0 polygons
2026-09-09 23:02:43 +0200: Memory Usage (675940K) : metal1_blk has 0 polygons
2026-09-09 23:02:43 +0200: Memory Usage (675940K) : metal1_res has 0 polygons
2026-09-09 23:02:43 +0200: Memory Usage (675940K) : via1 has 106 polygons
2026-09-09 23:02:43 +0200: Memory Usage (675940K) : metal2_drawn has 149 polygons
2026-09-09 23:02:43 +0200: Memory Usage (675940K) : metal2_dummy has 0 polygons
2026-09-09 23:02:43 +0200: Memory Usage (675940K) : metal2_label has 7 polygons
2026-09-09 23:02:43 +0200: Memory Usage (675940K) : metal2_slot has 0 polygons
2026-09-09 23:02:43 +0200: Memory Usage (675940K) : metal2_blk has 0 polygons
2026-09-09 23:02:43 +0200: Memory Usage (675940K) : metal2_res has 0 polygons
2026-09-09 23:02:43 +0200: Memory Usage (675940K) : via2 has 0 polygons
2026-09-09 23:02:43 +0200: Memory Usage (675940K) : metal3_drawn has 0 polygons
2026-09-09 23:02:43 +0200: Memory Usage (675940K) : metal3_dummy has 0 polygons
2026-09-09 23:02:43 +0200: Memory Usage (675940K) : metal3_label has 0 polygons
2026-09-09 23:02:43 +0200: Memory Usage (675940K) : metal3_slot has 0 polygons
2026-09-09 23:02:43 +0200: Memory Usage (675940K) : metal3_blk has 0 polygons
2026-09-09 23:02:43 +0200: Memory Usage (675940K) : metal3_res has 0 polygons
2026-09-09 23:02:43 +0200: Memory Usage (676348K) : via3 has 0 polygons
2026-09-09 23:02:43 +0200: Memory Usage (676348K) : metal4_drawn has 0 polygons
2026-09-09 23:02:43 +0200: Memory Usage (676348K) : metal4_dummy has 0 polygons
2026-09-09 23:02:43 +0200: Memory Usage (676348K) : metal4_label has 0 polygons
2026-09-09 23:02:43 +0200: Memory Usage (676348K) : metal4_slot has 0 polygons
2026-09-09 23:02:43 +0200: Memory Usage (676348K) : metal4_blk has 0 polygons
2026-09-09 23:02:43 +0200: Memory Usage (676756K) : metal4_res has 0 polygons
2026-09-09 23:02:43 +0200: Memory Usage (676756K) : via4 has 0 polygons
2026-09-09 23:02:43 +0200: Memory Usage (676756K) : metal5_drawn has 0 polygons
2026-09-09 23:02:43 +0200: Memory Usage (676756K) : metal5_dummy has 0 polygons
2026-09-09 23:02:43 +0200: Memory Usage (676756K) : metal5_label has 0 polygons
2026-09-09 23:02:43 +0200: Memory Usage (676756K) : metal5_slot has 0 polygons
2026-09-09 23:02:43 +0200: Memory Usage (677164K) : metal5_blk has 0 polygons
2026-09-09 23:02:43 +0200: Memory Usage (677164K) : metal5_res has 0 polygons
2026-09-09 23:02:43 +0200: Memory Usage (677164K) : via5 has 0 polygons
2026-09-09 23:02:43 +0200: Memory Usage (677164K) : metaltop_drawn has 0 polygons
2026-09-09 23:02:43 +0200: Memory Usage (677164K) : metaltop_dummy has 0 polygons
2026-09-09 23:02:43 +0200: Memory Usage (677164K) : metaltop_label has 0 polygons
2026-09-09 23:02:43 +0200: Memory Usage (677576K) : metaltop_slot has 0 polygons
2026-09-09 23:02:43 +0200: Memory Usage (677576K) : metaltop_blk has 0 polygons
2026-09-09 23:02:43 +0200: Memory Usage (677576K) : metal6_res has 0 polygons
2026-09-09 23:02:43 +0200: Memory Usage (677576K) : pad has 0 polygons
2026-09-09 23:02:43 +0200: Memory Usage (677576K) : ubmpperi has 0 polygons
2026-09-09 23:02:43 +0200: Memory Usage (677576K) : ubmparray has 0 polygons
2026-09-09 23:02:43 +0200: Memory Usage (677576K) : ubmeplate has 0 polygons
2026-09-09 23:02:43 +0200: Memory Usage (677576K) : pr_bndry has 0 polygons
2026-09-09 23:02:43 +0200: Memory Usage (677576K) : border has 0 polygons
2026-09-09 23:02:44 +0200: Memory Usage (677576K) : Total no. of polygons in the design is 4534
2026-09-09 23:02:44 +0200: Memory Usage (677576K) : Starting deriving base layers.
2026-09-09 23:02:44 +0200: Memory Usage (677576K) : Starting GF180MCU LVS runset
2026-09-09 23:02:44 +0200: Memory Usage (677576K) : Starting base layers derivations
2026-09-09 23:02:44 +0200: Memory Usage (825836K) : Starting MOSFET DERIVATIONS
2026-09-09 23:02:44 +0200: Memory Usage (826592K) : Starting PMOS layers DERIVATIONS
2026-09-09 23:02:44 +0200: Memory Usage (828484K) : Starting NMOS layers DERIVATIONS
2026-09-09 23:02:44 +0200: Memory Usage (830772K) : Starting BJT DERIVATIONS
2026-09-09 23:02:44 +0200: Memory Usage (830772K) : Starting vnpn layers DERIVATIONS
2026-09-09 23:02:44 +0200: Memory Usage (836064K) : Starting vpnp layers DERIVATIONS
2026-09-09 23:02:44 +0200: Memory Usage (837956K) : Starting DIODE DERIVATIONS
2026-09-09 23:02:44 +0200: Memory Usage (838748K) : Starting RESISTOR DERIVATIONS
2026-09-09 23:02:44 +0200: Memory Usage (838748K) : Starting MIMCAP DERIVATIONS
2026-09-09 23:02:44 +0200: Memory Usage (838748K) : Starting MOSCAP DERIVATIONS
2026-09-09 23:02:44 +0200: Memory Usage (838748K) : Starting MOS SAB DERIVATIONS
2026-09-09 23:02:44 +0200: Memory Usage (838748K) : Starting PMOS SAB DERIVATIONS
2026-09-09 23:02:44 +0200: Memory Usage (838748K) : Starting NMOS SAB DERIVATIONS
2026-09-09 23:02:44 +0200: Memory Usage (839148K) : Starting NMOS EFUSE DERIVATIONS
2026-09-09 23:02:44 +0200: Memory Usage (839524K) : Starting GF180 LVS connectivity setup
2026-09-09 23:02:44 +0200: Memory Usage (839524K) : Starting GF180 LVS connectivity setup (Inter-layer)
2026-09-09 23:02:44 +0200: Memory Usage (839524K) : Starting GF180 LVS connectivity setup (Global)
2026-09-09 23:02:44 +0200: Memory Usage (839524K) : Starting GF180 LVS connectivity setup (Multifinger Devices)
2026-09-09 23:02:44 +0200: Memory Usage (839524K) : Starting LVS MOSFET CONNECTIONS
2026-09-09 23:02:44 +0200: Memory Usage (839524K) : Starting LVS BJT CONNECTIONS
2026-09-09 23:02:44 +0200: Memory Usage (839524K) : Starting LVS DIODE CONNECTIONS
2026-09-09 23:02:44 +0200: Memory Usage (839524K) : Starting LVS MIMCAP CONNECTIONS
2026-09-09 23:02:44 +0200: Memory Usage (839524K) : Starting LVS RESISTOR CONNECTIONS
2026-09-09 23:02:44 +0200: Memory Usage (839588K) : Starting LVS EFUSE CONNECTIONS
2026-09-09 23:02:44 +0200: Memory Usage (839588K) : Starting GF180 LVS DEVICES EXTRACTION
2026-09-09 23:02:44 +0200: Memory Usage (839588K) : Starting MOSFET EXTRACTION
2026-09-09 23:02:44 +0200: Memory Usage (839588K) : Starting PMOS EXTRACTION
2026-09-09 23:02:44 +0200: Memory Usage (839588K) : Extracting 3.3V PMOS transistor outside DNWEL
2026-09-09 23:02:44 +0200: Memory Usage (839588K) : Extracting 5V PMOS transistor outside DNWELL
2026-09-09 23:02:44 +0200: Memory Usage (839588K) : Extracting 6V PMOS transistor outside DNWELL
2026-09-09 23:02:44 +0200: Memory Usage (839588K) : Extracting 3.3V PMOS transistor inside DNWELL
2026-09-09 23:02:44 +0200: Memory Usage (839968K) : Extracting 5V PMOS transistor inside DNWELL
2026-09-09 23:02:44 +0200: Memory Usage (839968K) : Extracting 6V PMOS transistor inside DNWELL
2026-09-09 23:02:44 +0200: Memory Usage (839968K) : Extracting LDPMOS transistor
2026-09-09 23:02:44 +0200: Memory Usage (839968K) : Starting NMOS EXTRACTION
2026-09-09 23:02:44 +0200: Memory Usage (839968K) : 3.3V NMOS transistor outside DNWELL
2026-09-09 23:02:44 +0200: Memory Usage (839968K) : 5V NMOS transistor outside DNWELL
2026-09-09 23:02:45 +0200: Memory Usage (839968K) : 6V NMOS transistor outside DNWELL
2026-09-09 23:02:45 +0200: Memory Usage (839968K) : 3.3V NMOS transistor inside DNWELL
2026-09-09 23:02:45 +0200: Memory Usage (839968K) : 5V NMOS transistor inside DNWELL
2026-09-09 23:02:45 +0200: Memory Usage (839968K) : 6V NMOS transistor inside DNWELL
2026-09-09 23:02:45 +0200: Memory Usage (839968K) : Native Vt NMOS transistor
2026-09-09 23:02:45 +0200: Memory Usage (839968K) : Extracting LDNMOS transistor
2026-09-09 23:02:45 +0200: Memory Usage (839968K) : Starting BJT EXTRACTION
2026-09-09 23:02:45 +0200: Memory Usage (839968K) : Starting vnpn BJT EXTRACTION
2026-09-09 23:02:45 +0200: Memory Usage (839968K) : Extracting npn_10p00x10p00 BJT
2026-09-09 23:02:45 +0200: Memory Usage (839968K) : Extracting npn_05p00x05p00 BJT
2026-09-09 23:02:45 +0200: Memory Usage (839968K) : Extracting npn_00p54x16p00 BJT
2026-09-09 23:02:45 +0200: Memory Usage (839968K) : Extracting npn_00p54x08p00 BJT
2026-09-09 23:02:45 +0200: Memory Usage (839968K) : Extracting npn_00p54x04p00 BJT
2026-09-09 23:02:45 +0200: Memory Usage (839968K) : Extracting npn_00p54x02p00 BJT
2026-09-09 23:02:45 +0200: Memory Usage (839968K) : Starting vpnp BJT EXTRACTION
2026-09-09 23:02:45 +0200: Memory Usage (839968K) : Extracting pnp_10p00x10p00 BJT
2026-09-09 23:02:45 +0200: Memory Usage (839968K) : Extracting pnp_05p00x05p00 BJT
2026-09-09 23:02:45 +0200: Memory Usage (839968K) : Extracting pnp_10p00x00p42 BJT
2026-09-09 23:02:45 +0200: Memory Usage (839968K) : Extracting pnp_05p00x00p42 BJT
2026-09-09 23:02:45 +0200: Memory Usage (839968K) : Starting DIODE EXTRACTION
2026-09-09 23:02:45 +0200: Memory Usage (839968K) : Extracting diode_nd2ps_03v3 diode
2026-09-09 23:02:45 +0200: Memory Usage (839968K) : Extracting diode_nd2ps_03v3_dn diode
2026-09-09 23:02:45 +0200: Memory Usage (839968K) : Extracting diode_nd2ps_06v0 diode
2026-09-09 23:02:45 +0200: Memory Usage (839968K) : Extracting diode_nd2ps_06v0_dn diode
2026-09-09 23:02:45 +0200: Memory Usage (839968K) : Extracting diode_pd2nw_03v3 diode
2026-09-09 23:02:45 +0200: Memory Usage (839968K) : Extractingdiode_pd2nw_03v3_dn diode
2026-09-09 23:02:45 +0200: Memory Usage (839968K) : Extracting diode_pd2nw_06v0 diode
2026-09-09 23:02:45 +0200: Memory Usage (839968K) : Extracting diode_pd2nw_06v0_dn diode
2026-09-09 23:02:45 +0200: Memory Usage (839968K) : Extracting diode_nw2ps_03v3 diode
2026-09-09 23:02:45 +0200: Memory Usage (839968K) : Extracting diode_nw2ps_06v0 diode
2026-09-09 23:02:45 +0200: Memory Usage (839968K) : Extracting diode_pw2dw_03v3 diode
2026-09-09 23:02:45 +0200: Memory Usage (839968K) : Extracting diode_pw2dw_06v0 diode
2026-09-09 23:02:45 +0200: Memory Usage (839968K) : Extracting diode_dw2ps_03v3 diode
2026-09-09 23:02:45 +0200: Memory Usage (839968K) : Extracting diode_dw2ps_06v0 diode
2026-09-09 23:02:45 +0200: Memory Usage (839968K) : Extracting sc_diode diode
2026-09-09 23:02:45 +0200: Memory Usage (839968K) : Starting RESISTOR EXTRACTION
2026-09-09 23:02:45 +0200: Memory Usage (839968K) : Extracting NPLUS_U device
2026-09-09 23:02:45 +0200: Memory Usage (839968K) : Extracting NPLUS_U_DW device
2026-09-09 23:02:45 +0200: Memory Usage (839968K) : Extracting PPLUS_U device
2026-09-09 23:02:45 +0200: Memory Usage (839968K) : Extracting PPLUS_U_DW device
2026-09-09 23:02:45 +0200: Memory Usage (839968K) : Extracting NPLUS_S device
2026-09-09 23:02:45 +0200: Memory Usage (839968K) : Extracting NPLUS_S_DW device
2026-09-09 23:02:45 +0200: Memory Usage (839968K) : Extracting PPLUS_S device
2026-09-09 23:02:45 +0200: Memory Usage (839968K) : Extracting PPLUS_S_DW device
2026-09-09 23:02:45 +0200: Memory Usage (839968K) : Extracting NWELL device
2026-09-09 23:02:45 +0200: Memory Usage (839968K) : Extracting PWELL device
2026-09-09 23:02:45 +0200: Memory Usage (839968K) : Extracting NPOLYF_U device
2026-09-09 23:02:45 +0200: Memory Usage (839968K) : Extracting NPOLYF_U_DW device
2026-09-09 23:02:45 +0200: Memory Usage (839968K) : Extracting PPOLYF_U device
2026-09-09 23:02:45 +0200: Memory Usage (839968K) : Extracting PPOLYF_U_DW device
2026-09-09 23:02:45 +0200: Memory Usage (839968K) : Extracting NPOLYF_S device
2026-09-09 23:02:45 +0200: Memory Usage (839968K) : Extracting NPOLYF_S_DW device
2026-09-09 23:02:45 +0200: Memory Usage (839968K) : Extracting PPOLYF_S device
2026-09-09 23:02:45 +0200: Memory Usage (839968K) : Extracting PPOLYF_S_DW device
2026-09-09 23:02:45 +0200: Memory Usage (839968K) : Extracting PPOLYF_U_1K device
2026-09-09 23:02:45 +0200: Memory Usage (839968K) : Extracting PPOLYF_U_DW_1 device
2026-09-09 23:02:45 +0200: Memory Usage (839968K) : Extracting PPOLYF_U_1K_6p0 device
2026-09-09 23:02:45 +0200: Memory Usage (839968K) : Extracting PPOLYF_U_DW_1K_6p0 device
2026-09-09 23:02:45 +0200: Memory Usage (839968K) : Extracting RM1 device
2026-09-09 23:02:45 +0200: Memory Usage (839968K) : Extracting RM2 device
2026-09-09 23:02:45 +0200: Memory Usage (839968K) : Extracting RM3 device
2026-09-09 23:02:45 +0200: Memory Usage (839968K) : Extracting TM9K device
2026-09-09 23:02:45 +0200: Memory Usage (839968K) : Starting MIMCAP EXTRACTION
2026-09-09 23:02:45 +0200: Memory Usage (839968K) : Extracting cap_mim2f0 device
2026-09-09 23:02:45 +0200: Memory Usage (839968K) : Starting MOSCAP EXTRACTION
2026-09-09 23:02:45 +0200: Memory Usage (839968K) : Extracting cap_nmos_03v3 device
2026-09-09 23:02:45 +0200: Memory Usage (839968K) : Extracting cap_nmos_03v3_dn device
2026-09-09 23:02:45 +0200: Memory Usage (839968K) : Extracting cap_pmos_03v3 device
2026-09-09 23:02:45 +0200: Memory Usage (839968K) : Extracting cap_pmos_03v3_dn device
2026-09-09 23:02:45 +0200: Memory Usage (839968K) : Extracting cap_nmos_06v0 device
2026-09-09 23:02:45 +0200: Memory Usage (839968K) : Extracting cap_nmos_06v0_dn device
2026-09-09 23:02:45 +0200: Memory Usage (839968K) : Extracting cap_pmos_06v0 device
2026-09-09 23:02:45 +0200: Memory Usage (839968K) : Extracting cap_pmos_06v0 device
2026-09-09 23:02:45 +0200: Memory Usage (839968K) : Extracting cap_pmos_03v3_b device
2026-09-09 23:02:45 +0200: Memory Usage (839968K) : Extracting cap_nmos_06v0_b device
2026-09-09 23:02:45 +0200: Memory Usage (839968K) : Extracting cap_pmos_06v0_b device
2026-09-09 23:02:45 +0200: Memory Usage (839968K) : Starting MOS SAB EXTRACTION
2026-09-09 23:02:45 +0200: Memory Usage (839968K) : Starting PMOS SAB EXTRACTION
2026-09-09 23:02:45 +0200: Memory Usage (839968K) : Extracting 3.3V ESD PMOS transistor outside DNWELL device
2026-09-09 23:02:45 +0200: Memory Usage (839968K) : Extracting 5V ESD PMOS transistor outside DNWELL device
2026-09-09 23:02:45 +0200: Memory Usage (839968K) : Extracting 6V ESD PMOS transistor outside DNWELL device
2026-09-09 23:02:45 +0200: Memory Usage (839968K) : Extracting 3.3V ESD PMOS transistor inside DNWELL device
2026-09-09 23:02:45 +0200: Memory Usage (839968K) : Extracting 5V ESD PMOS transistor inside DNWELL device
2026-09-09 23:02:45 +0200: Memory Usage (839968K) : Extracting 6V ESD PMOS transistor inside DNWELL device
2026-09-09 23:02:45 +0200: Memory Usage (839968K) : Starting NMOS SAB EXTRACTION
2026-09-09 23:02:45 +0200: Memory Usage (839968K) : Extracting 3.3V ESD NMOS transistor outside DNWELL device
2026-09-09 23:02:45 +0200: Memory Usage (839968K) : Extracting 5V ESD NMOS transistor outside DNWELL device
2026-09-09 23:02:45 +0200: Memory Usage (839968K) : Extracting 6V ESD NMOS transistor outside DNWELL device
2026-09-09 23:02:45 +0200: Memory Usage (839968K) : Extracting 3.3V ESD NMOS transistor inside DNWELL device
2026-09-09 23:02:45 +0200: Memory Usage (839968K) : Extracting 5V ESD NMOS transistor inside DNWELL device
2026-09-09 23:02:45 +0200: Memory Usage (839968K) : Extracting 6V ESD NMOS transistor inside DNWELL device
2026-09-09 23:02:45 +0200: Memory Usage (839968K) : Starting EFUSE EXTRACTION
2026-09-09 23:02:45 +0200: Memory Usage (839968K) : Starting GF180 LVS comparison section
2026-09-09 23:02:45 +0200: Memory Usage (839968K) : LVS Total Run time 2.961418 seconds
2026-09-09 23:02:45 +0200: Memory Usage (839968K) : xxxxxxxxxxxxxxxxxxxxxxxxxxxxxxxxxxxxxxxxxx
2026-09-09 23:02:45 +0200: Memory Usage (839968K) : ERROR : Netlists don't match
2026-09-09 23:02:45 +0200: Memory Usage (839968K) : xxxxxxxxxxxxxxxxxxxxxxxxxxxxxxxxxxxxxxxxxx
klayout LVS succeeded after 5.334s
Unable to find info about extracted LVS layer 'comp'
Unable to find info about extracted LVS layer 'nwell'
Unable to find info about extracted LVS layer 'contact'
Unable to find info about extracted LVS layer 'via1'
(31, 20) -> (psd)
(34, 0) -> (metal1_con)
(36, 0) -> (metal2_con)
Can't find GDS pair for layer M1-Poly
Can't find GDS pair for layer Via1_con
Can't find GDS pair for layer Via2_con
Can't find GDS pair for layer Via3_con
Can't find GDS pair for layer Via4_ncap
LVSDB: found 8pins
Could not find a layer for device $1, class pfet_03v3, terminal G, net DAC_REF
Could not find a layer for device $1, class pfet_03v3, terminal B, net VDD
Could not find a layer for device $2, class pfet_03v3, terminal G, net DAC_REF
Could not find a layer for device $2, class pfet_03v3, terminal B, net VDD
Could not find a layer for device $3, class pfet_03v3, terminal G, net DAC_REF
Could not find a layer for device $3, class pfet_03v3, terminal B, net VDD
Could not find a layer for device $4, class pfet_03v3, terminal G, net DAC_REF
Could not find a layer for device $4, class pfet_03v3, terminal B, net VDD
Could not find a layer for device $5, class pfet_03v3, terminal G, net DAC_REF
Could not find a layer for device $5, class pfet_03v3, terminal B, net VDD
Could not find a layer for device $6, class pfet_03v3, terminal G, net DAC_REF
Could not find a layer for device $6, class pfet_03v3, terminal B, net VDD
Could not find a layer for device $7, class pfet_03v3, terminal G, net DAC_REF
Could not find a layer for device $7, class pfet_03v3, terminal B, net VDD
Could not find a layer for device $8, class pfet_03v3, terminal G, net DAC_REF
Could not find a layer for device $8, class pfet_03v3, terminal B, net VDD
Could not find a layer for device $9, class pfet_03v3, terminal G, net DAC_REF
Could not find a layer for device $9, class pfet_03v3, terminal B, net VDD
Could not find a layer for device $10, class pfet_03v3, terminal G, net DAC_REF
Could not find a layer for device $10, class pfet_03v3, terminal B, net VDD
Could not find a layer for device $11, class pfet_03v3, terminal G, net DAC_REF
Could not find a layer for device $11, class pfet_03v3, terminal B, net VDD
Could not find a layer for device $12, class pfet_03v3, terminal G, net DAC_REF
Could not find a layer for device $12, class pfet_03v3, terminal B, net VDD
Could not find a layer for device $13, class pfet_03v3, terminal G, net DAC_REF
Could not find a layer for device $13, class pfet_03v3, terminal B, net VDD
Could not find a layer for device $14, class pfet_03v3, terminal G, net DAC_REF
Could not find a layer for device $14, class pfet_03v3, terminal B, net VDD
Could not find a layer for device $15, class pfet_03v3, terminal G, net DAC_REF
Could not find a layer for device $15, class pfet_03v3, terminal B, net VDD
Could not find a layer for device $16, class pfet_03v3, terminal G, net DAC_REF
Could not find a layer for device $16, class pfet_03v3, terminal B, net VDD
Could not find a layer for device $17, class pfet_03v3, terminal G, net DAC_REF
Could not find a layer for device $17, class pfet_03v3, terminal B, net VDD
Could not find a layer for device $18, class pfet_03v3, terminal G, net DAC_REF
Could not find a layer for device $18, class pfet_03v3, terminal B, net VDD
Could not find a layer for device $19, class pfet_03v3, terminal G, net DAC_REF
Could not find a layer for device $19, class pfet_03v3, terminal B, net VDD
Could not find a layer for device $20, class pfet_03v3, terminal G, net DAC_REF
Could not find a layer for device $20, class pfet_03v3, terminal B, net VDD
Could not find a layer for device $21, class pfet_03v3, terminal G, net DAC_REF
Could not find a layer for device $21, class pfet_03v3, terminal B, net VDD
Could not find a layer for device $22, class pfet_03v3, terminal G, net DAC_REF
Could not find a layer for device $22, class pfet_03v3, terminal B, net VDD
Could not find a layer for device $23, class pfet_03v3, terminal G, net DAC_REF
Could not find a layer for device $23, class pfet_03v3, terminal B, net VDD
Could not find a layer for device $24, class pfet_03v3, terminal G, net DAC_REF
Could not find a layer for device $24, class pfet_03v3, terminal B, net VDD
Could not find a layer for device $25, class pfet_03v3, terminal G, net DAC_REF
Could not find a layer for device $25, class pfet_03v3, terminal B, net VDD
Could not find a layer for device $26, class pfet_03v3, terminal G, net DAC_REF
Could not find a layer for device $26, class pfet_03v3, terminal B, net VDD
Could not find a layer for device $27, class pfet_03v3, terminal G, net DAC_REF
Could not find a layer for device $27, class pfet_03v3, terminal B, net VDD
Could not find a layer for device $28, class pfet_03v3, terminal G, net DAC_REF
Could not find a layer for device $28, class pfet_03v3, terminal B, net VDD
Could not find a layer for device $29, class pfet_03v3, terminal G, net DAC_REF
Could not find a layer for device $29, class pfet_03v3, terminal B, net VDD
Could not find a layer for device $30, class pfet_03v3, terminal G, net DAC_REF
Could not find a layer for device $30, class pfet_03v3, terminal B, net VDD
Could not find a layer for device $31, class pfet_03v3, terminal G, net DAC_REF
Could not find a layer for device $31, class pfet_03v3, terminal B, net VDD
Could not find a layer for device $32, class pfet_03v3, terminal G, net DAC_REF
Could not find a layer for device $32, class pfet_03v3, terminal B, net VDD
Could not find a layer for device $33, class pfet_03v3, terminal G, net DAC_REF
Could not find a layer for device $33, class pfet_03v3, terminal B, net VDD
Could not find a layer for device $34, class pfet_03v3, terminal G, net DAC_REF
Could not find a layer for device $34, class pfet_03v3, terminal B, net VDD
Could not find a layer for device $35, class pfet_03v3, terminal G, net DAC_REF
Could not find a layer for device $35, class pfet_03v3, terminal B, net VDD
Could not find a layer for device $36, class pfet_03v3, terminal G, net DAC_REF
Could not find a layer for device $36, class pfet_03v3, terminal B, net VDD
Could not find a layer for device $37, class pfet_03v3, terminal G, net DAC_REF
Could not find a layer for device $37, class pfet_03v3, terminal B, net VDD
Could not find a layer for device $38, class pfet_03v3, terminal G, net DAC_REF
Could not find a layer for device $38, class pfet_03v3, terminal B, net VDD
Could not find a layer for device $39, class pfet_03v3, terminal G, net DAC_REF
Could not find a layer for device $39, class pfet_03v3, terminal B, net VDD
Could not find a layer for device $40, class pfet_03v3, terminal G, net DAC_REF
Could not find a layer for device $40, class pfet_03v3, terminal B, net VDD
Could not find a layer for device $41, class pfet_03v3, terminal G, net DAC_REF
Could not find a layer for device $41, class pfet_03v3, terminal B, net VDD
Could not find a layer for device $42, class pfet_03v3, terminal G, net DAC_REF
Could not find a layer for device $42, class pfet_03v3, terminal B, net VDD
Could not find a layer for device $43, class pfet_03v3, terminal G, net DAC_REF
Could not find a layer for device $43, class pfet_03v3, terminal B, net VDD
Could not find a layer for device $44, class pfet_03v3, terminal G, net DAC_REF
Could not find a layer for device $44, class pfet_03v3, terminal B, net VDD
Could not find a layer for device $45, class pfet_03v3, terminal G, net DAC_REF
Could not find a layer for device $45, class pfet_03v3, terminal B, net VDD
Could not find a layer for device $46, class pfet_03v3, terminal G, net DAC_REF
Could not find a layer for device $46, class pfet_03v3, terminal B, net VDD
Could not find a layer for device $47, class pfet_03v3, terminal G, net DAC_REF
Could not find a layer for device $47, class pfet_03v3, terminal B, net VDD
Could not find a layer for device $48, class pfet_03v3, terminal G, net DAC_REF
Could not find a layer for device $48, class pfet_03v3, terminal B, net VDD
Could not find a layer for device $49, class pfet_03v3, terminal G, net DAC_REF
Could not find a layer for device $49, class pfet_03v3, terminal B, net VDD
Could not find a layer for device $50, class pfet_03v3, terminal G, net DAC_REF
Could not find a layer for device $50, class pfet_03v3, terminal B, net VDD
Could not find a layer for device $51, class pfet_03v3, terminal G, net DAC_REF
Could not find a layer for device $51, class pfet_03v3, terminal B, net VDD
Could not find a layer for device $52, class pfet_03v3, terminal G, net DAC_REF
Could not find a layer for device $52, class pfet_03v3, terminal B, net VDD
Could not find a layer for device $53, class pfet_03v3, terminal G, net DAC_REF
Could not find a layer for device $53, class pfet_03v3, terminal B, net VDD
Could not find a layer for device $54, class pfet_03v3, terminal G, net DAC_REF
Could not find a layer for device $54, class pfet_03v3, terminal B, net VDD
Could not find a layer for device $55, class pfet_03v3, terminal G, net DAC_REF
Could not find a layer for device $55, class pfet_03v3, terminal B, net VDD
Could not find a layer for device $56, class pfet_03v3, terminal G, net DAC_REF
Could not find a layer for device $56, class pfet_03v3, terminal B, net VDD
Could not find a layer for device $57, class pfet_03v3, terminal G, net DAC_REF
Could not find a layer for device $57, class pfet_03v3, terminal B, net VDD
Could not find a layer for device $58, class pfet_03v3, terminal G, net DAC_REF
Could not find a layer for device $58, class pfet_03v3, terminal B, net VDD
Could not find a layer for device $59, class pfet_03v3, terminal G, net DAC_REF
Could not find a layer for device $59, class pfet_03v3, terminal B, net VDD
Could not find a layer for device $60, class pfet_03v3, terminal G, net DAC_REF
Could not find a layer for device $60, class pfet_03v3, terminal B, net VDD
Could not find a layer for device $61, class pfet_03v3, terminal G, net DAC_REF
Could not find a layer for device $61, class pfet_03v3, terminal B, net VDD
Could not find a layer for device $62, class pfet_03v3, terminal G, net DAC_REF
Could not find a layer for device $62, class pfet_03v3, terminal B, net VDD
Could not find a layer for device $63, class pfet_03v3, terminal G, net DAC_REF
Could not find a layer for device $63, class pfet_03v3, terminal B, net VDD
Could not find a layer for device $64, class pfet_03v3, terminal G, net b[4]
Could not find a layer for device $64, class pfet_03v3, terminal B, net VDD
Could not find a layer for device $65, class pfet_03v3, terminal G, net b[4]
Could not find a layer for device $65, class pfet_03v3, terminal B, net VDD
Could not find a layer for device $66, class pfet_03v3, terminal G, net b[4]
Could not find a layer for device $66, class pfet_03v3, terminal B, net VDD
Could not find a layer for device $67, class pfet_03v3, terminal G, net b[4]
Could not find a layer for device $67, class pfet_03v3, terminal B, net VDD
Could not find a layer for device $68, class pfet_03v3, terminal G, net b[3]
Could not find a layer for device $68, class pfet_03v3, terminal B, net VDD
Could not find a layer for device $69, class pfet_03v3, terminal G, net b[3]
Could not find a layer for device $69, class pfet_03v3, terminal B, net VDD
Could not find a layer for device $70, class pfet_03v3, terminal G, net b[2]
Could not find a layer for device $70, class pfet_03v3, terminal B, net VDD
Could not find a layer for device $71, class pfet_03v3, terminal G, net b[4]
Could not find a layer for device $71, class pfet_03v3, terminal B, net VDD
Could not find a layer for device $72, class pfet_03v3, terminal G, net b[4]
Could not find a layer for device $72, class pfet_03v3, terminal B, net VDD
Could not find a layer for device $73, class pfet_03v3, terminal G, net b[4]
Could not find a layer for device $73, class pfet_03v3, terminal B, net VDD
Could not find a layer for device $74, class pfet_03v3, terminal G, net b[4]
Could not find a layer for device $74, class pfet_03v3, terminal B, net VDD
Could not find a layer for device $75, class pfet_03v3, terminal G, net b[3]
Could not find a layer for device $75, class pfet_03v3, terminal B, net VDD
Could not find a layer for device $76, class pfet_03v3, terminal G, net b[3]
Could not find a layer for device $76, class pfet_03v3, terminal B, net VDD
Could not find a layer for device $77, class pfet_03v3, terminal G, net b[2]
Could not find a layer for device $77, class pfet_03v3, terminal B, net VDD
Could not find a layer for device $78, class pfet_03v3, terminal G, net b[1]
Could not find a layer for device $78, class pfet_03v3, terminal B, net VDD
Could not find a layer for device $79, class pfet_03v3, terminal G, net b[4]
Could not find a layer for device $79, class pfet_03v3, terminal B, net VDD
Could not find a layer for device $80, class pfet_03v3, terminal G, net b[4]
Could not find a layer for device $80, class pfet_03v3, terminal B, net VDD
Could not find a layer for device $81, class pfet_03v3, terminal G, net b[4]
Could not find a layer for device $81, class pfet_03v3, terminal B, net VDD
Could not find a layer for device $82, class pfet_03v3, terminal G, net b[4]
Could not find a layer for device $82, class pfet_03v3, terminal B, net VDD
Could not find a layer for device $83, class pfet_03v3, terminal G, net b[3]
Could not find a layer for device $83, class pfet_03v3, terminal B, net VDD
Could not find a layer for device $84, class pfet_03v3, terminal G, net b[3]
Could not find a layer for device $84, class pfet_03v3, terminal B, net VDD
Could not find a layer for device $85, class pfet_03v3, terminal G, net b[2]
Could not find a layer for device $85, class pfet_03v3, terminal B, net VDD
Could not find a layer for device $86, class pfet_03v3, terminal G, net b[1]
Could not find a layer for device $86, class pfet_03v3, terminal B, net VDD
Could not find a layer for device $87, class pfet_03v3, terminal G, net b[1]
Could not find a layer for device $87, class pfet_03v3, terminal B, net VDD
Could not find a layer for device $88, class pfet_03v3, terminal G, net b[4]
Could not find a layer for device $88, class pfet_03v3, terminal B, net VDD
Could not find a layer for device $89, class pfet_03v3, terminal G, net b[4]
Could not find a layer for device $89, class pfet_03v3, terminal B, net VDD
Could not find a layer for device $90, class pfet_03v3, terminal G, net b[4]
Could not find a layer for device $90, class pfet_03v3, terminal B, net VDD
Could not find a layer for device $91, class pfet_03v3, terminal G, net b[4]
Could not find a layer for device $91, class pfet_03v3, terminal B, net VDD
Could not find a layer for device $92, class pfet_03v3, terminal G, net b[3]
Could not find a layer for device $92, class pfet_03v3, terminal B, net VDD
Could not find a layer for device $93, class pfet_03v3, terminal G, net b[3]
Could not find a layer for device $93, class pfet_03v3, terminal B, net VDD
Could not find a layer for device $94, class pfet_03v3, terminal G, net b[2]
Could not find a layer for device $94, class pfet_03v3, terminal B, net VDD
Could not find a layer for device $95, class pfet_03v3, terminal G, net b[0]
Could not find a layer for device $95, class pfet_03v3, terminal B, net VDD
Device;Net1;Net2;Capacitance [fF];Resistance [Ω]
C1;$10;$13;1.668;
C2;$10;$14;0.249;
C3;$10;$15;0.58;
C4;$10;$27;3.266;
C5;$10;b[0];0.003;
C6;$10;b[2];0.439;
C7;$10;b[3];2.105;
C8;$10;b[4];0.012;
C9;$10;DAC_REF;0.013;
C10;$10;I_DAC;0.852;
C11;$10;VDD;7.023;
C12;$10;VSUBS;7.219;
C13;$13;$14;2.935;
C14;$13;$15;0.097;
C15;$13;$27;0.491;
C16;$13;b[0];0.117;
C17;$13;b[1];0.326;
C18;$13;b[2];0.525;
C19;$13;I_DAC;0.382;
C20;$13;VDD;3.839;
C21;$13;VSUBS;3.194;
C22;$14;$15;1.178;
C23;$14;$27;0.351;
C24;$14;b[0];0.14;
C25;$14;b[1];0.126;
C26;$14;I_DAC;0.343;
C27;$14;VDD;2.038;
C28;$14;VSUBS;1.826;
C29;$15;$27;0.33;
C30;$15;b[0];0.299;
C31;$15;I_DAC;0.057;
C32;$15;VDD;1.178;
C33;$15;VSUBS;1.729;
C34;$27;b[3];0.073;
C35;$27;b[4];3.887;
C36;$27;DAC_REF;0.062;
C37;$27;I_DAC;1.387;
C38;$27;VDD;10.237;
C39;$27;VSUBS;9.875;
C40;b[0];b[1];0.05;
C41;b[0];b[2];0.016;
C42;b[1];b[2];0.062;
C43;b[1];b[3];0.0;
C44;b[2];b[3];0.079;
C45;b[3];b[4];0.252;
C46;DAC_REF;VDD;1.307;
C47;DAC_REF;VSUBS;0.553;
C48;I_DAC;b[0];1.227;
C49;I_DAC;b[1];0.862;
C50;I_DAC;b[2];1.063;
C51;I_DAC;b[3];2.166;
C52;I_DAC;b[4];4.595;
C53;I_DAC;VDD;1.197;
C54;I_DAC;VSUBS;3.606;
C55;VDD;b[0];2.273;
C56;VDD;b[1];0.11;
C57;VDD;b[2];0.137;
C58;VDD;b[3];0.228;
C59;VDD;b[4];0.778;
C60;VDD;VSUBS;49.48;
C61;VSUBS;b[0];0.688;
C62;VSUBS;b[1];0.403;
C63;VSUBS;b[2];0.438;
C64;VSUBS;b[3];0.924;
C65;VSUBS;b[4];2.009;
/foss/designs/DAC_CORE_5bit/output/DAC_CORE_5bit__DAC_CORE_5bit/DAC_CORE_5bit_k25d_pex_netlist.csv
Wrote expanded netlist to: /foss/designs/DAC_CORE_5bit/output/DAC_CORE_5bit__DAC_CORE_5bit/DAC_CORE_5bit_k25d_pex_netlist.spice
Copied expanded SPICE netlist to: DAC_CORE_5bit.pex.spice
