[2026-09-10 00:24:54,195] [INFO]    GDS input file passed, running in LVS mode
[2026-09-10 00:24:54,198] [INFO]    Found cell DAC_CORE_5bit in GDS DAC_CORE_5bit.klay.gds (only top cell)
[2026-09-10 00:24:54,199] [INFO]    LVS input schematic not specified (argument --schematic), using dummy schematic
[2026-09-10 00:24:54,203] [WARNING]    Cache hit: Reusing cached LVSDB
[2026-09-10 00:24:54,204] [SUBPROCESS]    output/.kpex_cache/gf180mcuD/foss/designs/DAC_CORE_5bit/DAC_CORE_5bit.klay.gds/DAC_CORE_5bit.lvsdb.gz
[2026-09-10 00:24:54,220] [WARNING]    Unable to find info about extracted LVS layer 'comp'
[2026-09-10 00:24:54,222] [WARNING]    Unable to find info about extracted LVS layer 'nwell'
[2026-09-10 00:24:54,223] [WARNING]    Unable to find info about extracted LVS layer 'contact'
[2026-09-10 00:24:54,224] [WARNING]    Unable to find info about extracted LVS layer 'via1'
[2026-09-10 00:24:54,225] [INFO]    (31, 20) -> (psd)
[2026-09-10 00:24:54,226] [INFO]    (34, 0) -> (metal1_con)
[2026-09-10 00:24:54,227] [INFO]    (36, 0) -> (metal2_con)
[2026-09-10 00:24:54,253] [WARNING]    Can't find GDS pair for layer M1-Poly
[2026-09-10 00:24:54,255] [WARNING]    Can't find GDS pair for layer Via1_con
[2026-09-10 00:24:54,257] [WARNING]    Can't find GDS pair for layer Via2_con
[2026-09-10 00:24:54,258] [WARNING]    Can't find GDS pair for layer Via3_con
[2026-09-10 00:24:54,259] [WARNING]    Can't find GDS pair for layer Via4_ncap
[2026-09-10 00:24:57,753] [INFO]    LVSDB: found 7pins
[2026-09-10 00:24:57,755] [WARNING]    Could not find a layer for device $1, class pfet_03v3, terminal G, net DAC_REF,VDD
[2026-09-10 00:24:57,758] [WARNING]    Could not find a layer for device $1, class pfet_03v3, terminal B, net DAC_REF,VDD
[2026-09-10 00:24:57,761] [WARNING]    Could not find a layer for device $2, class pfet_03v3, terminal G, net DAC_REF,VDD
[2026-09-10 00:24:57,764] [WARNING]    Could not find a layer for device $2, class pfet_03v3, terminal B, net DAC_REF,VDD
[2026-09-10 00:24:57,766] [WARNING]    Could not find a layer for device $3, class pfet_03v3, terminal G, net DAC_REF,VDD
[2026-09-10 00:24:57,768] [WARNING]    Could not find a layer for device $3, class pfet_03v3, terminal B, net DAC_REF,VDD
[2026-09-10 00:24:57,770] [WARNING]    Could not find a layer for device $4, class pfet_03v3, terminal G, net DAC_REF,VDD
[2026-09-10 00:24:57,773] [WARNING]    Could not find a layer for device $4, class pfet_03v3, terminal B, net DAC_REF,VDD
[2026-09-10 00:24:57,776] [WARNING]    Could not find a layer for device $5, class pfet_03v3, terminal G, net DAC_REF,VDD
[2026-09-10 00:24:57,779] [WARNING]    Could not find a layer for device $5, class pfet_03v3, terminal B, net DAC_REF,VDD
[2026-09-10 00:24:57,782] [WARNING]    Could not find a layer for device $6, class pfet_03v3, terminal G, net DAC_REF,VDD
[2026-09-10 00:24:57,784] [WARNING]    Could not find a layer for device $6, class pfet_03v3, terminal B, net DAC_REF,VDD
[2026-09-10 00:24:57,787] [WARNING]    Could not find a layer for device $7, class pfet_03v3, terminal G, net DAC_REF,VDD
[2026-09-10 00:24:57,790] [WARNING]    Could not find a layer for device $7, class pfet_03v3, terminal B, net DAC_REF,VDD
[2026-09-10 00:24:57,794] [WARNING]    Could not find a layer for device $8, class pfet_03v3, terminal G, net DAC_REF,VDD
[2026-09-10 00:24:57,797] [WARNING]    Could not find a layer for device $8, class pfet_03v3, terminal B, net DAC_REF,VDD
[2026-09-10 00:24:57,799] [WARNING]    Could not find a layer for device $9, class pfet_03v3, terminal G, net DAC_REF,VDD
[2026-09-10 00:24:57,802] [WARNING]    Could not find a layer for device $9, class pfet_03v3, terminal B, net DAC_REF,VDD
[2026-09-10 00:24:57,804] [WARNING]    Could not find a layer for device $10, class pfet_03v3, terminal G, net DAC_REF,VDD
[2026-09-10 00:24:57,808] [WARNING]    Could not find a layer for device $10, class pfet_03v3, terminal B, net DAC_REF,VDD
[2026-09-10 00:24:57,811] [WARNING]    Could not find a layer for device $11, class pfet_03v3, terminal G, net DAC_REF,VDD
[2026-09-10 00:24:57,814] [WARNING]    Could not find a layer for device $11, class pfet_03v3, terminal B, net DAC_REF,VDD
[2026-09-10 00:24:57,816] [WARNING]    Could not find a layer for device $12, class pfet_03v3, terminal G, net DAC_REF,VDD
[2026-09-10 00:24:57,818] [WARNING]    Could not find a layer for device $12, class pfet_03v3, terminal B, net DAC_REF,VDD
[2026-09-10 00:24:57,821] [WARNING]    Could not find a layer for device $13, class pfet_03v3, terminal G, net DAC_REF,VDD
[2026-09-10 00:24:57,825] [WARNING]    Could not find a layer for device $13, class pfet_03v3, terminal B, net DAC_REF,VDD
[2026-09-10 00:24:57,828] [WARNING]    Could not find a layer for device $14, class pfet_03v3, terminal G, net DAC_REF,VDD
[2026-09-10 00:24:57,832] [WARNING]    Could not find a layer for device $14, class pfet_03v3, terminal B, net DAC_REF,VDD
[2026-09-10 00:24:57,834] [WARNING]    Could not find a layer for device $15, class pfet_03v3, terminal G, net DAC_REF,VDD
[2026-09-10 00:24:57,836] [WARNING]    Could not find a layer for device $15, class pfet_03v3, terminal B, net DAC_REF,VDD
[2026-09-10 00:24:57,839] [WARNING]    Could not find a layer for device $16, class pfet_03v3, terminal G, net DAC_REF,VDD
[2026-09-10 00:24:57,843] [WARNING]    Could not find a layer for device $16, class pfet_03v3, terminal B, net DAC_REF,VDD
[2026-09-10 00:24:57,846] [WARNING]    Could not find a layer for device $17, class pfet_03v3, terminal G, net DAC_REF,VDD
[2026-09-10 00:24:57,848] [WARNING]    Could not find a layer for device $17, class pfet_03v3, terminal B, net DAC_REF,VDD
[2026-09-10 00:24:57,850] [WARNING]    Could not find a layer for device $18, class pfet_03v3, terminal G, net DAC_REF,VDD
[2026-09-10 00:24:57,852] [WARNING]    Could not find a layer for device $18, class pfet_03v3, terminal B, net DAC_REF,VDD
[2026-09-10 00:24:57,854] [WARNING]    Could not find a layer for device $19, class pfet_03v3, terminal G, net DAC_REF,VDD
[2026-09-10 00:24:57,857] [WARNING]    Could not find a layer for device $19, class pfet_03v3, terminal B, net DAC_REF,VDD
[2026-09-10 00:24:57,860] [WARNING]    Could not find a layer for device $20, class pfet_03v3, terminal G, net DAC_REF,VDD
[2026-09-10 00:24:57,863] [WARNING]    Could not find a layer for device $20, class pfet_03v3, terminal B, net DAC_REF,VDD
[2026-09-10 00:24:57,865] [WARNING]    Could not find a layer for device $21, class pfet_03v3, terminal G, net DAC_REF,VDD
[2026-09-10 00:24:57,867] [WARNING]    Could not find a layer for device $21, class pfet_03v3, terminal B, net DAC_REF,VDD
[2026-09-10 00:24:57,870] [WARNING]    Could not find a layer for device $22, class pfet_03v3, terminal G, net DAC_REF,VDD
[2026-09-10 00:24:57,872] [WARNING]    Could not find a layer for device $22, class pfet_03v3, terminal B, net DAC_REF,VDD
[2026-09-10 00:24:57,875] [WARNING]    Could not find a layer for device $23, class pfet_03v3, terminal G, net DAC_REF,VDD
[2026-09-10 00:24:57,879] [WARNING]    Could not find a layer for device $23, class pfet_03v3, terminal B, net DAC_REF,VDD
[2026-09-10 00:24:57,881] [WARNING]    Could not find a layer for device $24, class pfet_03v3, terminal G, net DAC_REF,VDD
[2026-09-10 00:24:57,883] [WARNING]    Could not find a layer for device $24, class pfet_03v3, terminal B, net DAC_REF,VDD
[2026-09-10 00:24:57,885] [WARNING]    Could not find a layer for device $25, class pfet_03v3, terminal G, net DAC_REF,VDD
[2026-09-10 00:24:57,887] [WARNING]    Could not find a layer for device $25, class pfet_03v3, terminal B, net DAC_REF,VDD
[2026-09-10 00:24:57,889] [WARNING]    Could not find a layer for device $26, class pfet_03v3, terminal G, net DAC_REF,VDD
[2026-09-10 00:24:57,892] [WARNING]    Could not find a layer for device $26, class pfet_03v3, terminal B, net DAC_REF,VDD
[2026-09-10 00:24:57,895] [WARNING]    Could not find a layer for device $27, class pfet_03v3, terminal G, net DAC_REF,VDD
[2026-09-10 00:24:57,897] [WARNING]    Could not find a layer for device $27, class pfet_03v3, terminal B, net DAC_REF,VDD
[2026-09-10 00:24:57,900] [WARNING]    Could not find a layer for device $28, class pfet_03v3, terminal G, net DAC_REF,VDD
[2026-09-10 00:24:57,902] [WARNING]    Could not find a layer for device $28, class pfet_03v3, terminal B, net DAC_REF,VDD
[2026-09-10 00:24:57,905] [WARNING]    Could not find a layer for device $29, class pfet_03v3, terminal G, net DAC_REF,VDD
[2026-09-10 00:24:57,909] [WARNING]    Could not find a layer for device $29, class pfet_03v3, terminal B, net DAC_REF,VDD
[2026-09-10 00:24:57,912] [WARNING]    Could not find a layer for device $30, class pfet_03v3, terminal G, net DAC_REF,VDD
[2026-09-10 00:24:57,914] [WARNING]    Could not find a layer for device $30, class pfet_03v3, terminal B, net DAC_REF,VDD
[2026-09-10 00:24:57,916] [WARNING]    Could not find a layer for device $31, class pfet_03v3, terminal G, net DAC_REF,VDD
[2026-09-10 00:24:57,918] [WARNING]    Could not find a layer for device $31, class pfet_03v3, terminal B, net DAC_REF,VDD
[2026-09-10 00:24:57,920] [WARNING]    Could not find a layer for device $32, class pfet_03v3, terminal G, net DAC_REF,VDD
[2026-09-10 00:24:57,923] [WARNING]    Could not find a layer for device $32, class pfet_03v3, terminal B, net DAC_REF,VDD
[2026-09-10 00:24:57,926] [WARNING]    Could not find a layer for device $33, class pfet_03v3, terminal G, net DAC_REF,VDD
[2026-09-10 00:24:57,928] [WARNING]    Could not find a layer for device $33, class pfet_03v3, terminal B, net DAC_REF,VDD
[2026-09-10 00:24:57,930] [WARNING]    Could not find a layer for device $34, class pfet_03v3, terminal G, net DAC_REF,VDD
[2026-09-10 00:24:57,933] [WARNING]    Could not find a layer for device $34, class pfet_03v3, terminal B, net DAC_REF,VDD
[2026-09-10 00:24:57,935] [WARNING]    Could not find a layer for device $35, class pfet_03v3, terminal G, net DAC_REF,VDD
[2026-09-10 00:24:57,937] [WARNING]    Could not find a layer for device $35, class pfet_03v3, terminal B, net DAC_REF,VDD
[2026-09-10 00:24:57,940] [WARNING]    Could not find a layer for device $36, class pfet_03v3, terminal G, net DAC_REF,VDD
[2026-09-10 00:24:57,944] [WARNING]    Could not find a layer for device $36, class pfet_03v3, terminal B, net DAC_REF,VDD
[2026-09-10 00:24:57,947] [WARNING]    Could not find a layer for device $37, class pfet_03v3, terminal G, net DAC_REF,VDD
[2026-09-10 00:24:57,949] [WARNING]    Could not find a layer for device $37, class pfet_03v3, terminal B, net DAC_REF,VDD
[2026-09-10 00:24:57,951] [WARNING]    Could not find a layer for device $38, class pfet_03v3, terminal G, net DAC_REF,VDD
[2026-09-10 00:24:57,953] [WARNING]    Could not find a layer for device $38, class pfet_03v3, terminal B, net DAC_REF,VDD
[2026-09-10 00:24:57,956] [WARNING]    Could not find a layer for device $39, class pfet_03v3, terminal G, net DAC_REF,VDD
[2026-09-10 00:24:57,960] [WARNING]    Could not find a layer for device $39, class pfet_03v3, terminal B, net DAC_REF,VDD
[2026-09-10 00:24:57,962] [WARNING]    Could not find a layer for device $40, class pfet_03v3, terminal G, net DAC_REF,VDD
[2026-09-10 00:24:57,964] [WARNING]    Could not find a layer for device $40, class pfet_03v3, terminal B, net DAC_REF,VDD
[2026-09-10 00:24:57,966] [WARNING]    Could not find a layer for device $41, class pfet_03v3, terminal G, net DAC_REF,VDD
[2026-09-10 00:24:57,968] [WARNING]    Could not find a layer for device $41, class pfet_03v3, terminal B, net DAC_REF,VDD
[2026-09-10 00:24:57,971] [WARNING]    Could not find a layer for device $42, class pfet_03v3, terminal G, net DAC_REF,VDD
[2026-09-10 00:24:57,975] [WARNING]    Could not find a layer for device $42, class pfet_03v3, terminal B, net DAC_REF,VDD
[2026-09-10 00:24:57,978] [WARNING]    Could not find a layer for device $43, class pfet_03v3, terminal G, net DAC_REF,VDD
[2026-09-10 00:24:57,982] [WARNING]    Could not find a layer for device $43, class pfet_03v3, terminal B, net DAC_REF,VDD
[2026-09-10 00:24:57,984] [WARNING]    Could not find a layer for device $44, class pfet_03v3, terminal G, net DAC_REF,VDD
[2026-09-10 00:24:57,987] [WARNING]    Could not find a layer for device $44, class pfet_03v3, terminal B, net DAC_REF,VDD
[2026-09-10 00:24:57,989] [WARNING]    Could not find a layer for device $45, class pfet_03v3, terminal G, net DAC_REF,VDD
[2026-09-10 00:24:57,992] [WARNING]    Could not find a layer for device $45, class pfet_03v3, terminal B, net DAC_REF,VDD
[2026-09-10 00:24:57,995] [WARNING]    Could not find a layer for device $46, class pfet_03v3, terminal G, net DAC_REF,VDD
[2026-09-10 00:24:57,997] [WARNING]    Could not find a layer for device $46, class pfet_03v3, terminal B, net DAC_REF,VDD
[2026-09-10 00:24:57,999] [WARNING]    Could not find a layer for device $47, class pfet_03v3, terminal G, net DAC_REF,VDD
[2026-09-10 00:24:58,001] [WARNING]    Could not find a layer for device $47, class pfet_03v3, terminal B, net DAC_REF,VDD
[2026-09-10 00:24:58,003] [WARNING]    Could not find a layer for device $48, class pfet_03v3, terminal G, net DAC_REF,VDD
[2026-09-10 00:24:58,006] [WARNING]    Could not find a layer for device $48, class pfet_03v3, terminal B, net DAC_REF,VDD
[2026-09-10 00:24:58,010] [WARNING]    Could not find a layer for device $49, class pfet_03v3, terminal G, net DAC_REF,VDD
[2026-09-10 00:24:58,013] [WARNING]    Could not find a layer for device $49, class pfet_03v3, terminal B, net DAC_REF,VDD
[2026-09-10 00:24:58,015] [WARNING]    Could not find a layer for device $50, class pfet_03v3, terminal G, net DAC_REF,VDD
[2026-09-10 00:24:58,018] [WARNING]    Could not find a layer for device $50, class pfet_03v3, terminal B, net DAC_REF,VDD
[2026-09-10 00:24:58,020] [WARNING]    Could not find a layer for device $51, class pfet_03v3, terminal G, net DAC_REF,VDD
[2026-09-10 00:24:58,025] [WARNING]    Could not find a layer for device $51, class pfet_03v3, terminal B, net DAC_REF,VDD
[2026-09-10 00:24:58,027] [WARNING]    Could not find a layer for device $52, class pfet_03v3, terminal G, net DAC_REF,VDD
[2026-09-10 00:24:58,030] [WARNING]    Could not find a layer for device $52, class pfet_03v3, terminal B, net DAC_REF,VDD
[2026-09-10 00:24:58,032] [WARNING]    Could not find a layer for device $53, class pfet_03v3, terminal G, net DAC_REF,VDD
[2026-09-10 00:24:58,034] [WARNING]    Could not find a layer for device $53, class pfet_03v3, terminal B, net DAC_REF,VDD
[2026-09-10 00:24:58,036] [WARNING]    Could not find a layer for device $54, class pfet_03v3, terminal G, net DAC_REF,VDD
[2026-09-10 00:24:58,039] [WARNING]    Could not find a layer for device $54, class pfet_03v3, terminal B, net DAC_REF,VDD
[2026-09-10 00:24:58,043] [WARNING]    Could not find a layer for device $55, class pfet_03v3, terminal G, net DAC_REF,VDD
[2026-09-10 00:24:58,046] [WARNING]    Could not find a layer for device $55, class pfet_03v3, terminal B, net DAC_REF,VDD
[2026-09-10 00:24:58,048] [WARNING]    Could not find a layer for device $56, class pfet_03v3, terminal G, net DAC_REF,VDD
[2026-09-10 00:24:58,050] [WARNING]    Could not find a layer for device $56, class pfet_03v3, terminal B, net DAC_REF,VDD
[2026-09-10 00:24:58,053] [WARNING]    Could not find a layer for device $57, class pfet_03v3, terminal G, net DAC_REF,VDD
[2026-09-10 00:24:58,055] [WARNING]    Could not find a layer for device $57, class pfet_03v3, terminal B, net DAC_REF,VDD
[2026-09-10 00:24:58,059] [WARNING]    Could not find a layer for device $58, class pfet_03v3, terminal G, net DAC_REF,VDD
[2026-09-10 00:24:58,063] [WARNING]    Could not find a layer for device $58, class pfet_03v3, terminal B, net DAC_REF,VDD
[2026-09-10 00:24:58,066] [WARNING]    Could not find a layer for device $59, class pfet_03v3, terminal G, net DAC_REF,VDD
[2026-09-10 00:24:58,069] [WARNING]    Could not find a layer for device $59, class pfet_03v3, terminal B, net DAC_REF,VDD
[2026-09-10 00:24:58,071] [WARNING]    Could not find a layer for device $60, class pfet_03v3, terminal G, net DAC_REF,VDD
[2026-09-10 00:24:58,075] [WARNING]    Could not find a layer for device $60, class pfet_03v3, terminal B, net DAC_REF,VDD
[2026-09-10 00:24:58,078] [WARNING]    Could not find a layer for device $61, class pfet_03v3, terminal G, net DAC_REF,VDD
[2026-09-10 00:24:58,081] [WARNING]    Could not find a layer for device $61, class pfet_03v3, terminal B, net DAC_REF,VDD
[2026-09-10 00:24:58,083] [WARNING]    Could not find a layer for device $62, class pfet_03v3, terminal G, net DAC_REF,VDD
[2026-09-10 00:24:58,085] [WARNING]    Could not find a layer for device $62, class pfet_03v3, terminal B, net DAC_REF,VDD
[2026-09-10 00:24:58,088] [WARNING]    Could not find a layer for device $63, class pfet_03v3, terminal G, net DAC_REF,VDD
[2026-09-10 00:24:58,091] [WARNING]    Could not find a layer for device $63, class pfet_03v3, terminal B, net DAC_REF,VDD
[2026-09-10 00:24:58,094] [WARNING]    Could not find a layer for device $64, class pfet_03v3, terminal G, net b[4]
[2026-09-10 00:24:58,096] [WARNING]    Could not find a layer for device $64, class pfet_03v3, terminal B, net DAC_REF,VDD
[2026-09-10 00:24:58,098] [WARNING]    Could not find a layer for device $65, class pfet_03v3, terminal G, net b[4]
[2026-09-10 00:24:58,100] [WARNING]    Could not find a layer for device $65, class pfet_03v3, terminal B, net DAC_REF,VDD
[2026-09-10 00:24:58,102] [WARNING]    Could not find a layer for device $66, class pfet_03v3, terminal G, net b[4]
[2026-09-10 00:24:58,105] [WARNING]    Could not find a layer for device $66, class pfet_03v3, terminal B, net DAC_REF,VDD
[2026-09-10 00:24:58,108] [WARNING]    Could not find a layer for device $67, class pfet_03v3, terminal G, net b[4]
[2026-09-10 00:24:58,111] [WARNING]    Could not find a layer for device $67, class pfet_03v3, terminal B, net DAC_REF,VDD
[2026-09-10 00:24:58,113] [WARNING]    Could not find a layer for device $68, class pfet_03v3, terminal G, net b[3]
[2026-09-10 00:24:58,115] [WARNING]    Could not find a layer for device $68, class pfet_03v3, terminal B, net DAC_REF,VDD
[2026-09-10 00:24:58,116] [WARNING]    Could not find a layer for device $69, class pfet_03v3, terminal G, net b[3]
[2026-09-10 00:24:58,118] [WARNING]    Could not find a layer for device $69, class pfet_03v3, terminal B, net DAC_REF,VDD
[2026-09-10 00:24:58,120] [WARNING]    Could not find a layer for device $70, class pfet_03v3, terminal G, net b[2]
[2026-09-10 00:24:58,122] [WARNING]    Could not find a layer for device $70, class pfet_03v3, terminal B, net DAC_REF,VDD
[2026-09-10 00:24:58,125] [WARNING]    Could not find a layer for device $71, class pfet_03v3, terminal G, net b[1]
[2026-09-10 00:24:58,128] [WARNING]    Could not find a layer for device $71, class pfet_03v3, terminal B, net DAC_REF,VDD
[2026-09-10 00:24:58,130] [WARNING]    Could not find a layer for device $72, class pfet_03v3, terminal G, net b[4]
[2026-09-10 00:24:58,132] [WARNING]    Could not find a layer for device $72, class pfet_03v3, terminal B, net DAC_REF,VDD
[2026-09-10 00:24:58,133] [WARNING]    Could not find a layer for device $73, class pfet_03v3, terminal G, net b[4]
[2026-09-10 00:24:58,135] [WARNING]    Could not find a layer for device $73, class pfet_03v3, terminal B, net DAC_REF,VDD
[2026-09-10 00:24:58,136] [WARNING]    Could not find a layer for device $74, class pfet_03v3, terminal G, net b[4]
[2026-09-10 00:24:58,139] [WARNING]    Could not find a layer for device $74, class pfet_03v3, terminal B, net DAC_REF,VDD
[2026-09-10 00:24:58,142] [WARNING]    Could not find a layer for device $75, class pfet_03v3, terminal G, net b[4]
[2026-09-10 00:24:58,145] [WARNING]    Could not find a layer for device $75, class pfet_03v3, terminal B, net DAC_REF,VDD
[2026-09-10 00:24:58,147] [WARNING]    Could not find a layer for device $76, class pfet_03v3, terminal G, net b[3]
[2026-09-10 00:24:58,149] [WARNING]    Could not find a layer for device $76, class pfet_03v3, terminal B, net DAC_REF,VDD
[2026-09-10 00:24:58,151] [WARNING]    Could not find a layer for device $77, class pfet_03v3, terminal G, net b[3]
[2026-09-10 00:24:58,153] [WARNING]    Could not find a layer for device $77, class pfet_03v3, terminal B, net DAC_REF,VDD
[2026-09-10 00:24:58,155] [WARNING]    Could not find a layer for device $78, class pfet_03v3, terminal G, net b[2]
[2026-09-10 00:24:58,158] [WARNING]    Could not find a layer for device $78, class pfet_03v3, terminal B, net DAC_REF,VDD
[2026-09-10 00:24:58,160] [WARNING]    Could not find a layer for device $79, class pfet_03v3, terminal G, net b[4]
[2026-09-10 00:24:58,162] [WARNING]    Could not find a layer for device $79, class pfet_03v3, terminal B, net DAC_REF,VDD
[2026-09-10 00:24:58,164] [WARNING]    Could not find a layer for device $80, class pfet_03v3, terminal G, net b[4]
[2026-09-10 00:24:58,166] [WARNING]    Could not find a layer for device $80, class pfet_03v3, terminal B, net DAC_REF,VDD
[2026-09-10 00:24:58,167] [WARNING]    Could not find a layer for device $81, class pfet_03v3, terminal G, net b[4]
[2026-09-10 00:24:58,170] [WARNING]    Could not find a layer for device $81, class pfet_03v3, terminal B, net DAC_REF,VDD
[2026-09-10 00:24:58,172] [WARNING]    Could not find a layer for device $82, class pfet_03v3, terminal G, net b[4]
[2026-09-10 00:24:58,176] [WARNING]    Could not find a layer for device $82, class pfet_03v3, terminal B, net DAC_REF,VDD
[2026-09-10 00:24:58,178] [WARNING]    Could not find a layer for device $83, class pfet_03v3, terminal G, net b[3]
[2026-09-10 00:24:58,181] [WARNING]    Could not find a layer for device $83, class pfet_03v3, terminal B, net DAC_REF,VDD
[2026-09-10 00:24:58,182] [WARNING]    Could not find a layer for device $84, class pfet_03v3, terminal G, net b[3]
[2026-09-10 00:24:58,184] [WARNING]    Could not find a layer for device $84, class pfet_03v3, terminal B, net DAC_REF,VDD
[2026-09-10 00:24:58,186] [WARNING]    Could not find a layer for device $85, class pfet_03v3, terminal G, net b[2]
[2026-09-10 00:24:58,188] [WARNING]    Could not find a layer for device $85, class pfet_03v3, terminal B, net DAC_REF,VDD
[2026-09-10 00:24:58,191] [WARNING]    Could not find a layer for device $86, class pfet_03v3, terminal G, net b[1]
[2026-09-10 00:24:58,194] [WARNING]    Could not find a layer for device $86, class pfet_03v3, terminal B, net DAC_REF,VDD
[2026-09-10 00:24:58,196] [WARNING]    Could not find a layer for device $87, class pfet_03v3, terminal G, net b[1]
[2026-09-10 00:24:58,198] [WARNING]    Could not find a layer for device $87, class pfet_03v3, terminal B, net DAC_REF,VDD
[2026-09-10 00:24:58,199] [WARNING]    Could not find a layer for device $88, class pfet_03v3, terminal G, net b[4]
[2026-09-10 00:24:58,201] [WARNING]    Could not find a layer for device $88, class pfet_03v3, terminal B, net DAC_REF,VDD
[2026-09-10 00:24:58,202] [WARNING]    Could not find a layer for device $89, class pfet_03v3, terminal G, net b[4]
[2026-09-10 00:24:58,204] [WARNING]    Could not find a layer for device $89, class pfet_03v3, terminal B, net DAC_REF,VDD
[2026-09-10 00:24:58,206] [WARNING]    Could not find a layer for device $90, class pfet_03v3, terminal G, net b[4]
[2026-09-10 00:24:58,209] [WARNING]    Could not find a layer for device $90, class pfet_03v3, terminal B, net DAC_REF,VDD
[2026-09-10 00:24:58,211] [WARNING]    Could not find a layer for device $91, class pfet_03v3, terminal G, net b[4]
[2026-09-10 00:24:58,213] [WARNING]    Could not find a layer for device $91, class pfet_03v3, terminal B, net DAC_REF,VDD
[2026-09-10 00:24:58,215] [WARNING]    Could not find a layer for device $92, class pfet_03v3, terminal G, net b[3]
[2026-09-10 00:24:58,217] [WARNING]    Could not find a layer for device $92, class pfet_03v3, terminal B, net DAC_REF,VDD
[2026-09-10 00:24:58,218] [WARNING]    Could not find a layer for device $93, class pfet_03v3, terminal G, net b[3]
[2026-09-10 00:24:58,221] [WARNING]    Could not find a layer for device $93, class pfet_03v3, terminal B, net DAC_REF,VDD
[2026-09-10 00:24:58,223] [WARNING]    Could not find a layer for device $94, class pfet_03v3, terminal G, net b[2]
[2026-09-10 00:24:58,227] [WARNING]    Could not find a layer for device $94, class pfet_03v3, terminal B, net DAC_REF,VDD
[2026-09-10 00:24:58,228] [WARNING]    Could not find a layer for device $95, class pfet_03v3, terminal G, net b[0]
[2026-09-10 00:24:58,230] [WARNING]    Could not find a layer for device $95, class pfet_03v3, terminal B, net DAC_REF,VDD
[2026-09-10 00:24:58,907] [SUBPROCESS]    Device;Net1;Net2;Capacitance [fF];Resistance [Ω]
[2026-09-10 00:24:58,908] [SUBPROCESS]    C1;$10;$13;1.666;
[2026-09-10 00:24:58,909] [SUBPROCESS]    C2;$10;$14;0.249;
[2026-09-10 00:24:58,909] [SUBPROCESS]    C3;$10;$26;3.266;
[2026-09-10 00:24:58,910] [SUBPROCESS]    C4;$10;$7;0.58;
[2026-09-10 00:24:58,911] [SUBPROCESS]    C5;$10;b[0];0.003;
[2026-09-10 00:24:58,911] [SUBPROCESS]    C6;$10;b[2];0.439;
[2026-09-10 00:24:58,912] [SUBPROCESS]    C7;$10;b[3];2.105;
[2026-09-10 00:24:58,912] [SUBPROCESS]    C8;$10;b[4];0.012;
[2026-09-10 00:24:58,913] [SUBPROCESS]    C9;$10;DAC_REF,VDD;7.524;
[2026-09-10 00:24:58,913] [SUBPROCESS]    C10;$10;I_DAC;0.807;
[2026-09-10 00:24:58,914] [SUBPROCESS]    C11;$10;VSUBS;7.025;
[2026-09-10 00:24:58,914] [SUBPROCESS]    C12;$13;$14;2.935;
[2026-09-10 00:24:58,915] [SUBPROCESS]    C13;$13;$26;0.491;
[2026-09-10 00:24:58,915] [SUBPROCESS]    C14;$13;$7;0.097;
[2026-09-10 00:24:58,916] [SUBPROCESS]    C15;$13;b[0];0.117;
[2026-09-10 00:24:58,916] [SUBPROCESS]    C16;$13;b[1];0.326;
[2026-09-10 00:24:58,917] [SUBPROCESS]    C17;$13;b[2];0.525;
[2026-09-10 00:24:58,917] [SUBPROCESS]    C18;$13;DAC_REF,VDD;4.049;
[2026-09-10 00:24:58,918] [SUBPROCESS]    C19;$13;I_DAC;0.361;
[2026-09-10 00:24:58,918] [SUBPROCESS]    C20;$13;VSUBS;3.139;
[2026-09-10 00:24:58,918] [SUBPROCESS]    C21;$14;$26;0.351;
[2026-09-10 00:24:58,919] [SUBPROCESS]    C22;$14;$7;1.178;
[2026-09-10 00:24:58,919] [SUBPROCESS]    C23;$14;b[0];0.14;
[2026-09-10 00:24:58,920] [SUBPROCESS]    C24;$14;b[1];0.126;
[2026-09-10 00:24:58,920] [SUBPROCESS]    C25;$14;DAC_REF,VDD;2.214;
[2026-09-10 00:24:58,920] [SUBPROCESS]    C26;$14;I_DAC;0.329;
[2026-09-10 00:24:58,921] [SUBPROCESS]    C27;$14;VSUBS;1.745;
[2026-09-10 00:24:58,921] [SUBPROCESS]    C28;$26;$7;0.33;
[2026-09-10 00:24:58,922] [SUBPROCESS]    C29;$26;b[3];0.073;
[2026-09-10 00:24:58,922] [SUBPROCESS]    C30;$26;b[4];3.887;
[2026-09-10 00:24:58,923] [SUBPROCESS]    C31;$26;DAC_REF,VDD;10.507;
[2026-09-10 00:24:58,923] [SUBPROCESS]    C32;$26;I_DAC;1.326;
[2026-09-10 00:24:58,923] [SUBPROCESS]    C33;$26;VSUBS;9.827;
[2026-09-10 00:24:58,924] [SUBPROCESS]    C34;$7;b[0];0.299;
[2026-09-10 00:24:58,924] [SUBPROCESS]    C35;$7;DAC_REF,VDD;1.186;
[2026-09-10 00:24:58,925] [SUBPROCESS]    C36;$7;I_DAC;0.054;
[2026-09-10 00:24:58,925] [SUBPROCESS]    C37;$7;VSUBS;1.717;
[2026-09-10 00:24:58,926] [SUBPROCESS]    C38;b[0];b[1];0.05;
[2026-09-10 00:24:58,927] [SUBPROCESS]    C39;b[0];b[2];0.016;
[2026-09-10 00:24:58,927] [SUBPROCESS]    C40;b[1];b[2];0.062;
[2026-09-10 00:24:58,928] [SUBPROCESS]    C41;b[1];b[3];0.0;
[2026-09-10 00:24:58,928] [SUBPROCESS]    C42;b[2];b[3];0.079;
[2026-09-10 00:24:58,929] [SUBPROCESS]    C43;b[3];b[4];0.252;
[2026-09-10 00:24:58,929] [SUBPROCESS]    C44;DAC_REF,VDD;b[0];2.273;
[2026-09-10 00:24:58,930] [SUBPROCESS]    C45;DAC_REF,VDD;b[1];0.11;
[2026-09-10 00:24:58,930] [SUBPROCESS]    C46;DAC_REF,VDD;b[2];0.137;
[2026-09-10 00:24:58,930] [SUBPROCESS]    C47;DAC_REF,VDD;b[3];0.228;
[2026-09-10 00:24:58,931] [SUBPROCESS]    C48;DAC_REF,VDD;b[4];0.779;
[2026-09-10 00:24:58,931] [SUBPROCESS]    C49;DAC_REF,VDD;I_DAC;1.187;
[2026-09-10 00:24:58,932] [SUBPROCESS]    C50;DAC_REF,VDD;VSUBS;50.91;
[2026-09-10 00:24:58,932] [SUBPROCESS]    C51;I_DAC;b[0];1.153;
[2026-09-10 00:24:58,932] [SUBPROCESS]    C52;I_DAC;b[1];0.66;
[2026-09-10 00:24:58,933] [SUBPROCESS]    C53;I_DAC;b[2];0.794;
[2026-09-10 00:24:58,933] [SUBPROCESS]    C54;I_DAC;b[3];1.625;
[2026-09-10 00:24:58,934] [SUBPROCESS]    C55;I_DAC;b[4];3.571;
[2026-09-10 00:24:58,934] [SUBPROCESS]    C56;I_DAC;VSUBS;3.647;
[2026-09-10 00:24:58,935] [SUBPROCESS]    C57;VSUBS;b[0];0.693;
[2026-09-10 00:24:58,935] [SUBPROCESS]    C58;VSUBS;b[1];0.413;
[2026-09-10 00:24:58,936] [SUBPROCESS]    C59;VSUBS;b[2];0.45;
[2026-09-10 00:24:58,936] [SUBPROCESS]    C60;VSUBS;b[3];0.952;
[2026-09-10 00:24:58,937] [SUBPROCESS]    C61;VSUBS;b[4];2.063;
[2026-09-10 00:24:58,938] [SUBPROCESS]    /foss/designs/DAC_CORE_5bit/output/DAC_CORE_5bit__DAC_CORE_5bit/DAC_CORE_5bit_k25d_pex_netlist.csv
[2026-09-10 00:24:58,945] [SUBPROCESS]    Wrote expanded netlist to: /foss/designs/DAC_CORE_5bit/output/DAC_CORE_5bit__DAC_CORE_5bit/DAC_CORE_5bit_k25d_pex_netlist.spice
[2026-09-10 00:24:58,948] [INFO]    Copied expanded SPICE netlist to: DAC_CORE_5bit.pex.spice
