[2026-09-10 00:26:12,504] [INFO]    GDS input file passed, running in LVS mode
[2026-09-10 00:26:12,506] [INFO]    Found cell DAC_CORE_5bit in GDS DAC_CORE_5bit.klay.gds (only top cell)
[2026-09-10 00:26:12,507] [INFO]    LVS input schematic not specified (argument --schematic), using dummy schematic
[2026-09-10 00:26:12,512] [INFO]    Cache miss: extracted LVSDB is older than the input GDS
[2026-09-10 00:26:12,513] [SUBPROCESS]    output/.kpex_cache/gf180mcuD/foss/designs/DAC_CORE_5bit/DAC_CORE_5bit.klay.gds/DAC_CORE_5bit.lvsdb.gz
[2026-09-10 00:26:12,514] [SUBPROCESS]    klayout -b -r /usr/local/lib/python3.12/dist-packages/klayout_pex/pdk/gf180mcuD/libs.tech/kpex/gf180mcu.lvs -rd input=/foss/designs/DAC_CORE_5bit/DAC_CORE_5bit.klay.gds -rd report=/foss/designs/DAC_CORE_5bit/output/DAC_CORE_5bit__DAC_CORE_5bit/DAC_CORE_5bit.lvsdb.gz -rd schematic=/foss/designs/DAC_CORE_5bit/output/DAC_CORE_5bit__DAC_CORE_5bit/DAC_CORE_5bit_dummy_schematic.spice -rd thr=22 -rd run_mode=deep -rd spice_net_names=true -rd spice_comments=false -rd scale=false -rd verbose=false -rd schematic_simplify=false -rd net_only=false -rd top_lvl_pins=true -rd combine=false -rd combine_devices=false -rd purge=false -rd purge_nets=false -rd no_simplify=true
[2026-09-10 00:26:12,515] [SUBPROCESS]    output/DAC_CORE_5bit__DAC_CORE_5bit/DAC_CORE_5bit_lvs.log
[2026-09-10 00:26:14,641] [SUBPROCESS]    2026-09-10 00:26:14 +0200: Memory Usage (674576K) : Starting running GF180MCU Klayout LVS runset on /foss/designs/DAC_CORE_5bit/DAC_CORE_5bit.klay.gds
[2026-09-10 00:26:14,649] [SUBPROCESS]    2026-09-10 00:26:14 +0200: Memory Usage (674576K) : Ruby Version for klayout: 3.2.3
[2026-09-10 00:26:14,654] [SUBPROCESS]    2026-09-10 00:26:14 +0200: Memory Usage (674576K) : Loading database to memory is complete.
[2026-09-10 00:26:14,660] [SUBPROCESS]    2026-09-10 00:26:14 +0200: Memory Usage (674576K) : GF180MCU Klayout LVS runset output at: /foss/designs/DAC_CORE_5bit/output/DAC_CORE_5bit__DAC_CORE_5bit/DAC_CORE_5bit.lvsdb.gz
[2026-09-10 00:26:14,666] [SUBPROCESS]    2026-09-10 00:26:14 +0200: Memory Usage (674576K) : Evaluate switches.
[2026-09-10 00:26:14,672] [SUBPROCESS]    2026-09-10 00:26:14 +0200: Memory Usage (674576K) : Substrate name used: 
[2026-09-10 00:26:14,679] [SUBPROCESS]    2026-09-10 00:26:14 +0200: Memory Usage (674576K) : Extracted netlist with net names: true
[2026-09-10 00:26:14,686] [SUBPROCESS]    2026-09-10 00:26:14 +0200: Memory Usage (674576K) : Extracted netlist with comments in details: false
[2026-09-10 00:26:14,693] [SUBPROCESS]    2026-09-10 00:26:14 +0200: Memory Usage (674576K) : GF180MCU Klayout LVS extracted netlist file at: DAC_CORE_5bit_extracted.cir
[2026-09-10 00:26:14,700] [SUBPROCESS]    2026-09-10 00:26:14 +0200: Memory Usage (674576K) : LVS device_scaling option: false
[2026-09-10 00:26:14,706] [SUBPROCESS]    2026-09-10 00:26:14 +0200: Memory Usage (674576K) : Selected SCH_SIMPLE option: false
[2026-09-10 00:26:14,713] [SUBPROCESS]    2026-09-10 00:26:14 +0200: Memory Usage (674576K) : Selected NET_ONLY option: false
[2026-09-10 00:26:14,720] [SUBPROCESS]    2026-09-10 00:26:14 +0200: Memory Usage (674576K) : Selected TOP_LVL_PINS option: true
[2026-09-10 00:26:14,730] [SUBPROCESS]    2026-09-10 00:26:14 +0200: Memory Usage (674576K) : Selected COMBINE option: false
[2026-09-10 00:26:14,736] [SUBPROCESS]    2026-09-10 00:26:14 +0200: Memory Usage (674576K) : Selected PURGE option: false
[2026-09-10 00:26:14,742] [SUBPROCESS]    2026-09-10 00:26:14 +0200: Memory Usage (674576K) : Selected PURGE_NETS option: false
[2026-09-10 00:26:14,748] [SUBPROCESS]    2026-09-10 00:26:14 +0200: Memory Usage (674576K) : Selected SIMPLIFY option: false
[2026-09-10 00:26:14,755] [SUBPROCESS]    2026-09-10 00:26:14 +0200: Memory Usage (674576K) : Verbose mode: false
[2026-09-10 00:26:14,764] [SUBPROCESS]    2026-09-10 00:26:14 +0200: Memory Usage (674576K) : deep  mode is enabled.
[2026-09-10 00:26:14,772] [SUBPROCESS]    2026-09-10 00:26:14 +0200: Memory Usage (674576K) : METAL_TOP Selected is 9K
[2026-09-10 00:26:14,779] [SUBPROCESS]    2026-09-10 00:26:14 +0200: Memory Usage (674576K) : METAL_STACK Selected is 6LM
[2026-09-10 00:26:14,785] [SUBPROCESS]    2026-09-10 00:26:14 +0200: Memory Usage (674576K) : POLY_RES Selected is 1k
[2026-09-10 00:26:14,791] [SUBPROCESS]    2026-09-10 00:26:14 +0200: Memory Usage (674576K) : MIM Option selected: B
[2026-09-10 00:26:14,799] [SUBPROCESS]    2026-09-10 00:26:14 +0200: Memory Usage (674576K) : MIM CAP selected: 2
[2026-09-10 00:26:14,806] [SUBPROCESS]    2026-09-10 00:26:14 +0200: Memory Usage (674576K) : Netlist file: /foss/designs/DAC_CORE_5bit/output/DAC_CORE_5bit__DAC_CORE_5bit/DAC_CORE_5bit_dummy_schematic.spice
[2026-09-10 00:26:14,814] [SUBPROCESS]    2026-09-10 00:26:14 +0200: Memory Usage (674576K) : Read in polygons from layers.
[2026-09-10 00:26:14,822] [SUBPROCESS]    2026-09-10 00:26:14 +0200: Memory Usage (674576K) : comp has 649 polygons
[2026-09-10 00:26:14,831] [SUBPROCESS]    2026-09-10 00:26:14 +0200: Memory Usage (674576K) : dnwell has 0 polygons
[2026-09-10 00:26:14,840] [SUBPROCESS]    2026-09-10 00:26:14 +0200: Memory Usage (674576K) : nwell has 651 polygons
[2026-09-10 00:26:14,849] [SUBPROCESS]    2026-09-10 00:26:14 +0200: Memory Usage (674576K) : lvpwell has 0 polygons
[2026-09-10 00:26:14,857] [SUBPROCESS]    2026-09-10 00:26:14 +0200: Memory Usage (674576K) : dualgate has 0 polygons
[2026-09-10 00:26:14,865] [SUBPROCESS]    2026-09-10 00:26:14 +0200: Memory Usage (674576K) : poly2 has 231 polygons
[2026-09-10 00:26:14,873] [SUBPROCESS]    2026-09-10 00:26:14 +0200: Memory Usage (674576K) : nplus has 554 polygons
[2026-09-10 00:26:14,881] [SUBPROCESS]    2026-09-10 00:26:14 +0200: Memory Usage (674576K) : pplus has 95 polygons
[2026-09-10 00:26:14,890] [SUBPROCESS]    2026-09-10 00:26:14 +0200: Memory Usage (674576K) : sab has 0 polygons
[2026-09-10 00:26:14,898] [SUBPROCESS]    2026-09-10 00:26:14 +0200: Memory Usage (674576K) : esd has 0 polygons
[2026-09-10 00:26:14,906] [SUBPROCESS]    2026-09-10 00:26:14 +0200: Memory Usage (674576K) : resistor has 0 polygons
[2026-09-10 00:26:14,913] [SUBPROCESS]    2026-09-10 00:26:14 +0200: Memory Usage (674576K) : fhres has 0 polygons
[2026-09-10 00:26:14,922] [SUBPROCESS]    2026-09-10 00:26:14 +0200: Memory Usage (674576K) : fusetop has 0 polygons
[2026-09-10 00:26:14,930] [SUBPROCESS]    2026-09-10 00:26:14 +0200: Memory Usage (674576K) : fusewindow_d has 0 polygons
[2026-09-10 00:26:14,937] [SUBPROCESS]    2026-09-10 00:26:14 +0200: Memory Usage (674576K) : polyfuse has 0 polygons
[2026-09-10 00:26:14,944] [SUBPROCESS]    2026-09-10 00:26:14 +0200: Memory Usage (674576K) : mvsd has 0 polygons
[2026-09-10 00:26:14,953] [SUBPROCESS]    2026-09-10 00:26:14 +0200: Memory Usage (675092K) : mvpsd has 0 polygons
[2026-09-10 00:26:14,961] [SUBPROCESS]    2026-09-10 00:26:14 +0200: Memory Usage (675092K) : nat has 0 polygons
[2026-09-10 00:26:14,971] [SUBPROCESS]    2026-09-10 00:26:14 +0200: Memory Usage (675092K) : comp_dummy has 0 polygons
[2026-09-10 00:26:14,979] [SUBPROCESS]    2026-09-10 00:26:14 +0200: Memory Usage (675092K) : poly2_dummy has 0 polygons
[2026-09-10 00:26:14,987] [SUBPROCESS]    2026-09-10 00:26:14 +0200: Memory Usage (675092K) : schottky_diode has 0 polygons
[2026-09-10 00:26:14,996] [SUBPROCESS]    2026-09-10 00:26:14 +0200: Memory Usage (675092K) : zener has 0 polygons
[2026-09-10 00:26:15,006] [SUBPROCESS]    2026-09-10 00:26:14 +0200: Memory Usage (675092K) : res_mk has 0 polygons
[2026-09-10 00:26:15,013] [SUBPROCESS]    2026-09-10 00:26:15 +0200: Memory Usage (675092K) : opc_drc has 0 polygons
[2026-09-10 00:26:15,021] [SUBPROCESS]    2026-09-10 00:26:15 +0200: Memory Usage (675092K) : ndmy has 0 polygons
[2026-09-10 00:26:15,030] [SUBPROCESS]    2026-09-10 00:26:15 +0200: Memory Usage (675092K) : pmndmy has 0 polygons
[2026-09-10 00:26:15,037] [SUBPROCESS]    2026-09-10 00:26:15 +0200: Memory Usage (675500K) : v5_xtor has 0 polygons
[2026-09-10 00:26:15,046] [SUBPROCESS]    2026-09-10 00:26:15 +0200: Memory Usage (675500K) : cap_mk has 0 polygons
[2026-09-10 00:26:15,054] [SUBPROCESS]    2026-09-10 00:26:15 +0200: Memory Usage (675500K) : mos_cap_mk has 0 polygons
[2026-09-10 00:26:15,061] [SUBPROCESS]    2026-09-10 00:26:15 +0200: Memory Usage (675500K) : ind_mk has 0 polygons
[2026-09-10 00:26:15,069] [SUBPROCESS]    2026-09-10 00:26:15 +0200: Memory Usage (675500K) : diode_mk has 0 polygons
[2026-09-10 00:26:15,077] [SUBPROCESS]    2026-09-10 00:26:15 +0200: Memory Usage (675500K) : drc_bjt has 0 polygons
[2026-09-10 00:26:15,088] [SUBPROCESS]    2026-09-10 00:26:15 +0200: Memory Usage (675500K) : lvs_bjt has 0 polygons
[2026-09-10 00:26:15,095] [SUBPROCESS]    2026-09-10 00:26:15 +0200: Memory Usage (675928K) : mim_l_mk has 0 polygons
[2026-09-10 00:26:15,103] [SUBPROCESS]    2026-09-10 00:26:15 +0200: Memory Usage (675928K) : latchup_mk has 0 polygons
[2026-09-10 00:26:15,110] [SUBPROCESS]    2026-09-10 00:26:15 +0200: Memory Usage (675928K) : guard_ring_mk has 0 polygons
[2026-09-10 00:26:15,139] [SUBPROCESS]    2026-09-10 00:26:15 +0200: Memory Usage (675928K) : otp_mk has 0 polygons
[2026-09-10 00:26:15,146] [SUBPROCESS]    2026-09-10 00:26:15 +0200: Memory Usage (675928K) : mtpmark has 0 polygons
[2026-09-10 00:26:15,153] [SUBPROCESS]    2026-09-10 00:26:15 +0200: Memory Usage (675928K) : neo_ee_mk has 0 polygons
[2026-09-10 00:26:15,163] [SUBPROCESS]    2026-09-10 00:26:15 +0200: Memory Usage (675928K) : sramcore has 0 polygons
[2026-09-10 00:26:15,170] [SUBPROCESS]    2026-09-10 00:26:15 +0200: Memory Usage (675928K) : lvs_rf has 0 polygons
[2026-09-10 00:26:15,178] [SUBPROCESS]    2026-09-10 00:26:15 +0200: Memory Usage (675928K) : lvs_drain has 0 polygons
[2026-09-10 00:26:15,186] [SUBPROCESS]    2026-09-10 00:26:15 +0200: Memory Usage (675928K) : ind_mk has 0 polygons
[2026-09-10 00:26:15,194] [SUBPROCESS]    2026-09-10 00:26:15 +0200: Memory Usage (675928K) : hvpolyrs has 0 polygons
[2026-09-10 00:26:15,204] [SUBPROCESS]    2026-09-10 00:26:15 +0200: Memory Usage (675928K) : lvs_io has 0 polygons
[2026-09-10 00:26:15,213] [SUBPROCESS]    2026-09-10 00:26:15 +0200: Memory Usage (675928K) : probe_mk has 0 polygons
[2026-09-10 00:26:15,221] [SUBPROCESS]    2026-09-10 00:26:15 +0200: Memory Usage (675928K) : esd_mk has 0 polygons
[2026-09-10 00:26:15,229] [SUBPROCESS]    2026-09-10 00:26:15 +0200: Memory Usage (675928K) : lvs_source has 0 polygons
[2026-09-10 00:26:15,237] [SUBPROCESS]    2026-09-10 00:26:15 +0200: Memory Usage (675928K) : well_diode_mk has 0 polygons
[2026-09-10 00:26:15,247] [SUBPROCESS]    2026-09-10 00:26:15 +0200: Memory Usage (675928K) : ldmos_xtor has 0 polygons
[2026-09-10 00:26:15,254] [SUBPROCESS]    2026-09-10 00:26:15 +0200: Memory Usage (675928K) : plfuse has 0 polygons
[2026-09-10 00:26:15,262] [SUBPROCESS]    2026-09-10 00:26:15 +0200: Memory Usage (675928K) : efuse_mk has 0 polygons
[2026-09-10 00:26:15,269] [SUBPROCESS]    2026-09-10 00:26:15 +0200: Memory Usage (675928K) : mcell_feol_mk has 0 polygons
[2026-09-10 00:26:15,277] [SUBPROCESS]    2026-09-10 00:26:15 +0200: Memory Usage (675928K) : ymtp_mk has 0 polygons
[2026-09-10 00:26:15,287] [SUBPROCESS]    2026-09-10 00:26:15 +0200: Memory Usage (675928K) : dev_wf_mk has 0 polygons
[2026-09-10 00:26:15,294] [SUBPROCESS]    2026-09-10 00:26:15 +0200: Memory Usage (675928K) : comp_label has 0 polygons
[2026-09-10 00:26:15,303] [SUBPROCESS]    2026-09-10 00:26:15 +0200: Memory Usage (675928K) : poly2_label has 0 polygons
[2026-09-10 00:26:15,312] [SUBPROCESS]    2026-09-10 00:26:15 +0200: Memory Usage (675928K) : mdiode has 0 polygons
[2026-09-10 00:26:15,320] [SUBPROCESS]    2026-09-10 00:26:15 +0200: Memory Usage (675928K) : contact has 1034 polygons
[2026-09-10 00:26:15,329] [SUBPROCESS]    2026-09-10 00:26:15 +0200: Memory Usage (675928K) : metal1_drawn has 1056 polygons
[2026-09-10 00:26:15,338] [SUBPROCESS]    2026-09-10 00:26:15 +0200: Memory Usage (675928K) : metal1_dummy has 0 polygons
[2026-09-10 00:26:15,347] [SUBPROCESS]    2026-09-10 00:26:15 +0200: Memory Usage (675928K) : metal1_label has 1 polygons
[2026-09-10 00:26:15,355] [SUBPROCESS]    2026-09-10 00:26:15 +0200: Memory Usage (675928K) : metal1_slot has 0 polygons
[2026-09-10 00:26:15,364] [SUBPROCESS]    2026-09-10 00:26:15 +0200: Memory Usage (675928K) : metal1_blk has 0 polygons
[2026-09-10 00:26:15,373] [SUBPROCESS]    2026-09-10 00:26:15 +0200: Memory Usage (675928K) : metal1_res has 0 polygons
[2026-09-10 00:26:15,380] [SUBPROCESS]    2026-09-10 00:26:15 +0200: Memory Usage (675928K) : via1 has 106 polygons
[2026-09-10 00:26:15,388] [SUBPROCESS]    2026-09-10 00:26:15 +0200: Memory Usage (675928K) : metal2_drawn has 149 polygons
[2026-09-10 00:26:15,397] [SUBPROCESS]    2026-09-10 00:26:15 +0200: Memory Usage (675928K) : metal2_dummy has 0 polygons
[2026-09-10 00:26:15,406] [SUBPROCESS]    2026-09-10 00:26:15 +0200: Memory Usage (675928K) : metal2_label has 7 polygons
[2026-09-10 00:26:15,412] [SUBPROCESS]    2026-09-10 00:26:15 +0200: Memory Usage (675928K) : metal2_slot has 0 polygons
[2026-09-10 00:26:15,420] [SUBPROCESS]    2026-09-10 00:26:15 +0200: Memory Usage (675928K) : metal2_blk has 0 polygons
[2026-09-10 00:26:15,427] [SUBPROCESS]    2026-09-10 00:26:15 +0200: Memory Usage (675928K) : metal2_res has 0 polygons
[2026-09-10 00:26:15,436] [SUBPROCESS]    2026-09-10 00:26:15 +0200: Memory Usage (675928K) : via2 has 0 polygons
[2026-09-10 00:26:15,447] [SUBPROCESS]    2026-09-10 00:26:15 +0200: Memory Usage (675928K) : metal3_drawn has 0 polygons
[2026-09-10 00:26:15,455] [SUBPROCESS]    2026-09-10 00:26:15 +0200: Memory Usage (675928K) : metal3_dummy has 0 polygons
[2026-09-10 00:26:15,463] [SUBPROCESS]    2026-09-10 00:26:15 +0200: Memory Usage (675928K) : metal3_label has 0 polygons
[2026-09-10 00:26:15,471] [SUBPROCESS]    2026-09-10 00:26:15 +0200: Memory Usage (675928K) : metal3_slot has 0 polygons
[2026-09-10 00:26:15,477] [SUBPROCESS]    2026-09-10 00:26:15 +0200: Memory Usage (675928K) : metal3_blk has 0 polygons
[2026-09-10 00:26:15,486] [SUBPROCESS]    2026-09-10 00:26:15 +0200: Memory Usage (675928K) : metal3_res has 0 polygons
[2026-09-10 00:26:15,495] [SUBPROCESS]    2026-09-10 00:26:15 +0200: Memory Usage (675928K) : via3 has 0 polygons
[2026-09-10 00:26:15,503] [SUBPROCESS]    2026-09-10 00:26:15 +0200: Memory Usage (675928K) : metal4_drawn has 0 polygons
[2026-09-10 00:26:15,511] [SUBPROCESS]    2026-09-10 00:26:15 +0200: Memory Usage (675928K) : metal4_dummy has 0 polygons
[2026-09-10 00:26:15,520] [SUBPROCESS]    2026-09-10 00:26:15 +0200: Memory Usage (676332K) : metal4_label has 0 polygons
[2026-09-10 00:26:15,529] [SUBPROCESS]    2026-09-10 00:26:15 +0200: Memory Usage (676332K) : metal4_slot has 0 polygons
[2026-09-10 00:26:15,536] [SUBPROCESS]    2026-09-10 00:26:15 +0200: Memory Usage (676332K) : metal4_blk has 0 polygons
[2026-09-10 00:26:15,545] [SUBPROCESS]    2026-09-10 00:26:15 +0200: Memory Usage (676332K) : metal4_res has 0 polygons
[2026-09-10 00:26:15,552] [SUBPROCESS]    2026-09-10 00:26:15 +0200: Memory Usage (676332K) : via4 has 0 polygons
[2026-09-10 00:26:15,561] [SUBPROCESS]    2026-09-10 00:26:15 +0200: Memory Usage (676332K) : metal5_drawn has 0 polygons
[2026-09-10 00:26:15,570] [SUBPROCESS]    2026-09-10 00:26:15 +0200: Memory Usage (676748K) : metal5_dummy has 0 polygons
[2026-09-10 00:26:15,577] [SUBPROCESS]    2026-09-10 00:26:15 +0200: Memory Usage (676748K) : metal5_label has 0 polygons
[2026-09-10 00:26:15,585] [SUBPROCESS]    2026-09-10 00:26:15 +0200: Memory Usage (676748K) : metal5_slot has 0 polygons
[2026-09-10 00:26:15,593] [SUBPROCESS]    2026-09-10 00:26:15 +0200: Memory Usage (676748K) : metal5_blk has 0 polygons
[2026-09-10 00:26:15,601] [SUBPROCESS]    2026-09-10 00:26:15 +0200: Memory Usage (676748K) : metal5_res has 0 polygons
[2026-09-10 00:26:15,609] [SUBPROCESS]    2026-09-10 00:26:15 +0200: Memory Usage (676748K) : via5 has 0 polygons
[2026-09-10 00:26:15,617] [SUBPROCESS]    2026-09-10 00:26:15 +0200: Memory Usage (677156K) : metaltop_drawn has 0 polygons
[2026-09-10 00:26:15,626] [SUBPROCESS]    2026-09-10 00:26:15 +0200: Memory Usage (677156K) : metaltop_dummy has 0 polygons
[2026-09-10 00:26:15,633] [SUBPROCESS]    2026-09-10 00:26:15 +0200: Memory Usage (677156K) : metaltop_label has 0 polygons
[2026-09-10 00:26:15,658] [SUBPROCESS]    2026-09-10 00:26:15 +0200: Memory Usage (677156K) : metaltop_slot has 0 polygons
[2026-09-10 00:26:15,665] [SUBPROCESS]    2026-09-10 00:26:15 +0200: Memory Usage (677156K) : metaltop_blk has 0 polygons
[2026-09-10 00:26:15,672] [SUBPROCESS]    2026-09-10 00:26:15 +0200: Memory Usage (677156K) : metal6_res has 0 polygons
[2026-09-10 00:26:15,682] [SUBPROCESS]    2026-09-10 00:26:15 +0200: Memory Usage (677156K) : pad has 0 polygons
[2026-09-10 00:26:15,689] [SUBPROCESS]    2026-09-10 00:26:15 +0200: Memory Usage (677156K) : ubmpperi has 0 polygons
[2026-09-10 00:26:15,697] [SUBPROCESS]    2026-09-10 00:26:15 +0200: Memory Usage (677156K) : ubmparray has 0 polygons
[2026-09-10 00:26:15,705] [SUBPROCESS]    2026-09-10 00:26:15 +0200: Memory Usage (677156K) : ubmeplate has 0 polygons
[2026-09-10 00:26:15,712] [SUBPROCESS]    2026-09-10 00:26:15 +0200: Memory Usage (677156K) : pr_bndry has 0 polygons
[2026-09-10 00:26:15,718] [SUBPROCESS]    2026-09-10 00:26:15 +0200: Memory Usage (677156K) : border has 0 polygons
[2026-09-10 00:26:15,726] [SUBPROCESS]    2026-09-10 00:26:15 +0200: Memory Usage (677156K) : Total no. of polygons in the design is 4533
[2026-09-10 00:26:15,734] [SUBPROCESS]    2026-09-10 00:26:15 +0200: Memory Usage (677156K) : Starting deriving base layers.
[2026-09-10 00:26:15,740] [SUBPROCESS]    2026-09-10 00:26:15 +0200: Memory Usage (677156K) : Starting GF180MCU LVS runset
[2026-09-10 00:26:15,843] [SUBPROCESS]    2026-09-10 00:26:15 +0200: Memory Usage (677156K) : Starting base layers derivations
[2026-09-10 00:26:15,860] [SUBPROCESS]    2026-09-10 00:26:15 +0200: Memory Usage (825792K) : Starting MOSFET DERIVATIONS
[2026-09-10 00:26:15,896] [SUBPROCESS]    2026-09-10 00:26:15 +0200: Memory Usage (826548K) : Starting PMOS layers DERIVATIONS
[2026-09-10 00:26:15,939] [SUBPROCESS]    2026-09-10 00:26:15 +0200: Memory Usage (828440K) : Starting NMOS layers DERIVATIONS
[2026-09-10 00:26:15,946] [SUBPROCESS]    2026-09-10 00:26:15 +0200: Memory Usage (830728K) : Starting BJT DERIVATIONS
[2026-09-10 00:26:16,034] [SUBPROCESS]    2026-09-10 00:26:15 +0200: Memory Usage (830728K) : Starting vnpn layers DERIVATIONS
[2026-09-10 00:26:16,096] [SUBPROCESS]    2026-09-10 00:26:16 +0200: Memory Usage (836020K) : Starting vpnp layers DERIVATIONS
[2026-09-10 00:26:16,228] [SUBPROCESS]    2026-09-10 00:26:16 +0200: Memory Usage (837912K) : Starting DIODE DERIVATIONS
[2026-09-10 00:26:16,403] [SUBPROCESS]    2026-09-10 00:26:16 +0200: Memory Usage (838704K) : Starting RESISTOR DERIVATIONS
[2026-09-10 00:26:16,420] [SUBPROCESS]    2026-09-10 00:26:16 +0200: Memory Usage (838704K) : Starting MIMCAP DERIVATIONS
[2026-09-10 00:26:16,458] [SUBPROCESS]    2026-09-10 00:26:16 +0200: Memory Usage (838704K) : Starting MOSCAP DERIVATIONS
[2026-09-10 00:26:16,478] [SUBPROCESS]    2026-09-10 00:26:16 +0200: Memory Usage (838704K) : Starting MOS SAB DERIVATIONS
[2026-09-10 00:26:16,502] [SUBPROCESS]    2026-09-10 00:26:16 +0200: Memory Usage (838704K) : Starting PMOS SAB DERIVATIONS
[2026-09-10 00:26:16,531] [SUBPROCESS]    2026-09-10 00:26:16 +0200: Memory Usage (838704K) : Starting NMOS SAB DERIVATIONS
[2026-09-10 00:26:16,546] [SUBPROCESS]    2026-09-10 00:26:16 +0200: Memory Usage (839112K) : Starting NMOS EFUSE DERIVATIONS
[2026-09-10 00:26:16,553] [SUBPROCESS]    2026-09-10 00:26:16 +0200: Memory Usage (839488K) : Starting GF180 LVS connectivity setup
[2026-09-10 00:26:16,560] [SUBPROCESS]    2026-09-10 00:26:16 +0200: Memory Usage (839488K) : Starting GF180 LVS connectivity setup (Inter-layer)
[2026-09-10 00:26:16,567] [SUBPROCESS]    2026-09-10 00:26:16 +0200: Memory Usage (839488K) : Starting GF180 LVS connectivity setup (Global)
[2026-09-10 00:26:16,574] [SUBPROCESS]    2026-09-10 00:26:16 +0200: Memory Usage (839488K) : Starting GF180 LVS connectivity setup (Multifinger Devices)
[2026-09-10 00:26:16,579] [SUBPROCESS]    2026-09-10 00:26:16 +0200: Memory Usage (839488K) : Starting LVS MOSFET CONNECTIONS
[2026-09-10 00:26:16,587] [SUBPROCESS]    2026-09-10 00:26:16 +0200: Memory Usage (839488K) : Starting LVS BJT CONNECTIONS
[2026-09-10 00:26:16,595] [SUBPROCESS]    2026-09-10 00:26:16 +0200: Memory Usage (839488K) : Starting LVS DIODE CONNECTIONS
[2026-09-10 00:26:16,602] [SUBPROCESS]    2026-09-10 00:26:16 +0200: Memory Usage (839488K) : Starting LVS MIMCAP CONNECTIONS
[2026-09-10 00:26:16,609] [SUBPROCESS]    2026-09-10 00:26:16 +0200: Memory Usage (839488K) : Starting LVS RESISTOR CONNECTIONS
[2026-09-10 00:26:16,614] [SUBPROCESS]    2026-09-10 00:26:16 +0200: Memory Usage (839552K) : Starting LVS EFUSE CONNECTIONS
[2026-09-10 00:26:16,621] [SUBPROCESS]    2026-09-10 00:26:16 +0200: Memory Usage (839552K) : Starting GF180 LVS DEVICES EXTRACTION
[2026-09-10 00:26:16,628] [SUBPROCESS]    2026-09-10 00:26:16 +0200: Memory Usage (839552K) : Starting MOSFET EXTRACTION
[2026-09-10 00:26:16,635] [SUBPROCESS]    2026-09-10 00:26:16 +0200: Memory Usage (839552K) : Starting PMOS EXTRACTION
[2026-09-10 00:26:16,646] [SUBPROCESS]    2026-09-10 00:26:16 +0200: Memory Usage (839552K) : Extracting 3.3V PMOS transistor outside DNWEL
[2026-09-10 00:26:16,654] [SUBPROCESS]    2026-09-10 00:26:16 +0200: Memory Usage (839552K) : Extracting 5V PMOS transistor outside DNWELL
[2026-09-10 00:26:16,662] [SUBPROCESS]    2026-09-10 00:26:16 +0200: Memory Usage (839552K) : Extracting 6V PMOS transistor outside DNWELL
[2026-09-10 00:26:16,671] [SUBPROCESS]    2026-09-10 00:26:16 +0200: Memory Usage (839932K) : Extracting 3.3V PMOS transistor inside DNWELL
[2026-09-10 00:26:16,698] [SUBPROCESS]    2026-09-10 00:26:16 +0200: Memory Usage (839932K) : Extracting 5V PMOS transistor inside DNWELL
[2026-09-10 00:26:16,705] [SUBPROCESS]    2026-09-10 00:26:16 +0200: Memory Usage (839932K) : Extracting 6V PMOS transistor inside DNWELL
[2026-09-10 00:26:16,713] [SUBPROCESS]    2026-09-10 00:26:16 +0200: Memory Usage (839932K) : Extracting LDPMOS transistor
[2026-09-10 00:26:16,721] [SUBPROCESS]    2026-09-10 00:26:16 +0200: Memory Usage (839932K) : Starting NMOS EXTRACTION
[2026-09-10 00:26:16,728] [SUBPROCESS]    2026-09-10 00:26:16 +0200: Memory Usage (839932K) : 3.3V NMOS transistor outside DNWELL
[2026-09-10 00:26:16,736] [SUBPROCESS]    2026-09-10 00:26:16 +0200: Memory Usage (839932K) : 5V NMOS transistor outside DNWELL
[2026-09-10 00:26:16,744] [SUBPROCESS]    2026-09-10 00:26:16 +0200: Memory Usage (839932K) : 6V NMOS transistor outside DNWELL
[2026-09-10 00:26:16,754] [SUBPROCESS]    2026-09-10 00:26:16 +0200: Memory Usage (839932K) : 3.3V NMOS transistor inside DNWELL
[2026-09-10 00:26:16,762] [SUBPROCESS]    2026-09-10 00:26:16 +0200: Memory Usage (839932K) : 5V NMOS transistor inside DNWELL
[2026-09-10 00:26:16,771] [SUBPROCESS]    2026-09-10 00:26:16 +0200: Memory Usage (839932K) : 6V NMOS transistor inside DNWELL
[2026-09-10 00:26:16,778] [SUBPROCESS]    2026-09-10 00:26:16 +0200: Memory Usage (839932K) : Native Vt NMOS transistor
[2026-09-10 00:26:16,787] [SUBPROCESS]    2026-09-10 00:26:16 +0200: Memory Usage (839932K) : Extracting LDNMOS transistor
[2026-09-10 00:26:16,794] [SUBPROCESS]    2026-09-10 00:26:16 +0200: Memory Usage (839932K) : Starting BJT EXTRACTION
[2026-09-10 00:26:16,800] [SUBPROCESS]    2026-09-10 00:26:16 +0200: Memory Usage (839932K) : Starting vnpn BJT EXTRACTION
[2026-09-10 00:26:16,811] [SUBPROCESS]    2026-09-10 00:26:16 +0200: Memory Usage (839932K) : Extracting npn_10p00x10p00 BJT
[2026-09-10 00:26:16,823] [SUBPROCESS]    2026-09-10 00:26:16 +0200: Memory Usage (839932K) : Extracting npn_05p00x05p00 BJT
[2026-09-10 00:26:16,834] [SUBPROCESS]    2026-09-10 00:26:16 +0200: Memory Usage (839932K) : Extracting npn_00p54x16p00 BJT
[2026-09-10 00:26:16,845] [SUBPROCESS]    2026-09-10 00:26:16 +0200: Memory Usage (839932K) : Extracting npn_00p54x08p00 BJT
[2026-09-10 00:26:16,857] [SUBPROCESS]    2026-09-10 00:26:16 +0200: Memory Usage (839932K) : Extracting npn_00p54x04p00 BJT
[2026-09-10 00:26:16,867] [SUBPROCESS]    2026-09-10 00:26:16 +0200: Memory Usage (839932K) : Extracting npn_00p54x02p00 BJT
[2026-09-10 00:26:16,874] [SUBPROCESS]    2026-09-10 00:26:16 +0200: Memory Usage (839932K) : Starting vpnp BJT EXTRACTION
[2026-09-10 00:26:16,884] [SUBPROCESS]    2026-09-10 00:26:16 +0200: Memory Usage (839932K) : Extracting pnp_10p00x10p00 BJT
[2026-09-10 00:26:16,894] [SUBPROCESS]    2026-09-10 00:26:16 +0200: Memory Usage (839932K) : Extracting pnp_05p00x05p00 BJT
[2026-09-10 00:26:16,905] [SUBPROCESS]    2026-09-10 00:26:16 +0200: Memory Usage (839932K) : Extracting pnp_10p00x00p42 BJT
[2026-09-10 00:26:16,916] [SUBPROCESS]    2026-09-10 00:26:16 +0200: Memory Usage (839932K) : Extracting pnp_05p00x00p42 BJT
[2026-09-10 00:26:16,924] [SUBPROCESS]    2026-09-10 00:26:16 +0200: Memory Usage (839932K) : Starting DIODE EXTRACTION
[2026-09-10 00:26:16,931] [SUBPROCESS]    2026-09-10 00:26:16 +0200: Memory Usage (839932K) : Extracting diode_nd2ps_03v3 diode
[2026-09-10 00:26:16,939] [SUBPROCESS]    2026-09-10 00:26:16 +0200: Memory Usage (839932K) : Extracting diode_nd2ps_03v3_dn diode
[2026-09-10 00:26:16,946] [SUBPROCESS]    2026-09-10 00:26:16 +0200: Memory Usage (839932K) : Extracting diode_nd2ps_06v0 diode
[2026-09-10 00:26:16,955] [SUBPROCESS]    2026-09-10 00:26:16 +0200: Memory Usage (839932K) : Extracting diode_nd2ps_06v0_dn diode
[2026-09-10 00:26:16,965] [SUBPROCESS]    2026-09-10 00:26:16 +0200: Memory Usage (839932K) : Extracting diode_pd2nw_03v3 diode
[2026-09-10 00:26:16,972] [SUBPROCESS]    2026-09-10 00:26:16 +0200: Memory Usage (839932K) : Extractingdiode_pd2nw_03v3_dn diode
[2026-09-10 00:26:16,980] [SUBPROCESS]    2026-09-10 00:26:16 +0200: Memory Usage (839932K) : Extracting diode_pd2nw_06v0 diode
[2026-09-10 00:26:16,989] [SUBPROCESS]    2026-09-10 00:26:16 +0200: Memory Usage (839932K) : Extracting diode_pd2nw_06v0_dn diode
[2026-09-10 00:26:16,998] [SUBPROCESS]    2026-09-10 00:26:16 +0200: Memory Usage (839932K) : Extracting diode_nw2ps_03v3 diode
[2026-09-10 00:26:17,006] [SUBPROCESS]    2026-09-10 00:26:16 +0200: Memory Usage (839932K) : Extracting diode_nw2ps_06v0 diode
[2026-09-10 00:26:17,013] [SUBPROCESS]    2026-09-10 00:26:17 +0200: Memory Usage (839932K) : Extracting diode_pw2dw_03v3 diode
[2026-09-10 00:26:17,021] [SUBPROCESS]    2026-09-10 00:26:17 +0200: Memory Usage (839932K) : Extracting diode_pw2dw_06v0 diode
[2026-09-10 00:26:17,028] [SUBPROCESS]    2026-09-10 00:26:17 +0200: Memory Usage (839932K) : Extracting diode_dw2ps_03v3 diode
[2026-09-10 00:26:17,038] [SUBPROCESS]    2026-09-10 00:26:17 +0200: Memory Usage (839932K) : Extracting diode_dw2ps_06v0 diode
[2026-09-10 00:26:17,045] [SUBPROCESS]    2026-09-10 00:26:17 +0200: Memory Usage (839932K) : Extracting sc_diode diode
[2026-09-10 00:26:17,052] [SUBPROCESS]    2026-09-10 00:26:17 +0200: Memory Usage (839932K) : Starting RESISTOR EXTRACTION
[2026-09-10 00:26:17,060] [SUBPROCESS]    2026-09-10 00:26:17 +0200: Memory Usage (839932K) : Extracting NPLUS_U device
[2026-09-10 00:26:17,068] [SUBPROCESS]    2026-09-10 00:26:17 +0200: Memory Usage (839932K) : Extracting NPLUS_U_DW device
[2026-09-10 00:26:17,079] [SUBPROCESS]    2026-09-10 00:26:17 +0200: Memory Usage (839932K) : Extracting PPLUS_U device
[2026-09-10 00:26:17,088] [SUBPROCESS]    2026-09-10 00:26:17 +0200: Memory Usage (839932K) : Extracting PPLUS_U_DW device
[2026-09-10 00:26:17,095] [SUBPROCESS]    2026-09-10 00:26:17 +0200: Memory Usage (839932K) : Extracting NPLUS_S device
[2026-09-10 00:26:17,103] [SUBPROCESS]    2026-09-10 00:26:17 +0200: Memory Usage (839932K) : Extracting NPLUS_S_DW device
[2026-09-10 00:26:17,111] [SUBPROCESS]    2026-09-10 00:26:17 +0200: Memory Usage (839932K) : Extracting PPLUS_S device
[2026-09-10 00:26:17,121] [SUBPROCESS]    2026-09-10 00:26:17 +0200: Memory Usage (839932K) : Extracting PPLUS_S_DW device
[2026-09-10 00:26:17,129] [SUBPROCESS]    2026-09-10 00:26:17 +0200: Memory Usage (839932K) : Extracting NWELL device
[2026-09-10 00:26:17,137] [SUBPROCESS]    2026-09-10 00:26:17 +0200: Memory Usage (839932K) : Extracting PWELL device
[2026-09-10 00:26:17,146] [SUBPROCESS]    2026-09-10 00:26:17 +0200: Memory Usage (839932K) : Extracting NPOLYF_U device
[2026-09-10 00:26:17,156] [SUBPROCESS]    2026-09-10 00:26:17 +0200: Memory Usage (839932K) : Extracting NPOLYF_U_DW device
[2026-09-10 00:26:17,164] [SUBPROCESS]    2026-09-10 00:26:17 +0200: Memory Usage (839932K) : Extracting PPOLYF_U device
[2026-09-10 00:26:17,172] [SUBPROCESS]    2026-09-10 00:26:17 +0200: Memory Usage (839932K) : Extracting PPOLYF_U_DW device
[2026-09-10 00:26:17,180] [SUBPROCESS]    2026-09-10 00:26:17 +0200: Memory Usage (839932K) : Extracting NPOLYF_S device
[2026-09-10 00:26:17,188] [SUBPROCESS]    2026-09-10 00:26:17 +0200: Memory Usage (839932K) : Extracting NPOLYF_S_DW device
[2026-09-10 00:26:17,198] [SUBPROCESS]    2026-09-10 00:26:17 +0200: Memory Usage (839932K) : Extracting PPOLYF_S device
[2026-09-10 00:26:17,224] [SUBPROCESS]    2026-09-10 00:26:17 +0200: Memory Usage (839932K) : Extracting PPOLYF_S_DW device
[2026-09-10 00:26:17,232] [SUBPROCESS]    2026-09-10 00:26:17 +0200: Memory Usage (839932K) : Extracting PPOLYF_U_1K device
[2026-09-10 00:26:17,242] [SUBPROCESS]    2026-09-10 00:26:17 +0200: Memory Usage (839932K) : Extracting PPOLYF_U_DW_1 device
[2026-09-10 00:26:17,250] [SUBPROCESS]    2026-09-10 00:26:17 +0200: Memory Usage (839932K) : Extracting PPOLYF_U_1K_6p0 device
[2026-09-10 00:26:17,259] [SUBPROCESS]    2026-09-10 00:26:17 +0200: Memory Usage (839932K) : Extracting PPOLYF_U_DW_1K_6p0 device
[2026-09-10 00:26:17,271] [SUBPROCESS]    2026-09-10 00:26:17 +0200: Memory Usage (839932K) : Extracting RM1 device
[2026-09-10 00:26:17,281] [SUBPROCESS]    2026-09-10 00:26:17 +0200: Memory Usage (839932K) : Extracting RM2 device
[2026-09-10 00:26:17,289] [SUBPROCESS]    2026-09-10 00:26:17 +0200: Memory Usage (839932K) : Extracting RM3 device
[2026-09-10 00:26:17,298] [SUBPROCESS]    2026-09-10 00:26:17 +0200: Memory Usage (839932K) : Extracting TM9K device
[2026-09-10 00:26:17,304] [SUBPROCESS]    2026-09-10 00:26:17 +0200: Memory Usage (839932K) : Starting MIMCAP EXTRACTION
[2026-09-10 00:26:17,312] [SUBPROCESS]    2026-09-10 00:26:17 +0200: Memory Usage (839932K) : Extracting cap_mim2f0 device
[2026-09-10 00:26:17,319] [SUBPROCESS]    2026-09-10 00:26:17 +0200: Memory Usage (839932K) : Starting MOSCAP EXTRACTION
[2026-09-10 00:26:17,327] [SUBPROCESS]    2026-09-10 00:26:17 +0200: Memory Usage (839932K) : Extracting cap_nmos_03v3 device
[2026-09-10 00:26:17,336] [SUBPROCESS]    2026-09-10 00:26:17 +0200: Memory Usage (839932K) : Extracting cap_nmos_03v3_dn device
[2026-09-10 00:26:17,350] [SUBPROCESS]    2026-09-10 00:26:17 +0200: Memory Usage (839932K) : Extracting cap_pmos_03v3 device
[2026-09-10 00:26:17,358] [SUBPROCESS]    2026-09-10 00:26:17 +0200: Memory Usage (839932K) : Extracting cap_pmos_03v3_dn device
[2026-09-10 00:26:17,366] [SUBPROCESS]    2026-09-10 00:26:17 +0200: Memory Usage (839932K) : Extracting cap_nmos_06v0 device
[2026-09-10 00:26:17,374] [SUBPROCESS]    2026-09-10 00:26:17 +0200: Memory Usage (839932K) : Extracting cap_nmos_06v0_dn device
[2026-09-10 00:26:17,389] [SUBPROCESS]    2026-09-10 00:26:17 +0200: Memory Usage (839932K) : Extracting cap_pmos_06v0 device
[2026-09-10 00:26:17,406] [SUBPROCESS]    2026-09-10 00:26:17 +0200: Memory Usage (839932K) : Extracting cap_pmos_06v0 device
[2026-09-10 00:26:17,413] [SUBPROCESS]    2026-09-10 00:26:17 +0200: Memory Usage (839932K) : Extracting cap_pmos_03v3_b device
[2026-09-10 00:26:17,427] [SUBPROCESS]    2026-09-10 00:26:17 +0200: Memory Usage (839932K) : Extracting cap_nmos_06v0_b device
[2026-09-10 00:26:17,435] [SUBPROCESS]    2026-09-10 00:26:17 +0200: Memory Usage (839932K) : Extracting cap_pmos_06v0_b device
[2026-09-10 00:26:17,443] [SUBPROCESS]    2026-09-10 00:26:17 +0200: Memory Usage (839932K) : Starting MOS SAB EXTRACTION
[2026-09-10 00:26:17,449] [SUBPROCESS]    2026-09-10 00:26:17 +0200: Memory Usage (839932K) : Starting PMOS SAB EXTRACTION
[2026-09-10 00:26:17,457] [SUBPROCESS]    2026-09-10 00:26:17 +0200: Memory Usage (839932K) : Extracting 3.3V ESD PMOS transistor outside DNWELL device
[2026-09-10 00:26:17,465] [SUBPROCESS]    2026-09-10 00:26:17 +0200: Memory Usage (839932K) : Extracting 5V ESD PMOS transistor outside DNWELL device
[2026-09-10 00:26:17,474] [SUBPROCESS]    2026-09-10 00:26:17 +0200: Memory Usage (839932K) : Extracting 6V ESD PMOS transistor outside DNWELL device
[2026-09-10 00:26:17,482] [SUBPROCESS]    2026-09-10 00:26:17 +0200: Memory Usage (839932K) : Extracting 3.3V ESD PMOS transistor inside DNWELL device
[2026-09-10 00:26:17,490] [SUBPROCESS]    2026-09-10 00:26:17 +0200: Memory Usage (839932K) : Extracting 5V ESD PMOS transistor inside DNWELL device
[2026-09-10 00:26:17,499] [SUBPROCESS]    2026-09-10 00:26:17 +0200: Memory Usage (839932K) : Extracting 6V ESD PMOS transistor inside DNWELL device
[2026-09-10 00:26:17,506] [SUBPROCESS]    2026-09-10 00:26:17 +0200: Memory Usage (839932K) : Starting NMOS SAB EXTRACTION
[2026-09-10 00:26:17,513] [SUBPROCESS]    2026-09-10 00:26:17 +0200: Memory Usage (839932K) : Extracting 3.3V ESD NMOS transistor outside DNWELL device
[2026-09-10 00:26:17,523] [SUBPROCESS]    2026-09-10 00:26:17 +0200: Memory Usage (839932K) : Extracting 5V ESD NMOS transistor outside DNWELL device
[2026-09-10 00:26:17,530] [SUBPROCESS]    2026-09-10 00:26:17 +0200: Memory Usage (839932K) : Extracting 6V ESD NMOS transistor outside DNWELL device
[2026-09-10 00:26:17,538] [SUBPROCESS]    2026-09-10 00:26:17 +0200: Memory Usage (839932K) : Extracting 3.3V ESD NMOS transistor inside DNWELL device
[2026-09-10 00:26:17,545] [SUBPROCESS]    2026-09-10 00:26:17 +0200: Memory Usage (839932K) : Extracting 5V ESD NMOS transistor inside DNWELL device
[2026-09-10 00:26:17,555] [SUBPROCESS]    2026-09-10 00:26:17 +0200: Memory Usage (839932K) : Extracting 6V ESD NMOS transistor inside DNWELL device
[2026-09-10 00:26:17,565] [SUBPROCESS]    2026-09-10 00:26:17 +0200: Memory Usage (839932K) : Starting EFUSE EXTRACTION
[2026-09-10 00:26:17,602] [SUBPROCESS]    2026-09-10 00:26:17 +0200: Memory Usage (839932K) : Starting GF180 LVS comparison section
[2026-09-10 00:26:17,609] [SUBPROCESS]    2026-09-10 00:26:17 +0200: Memory Usage (839932K) : LVS Total Run time 2.966777 seconds
[2026-09-10 00:26:17,615] [SUBPROCESS]    2026-09-10 00:26:17 +0200: Memory Usage (839932K) : xxxxxxxxxxxxxxxxxxxxxxxxxxxxxxxxxxxxxxxxxx
[2026-09-10 00:26:17,621] [SUBPROCESS]    2026-09-10 00:26:17 +0200: Memory Usage (839932K) : ERROR : Netlists don't match
[2026-09-10 00:26:17,748] [SUBPROCESS]    2026-09-10 00:26:17 +0200: Memory Usage (839932K) : xxxxxxxxxxxxxxxxxxxxxxxxxxxxxxxxxxxxxxxxxx
[2026-09-10 00:26:17,872] [INFO]    klayout LVS succeeded after 5.356s
[2026-09-10 00:26:17,892] [WARNING]    Unable to find info about extracted LVS layer 'comp'
[2026-09-10 00:26:17,893] [WARNING]    Unable to find info about extracted LVS layer 'nwell'
[2026-09-10 00:26:17,894] [WARNING]    Unable to find info about extracted LVS layer 'contact'
[2026-09-10 00:26:17,895] [WARNING]    Unable to find info about extracted LVS layer 'via1'
[2026-09-10 00:26:17,896] [INFO]    (31, 20) -> (psd)
[2026-09-10 00:26:17,897] [INFO]    (34, 0) -> (metal1_con)
[2026-09-10 00:26:17,898] [INFO]    (36, 0) -> (metal2_con)
[2026-09-10 00:26:17,921] [WARNING]    Can't find GDS pair for layer M1-Poly
[2026-09-10 00:26:17,922] [WARNING]    Can't find GDS pair for layer Via1_con
[2026-09-10 00:26:17,925] [WARNING]    Can't find GDS pair for layer Via2_con
[2026-09-10 00:26:17,927] [WARNING]    Can't find GDS pair for layer Via3_con
[2026-09-10 00:26:17,927] [WARNING]    Can't find GDS pair for layer Via4_ncap
[2026-09-10 00:26:21,426] [INFO]    LVSDB: found 8pins
[2026-09-10 00:26:21,428] [WARNING]    Could not find a layer for device $1, class pfet_03v3, terminal G, net DAC_REF
[2026-09-10 00:26:21,432] [WARNING]    Could not find a layer for device $1, class pfet_03v3, terminal B, net VDD
[2026-09-10 00:26:21,435] [WARNING]    Could not find a layer for device $2, class pfet_03v3, terminal G, net DAC_REF
[2026-09-10 00:26:21,437] [WARNING]    Could not find a layer for device $2, class pfet_03v3, terminal B, net VDD
[2026-09-10 00:26:21,439] [WARNING]    Could not find a layer for device $3, class pfet_03v3, terminal G, net DAC_REF
[2026-09-10 00:26:21,440] [WARNING]    Could not find a layer for device $3, class pfet_03v3, terminal B, net VDD
[2026-09-10 00:26:21,442] [WARNING]    Could not find a layer for device $4, class pfet_03v3, terminal G, net DAC_REF
[2026-09-10 00:26:21,444] [WARNING]    Could not find a layer for device $4, class pfet_03v3, terminal B, net VDD
[2026-09-10 00:26:21,446] [WARNING]    Could not find a layer for device $5, class pfet_03v3, terminal G, net DAC_REF
[2026-09-10 00:26:21,450] [WARNING]    Could not find a layer for device $5, class pfet_03v3, terminal B, net VDD
[2026-09-10 00:26:21,452] [WARNING]    Could not find a layer for device $6, class pfet_03v3, terminal G, net DAC_REF
[2026-09-10 00:26:21,455] [WARNING]    Could not find a layer for device $6, class pfet_03v3, terminal B, net VDD
[2026-09-10 00:26:21,458] [WARNING]    Could not find a layer for device $7, class pfet_03v3, terminal G, net DAC_REF
[2026-09-10 00:26:21,460] [WARNING]    Could not find a layer for device $7, class pfet_03v3, terminal B, net VDD
[2026-09-10 00:26:21,462] [WARNING]    Could not find a layer for device $8, class pfet_03v3, terminal G, net DAC_REF
[2026-09-10 00:26:21,466] [WARNING]    Could not find a layer for device $8, class pfet_03v3, terminal B, net VDD
[2026-09-10 00:26:21,468] [WARNING]    Could not find a layer for device $9, class pfet_03v3, terminal G, net DAC_REF
[2026-09-10 00:26:21,472] [WARNING]    Could not find a layer for device $9, class pfet_03v3, terminal B, net VDD
[2026-09-10 00:26:21,473] [WARNING]    Could not find a layer for device $10, class pfet_03v3, terminal G, net DAC_REF
[2026-09-10 00:26:21,475] [WARNING]    Could not find a layer for device $10, class pfet_03v3, terminal B, net VDD
[2026-09-10 00:26:21,477] [WARNING]    Could not find a layer for device $11, class pfet_03v3, terminal G, net DAC_REF
[2026-09-10 00:26:21,479] [WARNING]    Could not find a layer for device $11, class pfet_03v3, terminal B, net VDD
[2026-09-10 00:26:21,481] [WARNING]    Could not find a layer for device $12, class pfet_03v3, terminal G, net DAC_REF
[2026-09-10 00:26:21,484] [WARNING]    Could not find a layer for device $12, class pfet_03v3, terminal B, net VDD
[2026-09-10 00:26:21,486] [WARNING]    Could not find a layer for device $13, class pfet_03v3, terminal G, net DAC_REF
[2026-09-10 00:26:21,489] [WARNING]    Could not find a layer for device $13, class pfet_03v3, terminal B, net VDD
[2026-09-10 00:26:21,491] [WARNING]    Could not find a layer for device $14, class pfet_03v3, terminal G, net DAC_REF
[2026-09-10 00:26:21,493] [WARNING]    Could not find a layer for device $14, class pfet_03v3, terminal B, net VDD
[2026-09-10 00:26:21,496] [WARNING]    Could not find a layer for device $15, class pfet_03v3, terminal G, net DAC_REF
[2026-09-10 00:26:21,499] [WARNING]    Could not find a layer for device $15, class pfet_03v3, terminal B, net VDD
[2026-09-10 00:26:21,501] [WARNING]    Could not find a layer for device $16, class pfet_03v3, terminal G, net DAC_REF
[2026-09-10 00:26:21,504] [WARNING]    Could not find a layer for device $16, class pfet_03v3, terminal B, net VDD
[2026-09-10 00:26:21,506] [WARNING]    Could not find a layer for device $17, class pfet_03v3, terminal G, net DAC_REF
[2026-09-10 00:26:21,509] [WARNING]    Could not find a layer for device $17, class pfet_03v3, terminal B, net VDD
[2026-09-10 00:26:21,512] [WARNING]    Could not find a layer for device $18, class pfet_03v3, terminal G, net DAC_REF
[2026-09-10 00:26:21,515] [WARNING]    Could not find a layer for device $18, class pfet_03v3, terminal B, net VDD
[2026-09-10 00:26:21,517] [WARNING]    Could not find a layer for device $19, class pfet_03v3, terminal G, net DAC_REF
[2026-09-10 00:26:21,519] [WARNING]    Could not find a layer for device $19, class pfet_03v3, terminal B, net VDD
[2026-09-10 00:26:21,522] [WARNING]    Could not find a layer for device $20, class pfet_03v3, terminal G, net DAC_REF
[2026-09-10 00:26:21,524] [WARNING]    Could not find a layer for device $20, class pfet_03v3, terminal B, net VDD
[2026-09-10 00:26:21,526] [WARNING]    Could not find a layer for device $21, class pfet_03v3, terminal G, net DAC_REF
[2026-09-10 00:26:21,528] [WARNING]    Could not find a layer for device $21, class pfet_03v3, terminal B, net VDD
[2026-09-10 00:26:21,530] [WARNING]    Could not find a layer for device $22, class pfet_03v3, terminal G, net DAC_REF
[2026-09-10 00:26:21,533] [WARNING]    Could not find a layer for device $22, class pfet_03v3, terminal B, net VDD
[2026-09-10 00:26:21,534] [WARNING]    Could not find a layer for device $23, class pfet_03v3, terminal G, net DAC_REF
[2026-09-10 00:26:21,537] [WARNING]    Could not find a layer for device $23, class pfet_03v3, terminal B, net VDD
[2026-09-10 00:26:21,539] [WARNING]    Could not find a layer for device $24, class pfet_03v3, terminal G, net DAC_REF
[2026-09-10 00:26:21,542] [WARNING]    Could not find a layer for device $24, class pfet_03v3, terminal B, net VDD
[2026-09-10 00:26:21,543] [WARNING]    Could not find a layer for device $25, class pfet_03v3, terminal G, net DAC_REF
[2026-09-10 00:26:21,546] [WARNING]    Could not find a layer for device $25, class pfet_03v3, terminal B, net VDD
[2026-09-10 00:26:21,548] [WARNING]    Could not find a layer for device $26, class pfet_03v3, terminal G, net DAC_REF
[2026-09-10 00:26:21,551] [WARNING]    Could not find a layer for device $26, class pfet_03v3, terminal B, net VDD
[2026-09-10 00:26:21,554] [WARNING]    Could not find a layer for device $27, class pfet_03v3, terminal G, net DAC_REF
[2026-09-10 00:26:21,556] [WARNING]    Could not find a layer for device $27, class pfet_03v3, terminal B, net VDD
[2026-09-10 00:26:21,558] [WARNING]    Could not find a layer for device $28, class pfet_03v3, terminal G, net DAC_REF
[2026-09-10 00:26:21,560] [WARNING]    Could not find a layer for device $28, class pfet_03v3, terminal B, net VDD
[2026-09-10 00:26:21,562] [WARNING]    Could not find a layer for device $29, class pfet_03v3, terminal G, net DAC_REF
[2026-09-10 00:26:21,565] [WARNING]    Could not find a layer for device $29, class pfet_03v3, terminal B, net VDD
[2026-09-10 00:26:21,567] [WARNING]    Could not find a layer for device $30, class pfet_03v3, terminal G, net DAC_REF
[2026-09-10 00:26:21,569] [WARNING]    Could not find a layer for device $30, class pfet_03v3, terminal B, net VDD
[2026-09-10 00:26:21,572] [WARNING]    Could not find a layer for device $31, class pfet_03v3, terminal G, net DAC_REF
[2026-09-10 00:26:21,574] [WARNING]    Could not find a layer for device $31, class pfet_03v3, terminal B, net VDD
[2026-09-10 00:26:21,576] [WARNING]    Could not find a layer for device $32, class pfet_03v3, terminal G, net DAC_REF
[2026-09-10 00:26:21,578] [WARNING]    Could not find a layer for device $32, class pfet_03v3, terminal B, net VDD
[2026-09-10 00:26:21,580] [WARNING]    Could not find a layer for device $33, class pfet_03v3, terminal G, net DAC_REF
[2026-09-10 00:26:21,585] [WARNING]    Could not find a layer for device $33, class pfet_03v3, terminal B, net VDD
[2026-09-10 00:26:21,587] [WARNING]    Could not find a layer for device $34, class pfet_03v3, terminal G, net DAC_REF
[2026-09-10 00:26:21,589] [WARNING]    Could not find a layer for device $34, class pfet_03v3, terminal B, net VDD
[2026-09-10 00:26:21,591] [WARNING]    Could not find a layer for device $35, class pfet_03v3, terminal G, net DAC_REF
[2026-09-10 00:26:21,593] [WARNING]    Could not find a layer for device $35, class pfet_03v3, terminal B, net VDD
[2026-09-10 00:26:21,595] [WARNING]    Could not find a layer for device $36, class pfet_03v3, terminal G, net DAC_REF
[2026-09-10 00:26:21,598] [WARNING]    Could not find a layer for device $36, class pfet_03v3, terminal B, net VDD
[2026-09-10 00:26:21,600] [WARNING]    Could not find a layer for device $37, class pfet_03v3, terminal G, net DAC_REF
[2026-09-10 00:26:21,603] [WARNING]    Could not find a layer for device $37, class pfet_03v3, terminal B, net VDD
[2026-09-10 00:26:21,605] [WARNING]    Could not find a layer for device $38, class pfet_03v3, terminal G, net DAC_REF
[2026-09-10 00:26:21,607] [WARNING]    Could not find a layer for device $38, class pfet_03v3, terminal B, net VDD
[2026-09-10 00:26:21,609] [WARNING]    Could not find a layer for device $39, class pfet_03v3, terminal G, net DAC_REF
[2026-09-10 00:26:21,611] [WARNING]    Could not find a layer for device $39, class pfet_03v3, terminal B, net VDD
[2026-09-10 00:26:21,613] [WARNING]    Could not find a layer for device $40, class pfet_03v3, terminal G, net DAC_REF
[2026-09-10 00:26:21,616] [WARNING]    Could not find a layer for device $40, class pfet_03v3, terminal B, net VDD
[2026-09-10 00:26:21,619] [WARNING]    Could not find a layer for device $41, class pfet_03v3, terminal G, net DAC_REF
[2026-09-10 00:26:21,622] [WARNING]    Could not find a layer for device $41, class pfet_03v3, terminal B, net VDD
[2026-09-10 00:26:21,624] [WARNING]    Could not find a layer for device $42, class pfet_03v3, terminal G, net DAC_REF
[2026-09-10 00:26:21,626] [WARNING]    Could not find a layer for device $42, class pfet_03v3, terminal B, net VDD
[2026-09-10 00:26:21,628] [WARNING]    Could not find a layer for device $43, class pfet_03v3, terminal G, net DAC_REF
[2026-09-10 00:26:21,631] [WARNING]    Could not find a layer for device $43, class pfet_03v3, terminal B, net VDD
[2026-09-10 00:26:21,633] [WARNING]    Could not find a layer for device $44, class pfet_03v3, terminal G, net DAC_REF
[2026-09-10 00:26:21,636] [WARNING]    Could not find a layer for device $44, class pfet_03v3, terminal B, net VDD
[2026-09-10 00:26:21,638] [WARNING]    Could not find a layer for device $45, class pfet_03v3, terminal G, net DAC_REF
[2026-09-10 00:26:21,640] [WARNING]    Could not find a layer for device $45, class pfet_03v3, terminal B, net VDD
[2026-09-10 00:26:21,642] [WARNING]    Could not find a layer for device $46, class pfet_03v3, terminal G, net DAC_REF
[2026-09-10 00:26:21,644] [WARNING]    Could not find a layer for device $46, class pfet_03v3, terminal B, net VDD
[2026-09-10 00:26:21,646] [WARNING]    Could not find a layer for device $47, class pfet_03v3, terminal G, net DAC_REF
[2026-09-10 00:26:21,649] [WARNING]    Could not find a layer for device $47, class pfet_03v3, terminal B, net VDD
[2026-09-10 00:26:21,651] [WARNING]    Could not find a layer for device $48, class pfet_03v3, terminal G, net DAC_REF
[2026-09-10 00:26:21,654] [WARNING]    Could not find a layer for device $48, class pfet_03v3, terminal B, net VDD
[2026-09-10 00:26:21,656] [WARNING]    Could not find a layer for device $49, class pfet_03v3, terminal G, net DAC_REF
[2026-09-10 00:26:21,659] [WARNING]    Could not find a layer for device $49, class pfet_03v3, terminal B, net VDD
[2026-09-10 00:26:21,661] [WARNING]    Could not find a layer for device $50, class pfet_03v3, terminal G, net DAC_REF
[2026-09-10 00:26:21,664] [WARNING]    Could not find a layer for device $50, class pfet_03v3, terminal B, net VDD
[2026-09-10 00:26:21,667] [WARNING]    Could not find a layer for device $51, class pfet_03v3, terminal G, net DAC_REF
[2026-09-10 00:26:21,669] [WARNING]    Could not find a layer for device $51, class pfet_03v3, terminal B, net VDD
[2026-09-10 00:26:21,671] [WARNING]    Could not find a layer for device $52, class pfet_03v3, terminal G, net DAC_REF
[2026-09-10 00:26:21,673] [WARNING]    Could not find a layer for device $52, class pfet_03v3, terminal B, net VDD
[2026-09-10 00:26:21,675] [WARNING]    Could not find a layer for device $53, class pfet_03v3, terminal G, net DAC_REF
[2026-09-10 00:26:21,677] [WARNING]    Could not find a layer for device $53, class pfet_03v3, terminal B, net VDD
[2026-09-10 00:26:21,679] [WARNING]    Could not find a layer for device $54, class pfet_03v3, terminal G, net DAC_REF
[2026-09-10 00:26:21,681] [WARNING]    Could not find a layer for device $54, class pfet_03v3, terminal B, net VDD
[2026-09-10 00:26:21,683] [WARNING]    Could not find a layer for device $55, class pfet_03v3, terminal G, net DAC_REF
[2026-09-10 00:26:21,686] [WARNING]    Could not find a layer for device $55, class pfet_03v3, terminal B, net VDD
[2026-09-10 00:26:21,689] [WARNING]    Could not find a layer for device $56, class pfet_03v3, terminal G, net DAC_REF
[2026-09-10 00:26:21,691] [WARNING]    Could not find a layer for device $56, class pfet_03v3, terminal B, net VDD
[2026-09-10 00:26:21,693] [WARNING]    Could not find a layer for device $57, class pfet_03v3, terminal G, net DAC_REF
[2026-09-10 00:26:21,695] [WARNING]    Could not find a layer for device $57, class pfet_03v3, terminal B, net VDD
[2026-09-10 00:26:21,697] [WARNING]    Could not find a layer for device $58, class pfet_03v3, terminal G, net DAC_REF
[2026-09-10 00:26:21,701] [WARNING]    Could not find a layer for device $58, class pfet_03v3, terminal B, net VDD
[2026-09-10 00:26:21,704] [WARNING]    Could not find a layer for device $59, class pfet_03v3, terminal G, net DAC_REF
[2026-09-10 00:26:21,706] [WARNING]    Could not find a layer for device $59, class pfet_03v3, terminal B, net VDD
[2026-09-10 00:26:21,708] [WARNING]    Could not find a layer for device $60, class pfet_03v3, terminal G, net DAC_REF
[2026-09-10 00:26:21,710] [WARNING]    Could not find a layer for device $60, class pfet_03v3, terminal B, net VDD
[2026-09-10 00:26:21,713] [WARNING]    Could not find a layer for device $61, class pfet_03v3, terminal G, net DAC_REF
[2026-09-10 00:26:21,716] [WARNING]    Could not find a layer for device $61, class pfet_03v3, terminal B, net VDD
[2026-09-10 00:26:21,718] [WARNING]    Could not find a layer for device $62, class pfet_03v3, terminal G, net DAC_REF
[2026-09-10 00:26:21,721] [WARNING]    Could not find a layer for device $62, class pfet_03v3, terminal B, net VDD
[2026-09-10 00:26:21,723] [WARNING]    Could not find a layer for device $63, class pfet_03v3, terminal G, net DAC_REF
[2026-09-10 00:26:21,725] [WARNING]    Could not find a layer for device $63, class pfet_03v3, terminal B, net VDD
[2026-09-10 00:26:21,727] [WARNING]    Could not find a layer for device $64, class pfet_03v3, terminal G, net b[4]
[2026-09-10 00:26:21,729] [WARNING]    Could not find a layer for device $64, class pfet_03v3, terminal B, net VDD
[2026-09-10 00:26:21,732] [WARNING]    Could not find a layer for device $65, class pfet_03v3, terminal G, net b[4]
[2026-09-10 00:26:21,734] [WARNING]    Could not find a layer for device $65, class pfet_03v3, terminal B, net VDD
[2026-09-10 00:26:21,736] [WARNING]    Could not find a layer for device $66, class pfet_03v3, terminal G, net b[4]
[2026-09-10 00:26:21,739] [WARNING]    Could not find a layer for device $66, class pfet_03v3, terminal B, net VDD
[2026-09-10 00:26:21,741] [WARNING]    Could not find a layer for device $67, class pfet_03v3, terminal G, net b[4]
[2026-09-10 00:26:21,743] [WARNING]    Could not find a layer for device $67, class pfet_03v3, terminal B, net VDD
[2026-09-10 00:26:21,744] [WARNING]    Could not find a layer for device $68, class pfet_03v3, terminal G, net b[3]
[2026-09-10 00:26:21,747] [WARNING]    Could not find a layer for device $68, class pfet_03v3, terminal B, net VDD
[2026-09-10 00:26:21,749] [WARNING]    Could not find a layer for device $69, class pfet_03v3, terminal G, net b[3]
[2026-09-10 00:26:21,751] [WARNING]    Could not find a layer for device $69, class pfet_03v3, terminal B, net VDD
[2026-09-10 00:26:21,753] [WARNING]    Could not find a layer for device $70, class pfet_03v3, terminal G, net b[2]
[2026-09-10 00:26:21,756] [WARNING]    Could not find a layer for device $70, class pfet_03v3, terminal B, net VDD
[2026-09-10 00:26:21,757] [WARNING]    Could not find a layer for device $71, class pfet_03v3, terminal G, net b[1]
[2026-09-10 00:26:21,759] [WARNING]    Could not find a layer for device $71, class pfet_03v3, terminal B, net VDD
[2026-09-10 00:26:21,760] [WARNING]    Could not find a layer for device $72, class pfet_03v3, terminal G, net b[4]
[2026-09-10 00:26:21,762] [WARNING]    Could not find a layer for device $72, class pfet_03v3, terminal B, net VDD
[2026-09-10 00:26:21,765] [WARNING]    Could not find a layer for device $73, class pfet_03v3, terminal G, net b[4]
[2026-09-10 00:26:21,767] [WARNING]    Could not find a layer for device $73, class pfet_03v3, terminal B, net VDD
[2026-09-10 00:26:21,769] [WARNING]    Could not find a layer for device $74, class pfet_03v3, terminal G, net b[4]
[2026-09-10 00:26:21,772] [WARNING]    Could not find a layer for device $74, class pfet_03v3, terminal B, net VDD
[2026-09-10 00:26:21,773] [WARNING]    Could not find a layer for device $75, class pfet_03v3, terminal G, net b[4]
[2026-09-10 00:26:21,775] [WARNING]    Could not find a layer for device $75, class pfet_03v3, terminal B, net VDD
[2026-09-10 00:26:21,776] [WARNING]    Could not find a layer for device $76, class pfet_03v3, terminal G, net b[3]
[2026-09-10 00:26:21,779] [WARNING]    Could not find a layer for device $76, class pfet_03v3, terminal B, net VDD
[2026-09-10 00:26:21,780] [WARNING]    Could not find a layer for device $77, class pfet_03v3, terminal G, net b[3]
[2026-09-10 00:26:21,783] [WARNING]    Could not find a layer for device $77, class pfet_03v3, terminal B, net VDD
[2026-09-10 00:26:21,786] [WARNING]    Could not find a layer for device $78, class pfet_03v3, terminal G, net b[2]
[2026-09-10 00:26:21,788] [WARNING]    Could not find a layer for device $78, class pfet_03v3, terminal B, net VDD
[2026-09-10 00:26:21,790] [WARNING]    Could not find a layer for device $79, class pfet_03v3, terminal G, net b[4]
[2026-09-10 00:26:21,792] [WARNING]    Could not find a layer for device $79, class pfet_03v3, terminal B, net VDD
[2026-09-10 00:26:21,793] [WARNING]    Could not find a layer for device $80, class pfet_03v3, terminal G, net b[4]
[2026-09-10 00:26:21,796] [WARNING]    Could not find a layer for device $80, class pfet_03v3, terminal B, net VDD
[2026-09-10 00:26:21,798] [WARNING]    Could not find a layer for device $81, class pfet_03v3, terminal G, net b[4]
[2026-09-10 00:26:21,800] [WARNING]    Could not find a layer for device $81, class pfet_03v3, terminal B, net VDD
[2026-09-10 00:26:21,802] [WARNING]    Could not find a layer for device $82, class pfet_03v3, terminal G, net b[4]
[2026-09-10 00:26:21,805] [WARNING]    Could not find a layer for device $82, class pfet_03v3, terminal B, net VDD
[2026-09-10 00:26:21,806] [WARNING]    Could not find a layer for device $83, class pfet_03v3, terminal G, net b[3]
[2026-09-10 00:26:21,808] [WARNING]    Could not find a layer for device $83, class pfet_03v3, terminal B, net VDD
[2026-09-10 00:26:21,810] [WARNING]    Could not find a layer for device $84, class pfet_03v3, terminal G, net b[3]
[2026-09-10 00:26:21,812] [WARNING]    Could not find a layer for device $84, class pfet_03v3, terminal B, net VDD
[2026-09-10 00:26:21,814] [WARNING]    Could not find a layer for device $85, class pfet_03v3, terminal G, net b[2]
[2026-09-10 00:26:21,817] [WARNING]    Could not find a layer for device $85, class pfet_03v3, terminal B, net VDD
[2026-09-10 00:26:21,819] [WARNING]    Could not find a layer for device $86, class pfet_03v3, terminal G, net b[1]
[2026-09-10 00:26:21,821] [WARNING]    Could not find a layer for device $86, class pfet_03v3, terminal B, net VDD
[2026-09-10 00:26:21,823] [WARNING]    Could not find a layer for device $87, class pfet_03v3, terminal G, net b[1]
[2026-09-10 00:26:21,824] [WARNING]    Could not find a layer for device $87, class pfet_03v3, terminal B, net VDD
[2026-09-10 00:26:21,826] [WARNING]    Could not find a layer for device $88, class pfet_03v3, terminal G, net b[4]
[2026-09-10 00:26:21,828] [WARNING]    Could not find a layer for device $88, class pfet_03v3, terminal B, net VDD
[2026-09-10 00:26:21,830] [WARNING]    Could not find a layer for device $89, class pfet_03v3, terminal G, net b[4]
[2026-09-10 00:26:21,832] [WARNING]    Could not find a layer for device $89, class pfet_03v3, terminal B, net VDD
[2026-09-10 00:26:21,834] [WARNING]    Could not find a layer for device $90, class pfet_03v3, terminal G, net b[4]
[2026-09-10 00:26:21,836] [WARNING]    Could not find a layer for device $90, class pfet_03v3, terminal B, net VDD
[2026-09-10 00:26:21,839] [WARNING]    Could not find a layer for device $91, class pfet_03v3, terminal G, net b[4]
[2026-09-10 00:26:21,841] [WARNING]    Could not find a layer for device $91, class pfet_03v3, terminal B, net VDD
[2026-09-10 00:26:21,842] [WARNING]    Could not find a layer for device $92, class pfet_03v3, terminal G, net b[3]
[2026-09-10 00:26:21,844] [WARNING]    Could not find a layer for device $92, class pfet_03v3, terminal B, net VDD
[2026-09-10 00:26:21,845] [WARNING]    Could not find a layer for device $93, class pfet_03v3, terminal G, net b[3]
[2026-09-10 00:26:21,848] [WARNING]    Could not find a layer for device $93, class pfet_03v3, terminal B, net VDD
[2026-09-10 00:26:21,850] [WARNING]    Could not find a layer for device $94, class pfet_03v3, terminal G, net b[2]
[2026-09-10 00:26:21,852] [WARNING]    Could not find a layer for device $94, class pfet_03v3, terminal B, net VDD
[2026-09-10 00:26:21,855] [WARNING]    Could not find a layer for device $95, class pfet_03v3, terminal G, net b[0]
[2026-09-10 00:26:21,857] [WARNING]    Could not find a layer for device $95, class pfet_03v3, terminal B, net VDD
[2026-09-10 00:26:22,542] [SUBPROCESS]    Device;Net1;Net2;Capacitance [fF];Resistance [Ω]
[2026-09-10 00:26:22,543] [SUBPROCESS]    C1;$10;$13;1.666;
[2026-09-10 00:26:22,544] [SUBPROCESS]    C2;$10;$14;0.249;
[2026-09-10 00:26:22,544] [SUBPROCESS]    C3;$10;$26;3.266;
[2026-09-10 00:26:22,545] [SUBPROCESS]    C4;$10;$7;0.58;
[2026-09-10 00:26:22,546] [SUBPROCESS]    C5;$10;b[0];0.003;
[2026-09-10 00:26:22,546] [SUBPROCESS]    C6;$10;b[2];0.439;
[2026-09-10 00:26:22,547] [SUBPROCESS]    C7;$10;b[3];2.105;
[2026-09-10 00:26:22,547] [SUBPROCESS]    C8;$10;b[4];0.012;
[2026-09-10 00:26:22,548] [SUBPROCESS]    C9;$10;DAC_REF;0.013;
[2026-09-10 00:26:22,548] [SUBPROCESS]    C10;$10;I_DAC;0.807;
[2026-09-10 00:26:22,549] [SUBPROCESS]    C11;$10;VDD;7.513;
[2026-09-10 00:26:22,549] [SUBPROCESS]    C12;$10;VSUBS;7.023;
[2026-09-10 00:26:22,550] [SUBPROCESS]    C13;$13;$14;2.935;
[2026-09-10 00:26:22,550] [SUBPROCESS]    C14;$13;$26;0.491;
[2026-09-10 00:26:22,551] [SUBPROCESS]    C15;$13;$7;0.097;
[2026-09-10 00:26:22,551] [SUBPROCESS]    C16;$13;b[0];0.117;
[2026-09-10 00:26:22,552] [SUBPROCESS]    C17;$13;b[1];0.326;
[2026-09-10 00:26:22,552] [SUBPROCESS]    C18;$13;b[2];0.525;
[2026-09-10 00:26:22,553] [SUBPROCESS]    C19;$13;I_DAC;0.361;
[2026-09-10 00:26:22,553] [SUBPROCESS]    C20;$13;VDD;4.049;
[2026-09-10 00:26:22,554] [SUBPROCESS]    C21;$13;VSUBS;3.139;
[2026-09-10 00:26:22,554] [SUBPROCESS]    C22;$14;$26;0.351;
[2026-09-10 00:26:22,554] [SUBPROCESS]    C23;$14;$7;1.178;
[2026-09-10 00:26:22,555] [SUBPROCESS]    C24;$14;b[0];0.14;
[2026-09-10 00:26:22,555] [SUBPROCESS]    C25;$14;b[1];0.126;
[2026-09-10 00:26:22,556] [SUBPROCESS]    C26;$14;I_DAC;0.329;
[2026-09-10 00:26:22,556] [SUBPROCESS]    C27;$14;VDD;2.214;
[2026-09-10 00:26:22,557] [SUBPROCESS]    C28;$14;VSUBS;1.745;
[2026-09-10 00:26:22,557] [SUBPROCESS]    C29;$26;$7;0.33;
[2026-09-10 00:26:22,557] [SUBPROCESS]    C30;$26;b[3];0.073;
[2026-09-10 00:26:22,558] [SUBPROCESS]    C31;$26;b[4];3.887;
[2026-09-10 00:26:22,558] [SUBPROCESS]    C32;$26;DAC_REF;0.062;
[2026-09-10 00:26:22,559] [SUBPROCESS]    C33;$26;I_DAC;1.326;
[2026-09-10 00:26:22,559] [SUBPROCESS]    C34;$26;VDD;10.447;
[2026-09-10 00:26:22,560] [SUBPROCESS]    C35;$26;VSUBS;9.824;
[2026-09-10 00:26:22,560] [SUBPROCESS]    C36;$7;b[0];0.299;
[2026-09-10 00:26:22,561] [SUBPROCESS]    C37;$7;I_DAC;0.054;
[2026-09-10 00:26:22,562] [SUBPROCESS]    C38;$7;VDD;1.186;
[2026-09-10 00:26:22,562] [SUBPROCESS]    C39;$7;VSUBS;1.717;
[2026-09-10 00:26:22,563] [SUBPROCESS]    C40;b[0];b[1];0.05;
[2026-09-10 00:26:22,563] [SUBPROCESS]    C41;b[0];b[2];0.016;
[2026-09-10 00:26:22,564] [SUBPROCESS]    C42;b[1];b[2];0.062;
[2026-09-10 00:26:22,564] [SUBPROCESS]    C43;b[1];b[3];0.0;
[2026-09-10 00:26:22,564] [SUBPROCESS]    C44;b[2];b[3];0.079;
[2026-09-10 00:26:22,565] [SUBPROCESS]    C45;b[3];b[4];0.252;
[2026-09-10 00:26:22,565] [SUBPROCESS]    C46;DAC_REF;VDD;1.307;
[2026-09-10 00:26:22,566] [SUBPROCESS]    C47;DAC_REF;VSUBS;0.553;
[2026-09-10 00:26:22,566] [SUBPROCESS]    C48;I_DAC;b[0];1.153;
[2026-09-10 00:26:22,567] [SUBPROCESS]    C49;I_DAC;b[1];0.66;
[2026-09-10 00:26:22,567] [SUBPROCESS]    C50;I_DAC;b[2];0.794;
[2026-09-10 00:26:22,567] [SUBPROCESS]    C51;I_DAC;b[3];1.625;
[2026-09-10 00:26:22,568] [SUBPROCESS]    C52;I_DAC;b[4];3.571;
[2026-09-10 00:26:22,568] [SUBPROCESS]    C53;I_DAC;VDD;1.187;
[2026-09-10 00:26:22,569] [SUBPROCESS]    C54;I_DAC;VSUBS;3.647;
[2026-09-10 00:26:22,569] [SUBPROCESS]    C55;VDD;b[0];2.273;
[2026-09-10 00:26:22,570] [SUBPROCESS]    C56;VDD;b[1];0.11;
[2026-09-10 00:26:22,570] [SUBPROCESS]    C57;VDD;b[2];0.137;
[2026-09-10 00:26:22,571] [SUBPROCESS]    C58;VDD;b[3];0.228;
[2026-09-10 00:26:22,571] [SUBPROCESS]    C59;VDD;b[4];0.779;
[2026-09-10 00:26:22,572] [SUBPROCESS]    C60;VDD;VSUBS;50.409;
[2026-09-10 00:26:22,572] [SUBPROCESS]    C61;VSUBS;b[0];0.693;
[2026-09-10 00:26:22,573] [SUBPROCESS]    C62;VSUBS;b[1];0.413;
[2026-09-10 00:26:22,573] [SUBPROCESS]    C63;VSUBS;b[2];0.45;
[2026-09-10 00:26:22,574] [SUBPROCESS]    C64;VSUBS;b[3];0.952;
[2026-09-10 00:26:22,574] [SUBPROCESS]    C65;VSUBS;b[4];2.063;
[2026-09-10 00:26:22,575] [SUBPROCESS]    /foss/designs/DAC_CORE_5bit/output/DAC_CORE_5bit__DAC_CORE_5bit/DAC_CORE_5bit_k25d_pex_netlist.csv
[2026-09-10 00:26:22,581] [SUBPROCESS]    Wrote expanded netlist to: /foss/designs/DAC_CORE_5bit/output/DAC_CORE_5bit__DAC_CORE_5bit/DAC_CORE_5bit_k25d_pex_netlist.spice
[2026-09-10 00:26:22,586] [INFO]    Copied expanded SPICE netlist to: DAC_CORE_5bit.pex.spice
