[2026-09-11 10:42:00,298] [INFO]    GDS input file passed, running in LVS mode
[2026-09-11 10:42:00,300] [INFO]    Found cell DAC_CORE_5bit in GDS DAC_CORE_5bit.klay.gds (only top cell)
[2026-09-11 10:42:00,301] [INFO]    LVS input schematic not specified (argument --schematic), using dummy schematic
[2026-09-11 10:42:00,306] [INFO]    Cache miss: extracted LVSDB is older than the input GDS
[2026-09-11 10:42:00,307] [SUBPROCESS]    output/.kpex_cache/gf180mcuD/foss/designs/DAC_CORE_5bit/DAC_CORE_5bit.klay.gds/DAC_CORE_5bit.lvsdb.gz
[2026-09-11 10:42:00,308] [SUBPROCESS]    klayout -b -r /usr/local/lib/python3.12/dist-packages/klayout_pex/pdk/gf180mcuD/libs.tech/kpex/gf180mcu.lvs -rd input=/foss/designs/DAC_CORE_5bit/DAC_CORE_5bit.klay.gds -rd report=/foss/designs/DAC_CORE_5bit/output/DAC_CORE_5bit__DAC_CORE_5bit/DAC_CORE_5bit.lvsdb.gz -rd schematic=/foss/designs/DAC_CORE_5bit/output/DAC_CORE_5bit__DAC_CORE_5bit/DAC_CORE_5bit_dummy_schematic.spice -rd thr=22 -rd run_mode=deep -rd spice_net_names=true -rd spice_comments=false -rd scale=false -rd verbose=false -rd schematic_simplify=false -rd net_only=false -rd top_lvl_pins=true -rd combine=false -rd combine_devices=false -rd purge=false -rd purge_nets=false -rd no_simplify=true
[2026-09-11 10:42:00,309] [SUBPROCESS]    output/DAC_CORE_5bit__DAC_CORE_5bit/DAC_CORE_5bit_lvs.log
[2026-09-11 10:42:02,500] [SUBPROCESS]    2026-09-11 10:42:02 +0200: Memory Usage (674564K) : Starting running GF180MCU Klayout LVS runset on /foss/designs/DAC_CORE_5bit/DAC_CORE_5bit.klay.gds
[2026-09-11 10:42:02,509] [SUBPROCESS]    2026-09-11 10:42:02 +0200: Memory Usage (674564K) : Ruby Version for klayout: 3.2.3
[2026-09-11 10:42:02,514] [SUBPROCESS]    2026-09-11 10:42:02 +0200: Memory Usage (674564K) : Loading database to memory is complete.
[2026-09-11 10:42:02,520] [SUBPROCESS]    2026-09-11 10:42:02 +0200: Memory Usage (674564K) : GF180MCU Klayout LVS runset output at: /foss/designs/DAC_CORE_5bit/output/DAC_CORE_5bit__DAC_CORE_5bit/DAC_CORE_5bit.lvsdb.gz
[2026-09-11 10:42:02,529] [SUBPROCESS]    2026-09-11 10:42:02 +0200: Memory Usage (674564K) : Evaluate switches.
[2026-09-11 10:42:02,534] [SUBPROCESS]    2026-09-11 10:42:02 +0200: Memory Usage (674564K) : Substrate name used: 
[2026-09-11 10:42:02,541] [SUBPROCESS]    2026-09-11 10:42:02 +0200: Memory Usage (674564K) : Extracted netlist with net names: true
[2026-09-11 10:42:02,547] [SUBPROCESS]    2026-09-11 10:42:02 +0200: Memory Usage (674564K) : Extracted netlist with comments in details: false
[2026-09-11 10:42:02,553] [SUBPROCESS]    2026-09-11 10:42:02 +0200: Memory Usage (674564K) : GF180MCU Klayout LVS extracted netlist file at: DAC_CORE_5bit_extracted.cir
[2026-09-11 10:42:02,561] [SUBPROCESS]    2026-09-11 10:42:02 +0200: Memory Usage (674564K) : LVS device_scaling option: false
[2026-09-11 10:42:02,567] [SUBPROCESS]    2026-09-11 10:42:02 +0200: Memory Usage (674564K) : Selected SCH_SIMPLE option: false
[2026-09-11 10:42:02,576] [SUBPROCESS]    2026-09-11 10:42:02 +0200: Memory Usage (674564K) : Selected NET_ONLY option: false
[2026-09-11 10:42:02,583] [SUBPROCESS]    2026-09-11 10:42:02 +0200: Memory Usage (674564K) : Selected TOP_LVL_PINS option: true
[2026-09-11 10:42:02,590] [SUBPROCESS]    2026-09-11 10:42:02 +0200: Memory Usage (674564K) : Selected COMBINE option: false
[2026-09-11 10:42:02,597] [SUBPROCESS]    2026-09-11 10:42:02 +0200: Memory Usage (674564K) : Selected PURGE option: false
[2026-09-11 10:42:02,603] [SUBPROCESS]    2026-09-11 10:42:02 +0200: Memory Usage (674564K) : Selected PURGE_NETS option: false
[2026-09-11 10:42:02,611] [SUBPROCESS]    2026-09-11 10:42:02 +0200: Memory Usage (674564K) : Selected SIMPLIFY option: false
[2026-09-11 10:42:02,617] [SUBPROCESS]    2026-09-11 10:42:02 +0200: Memory Usage (674564K) : Verbose mode: false
[2026-09-11 10:42:02,627] [SUBPROCESS]    2026-09-11 10:42:02 +0200: Memory Usage (674564K) : deep  mode is enabled.
[2026-09-11 10:42:02,632] [SUBPROCESS]    2026-09-11 10:42:02 +0200: Memory Usage (674564K) : METAL_TOP Selected is 9K
[2026-09-11 10:42:02,639] [SUBPROCESS]    2026-09-11 10:42:02 +0200: Memory Usage (674564K) : METAL_STACK Selected is 6LM
[2026-09-11 10:42:02,645] [SUBPROCESS]    2026-09-11 10:42:02 +0200: Memory Usage (674564K) : POLY_RES Selected is 1k
[2026-09-11 10:42:02,652] [SUBPROCESS]    2026-09-11 10:42:02 +0200: Memory Usage (674564K) : MIM Option selected: B
[2026-09-11 10:42:02,663] [SUBPROCESS]    2026-09-11 10:42:02 +0200: Memory Usage (674564K) : MIM CAP selected: 2
[2026-09-11 10:42:02,669] [SUBPROCESS]    2026-09-11 10:42:02 +0200: Memory Usage (674564K) : Netlist file: /foss/designs/DAC_CORE_5bit/output/DAC_CORE_5bit__DAC_CORE_5bit/DAC_CORE_5bit_dummy_schematic.spice
[2026-09-11 10:42:02,679] [SUBPROCESS]    2026-09-11 10:42:02 +0200: Memory Usage (674564K) : Read in polygons from layers.
[2026-09-11 10:42:02,687] [SUBPROCESS]    2026-09-11 10:42:02 +0200: Memory Usage (674564K) : comp has 649 polygons
[2026-09-11 10:42:02,696] [SUBPROCESS]    2026-09-11 10:42:02 +0200: Memory Usage (674564K) : dnwell has 0 polygons
[2026-09-11 10:42:02,706] [SUBPROCESS]    2026-09-11 10:42:02 +0200: Memory Usage (674564K) : nwell has 651 polygons
[2026-09-11 10:42:02,714] [SUBPROCESS]    2026-09-11 10:42:02 +0200: Memory Usage (674564K) : lvpwell has 0 polygons
[2026-09-11 10:42:02,723] [SUBPROCESS]    2026-09-11 10:42:02 +0200: Memory Usage (674564K) : dualgate has 0 polygons
[2026-09-11 10:42:02,731] [SUBPROCESS]    2026-09-11 10:42:02 +0200: Memory Usage (674564K) : poly2 has 233 polygons
[2026-09-11 10:42:02,741] [SUBPROCESS]    2026-09-11 10:42:02 +0200: Memory Usage (674564K) : nplus has 554 polygons
[2026-09-11 10:42:02,749] [SUBPROCESS]    2026-09-11 10:42:02 +0200: Memory Usage (674564K) : pplus has 95 polygons
[2026-09-11 10:42:02,759] [SUBPROCESS]    2026-09-11 10:42:02 +0200: Memory Usage (674564K) : sab has 0 polygons
[2026-09-11 10:42:02,767] [SUBPROCESS]    2026-09-11 10:42:02 +0200: Memory Usage (674564K) : esd has 0 polygons
[2026-09-11 10:42:02,777] [SUBPROCESS]    2026-09-11 10:42:02 +0200: Memory Usage (674564K) : resistor has 0 polygons
[2026-09-11 10:42:02,789] [SUBPROCESS]    2026-09-11 10:42:02 +0200: Memory Usage (674564K) : fhres has 0 polygons
[2026-09-11 10:42:02,801] [SUBPROCESS]    2026-09-11 10:42:02 +0200: Memory Usage (674564K) : fusetop has 0 polygons
[2026-09-11 10:42:02,820] [SUBPROCESS]    2026-09-11 10:42:02 +0200: Memory Usage (674564K) : fusewindow_d has 0 polygons
[2026-09-11 10:42:02,833] [SUBPROCESS]    2026-09-11 10:42:02 +0200: Memory Usage (674564K) : polyfuse has 0 polygons
[2026-09-11 10:42:02,844] [SUBPROCESS]    2026-09-11 10:42:02 +0200: Memory Usage (674564K) : mvsd has 0 polygons
[2026-09-11 10:42:02,851] [SUBPROCESS]    2026-09-11 10:42:02 +0200: Memory Usage (675080K) : mvpsd has 0 polygons
[2026-09-11 10:42:02,863] [SUBPROCESS]    2026-09-11 10:42:02 +0200: Memory Usage (675080K) : nat has 0 polygons
[2026-09-11 10:42:02,871] [SUBPROCESS]    2026-09-11 10:42:02 +0200: Memory Usage (675080K) : comp_dummy has 0 polygons
[2026-09-11 10:42:02,879] [SUBPROCESS]    2026-09-11 10:42:02 +0200: Memory Usage (675080K) : poly2_dummy has 0 polygons
[2026-09-11 10:42:02,888] [SUBPROCESS]    2026-09-11 10:42:02 +0200: Memory Usage (675080K) : schottky_diode has 0 polygons
[2026-09-11 10:42:02,897] [SUBPROCESS]    2026-09-11 10:42:02 +0200: Memory Usage (675080K) : zener has 0 polygons
[2026-09-11 10:42:02,907] [SUBPROCESS]    2026-09-11 10:42:02 +0200: Memory Usage (675080K) : res_mk has 0 polygons
[2026-09-11 10:42:02,914] [SUBPROCESS]    2026-09-11 10:42:02 +0200: Memory Usage (675080K) : opc_drc has 0 polygons
[2026-09-11 10:42:02,922] [SUBPROCESS]    2026-09-11 10:42:02 +0200: Memory Usage (675080K) : ndmy has 0 polygons
[2026-09-11 10:42:02,931] [SUBPROCESS]    2026-09-11 10:42:02 +0200: Memory Usage (675080K) : pmndmy has 0 polygons
[2026-09-11 10:42:02,940] [SUBPROCESS]    2026-09-11 10:42:02 +0200: Memory Usage (675484K) : v5_xtor has 0 polygons
[2026-09-11 10:42:02,948] [SUBPROCESS]    2026-09-11 10:42:02 +0200: Memory Usage (675484K) : cap_mk has 0 polygons
[2026-09-11 10:42:02,956] [SUBPROCESS]    2026-09-11 10:42:02 +0200: Memory Usage (675484K) : mos_cap_mk has 0 polygons
[2026-09-11 10:42:02,963] [SUBPROCESS]    2026-09-11 10:42:02 +0200: Memory Usage (675484K) : ind_mk has 0 polygons
[2026-09-11 10:42:02,992] [SUBPROCESS]    2026-09-11 10:42:02 +0200: Memory Usage (675484K) : diode_mk has 0 polygons
[2026-09-11 10:42:02,999] [SUBPROCESS]    2026-09-11 10:42:02 +0200: Memory Usage (675484K) : drc_bjt has 0 polygons
[2026-09-11 10:42:03,007] [SUBPROCESS]    2026-09-11 10:42:02 +0200: Memory Usage (675484K) : lvs_bjt has 0 polygons
[2026-09-11 10:42:03,016] [SUBPROCESS]    2026-09-11 10:42:03 +0200: Memory Usage (675484K) : mim_l_mk has 0 polygons
[2026-09-11 10:42:03,024] [SUBPROCESS]    2026-09-11 10:42:03 +0200: Memory Usage (675484K) : latchup_mk has 0 polygons
[2026-09-11 10:42:03,031] [SUBPROCESS]    2026-09-11 10:42:03 +0200: Memory Usage (675484K) : guard_ring_mk has 0 polygons
[2026-09-11 10:42:03,039] [SUBPROCESS]    2026-09-11 10:42:03 +0200: Memory Usage (675484K) : otp_mk has 0 polygons
[2026-09-11 10:42:03,047] [SUBPROCESS]    2026-09-11 10:42:03 +0200: Memory Usage (675484K) : mtpmark has 0 polygons
[2026-09-11 10:42:03,056] [SUBPROCESS]    2026-09-11 10:42:03 +0200: Memory Usage (675484K) : neo_ee_mk has 0 polygons
[2026-09-11 10:42:03,065] [SUBPROCESS]    2026-09-11 10:42:03 +0200: Memory Usage (675484K) : sramcore has 0 polygons
[2026-09-11 10:42:03,073] [SUBPROCESS]    2026-09-11 10:42:03 +0200: Memory Usage (675484K) : lvs_rf has 0 polygons
[2026-09-11 10:42:03,081] [SUBPROCESS]    2026-09-11 10:42:03 +0200: Memory Usage (675484K) : lvs_drain has 0 polygons
[2026-09-11 10:42:03,089] [SUBPROCESS]    2026-09-11 10:42:03 +0200: Memory Usage (675484K) : ind_mk has 0 polygons
[2026-09-11 10:42:03,099] [SUBPROCESS]    2026-09-11 10:42:03 +0200: Memory Usage (675484K) : hvpolyrs has 0 polygons
[2026-09-11 10:42:03,108] [SUBPROCESS]    2026-09-11 10:42:03 +0200: Memory Usage (675484K) : lvs_io has 0 polygons
[2026-09-11 10:42:03,114] [SUBPROCESS]    2026-09-11 10:42:03 +0200: Memory Usage (675484K) : probe_mk has 0 polygons
[2026-09-11 10:42:03,123] [SUBPROCESS]    2026-09-11 10:42:03 +0200: Memory Usage (675484K) : esd_mk has 0 polygons
[2026-09-11 10:42:03,131] [SUBPROCESS]    2026-09-11 10:42:03 +0200: Memory Usage (675484K) : lvs_source has 0 polygons
[2026-09-11 10:42:03,142] [SUBPROCESS]    2026-09-11 10:42:03 +0200: Memory Usage (675484K) : well_diode_mk has 0 polygons
[2026-09-11 10:42:03,148] [SUBPROCESS]    2026-09-11 10:42:03 +0200: Memory Usage (675484K) : ldmos_xtor has 0 polygons
[2026-09-11 10:42:03,156] [SUBPROCESS]    2026-09-11 10:42:03 +0200: Memory Usage (675484K) : plfuse has 0 polygons
[2026-09-11 10:42:03,165] [SUBPROCESS]    2026-09-11 10:42:03 +0200: Memory Usage (675484K) : efuse_mk has 0 polygons
[2026-09-11 10:42:03,174] [SUBPROCESS]    2026-09-11 10:42:03 +0200: Memory Usage (675484K) : mcell_feol_mk has 0 polygons
[2026-09-11 10:42:03,182] [SUBPROCESS]    2026-09-11 10:42:03 +0200: Memory Usage (675484K) : ymtp_mk has 0 polygons
[2026-09-11 10:42:03,191] [SUBPROCESS]    2026-09-11 10:42:03 +0200: Memory Usage (675484K) : dev_wf_mk has 0 polygons
[2026-09-11 10:42:03,198] [SUBPROCESS]    2026-09-11 10:42:03 +0200: Memory Usage (675484K) : comp_label has 0 polygons
[2026-09-11 10:42:03,207] [SUBPROCESS]    2026-09-11 10:42:03 +0200: Memory Usage (675484K) : poly2_label has 0 polygons
[2026-09-11 10:42:03,215] [SUBPROCESS]    2026-09-11 10:42:03 +0200: Memory Usage (675484K) : mdiode has 0 polygons
[2026-09-11 10:42:03,223] [SUBPROCESS]    2026-09-11 10:42:03 +0200: Memory Usage (675484K) : contact has 1036 polygons
[2026-09-11 10:42:03,230] [SUBPROCESS]    2026-09-11 10:42:03 +0200: Memory Usage (675484K) : metal1_drawn has 1057 polygons
[2026-09-11 10:42:03,239] [SUBPROCESS]    2026-09-11 10:42:03 +0200: Memory Usage (675484K) : metal1_dummy has 0 polygons
[2026-09-11 10:42:03,247] [SUBPROCESS]    2026-09-11 10:42:03 +0200: Memory Usage (675484K) : metal1_label has 1 polygons
[2026-09-11 10:42:03,257] [SUBPROCESS]    2026-09-11 10:42:03 +0200: Memory Usage (675484K) : metal1_slot has 0 polygons
[2026-09-11 10:42:03,265] [SUBPROCESS]    2026-09-11 10:42:03 +0200: Memory Usage (675484K) : metal1_blk has 0 polygons
[2026-09-11 10:42:03,273] [SUBPROCESS]    2026-09-11 10:42:03 +0200: Memory Usage (675484K) : metal1_res has 0 polygons
[2026-09-11 10:42:03,281] [SUBPROCESS]    2026-09-11 10:42:03 +0200: Memory Usage (675484K) : via1 has 108 polygons
[2026-09-11 10:42:03,290] [SUBPROCESS]    2026-09-11 10:42:03 +0200: Memory Usage (675484K) : metal2_drawn has 151 polygons
[2026-09-11 10:42:03,300] [SUBPROCESS]    2026-09-11 10:42:03 +0200: Memory Usage (675484K) : metal2_dummy has 0 polygons
[2026-09-11 10:42:03,309] [SUBPROCESS]    2026-09-11 10:42:03 +0200: Memory Usage (675484K) : metal2_label has 7 polygons
[2026-09-11 10:42:03,316] [SUBPROCESS]    2026-09-11 10:42:03 +0200: Memory Usage (675484K) : metal2_slot has 0 polygons
[2026-09-11 10:42:03,325] [SUBPROCESS]    2026-09-11 10:42:03 +0200: Memory Usage (675912K) : metal2_blk has 0 polygons
[2026-09-11 10:42:03,332] [SUBPROCESS]    2026-09-11 10:42:03 +0200: Memory Usage (675912K) : metal2_res has 0 polygons
[2026-09-11 10:42:03,343] [SUBPROCESS]    2026-09-11 10:42:03 +0200: Memory Usage (675912K) : via2 has 0 polygons
[2026-09-11 10:42:03,351] [SUBPROCESS]    2026-09-11 10:42:03 +0200: Memory Usage (675912K) : metal3_drawn has 0 polygons
[2026-09-11 10:42:03,361] [SUBPROCESS]    2026-09-11 10:42:03 +0200: Memory Usage (675912K) : metal3_dummy has 0 polygons
[2026-09-11 10:42:03,367] [SUBPROCESS]    2026-09-11 10:42:03 +0200: Memory Usage (675912K) : metal3_label has 0 polygons
[2026-09-11 10:42:03,378] [SUBPROCESS]    2026-09-11 10:42:03 +0200: Memory Usage (676320K) : metal3_slot has 0 polygons
[2026-09-11 10:42:03,385] [SUBPROCESS]    2026-09-11 10:42:03 +0200: Memory Usage (676320K) : metal3_blk has 0 polygons
[2026-09-11 10:42:03,393] [SUBPROCESS]    2026-09-11 10:42:03 +0200: Memory Usage (676320K) : metal3_res has 0 polygons
[2026-09-11 10:42:03,400] [SUBPROCESS]    2026-09-11 10:42:03 +0200: Memory Usage (676320K) : via3 has 0 polygons
[2026-09-11 10:42:03,408] [SUBPROCESS]    2026-09-11 10:42:03 +0200: Memory Usage (676320K) : metal4_drawn has 0 polygons
[2026-09-11 10:42:03,417] [SUBPROCESS]    2026-09-11 10:42:03 +0200: Memory Usage (676320K) : metal4_dummy has 0 polygons
[2026-09-11 10:42:03,427] [SUBPROCESS]    2026-09-11 10:42:03 +0200: Memory Usage (676732K) : metal4_label has 0 polygons
[2026-09-11 10:42:03,433] [SUBPROCESS]    2026-09-11 10:42:03 +0200: Memory Usage (676732K) : metal4_slot has 0 polygons
[2026-09-11 10:42:03,442] [SUBPROCESS]    2026-09-11 10:42:03 +0200: Memory Usage (676732K) : metal4_blk has 0 polygons
[2026-09-11 10:42:03,449] [SUBPROCESS]    2026-09-11 10:42:03 +0200: Memory Usage (676732K) : metal4_res has 0 polygons
[2026-09-11 10:42:03,458] [SUBPROCESS]    2026-09-11 10:42:03 +0200: Memory Usage (676732K) : via4 has 0 polygons
[2026-09-11 10:42:03,466] [SUBPROCESS]    2026-09-11 10:42:03 +0200: Memory Usage (676732K) : metal5_drawn has 0 polygons
[2026-09-11 10:42:03,478] [SUBPROCESS]    2026-09-11 10:42:03 +0200: Memory Usage (676732K) : metal5_dummy has 0 polygons
[2026-09-11 10:42:03,485] [SUBPROCESS]    2026-09-11 10:42:03 +0200: Memory Usage (677144K) : metal5_label has 0 polygons
[2026-09-11 10:42:03,513] [SUBPROCESS]    2026-09-11 10:42:03 +0200: Memory Usage (677144K) : metal5_slot has 0 polygons
[2026-09-11 10:42:03,522] [SUBPROCESS]    2026-09-11 10:42:03 +0200: Memory Usage (677144K) : metal5_blk has 0 polygons
[2026-09-11 10:42:03,530] [SUBPROCESS]    2026-09-11 10:42:03 +0200: Memory Usage (677144K) : metal5_res has 0 polygons
[2026-09-11 10:42:03,540] [SUBPROCESS]    2026-09-11 10:42:03 +0200: Memory Usage (677144K) : via5 has 0 polygons
[2026-09-11 10:42:03,548] [SUBPROCESS]    2026-09-11 10:42:03 +0200: Memory Usage (677144K) : metaltop_drawn has 0 polygons
[2026-09-11 10:42:03,559] [SUBPROCESS]    2026-09-11 10:42:03 +0200: Memory Usage (677144K) : metaltop_dummy has 0 polygons
[2026-09-11 10:42:03,566] [SUBPROCESS]    2026-09-11 10:42:03 +0200: Memory Usage (677144K) : metaltop_label has 0 polygons
[2026-09-11 10:42:03,574] [SUBPROCESS]    2026-09-11 10:42:03 +0200: Memory Usage (677144K) : metaltop_slot has 0 polygons
[2026-09-11 10:42:03,582] [SUBPROCESS]    2026-09-11 10:42:03 +0200: Memory Usage (677144K) : metaltop_blk has 0 polygons
[2026-09-11 10:42:03,593] [SUBPROCESS]    2026-09-11 10:42:03 +0200: Memory Usage (677144K) : metal6_res has 0 polygons
[2026-09-11 10:42:03,600] [SUBPROCESS]    2026-09-11 10:42:03 +0200: Memory Usage (677144K) : pad has 0 polygons
[2026-09-11 10:42:03,607] [SUBPROCESS]    2026-09-11 10:42:03 +0200: Memory Usage (677144K) : ubmpperi has 0 polygons
[2026-09-11 10:42:03,616] [SUBPROCESS]    2026-09-11 10:42:03 +0200: Memory Usage (677144K) : ubmparray has 0 polygons
[2026-09-11 10:42:03,624] [SUBPROCESS]    2026-09-11 10:42:03 +0200: Memory Usage (677144K) : ubmeplate has 0 polygons
[2026-09-11 10:42:03,631] [SUBPROCESS]    2026-09-11 10:42:03 +0200: Memory Usage (677144K) : pr_bndry has 0 polygons
[2026-09-11 10:42:03,637] [SUBPROCESS]    2026-09-11 10:42:03 +0200: Memory Usage (677144K) : border has 0 polygons
[2026-09-11 10:42:03,645] [SUBPROCESS]    2026-09-11 10:42:03 +0200: Memory Usage (677144K) : Total no. of polygons in the design is 4542
[2026-09-11 10:42:03,651] [SUBPROCESS]    2026-09-11 10:42:03 +0200: Memory Usage (677144K) : Starting deriving base layers.
[2026-09-11 10:42:03,659] [SUBPROCESS]    2026-09-11 10:42:03 +0200: Memory Usage (677144K) : Starting GF180MCU LVS runset
[2026-09-11 10:42:03,766] [SUBPROCESS]    2026-09-11 10:42:03 +0200: Memory Usage (677144K) : Starting base layers derivations
[2026-09-11 10:42:03,782] [SUBPROCESS]    2026-09-11 10:42:03 +0200: Memory Usage (826152K) : Starting MOSFET DERIVATIONS
[2026-09-11 10:42:03,821] [SUBPROCESS]    2026-09-11 10:42:03 +0200: Memory Usage (826908K) : Starting PMOS layers DERIVATIONS
[2026-09-11 10:42:03,865] [SUBPROCESS]    2026-09-11 10:42:03 +0200: Memory Usage (828800K) : Starting NMOS layers DERIVATIONS
[2026-09-11 10:42:03,872] [SUBPROCESS]    2026-09-11 10:42:03 +0200: Memory Usage (831088K) : Starting BJT DERIVATIONS
[2026-09-11 10:42:03,964] [SUBPROCESS]    2026-09-11 10:42:03 +0200: Memory Usage (831088K) : Starting vnpn layers DERIVATIONS
[2026-09-11 10:42:04,042] [SUBPROCESS]    2026-09-11 10:42:03 +0200: Memory Usage (836384K) : Starting vpnp layers DERIVATIONS
[2026-09-11 10:42:04,158] [SUBPROCESS]    2026-09-11 10:42:04 +0200: Memory Usage (837896K) : Starting DIODE DERIVATIONS
[2026-09-11 10:42:04,329] [SUBPROCESS]    2026-09-11 10:42:04 +0200: Memory Usage (837896K) : Starting RESISTOR DERIVATIONS
[2026-09-11 10:42:04,345] [SUBPROCESS]    2026-09-11 10:42:04 +0200: Memory Usage (837896K) : Starting MIMCAP DERIVATIONS
[2026-09-11 10:42:04,387] [SUBPROCESS]    2026-09-11 10:42:04 +0200: Memory Usage (837896K) : Starting MOSCAP DERIVATIONS
[2026-09-11 10:42:04,408] [SUBPROCESS]    2026-09-11 10:42:04 +0200: Memory Usage (839060K) : Starting MOS SAB DERIVATIONS
[2026-09-11 10:42:04,433] [SUBPROCESS]    2026-09-11 10:42:04 +0200: Memory Usage (839816K) : Starting PMOS SAB DERIVATIONS
[2026-09-11 10:42:04,459] [SUBPROCESS]    2026-09-11 10:42:04 +0200: Memory Usage (841328K) : Starting NMOS SAB DERIVATIONS
[2026-09-11 10:42:04,476] [SUBPROCESS]    2026-09-11 10:42:04 +0200: Memory Usage (842524K) : Starting NMOS EFUSE DERIVATIONS
[2026-09-11 10:42:04,485] [SUBPROCESS]    2026-09-11 10:42:04 +0200: Memory Usage (842968K) : Starting GF180 LVS connectivity setup
[2026-09-11 10:42:04,493] [SUBPROCESS]    2026-09-11 10:42:04 +0200: Memory Usage (842968K) : Starting GF180 LVS connectivity setup (Inter-layer)
[2026-09-11 10:42:04,499] [SUBPROCESS]    2026-09-11 10:42:04 +0200: Memory Usage (842968K) : Starting GF180 LVS connectivity setup (Global)
[2026-09-11 10:42:04,507] [SUBPROCESS]    2026-09-11 10:42:04 +0200: Memory Usage (842968K) : Starting GF180 LVS connectivity setup (Multifinger Devices)
[2026-09-11 10:42:04,512] [SUBPROCESS]    2026-09-11 10:42:04 +0200: Memory Usage (842968K) : Starting LVS MOSFET CONNECTIONS
[2026-09-11 10:42:04,520] [SUBPROCESS]    2026-09-11 10:42:04 +0200: Memory Usage (842968K) : Starting LVS BJT CONNECTIONS
[2026-09-11 10:42:04,527] [SUBPROCESS]    2026-09-11 10:42:04 +0200: Memory Usage (843032K) : Starting LVS DIODE CONNECTIONS
[2026-09-11 10:42:04,536] [SUBPROCESS]    2026-09-11 10:42:04 +0200: Memory Usage (843032K) : Starting LVS MIMCAP CONNECTIONS
[2026-09-11 10:42:04,542] [SUBPROCESS]    2026-09-11 10:42:04 +0200: Memory Usage (843032K) : Starting LVS RESISTOR CONNECTIONS
[2026-09-11 10:42:04,548] [SUBPROCESS]    2026-09-11 10:42:04 +0200: Memory Usage (843032K) : Starting LVS EFUSE CONNECTIONS
[2026-09-11 10:42:04,555] [SUBPROCESS]    2026-09-11 10:42:04 +0200: Memory Usage (843096K) : Starting GF180 LVS DEVICES EXTRACTION
[2026-09-11 10:42:04,561] [SUBPROCESS]    2026-09-11 10:42:04 +0200: Memory Usage (843096K) : Starting MOSFET EXTRACTION
[2026-09-11 10:42:04,571] [SUBPROCESS]    2026-09-11 10:42:04 +0200: Memory Usage (843096K) : Starting PMOS EXTRACTION
[2026-09-11 10:42:04,599] [SUBPROCESS]    2026-09-11 10:42:04 +0200: Memory Usage (843096K) : Extracting 3.3V PMOS transistor outside DNWEL
[2026-09-11 10:42:04,609] [SUBPROCESS]    2026-09-11 10:42:04 +0200: Memory Usage (843096K) : Extracting 5V PMOS transistor outside DNWELL
[2026-09-11 10:42:04,618] [SUBPROCESS]    2026-09-11 10:42:04 +0200: Memory Usage (843096K) : Extracting 6V PMOS transistor outside DNWELL
[2026-09-11 10:42:04,626] [SUBPROCESS]    2026-09-11 10:42:04 +0200: Memory Usage (843096K) : Extracting 3.3V PMOS transistor inside DNWELL
[2026-09-11 10:42:04,632] [SUBPROCESS]    2026-09-11 10:42:04 +0200: Memory Usage (843096K) : Extracting 5V PMOS transistor inside DNWELL
[2026-09-11 10:42:04,643] [SUBPROCESS]    2026-09-11 10:42:04 +0200: Memory Usage (843096K) : Extracting 6V PMOS transistor inside DNWELL
[2026-09-11 10:42:04,652] [SUBPROCESS]    2026-09-11 10:42:04 +0200: Memory Usage (843096K) : Extracting LDPMOS transistor
[2026-09-11 10:42:04,659] [SUBPROCESS]    2026-09-11 10:42:04 +0200: Memory Usage (843096K) : Starting NMOS EXTRACTION
[2026-09-11 10:42:04,667] [SUBPROCESS]    2026-09-11 10:42:04 +0200: Memory Usage (843096K) : 3.3V NMOS transistor outside DNWELL
[2026-09-11 10:42:04,676] [SUBPROCESS]    2026-09-11 10:42:04 +0200: Memory Usage (843096K) : 5V NMOS transistor outside DNWELL
[2026-09-11 10:42:04,685] [SUBPROCESS]    2026-09-11 10:42:04 +0200: Memory Usage (843096K) : 6V NMOS transistor outside DNWELL
[2026-09-11 10:42:04,694] [SUBPROCESS]    2026-09-11 10:42:04 +0200: Memory Usage (843096K) : 3.3V NMOS transistor inside DNWELL
[2026-09-11 10:42:04,701] [SUBPROCESS]    2026-09-11 10:42:04 +0200: Memory Usage (843096K) : 5V NMOS transistor inside DNWELL
[2026-09-11 10:42:04,709] [SUBPROCESS]    2026-09-11 10:42:04 +0200: Memory Usage (843096K) : 6V NMOS transistor inside DNWELL
[2026-09-11 10:42:04,716] [SUBPROCESS]    2026-09-11 10:42:04 +0200: Memory Usage (843096K) : Native Vt NMOS transistor
[2026-09-11 10:42:04,726] [SUBPROCESS]    2026-09-11 10:42:04 +0200: Memory Usage (843096K) : Extracting LDNMOS transistor
[2026-09-11 10:42:04,733] [SUBPROCESS]    2026-09-11 10:42:04 +0200: Memory Usage (843096K) : Starting BJT EXTRACTION
[2026-09-11 10:42:04,741] [SUBPROCESS]    2026-09-11 10:42:04 +0200: Memory Usage (843096K) : Starting vnpn BJT EXTRACTION
[2026-09-11 10:42:04,753] [SUBPROCESS]    2026-09-11 10:42:04 +0200: Memory Usage (843096K) : Extracting npn_10p00x10p00 BJT
[2026-09-11 10:42:04,763] [SUBPROCESS]    2026-09-11 10:42:04 +0200: Memory Usage (843096K) : Extracting npn_05p00x05p00 BJT
[2026-09-11 10:42:04,778] [SUBPROCESS]    2026-09-11 10:42:04 +0200: Memory Usage (843096K) : Extracting npn_00p54x16p00 BJT
[2026-09-11 10:42:04,792] [SUBPROCESS]    2026-09-11 10:42:04 +0200: Memory Usage (843096K) : Extracting npn_00p54x08p00 BJT
[2026-09-11 10:42:04,804] [SUBPROCESS]    2026-09-11 10:42:04 +0200: Memory Usage (843096K) : Extracting npn_00p54x04p00 BJT
[2026-09-11 10:42:04,817] [SUBPROCESS]    2026-09-11 10:42:04 +0200: Memory Usage (843096K) : Extracting npn_00p54x02p00 BJT
[2026-09-11 10:42:04,825] [SUBPROCESS]    2026-09-11 10:42:04 +0200: Memory Usage (843096K) : Starting vpnp BJT EXTRACTION
[2026-09-11 10:42:04,836] [SUBPROCESS]    2026-09-11 10:42:04 +0200: Memory Usage (843096K) : Extracting pnp_10p00x10p00 BJT
[2026-09-11 10:42:04,846] [SUBPROCESS]    2026-09-11 10:42:04 +0200: Memory Usage (843096K) : Extracting pnp_05p00x05p00 BJT
[2026-09-11 10:42:04,859] [SUBPROCESS]    2026-09-11 10:42:04 +0200: Memory Usage (843096K) : Extracting pnp_10p00x00p42 BJT
[2026-09-11 10:42:04,870] [SUBPROCESS]    2026-09-11 10:42:04 +0200: Memory Usage (843096K) : Extracting pnp_05p00x00p42 BJT
[2026-09-11 10:42:04,877] [SUBPROCESS]    2026-09-11 10:42:04 +0200: Memory Usage (843096K) : Starting DIODE EXTRACTION
[2026-09-11 10:42:04,884] [SUBPROCESS]    2026-09-11 10:42:04 +0200: Memory Usage (843096K) : Extracting diode_nd2ps_03v3 diode
[2026-09-11 10:42:04,895] [SUBPROCESS]    2026-09-11 10:42:04 +0200: Memory Usage (843096K) : Extracting diode_nd2ps_03v3_dn diode
[2026-09-11 10:42:04,902] [SUBPROCESS]    2026-09-11 10:42:04 +0200: Memory Usage (843096K) : Extracting diode_nd2ps_06v0 diode
[2026-09-11 10:42:04,910] [SUBPROCESS]    2026-09-11 10:42:04 +0200: Memory Usage (843096K) : Extracting diode_nd2ps_06v0_dn diode
[2026-09-11 10:42:04,920] [SUBPROCESS]    2026-09-11 10:42:04 +0200: Memory Usage (843096K) : Extracting diode_pd2nw_03v3 diode
[2026-09-11 10:42:04,928] [SUBPROCESS]    2026-09-11 10:42:04 +0200: Memory Usage (843096K) : Extractingdiode_pd2nw_03v3_dn diode
[2026-09-11 10:42:04,938] [SUBPROCESS]    2026-09-11 10:42:04 +0200: Memory Usage (843096K) : Extracting diode_pd2nw_06v0 diode
[2026-09-11 10:42:04,946] [SUBPROCESS]    2026-09-11 10:42:04 +0200: Memory Usage (843096K) : Extracting diode_pd2nw_06v0_dn diode
[2026-09-11 10:42:04,955] [SUBPROCESS]    2026-09-11 10:42:04 +0200: Memory Usage (843096K) : Extracting diode_nw2ps_03v3 diode
[2026-09-11 10:42:04,962] [SUBPROCESS]    2026-09-11 10:42:04 +0200: Memory Usage (843096K) : Extracting diode_nw2ps_06v0 diode
[2026-09-11 10:42:04,972] [SUBPROCESS]    2026-09-11 10:42:04 +0200: Memory Usage (843096K) : Extracting diode_pw2dw_03v3 diode
[2026-09-11 10:42:04,981] [SUBPROCESS]    2026-09-11 10:42:04 +0200: Memory Usage (843096K) : Extracting diode_pw2dw_06v0 diode
[2026-09-11 10:42:04,990] [SUBPROCESS]    2026-09-11 10:42:04 +0200: Memory Usage (843096K) : Extracting diode_dw2ps_03v3 diode
[2026-09-11 10:42:04,997] [SUBPROCESS]    2026-09-11 10:42:04 +0200: Memory Usage (843096K) : Extracting diode_dw2ps_06v0 diode
[2026-09-11 10:42:05,006] [SUBPROCESS]    2026-09-11 10:42:04 +0200: Memory Usage (843096K) : Extracting sc_diode diode
[2026-09-11 10:42:05,012] [SUBPROCESS]    2026-09-11 10:42:05 +0200: Memory Usage (843096K) : Starting RESISTOR EXTRACTION
[2026-09-11 10:42:05,022] [SUBPROCESS]    2026-09-11 10:42:05 +0200: Memory Usage (843096K) : Extracting NPLUS_U device
[2026-09-11 10:42:05,029] [SUBPROCESS]    2026-09-11 10:42:05 +0200: Memory Usage (843096K) : Extracting NPLUS_U_DW device
[2026-09-11 10:42:05,038] [SUBPROCESS]    2026-09-11 10:42:05 +0200: Memory Usage (843096K) : Extracting PPLUS_U device
[2026-09-11 10:42:05,046] [SUBPROCESS]    2026-09-11 10:42:05 +0200: Memory Usage (843096K) : Extracting PPLUS_U_DW device
[2026-09-11 10:42:05,055] [SUBPROCESS]    2026-09-11 10:42:05 +0200: Memory Usage (843096K) : Extracting NPLUS_S device
[2026-09-11 10:42:05,063] [SUBPROCESS]    2026-09-11 10:42:05 +0200: Memory Usage (843096K) : Extracting NPLUS_S_DW device
[2026-09-11 10:42:05,074] [SUBPROCESS]    2026-09-11 10:42:05 +0200: Memory Usage (843096K) : Extracting PPLUS_S device
[2026-09-11 10:42:05,081] [SUBPROCESS]    2026-09-11 10:42:05 +0200: Memory Usage (843096K) : Extracting PPLUS_S_DW device
[2026-09-11 10:42:05,093] [SUBPROCESS]    2026-09-11 10:42:05 +0200: Memory Usage (843096K) : Extracting NWELL device
[2026-09-11 10:42:05,117] [SUBPROCESS]    2026-09-11 10:42:05 +0200: Memory Usage (843096K) : Extracting PWELL device
[2026-09-11 10:42:05,126] [SUBPROCESS]    2026-09-11 10:42:05 +0200: Memory Usage (843096K) : Extracting NPOLYF_U device
[2026-09-11 10:42:05,137] [SUBPROCESS]    2026-09-11 10:42:05 +0200: Memory Usage (843096K) : Extracting NPOLYF_U_DW device
[2026-09-11 10:42:05,145] [SUBPROCESS]    2026-09-11 10:42:05 +0200: Memory Usage (843096K) : Extracting PPOLYF_U device
[2026-09-11 10:42:05,155] [SUBPROCESS]    2026-09-11 10:42:05 +0200: Memory Usage (843096K) : Extracting PPOLYF_U_DW device
[2026-09-11 10:42:05,163] [SUBPROCESS]    2026-09-11 10:42:05 +0200: Memory Usage (843096K) : Extracting NPOLYF_S device
[2026-09-11 10:42:05,175] [SUBPROCESS]    2026-09-11 10:42:05 +0200: Memory Usage (843096K) : Extracting NPOLYF_S_DW device
[2026-09-11 10:42:05,183] [SUBPROCESS]    2026-09-11 10:42:05 +0200: Memory Usage (843096K) : Extracting PPOLYF_S device
[2026-09-11 10:42:05,193] [SUBPROCESS]    2026-09-11 10:42:05 +0200: Memory Usage (843096K) : Extracting PPOLYF_S_DW device
[2026-09-11 10:42:05,202] [SUBPROCESS]    2026-09-11 10:42:05 +0200: Memory Usage (843096K) : Extracting PPOLYF_U_1K device
[2026-09-11 10:42:05,210] [SUBPROCESS]    2026-09-11 10:42:05 +0200: Memory Usage (843096K) : Extracting PPOLYF_U_DW_1 device
[2026-09-11 10:42:05,220] [SUBPROCESS]    2026-09-11 10:42:05 +0200: Memory Usage (843096K) : Extracting PPOLYF_U_1K_6p0 device
[2026-09-11 10:42:05,229] [SUBPROCESS]    2026-09-11 10:42:05 +0200: Memory Usage (843096K) : Extracting PPOLYF_U_DW_1K_6p0 device
[2026-09-11 10:42:05,242] [SUBPROCESS]    2026-09-11 10:42:05 +0200: Memory Usage (843096K) : Extracting RM1 device
[2026-09-11 10:42:05,251] [SUBPROCESS]    2026-09-11 10:42:05 +0200: Memory Usage (843096K) : Extracting RM2 device
[2026-09-11 10:42:05,261] [SUBPROCESS]    2026-09-11 10:42:05 +0200: Memory Usage (843096K) : Extracting RM3 device
[2026-09-11 10:42:05,268] [SUBPROCESS]    2026-09-11 10:42:05 +0200: Memory Usage (843096K) : Extracting TM9K device
[2026-09-11 10:42:05,275] [SUBPROCESS]    2026-09-11 10:42:05 +0200: Memory Usage (843096K) : Starting MIMCAP EXTRACTION
[2026-09-11 10:42:05,282] [SUBPROCESS]    2026-09-11 10:42:05 +0200: Memory Usage (843096K) : Extracting cap_mim2f0 device
[2026-09-11 10:42:05,290] [SUBPROCESS]    2026-09-11 10:42:05 +0200: Memory Usage (843096K) : Starting MOSCAP EXTRACTION
[2026-09-11 10:42:05,299] [SUBPROCESS]    2026-09-11 10:42:05 +0200: Memory Usage (843096K) : Extracting cap_nmos_03v3 device
[2026-09-11 10:42:05,308] [SUBPROCESS]    2026-09-11 10:42:05 +0200: Memory Usage (843096K) : Extracting cap_nmos_03v3_dn device
[2026-09-11 10:42:05,322] [SUBPROCESS]    2026-09-11 10:42:05 +0200: Memory Usage (843096K) : Extracting cap_pmos_03v3 device
[2026-09-11 10:42:05,331] [SUBPROCESS]    2026-09-11 10:42:05 +0200: Memory Usage (843096K) : Extracting cap_pmos_03v3_dn device
[2026-09-11 10:42:05,342] [SUBPROCESS]    2026-09-11 10:42:05 +0200: Memory Usage (843096K) : Extracting cap_nmos_06v0 device
[2026-09-11 10:42:05,349] [SUBPROCESS]    2026-09-11 10:42:05 +0200: Memory Usage (843096K) : Extracting cap_nmos_06v0_dn device
[2026-09-11 10:42:05,364] [SUBPROCESS]    2026-09-11 10:42:05 +0200: Memory Usage (843096K) : Extracting cap_pmos_06v0 device
[2026-09-11 10:42:05,382] [SUBPROCESS]    2026-09-11 10:42:05 +0200: Memory Usage (843096K) : Extracting cap_pmos_06v0 device
[2026-09-11 10:42:05,390] [SUBPROCESS]    2026-09-11 10:42:05 +0200: Memory Usage (843096K) : Extracting cap_pmos_03v3_b device
[2026-09-11 10:42:05,405] [SUBPROCESS]    2026-09-11 10:42:05 +0200: Memory Usage (843096K) : Extracting cap_nmos_06v0_b device
[2026-09-11 10:42:05,413] [SUBPROCESS]    2026-09-11 10:42:05 +0200: Memory Usage (843096K) : Extracting cap_pmos_06v0_b device
[2026-09-11 10:42:05,420] [SUBPROCESS]    2026-09-11 10:42:05 +0200: Memory Usage (843096K) : Starting MOS SAB EXTRACTION
[2026-09-11 10:42:05,426] [SUBPROCESS]    2026-09-11 10:42:05 +0200: Memory Usage (843096K) : Starting PMOS SAB EXTRACTION
[2026-09-11 10:42:05,433] [SUBPROCESS]    2026-09-11 10:42:05 +0200: Memory Usage (843096K) : Extracting 3.3V ESD PMOS transistor outside DNWELL device
[2026-09-11 10:42:05,443] [SUBPROCESS]    2026-09-11 10:42:05 +0200: Memory Usage (843096K) : Extracting 5V ESD PMOS transistor outside DNWELL device
[2026-09-11 10:42:05,450] [SUBPROCESS]    2026-09-11 10:42:05 +0200: Memory Usage (843096K) : Extracting 6V ESD PMOS transistor outside DNWELL device
[2026-09-11 10:42:05,461] [SUBPROCESS]    2026-09-11 10:42:05 +0200: Memory Usage (843096K) : Extracting 3.3V ESD PMOS transistor inside DNWELL device
[2026-09-11 10:42:05,468] [SUBPROCESS]    2026-09-11 10:42:05 +0200: Memory Usage (843096K) : Extracting 5V ESD PMOS transistor inside DNWELL device
[2026-09-11 10:42:05,477] [SUBPROCESS]    2026-09-11 10:42:05 +0200: Memory Usage (843096K) : Extracting 6V ESD PMOS transistor inside DNWELL device
[2026-09-11 10:42:05,483] [SUBPROCESS]    2026-09-11 10:42:05 +0200: Memory Usage (843096K) : Starting NMOS SAB EXTRACTION
[2026-09-11 10:42:05,492] [SUBPROCESS]    2026-09-11 10:42:05 +0200: Memory Usage (843096K) : Extracting 3.3V ESD NMOS transistor outside DNWELL device
[2026-09-11 10:42:05,501] [SUBPROCESS]    2026-09-11 10:42:05 +0200: Memory Usage (843096K) : Extracting 5V ESD NMOS transistor outside DNWELL device
[2026-09-11 10:42:05,510] [SUBPROCESS]    2026-09-11 10:42:05 +0200: Memory Usage (843096K) : Extracting 6V ESD NMOS transistor outside DNWELL device
[2026-09-11 10:42:05,517] [SUBPROCESS]    2026-09-11 10:42:05 +0200: Memory Usage (843096K) : Extracting 3.3V ESD NMOS transistor inside DNWELL device
[2026-09-11 10:42:05,526] [SUBPROCESS]    2026-09-11 10:42:05 +0200: Memory Usage (843096K) : Extracting 5V ESD NMOS transistor inside DNWELL device
[2026-09-11 10:42:05,535] [SUBPROCESS]    2026-09-11 10:42:05 +0200: Memory Usage (843096K) : Extracting 6V ESD NMOS transistor inside DNWELL device
[2026-09-11 10:42:05,545] [SUBPROCESS]    2026-09-11 10:42:05 +0200: Memory Usage (843096K) : Starting EFUSE EXTRACTION
[2026-09-11 10:42:05,593] [SUBPROCESS]    2026-09-11 10:42:05 +0200: Memory Usage (843096K) : Starting GF180 LVS comparison section
[2026-09-11 10:42:05,602] [SUBPROCESS]    2026-09-11 10:42:05 +0200: Memory Usage (843096K) : LVS Total Run time 3.101003 seconds
[2026-09-11 10:42:05,608] [SUBPROCESS]    2026-09-11 10:42:05 +0200: Memory Usage (843096K) : xxxxxxxxxxxxxxxxxxxxxxxxxxxxxxxxxxxxxxxxxx
[2026-09-11 10:42:05,616] [SUBPROCESS]    2026-09-11 10:42:05 +0200: Memory Usage (843096K) : ERROR : Netlists don't match
[2026-09-11 10:42:05,748] [SUBPROCESS]    2026-09-11 10:42:05 +0200: Memory Usage (843096K) : xxxxxxxxxxxxxxxxxxxxxxxxxxxxxxxxxxxxxxxxxx
[2026-09-11 10:42:05,872] [INFO]    klayout LVS succeeded after 5.562s
[2026-09-11 10:42:05,918] [WARNING]    Unable to find info about extracted LVS layer 'comp'
[2026-09-11 10:42:05,919] [WARNING]    Unable to find info about extracted LVS layer 'nwell'
[2026-09-11 10:42:05,920] [WARNING]    Unable to find info about extracted LVS layer 'contact'
[2026-09-11 10:42:05,921] [WARNING]    Unable to find info about extracted LVS layer 'via1'
[2026-09-11 10:42:05,922] [INFO]    (31, 20) -> (psd)
[2026-09-11 10:42:05,924] [INFO]    (34, 0) -> (metal1_con)
[2026-09-11 10:42:05,925] [INFO]    (36, 0) -> (metal2_con)
[2026-09-11 10:42:05,960] [WARNING]    Can't find GDS pair for layer M1-Poly
[2026-09-11 10:42:05,961] [WARNING]    Can't find GDS pair for layer Via1_con
[2026-09-11 10:42:05,962] [WARNING]    Can't find GDS pair for layer Via2_con
[2026-09-11 10:42:05,963] [WARNING]    Can't find GDS pair for layer Via3_con
[2026-09-11 10:42:05,964] [WARNING]    Can't find GDS pair for layer Via4_ncap
[2026-09-11 10:42:09,471] [INFO]    LVSDB: found 8pins
[2026-09-11 10:42:09,487] [WARNING]    Could not find a layer for device $1, class pfet_03v3, terminal G, net DAC_REF
[2026-09-11 10:42:09,489] [WARNING]    Could not find a layer for device $1, class pfet_03v3, terminal B, net VDD
[2026-09-11 10:42:09,493] [WARNING]    Could not find a layer for device $2, class pfet_03v3, terminal G, net DAC_REF
[2026-09-11 10:42:09,496] [WARNING]    Could not find a layer for device $2, class pfet_03v3, terminal B, net VDD
[2026-09-11 10:42:09,498] [WARNING]    Could not find a layer for device $3, class pfet_03v3, terminal G, net DAC_REF
[2026-09-11 10:42:09,500] [WARNING]    Could not find a layer for device $3, class pfet_03v3, terminal B, net VDD
[2026-09-11 10:42:09,503] [WARNING]    Could not find a layer for device $4, class pfet_03v3, terminal G, net DAC_REF
[2026-09-11 10:42:09,505] [WARNING]    Could not find a layer for device $4, class pfet_03v3, terminal B, net VDD
[2026-09-11 10:42:09,508] [WARNING]    Could not find a layer for device $5, class pfet_03v3, terminal G, net DAC_REF
[2026-09-11 10:42:09,512] [WARNING]    Could not find a layer for device $5, class pfet_03v3, terminal B, net VDD
[2026-09-11 10:42:09,514] [WARNING]    Could not find a layer for device $6, class pfet_03v3, terminal G, net DAC_REF
[2026-09-11 10:42:09,516] [WARNING]    Could not find a layer for device $6, class pfet_03v3, terminal B, net VDD
[2026-09-11 10:42:09,520] [WARNING]    Could not find a layer for device $7, class pfet_03v3, terminal G, net DAC_REF
[2026-09-11 10:42:09,522] [WARNING]    Could not find a layer for device $7, class pfet_03v3, terminal B, net VDD
[2026-09-11 10:42:09,524] [WARNING]    Could not find a layer for device $8, class pfet_03v3, terminal G, net DAC_REF
[2026-09-11 10:42:09,526] [WARNING]    Could not find a layer for device $8, class pfet_03v3, terminal B, net VDD
[2026-09-11 10:42:09,529] [WARNING]    Could not find a layer for device $9, class pfet_03v3, terminal G, net DAC_REF
[2026-09-11 10:42:09,531] [WARNING]    Could not find a layer for device $9, class pfet_03v3, terminal B, net VDD
[2026-09-11 10:42:09,533] [WARNING]    Could not find a layer for device $10, class pfet_03v3, terminal G, net DAC_REF
[2026-09-11 10:42:09,535] [WARNING]    Could not find a layer for device $10, class pfet_03v3, terminal B, net VDD
[2026-09-11 10:42:09,538] [WARNING]    Could not find a layer for device $11, class pfet_03v3, terminal G, net DAC_REF
[2026-09-11 10:42:09,540] [WARNING]    Could not find a layer for device $11, class pfet_03v3, terminal B, net VDD
[2026-09-11 10:42:09,541] [WARNING]    Could not find a layer for device $12, class pfet_03v3, terminal G, net DAC_REF
[2026-09-11 10:42:09,545] [WARNING]    Could not find a layer for device $12, class pfet_03v3, terminal B, net VDD
[2026-09-11 10:42:09,548] [WARNING]    Could not find a layer for device $13, class pfet_03v3, terminal G, net DAC_REF
[2026-09-11 10:42:09,550] [WARNING]    Could not find a layer for device $13, class pfet_03v3, terminal B, net VDD
[2026-09-11 10:42:09,553] [WARNING]    Could not find a layer for device $14, class pfet_03v3, terminal G, net DAC_REF
[2026-09-11 10:42:09,556] [WARNING]    Could not find a layer for device $14, class pfet_03v3, terminal B, net VDD
[2026-09-11 10:42:09,560] [WARNING]    Could not find a layer for device $15, class pfet_03v3, terminal G, net DAC_REF
[2026-09-11 10:42:09,562] [WARNING]    Could not find a layer for device $15, class pfet_03v3, terminal B, net VDD
[2026-09-11 10:42:09,564] [WARNING]    Could not find a layer for device $16, class pfet_03v3, terminal G, net DAC_REF
[2026-09-11 10:42:09,566] [WARNING]    Could not find a layer for device $16, class pfet_03v3, terminal B, net VDD
[2026-09-11 10:42:09,568] [WARNING]    Could not find a layer for device $17, class pfet_03v3, terminal G, net DAC_REF
[2026-09-11 10:42:09,571] [WARNING]    Could not find a layer for device $17, class pfet_03v3, terminal B, net VDD
[2026-09-11 10:42:09,573] [WARNING]    Could not find a layer for device $18, class pfet_03v3, terminal G, net DAC_REF
[2026-09-11 10:42:09,577] [WARNING]    Could not find a layer for device $18, class pfet_03v3, terminal B, net VDD
[2026-09-11 10:42:09,579] [WARNING]    Could not find a layer for device $19, class pfet_03v3, terminal G, net DAC_REF
[2026-09-11 10:42:09,581] [WARNING]    Could not find a layer for device $19, class pfet_03v3, terminal B, net VDD
[2026-09-11 10:42:09,583] [WARNING]    Could not find a layer for device $20, class pfet_03v3, terminal G, net DAC_REF
[2026-09-11 10:42:09,585] [WARNING]    Could not find a layer for device $20, class pfet_03v3, terminal B, net VDD
[2026-09-11 10:42:09,589] [WARNING]    Could not find a layer for device $21, class pfet_03v3, terminal G, net DAC_REF
[2026-09-11 10:42:09,591] [WARNING]    Could not find a layer for device $21, class pfet_03v3, terminal B, net VDD
[2026-09-11 10:42:09,595] [WARNING]    Could not find a layer for device $22, class pfet_03v3, terminal G, net DAC_REF
[2026-09-11 10:42:09,597] [WARNING]    Could not find a layer for device $22, class pfet_03v3, terminal B, net VDD
[2026-09-11 10:42:09,599] [WARNING]    Could not find a layer for device $23, class pfet_03v3, terminal G, net DAC_REF
[2026-09-11 10:42:09,603] [WARNING]    Could not find a layer for device $23, class pfet_03v3, terminal B, net VDD
[2026-09-11 10:42:09,605] [WARNING]    Could not find a layer for device $24, class pfet_03v3, terminal G, net DAC_REF
[2026-09-11 10:42:09,607] [WARNING]    Could not find a layer for device $24, class pfet_03v3, terminal B, net VDD
[2026-09-11 10:42:09,610] [WARNING]    Could not find a layer for device $25, class pfet_03v3, terminal G, net DAC_REF
[2026-09-11 10:42:09,613] [WARNING]    Could not find a layer for device $25, class pfet_03v3, terminal B, net VDD
[2026-09-11 10:42:09,614] [WARNING]    Could not find a layer for device $26, class pfet_03v3, terminal G, net DAC_REF
[2026-09-11 10:42:09,616] [WARNING]    Could not find a layer for device $26, class pfet_03v3, terminal B, net VDD
[2026-09-11 10:42:09,619] [WARNING]    Could not find a layer for device $27, class pfet_03v3, terminal G, net DAC_REF
[2026-09-11 10:42:09,622] [WARNING]    Could not find a layer for device $27, class pfet_03v3, terminal B, net VDD
[2026-09-11 10:42:09,624] [WARNING]    Could not find a layer for device $28, class pfet_03v3, terminal G, net DAC_REF
[2026-09-11 10:42:09,628] [WARNING]    Could not find a layer for device $28, class pfet_03v3, terminal B, net VDD
[2026-09-11 10:42:09,630] [WARNING]    Could not find a layer for device $29, class pfet_03v3, terminal G, net DAC_REF
[2026-09-11 10:42:09,633] [WARNING]    Could not find a layer for device $29, class pfet_03v3, terminal B, net VDD
[2026-09-11 10:42:09,635] [WARNING]    Could not find a layer for device $30, class pfet_03v3, terminal G, net DAC_REF
[2026-09-11 10:42:09,638] [WARNING]    Could not find a layer for device $30, class pfet_03v3, terminal B, net VDD
[2026-09-11 10:42:09,640] [WARNING]    Could not find a layer for device $31, class pfet_03v3, terminal G, net DAC_REF
[2026-09-11 10:42:09,642] [WARNING]    Could not find a layer for device $31, class pfet_03v3, terminal B, net VDD
[2026-09-11 10:42:09,645] [WARNING]    Could not find a layer for device $32, class pfet_03v3, terminal G, net DAC_REF
[2026-09-11 10:42:09,647] [WARNING]    Could not find a layer for device $32, class pfet_03v3, terminal B, net VDD
[2026-09-11 10:42:09,649] [WARNING]    Could not find a layer for device $33, class pfet_03v3, terminal G, net DAC_REF
[2026-09-11 10:42:09,652] [WARNING]    Could not find a layer for device $33, class pfet_03v3, terminal B, net VDD
[2026-09-11 10:42:09,654] [WARNING]    Could not find a layer for device $34, class pfet_03v3, terminal G, net DAC_REF
[2026-09-11 10:42:09,656] [WARNING]    Could not find a layer for device $34, class pfet_03v3, terminal B, net VDD
[2026-09-11 10:42:09,658] [WARNING]    Could not find a layer for device $35, class pfet_03v3, terminal G, net DAC_REF
[2026-09-11 10:42:09,661] [WARNING]    Could not find a layer for device $35, class pfet_03v3, terminal B, net VDD
[2026-09-11 10:42:09,663] [WARNING]    Could not find a layer for device $36, class pfet_03v3, terminal G, net DAC_REF
[2026-09-11 10:42:09,665] [WARNING]    Could not find a layer for device $36, class pfet_03v3, terminal B, net VDD
[2026-09-11 10:42:09,668] [WARNING]    Could not find a layer for device $37, class pfet_03v3, terminal G, net DAC_REF
[2026-09-11 10:42:09,671] [WARNING]    Could not find a layer for device $37, class pfet_03v3, terminal B, net VDD
[2026-09-11 10:42:09,673] [WARNING]    Could not find a layer for device $38, class pfet_03v3, terminal G, net DAC_REF
[2026-09-11 10:42:09,676] [WARNING]    Could not find a layer for device $38, class pfet_03v3, terminal B, net VDD
[2026-09-11 10:42:09,679] [WARNING]    Could not find a layer for device $39, class pfet_03v3, terminal G, net DAC_REF
[2026-09-11 10:42:09,682] [WARNING]    Could not find a layer for device $39, class pfet_03v3, terminal B, net VDD
[2026-09-11 10:42:09,683] [WARNING]    Could not find a layer for device $40, class pfet_03v3, terminal G, net DAC_REF
[2026-09-11 10:42:09,686] [WARNING]    Could not find a layer for device $40, class pfet_03v3, terminal B, net VDD
[2026-09-11 10:42:09,688] [WARNING]    Could not find a layer for device $41, class pfet_03v3, terminal G, net DAC_REF
[2026-09-11 10:42:09,691] [WARNING]    Could not find a layer for device $41, class pfet_03v3, terminal B, net VDD
[2026-09-11 10:42:09,695] [WARNING]    Could not find a layer for device $42, class pfet_03v3, terminal G, net DAC_REF
[2026-09-11 10:42:09,697] [WARNING]    Could not find a layer for device $42, class pfet_03v3, terminal B, net VDD
[2026-09-11 10:42:09,699] [WARNING]    Could not find a layer for device $43, class pfet_03v3, terminal G, net DAC_REF
[2026-09-11 10:42:09,701] [WARNING]    Could not find a layer for device $43, class pfet_03v3, terminal B, net VDD
[2026-09-11 10:42:09,703] [WARNING]    Could not find a layer for device $44, class pfet_03v3, terminal G, net DAC_REF
[2026-09-11 10:42:09,706] [WARNING]    Could not find a layer for device $44, class pfet_03v3, terminal B, net VDD
[2026-09-11 10:42:09,709] [WARNING]    Could not find a layer for device $45, class pfet_03v3, terminal G, net DAC_REF
[2026-09-11 10:42:09,712] [WARNING]    Could not find a layer for device $45, class pfet_03v3, terminal B, net VDD
[2026-09-11 10:42:09,714] [WARNING]    Could not find a layer for device $46, class pfet_03v3, terminal G, net DAC_REF
[2026-09-11 10:42:09,716] [WARNING]    Could not find a layer for device $46, class pfet_03v3, terminal B, net VDD
[2026-09-11 10:42:09,718] [WARNING]    Could not find a layer for device $47, class pfet_03v3, terminal G, net DAC_REF
[2026-09-11 10:42:09,721] [WARNING]    Could not find a layer for device $47, class pfet_03v3, terminal B, net VDD
[2026-09-11 10:42:09,723] [WARNING]    Could not find a layer for device $48, class pfet_03v3, terminal G, net DAC_REF
[2026-09-11 10:42:09,726] [WARNING]    Could not find a layer for device $48, class pfet_03v3, terminal B, net VDD
[2026-09-11 10:42:09,729] [WARNING]    Could not find a layer for device $49, class pfet_03v3, terminal G, net DAC_REF
[2026-09-11 10:42:09,731] [WARNING]    Could not find a layer for device $49, class pfet_03v3, terminal B, net VDD
[2026-09-11 10:42:09,734] [WARNING]    Could not find a layer for device $50, class pfet_03v3, terminal G, net DAC_REF
[2026-09-11 10:42:09,736] [WARNING]    Could not find a layer for device $50, class pfet_03v3, terminal B, net VDD
[2026-09-11 10:42:09,739] [WARNING]    Could not find a layer for device $51, class pfet_03v3, terminal G, net DAC_REF
[2026-09-11 10:42:09,742] [WARNING]    Could not find a layer for device $51, class pfet_03v3, terminal B, net VDD
[2026-09-11 10:42:09,745] [WARNING]    Could not find a layer for device $52, class pfet_03v3, terminal G, net DAC_REF
[2026-09-11 10:42:09,748] [WARNING]    Could not find a layer for device $52, class pfet_03v3, terminal B, net VDD
[2026-09-11 10:42:09,751] [WARNING]    Could not find a layer for device $53, class pfet_03v3, terminal G, net DAC_REF
[2026-09-11 10:42:09,754] [WARNING]    Could not find a layer for device $53, class pfet_03v3, terminal B, net VDD
[2026-09-11 10:42:09,756] [WARNING]    Could not find a layer for device $54, class pfet_03v3, terminal G, net DAC_REF
[2026-09-11 10:42:09,759] [WARNING]    Could not find a layer for device $54, class pfet_03v3, terminal B, net VDD
[2026-09-11 10:42:09,762] [WARNING]    Could not find a layer for device $55, class pfet_03v3, terminal G, net DAC_REF
[2026-09-11 10:42:09,764] [WARNING]    Could not find a layer for device $55, class pfet_03v3, terminal B, net VDD
[2026-09-11 10:42:09,766] [WARNING]    Could not find a layer for device $56, class pfet_03v3, terminal G, net DAC_REF
[2026-09-11 10:42:09,769] [WARNING]    Could not find a layer for device $56, class pfet_03v3, terminal B, net VDD
[2026-09-11 10:42:09,771] [WARNING]    Could not find a layer for device $57, class pfet_03v3, terminal G, net DAC_REF
[2026-09-11 10:42:09,773] [WARNING]    Could not find a layer for device $57, class pfet_03v3, terminal B, net VDD
[2026-09-11 10:42:09,777] [WARNING]    Could not find a layer for device $58, class pfet_03v3, terminal G, net DAC_REF
[2026-09-11 10:42:09,780] [WARNING]    Could not find a layer for device $58, class pfet_03v3, terminal B, net VDD
[2026-09-11 10:42:09,782] [WARNING]    Could not find a layer for device $59, class pfet_03v3, terminal G, net DAC_REF
[2026-09-11 10:42:09,784] [WARNING]    Could not find a layer for device $59, class pfet_03v3, terminal B, net VDD
[2026-09-11 10:42:09,787] [WARNING]    Could not find a layer for device $60, class pfet_03v3, terminal G, net DAC_REF
[2026-09-11 10:42:09,791] [WARNING]    Could not find a layer for device $60, class pfet_03v3, terminal B, net VDD
[2026-09-11 10:42:09,793] [WARNING]    Could not find a layer for device $61, class pfet_03v3, terminal G, net DAC_REF
[2026-09-11 10:42:09,796] [WARNING]    Could not find a layer for device $61, class pfet_03v3, terminal B, net VDD
[2026-09-11 10:42:09,798] [WARNING]    Could not find a layer for device $62, class pfet_03v3, terminal G, net DAC_REF
[2026-09-11 10:42:09,800] [WARNING]    Could not find a layer for device $62, class pfet_03v3, terminal B, net VDD
[2026-09-11 10:42:09,802] [WARNING]    Could not find a layer for device $63, class pfet_03v3, terminal G, net DAC_REF
[2026-09-11 10:42:09,805] [WARNING]    Could not find a layer for device $63, class pfet_03v3, terminal B, net VDD
[2026-09-11 10:42:09,807] [WARNING]    Could not find a layer for device $64, class pfet_03v3, terminal G, net b[4]
[2026-09-11 10:42:09,809] [WARNING]    Could not find a layer for device $64, class pfet_03v3, terminal B, net VDD
[2026-09-11 10:42:09,811] [WARNING]    Could not find a layer for device $65, class pfet_03v3, terminal G, net b[4]
[2026-09-11 10:42:09,813] [WARNING]    Could not find a layer for device $65, class pfet_03v3, terminal B, net VDD
[2026-09-11 10:42:09,814] [WARNING]    Could not find a layer for device $66, class pfet_03v3, terminal G, net b[4]
[2026-09-11 10:42:09,816] [WARNING]    Could not find a layer for device $66, class pfet_03v3, terminal B, net VDD
[2026-09-11 10:42:09,818] [WARNING]    Could not find a layer for device $67, class pfet_03v3, terminal G, net b[4]
[2026-09-11 10:42:09,821] [WARNING]    Could not find a layer for device $67, class pfet_03v3, terminal B, net VDD
[2026-09-11 10:42:09,822] [WARNING]    Could not find a layer for device $68, class pfet_03v3, terminal G, net b[3]
[2026-09-11 10:42:09,824] [WARNING]    Could not find a layer for device $68, class pfet_03v3, terminal B, net VDD
[2026-09-11 10:42:09,826] [WARNING]    Could not find a layer for device $69, class pfet_03v3, terminal G, net b[3]
[2026-09-11 10:42:09,829] [WARNING]    Could not find a layer for device $69, class pfet_03v3, terminal B, net VDD
[2026-09-11 10:42:09,831] [WARNING]    Could not find a layer for device $70, class pfet_03v3, terminal G, net b[2]
[2026-09-11 10:42:09,834] [WARNING]    Could not find a layer for device $70, class pfet_03v3, terminal B, net VDD
[2026-09-11 10:42:09,836] [WARNING]    Could not find a layer for device $71, class pfet_03v3, terminal G, net b[1]
[2026-09-11 10:42:09,838] [WARNING]    Could not find a layer for device $71, class pfet_03v3, terminal B, net VDD
[2026-09-11 10:42:09,840] [WARNING]    Could not find a layer for device $72, class pfet_03v3, terminal G, net b[4]
[2026-09-11 10:42:09,843] [WARNING]    Could not find a layer for device $72, class pfet_03v3, terminal B, net VDD
[2026-09-11 10:42:09,845] [WARNING]    Could not find a layer for device $73, class pfet_03v3, terminal G, net b[4]
[2026-09-11 10:42:09,847] [WARNING]    Could not find a layer for device $73, class pfet_03v3, terminal B, net VDD
[2026-09-11 10:42:09,848] [WARNING]    Could not find a layer for device $74, class pfet_03v3, terminal G, net b[4]
[2026-09-11 10:42:09,850] [WARNING]    Could not find a layer for device $74, class pfet_03v3, terminal B, net VDD
[2026-09-11 10:42:09,852] [WARNING]    Could not find a layer for device $75, class pfet_03v3, terminal G, net b[4]
[2026-09-11 10:42:09,854] [WARNING]    Could not find a layer for device $75, class pfet_03v3, terminal B, net VDD
[2026-09-11 10:42:09,856] [WARNING]    Could not find a layer for device $76, class pfet_03v3, terminal G, net b[3]
[2026-09-11 10:42:09,858] [WARNING]    Could not find a layer for device $76, class pfet_03v3, terminal B, net VDD
[2026-09-11 10:42:09,860] [WARNING]    Could not find a layer for device $77, class pfet_03v3, terminal G, net b[3]
[2026-09-11 10:42:09,863] [WARNING]    Could not find a layer for device $77, class pfet_03v3, terminal B, net VDD
[2026-09-11 10:42:09,864] [WARNING]    Could not find a layer for device $78, class pfet_03v3, terminal G, net b[2]
[2026-09-11 10:42:09,866] [WARNING]    Could not find a layer for device $78, class pfet_03v3, terminal B, net VDD
[2026-09-11 10:42:09,867] [WARNING]    Could not find a layer for device $79, class pfet_03v3, terminal G, net b[4]
[2026-09-11 10:42:09,870] [WARNING]    Could not find a layer for device $79, class pfet_03v3, terminal B, net VDD
[2026-09-11 10:42:09,873] [WARNING]    Could not find a layer for device $80, class pfet_03v3, terminal G, net b[4]
[2026-09-11 10:42:09,875] [WARNING]    Could not find a layer for device $80, class pfet_03v3, terminal B, net VDD
[2026-09-11 10:42:09,878] [WARNING]    Could not find a layer for device $81, class pfet_03v3, terminal G, net b[4]
[2026-09-11 10:42:09,880] [WARNING]    Could not find a layer for device $81, class pfet_03v3, terminal B, net VDD
[2026-09-11 10:42:09,881] [WARNING]    Could not find a layer for device $82, class pfet_03v3, terminal G, net b[4]
[2026-09-11 10:42:09,883] [WARNING]    Could not find a layer for device $82, class pfet_03v3, terminal B, net VDD
[2026-09-11 10:42:09,885] [WARNING]    Could not find a layer for device $83, class pfet_03v3, terminal G, net b[3]
[2026-09-11 10:42:09,887] [WARNING]    Could not find a layer for device $83, class pfet_03v3, terminal B, net VDD
[2026-09-11 10:42:09,889] [WARNING]    Could not find a layer for device $84, class pfet_03v3, terminal G, net b[3]
[2026-09-11 10:42:09,891] [WARNING]    Could not find a layer for device $84, class pfet_03v3, terminal B, net VDD
[2026-09-11 10:42:09,893] [WARNING]    Could not find a layer for device $85, class pfet_03v3, terminal G, net b[2]
[2026-09-11 10:42:09,896] [WARNING]    Could not find a layer for device $85, class pfet_03v3, terminal B, net VDD
[2026-09-11 10:42:09,897] [WARNING]    Could not find a layer for device $86, class pfet_03v3, terminal G, net b[1]
[2026-09-11 10:42:09,899] [WARNING]    Could not find a layer for device $86, class pfet_03v3, terminal B, net VDD
[2026-09-11 10:42:09,901] [WARNING]    Could not find a layer for device $87, class pfet_03v3, terminal G, net b[1]
[2026-09-11 10:42:09,903] [WARNING]    Could not find a layer for device $87, class pfet_03v3, terminal B, net VDD
[2026-09-11 10:42:09,905] [WARNING]    Could not find a layer for device $88, class pfet_03v3, terminal G, net b[4]
[2026-09-11 10:42:09,907] [WARNING]    Could not find a layer for device $88, class pfet_03v3, terminal B, net VDD
[2026-09-11 10:42:09,909] [WARNING]    Could not find a layer for device $89, class pfet_03v3, terminal G, net b[4]
[2026-09-11 10:42:09,912] [WARNING]    Could not find a layer for device $89, class pfet_03v3, terminal B, net VDD
[2026-09-11 10:42:09,914] [WARNING]    Could not find a layer for device $90, class pfet_03v3, terminal G, net b[4]
[2026-09-11 10:42:09,916] [WARNING]    Could not find a layer for device $90, class pfet_03v3, terminal B, net VDD
[2026-09-11 10:42:09,918] [WARNING]    Could not find a layer for device $91, class pfet_03v3, terminal G, net b[4]
[2026-09-11 10:42:09,921] [WARNING]    Could not find a layer for device $91, class pfet_03v3, terminal B, net VDD
[2026-09-11 10:42:09,922] [WARNING]    Could not find a layer for device $92, class pfet_03v3, terminal G, net b[3]
[2026-09-11 10:42:09,925] [WARNING]    Could not find a layer for device $92, class pfet_03v3, terminal B, net VDD
[2026-09-11 10:42:09,928] [WARNING]    Could not find a layer for device $93, class pfet_03v3, terminal G, net b[3]
[2026-09-11 10:42:09,930] [WARNING]    Could not find a layer for device $93, class pfet_03v3, terminal B, net VDD
[2026-09-11 10:42:09,932] [WARNING]    Could not find a layer for device $94, class pfet_03v3, terminal G, net b[2]
[2026-09-11 10:42:09,934] [WARNING]    Could not find a layer for device $94, class pfet_03v3, terminal B, net VDD
[2026-09-11 10:42:09,936] [WARNING]    Could not find a layer for device $95, class pfet_03v3, terminal G, net b[0]
[2026-09-11 10:42:09,938] [WARNING]    Could not find a layer for device $95, class pfet_03v3, terminal B, net VDD
[2026-09-11 10:42:10,655] [SUBPROCESS]    Device;Net1;Net2;Capacitance [fF];Resistance [Ω]
[2026-09-11 10:42:10,656] [SUBPROCESS]    C1;$10;$13;1.66;
[2026-09-11 10:42:10,656] [SUBPROCESS]    C2;$10;$14;0.258;
[2026-09-11 10:42:10,657] [SUBPROCESS]    C3;$10;$26;3.261;
[2026-09-11 10:42:10,657] [SUBPROCESS]    C4;$10;$7;0.698;
[2026-09-11 10:42:10,658] [SUBPROCESS]    C5;$10;b[0];0.003;
[2026-09-11 10:42:10,659] [SUBPROCESS]    C6;$10;b[2];0.439;
[2026-09-11 10:42:10,660] [SUBPROCESS]    C7;$10;b[3];2.105;
[2026-09-11 10:42:10,660] [SUBPROCESS]    C8;$10;b[4];0.012;
[2026-09-11 10:42:10,660] [SUBPROCESS]    C9;$10;DAC_REF;0.012;
[2026-09-11 10:42:10,661] [SUBPROCESS]    C10;$10;I_DAC;0.807;
[2026-09-11 10:42:10,661] [SUBPROCESS]    C11;$10;VDD;9.026;
[2026-09-11 10:42:10,662] [SUBPROCESS]    C12;$10;VSUBS;6.453;
[2026-09-11 10:42:10,662] [SUBPROCESS]    C13;$13;$14;2.934;
[2026-09-11 10:42:10,663] [SUBPROCESS]    C14;$13;$26;0.487;
[2026-09-11 10:42:10,663] [SUBPROCESS]    C15;$13;$7;0.097;
[2026-09-11 10:42:10,663] [SUBPROCESS]    C16;$13;b[0];0.117;
[2026-09-11 10:42:10,664] [SUBPROCESS]    C17;$13;b[1];0.326;
[2026-09-11 10:42:10,664] [SUBPROCESS]    C18;$13;b[2];0.525;
[2026-09-11 10:42:10,665] [SUBPROCESS]    C19;$13;I_DAC;0.361;
[2026-09-11 10:42:10,665] [SUBPROCESS]    C20;$13;VDD;4.694;
[2026-09-11 10:42:10,666] [SUBPROCESS]    C21;$13;VSUBS;2.897;
[2026-09-11 10:42:10,666] [SUBPROCESS]    C22;$14;$26;0.349;
[2026-09-11 10:42:10,667] [SUBPROCESS]    C23;$14;$7;1.178;
[2026-09-11 10:42:10,667] [SUBPROCESS]    C24;$14;b[0];0.14;
[2026-09-11 10:42:10,667] [SUBPROCESS]    C25;$14;b[1];0.126;
[2026-09-11 10:42:10,668] [SUBPROCESS]    C26;$14;I_DAC;0.329;
[2026-09-11 10:42:10,668] [SUBPROCESS]    C27;$14;VDD;2.668;
[2026-09-11 10:42:10,669] [SUBPROCESS]    C28;$14;VSUBS;1.559;
[2026-09-11 10:42:10,669] [SUBPROCESS]    C29;$26;$7;0.329;
[2026-09-11 10:42:10,670] [SUBPROCESS]    C30;$26;b[3];0.073;
[2026-09-11 10:42:10,670] [SUBPROCESS]    C31;$26;b[4];3.887;
[2026-09-11 10:42:10,671] [SUBPROCESS]    C32;$26;DAC_REF;0.154;
[2026-09-11 10:42:10,671] [SUBPROCESS]    C33;$26;I_DAC;1.326;
[2026-09-11 10:42:10,671] [SUBPROCESS]    C34;$26;VDD;11.633;
[2026-09-11 10:42:10,672] [SUBPROCESS]    C35;$26;VSUBS;9.179;
[2026-09-11 10:42:10,672] [SUBPROCESS]    C36;$7;b[0];0.299;
[2026-09-11 10:42:10,673] [SUBPROCESS]    C37;$7;I_DAC;0.054;
[2026-09-11 10:42:10,673] [SUBPROCESS]    C38;$7;VDD;1.701;
[2026-09-11 10:42:10,673] [SUBPROCESS]    C39;$7;VSUBS;1.43;
[2026-09-11 10:42:10,674] [SUBPROCESS]    C40;b[0];b[1];0.05;
[2026-09-11 10:42:10,674] [SUBPROCESS]    C41;b[0];b[2];0.016;
[2026-09-11 10:42:10,675] [SUBPROCESS]    C42;b[1];b[2];0.062;
[2026-09-11 10:42:10,676] [SUBPROCESS]    C43;b[1];b[3];0.0;
[2026-09-11 10:42:10,676] [SUBPROCESS]    C44;b[2];b[3];0.079;
[2026-09-11 10:42:10,677] [SUBPROCESS]    C45;b[3];b[4];0.252;
[2026-09-11 10:42:10,677] [SUBPROCESS]    C46;DAC_REF;VDD;2.644;
[2026-09-11 10:42:10,677] [SUBPROCESS]    C47;DAC_REF;VSUBS;0.962;
[2026-09-11 10:42:10,678] [SUBPROCESS]    C48;I_DAC;b[0];1.153;
[2026-09-11 10:42:10,678] [SUBPROCESS]    C49;I_DAC;b[1];0.66;
[2026-09-11 10:42:10,679] [SUBPROCESS]    C50;I_DAC;b[2];0.794;
[2026-09-11 10:42:10,679] [SUBPROCESS]    C51;I_DAC;b[3];1.625;
[2026-09-11 10:42:10,680] [SUBPROCESS]    C52;I_DAC;b[4];3.571;
[2026-09-11 10:42:10,680] [SUBPROCESS]    C53;I_DAC;VDD;1.187;
[2026-09-11 10:42:10,680] [SUBPROCESS]    C54;I_DAC;VSUBS;3.647;
[2026-09-11 10:42:10,681] [SUBPROCESS]    C55;VDD;b[0];2.273;
[2026-09-11 10:42:10,681] [SUBPROCESS]    C56;VDD;b[1];0.11;
[2026-09-11 10:42:10,682] [SUBPROCESS]    C57;VDD;b[2];0.137;
[2026-09-11 10:42:10,682] [SUBPROCESS]    C58;VDD;b[3];0.228;
[2026-09-11 10:42:10,683] [SUBPROCESS]    C59;VDD;b[4];0.779;
[2026-09-11 10:42:10,683] [SUBPROCESS]    C60;VDD;VSUBS;55.314;
[2026-09-11 10:42:10,684] [SUBPROCESS]    C61;VSUBS;b[0];0.693;
[2026-09-11 10:42:10,685] [SUBPROCESS]    C62;VSUBS;b[1];0.413;
[2026-09-11 10:42:10,686] [SUBPROCESS]    C63;VSUBS;b[2];0.45;
[2026-09-11 10:42:10,686] [SUBPROCESS]    C64;VSUBS;b[3];0.952;
[2026-09-11 10:42:10,687] [SUBPROCESS]    C65;VSUBS;b[4];2.063;
[2026-09-11 10:42:10,687] [SUBPROCESS]    /foss/designs/DAC_CORE_5bit/output/DAC_CORE_5bit__DAC_CORE_5bit/DAC_CORE_5bit_k25d_pex_netlist.csv
[2026-09-11 10:42:10,695] [SUBPROCESS]    Wrote expanded netlist to: /foss/designs/DAC_CORE_5bit/output/DAC_CORE_5bit__DAC_CORE_5bit/DAC_CORE_5bit_k25d_pex_netlist.spice
[2026-09-11 10:42:10,699] [INFO]    Copied expanded SPICE netlist to: DAC_CORE_5bit.pex.spice
