[2026-09-09 23:08:08,814] [INFO]    GDS input file passed, running in LVS mode
[2026-09-09 23:08:08,816] [INFO]    Found cell DAC_CORE_5bit in GDS DAC_CORE_5bit.klay.gds (only top cell)
[2026-09-09 23:08:08,817] [INFO]    LVS input schematic not specified (argument --schematic), using dummy schematic
[2026-09-09 23:08:08,822] [INFO]    Cache miss: extracted LVSDB is older than the input GDS
[2026-09-09 23:08:08,823] [SUBPROCESS]    output/.kpex_cache/gf180mcuD/foss/designs/DAC_CORE_5bit/DAC_CORE_5bit.klay.gds/DAC_CORE_5bit.lvsdb.gz
[2026-09-09 23:08:08,824] [SUBPROCESS]    klayout -b -r /usr/local/lib/python3.12/dist-packages/klayout_pex/pdk/gf180mcuD/libs.tech/kpex/gf180mcu.lvs -rd input=/foss/designs/DAC_CORE_5bit/DAC_CORE_5bit.klay.gds -rd report=/foss/designs/DAC_CORE_5bit/output/DAC_CORE_5bit__DAC_CORE_5bit/DAC_CORE_5bit.lvsdb.gz -rd schematic=/foss/designs/DAC_CORE_5bit/output/DAC_CORE_5bit__DAC_CORE_5bit/DAC_CORE_5bit_dummy_schematic.spice -rd thr=22 -rd run_mode=deep -rd spice_net_names=true -rd spice_comments=false -rd scale=false -rd verbose=false -rd schematic_simplify=false -rd net_only=false -rd top_lvl_pins=true -rd combine=false -rd combine_devices=false -rd purge=false -rd purge_nets=false -rd no_simplify=true
[2026-09-09 23:08:08,825] [SUBPROCESS]    output/DAC_CORE_5bit__DAC_CORE_5bit/DAC_CORE_5bit_lvs.log
[2026-09-09 23:08:10,944] [SUBPROCESS]    2026-09-09 23:08:10 +0200: Memory Usage (674572K) : Starting running GF180MCU Klayout LVS runset on /foss/designs/DAC_CORE_5bit/DAC_CORE_5bit.klay.gds
[2026-09-09 23:08:10,953] [SUBPROCESS]    2026-09-09 23:08:10 +0200: Memory Usage (674572K) : Ruby Version for klayout: 3.2.3
[2026-09-09 23:08:10,958] [SUBPROCESS]    2026-09-09 23:08:10 +0200: Memory Usage (674572K) : Loading database to memory is complete.
[2026-09-09 23:08:10,964] [SUBPROCESS]    2026-09-09 23:08:10 +0200: Memory Usage (674572K) : GF180MCU Klayout LVS runset output at: /foss/designs/DAC_CORE_5bit/output/DAC_CORE_5bit__DAC_CORE_5bit/DAC_CORE_5bit.lvsdb.gz
[2026-09-09 23:08:10,971] [SUBPROCESS]    2026-09-09 23:08:10 +0200: Memory Usage (674572K) : Evaluate switches.
[2026-09-09 23:08:10,977] [SUBPROCESS]    2026-09-09 23:08:10 +0200: Memory Usage (674572K) : Substrate name used: 
[2026-09-09 23:08:10,984] [SUBPROCESS]    2026-09-09 23:08:10 +0200: Memory Usage (674572K) : Extracted netlist with net names: true
[2026-09-09 23:08:10,991] [SUBPROCESS]    2026-09-09 23:08:10 +0200: Memory Usage (674572K) : Extracted netlist with comments in details: false
[2026-09-09 23:08:10,998] [SUBPROCESS]    2026-09-09 23:08:10 +0200: Memory Usage (674572K) : GF180MCU Klayout LVS extracted netlist file at: DAC_CORE_5bit_extracted.cir
[2026-09-09 23:08:11,005] [SUBPROCESS]    2026-09-09 23:08:10 +0200: Memory Usage (674572K) : LVS device_scaling option: false
[2026-09-09 23:08:11,011] [SUBPROCESS]    2026-09-09 23:08:11 +0200: Memory Usage (674572K) : Selected SCH_SIMPLE option: false
[2026-09-09 23:08:11,018] [SUBPROCESS]    2026-09-09 23:08:11 +0200: Memory Usage (674572K) : Selected NET_ONLY option: false
[2026-09-09 23:08:11,025] [SUBPROCESS]    2026-09-09 23:08:11 +0200: Memory Usage (674572K) : Selected TOP_LVL_PINS option: true
[2026-09-09 23:08:11,033] [SUBPROCESS]    2026-09-09 23:08:11 +0200: Memory Usage (674572K) : Selected COMBINE option: false
[2026-09-09 23:08:11,039] [SUBPROCESS]    2026-09-09 23:08:11 +0200: Memory Usage (674572K) : Selected PURGE option: false
[2026-09-09 23:08:11,045] [SUBPROCESS]    2026-09-09 23:08:11 +0200: Memory Usage (674572K) : Selected PURGE_NETS option: false
[2026-09-09 23:08:11,051] [SUBPROCESS]    2026-09-09 23:08:11 +0200: Memory Usage (674572K) : Selected SIMPLIFY option: false
[2026-09-09 23:08:11,057] [SUBPROCESS]    2026-09-09 23:08:11 +0200: Memory Usage (674572K) : Verbose mode: false
[2026-09-09 23:08:11,065] [SUBPROCESS]    2026-09-09 23:08:11 +0200: Memory Usage (674572K) : deep  mode is enabled.
[2026-09-09 23:08:11,074] [SUBPROCESS]    2026-09-09 23:08:11 +0200: Memory Usage (674572K) : METAL_TOP Selected is 9K
[2026-09-09 23:08:11,080] [SUBPROCESS]    2026-09-09 23:08:11 +0200: Memory Usage (674572K) : METAL_STACK Selected is 6LM
[2026-09-09 23:08:11,087] [SUBPROCESS]    2026-09-09 23:08:11 +0200: Memory Usage (674572K) : POLY_RES Selected is 1k
[2026-09-09 23:08:11,093] [SUBPROCESS]    2026-09-09 23:08:11 +0200: Memory Usage (674572K) : MIM Option selected: B
[2026-09-09 23:08:11,100] [SUBPROCESS]    2026-09-09 23:08:11 +0200: Memory Usage (674572K) : MIM CAP selected: 2
[2026-09-09 23:08:11,107] [SUBPROCESS]    2026-09-09 23:08:11 +0200: Memory Usage (674572K) : Netlist file: /foss/designs/DAC_CORE_5bit/output/DAC_CORE_5bit__DAC_CORE_5bit/DAC_CORE_5bit_dummy_schematic.spice
[2026-09-09 23:08:11,116] [SUBPROCESS]    2026-09-09 23:08:11 +0200: Memory Usage (674572K) : Read in polygons from layers.
[2026-09-09 23:08:11,124] [SUBPROCESS]    2026-09-09 23:08:11 +0200: Memory Usage (674572K) : comp has 649 polygons
[2026-09-09 23:08:11,133] [SUBPROCESS]    2026-09-09 23:08:11 +0200: Memory Usage (674572K) : dnwell has 0 polygons
[2026-09-09 23:08:11,141] [SUBPROCESS]    2026-09-09 23:08:11 +0200: Memory Usage (674572K) : nwell has 651 polygons
[2026-09-09 23:08:11,151] [SUBPROCESS]    2026-09-09 23:08:11 +0200: Memory Usage (674572K) : lvpwell has 0 polygons
[2026-09-09 23:08:11,160] [SUBPROCESS]    2026-09-09 23:08:11 +0200: Memory Usage (674572K) : dualgate has 0 polygons
[2026-09-09 23:08:11,168] [SUBPROCESS]    2026-09-09 23:08:11 +0200: Memory Usage (674572K) : poly2 has 231 polygons
[2026-09-09 23:08:11,175] [SUBPROCESS]    2026-09-09 23:08:11 +0200: Memory Usage (674572K) : nplus has 554 polygons
[2026-09-09 23:08:11,185] [SUBPROCESS]    2026-09-09 23:08:11 +0200: Memory Usage (674572K) : pplus has 95 polygons
[2026-09-09 23:08:11,193] [SUBPROCESS]    2026-09-09 23:08:11 +0200: Memory Usage (674572K) : sab has 0 polygons
[2026-09-09 23:08:11,200] [SUBPROCESS]    2026-09-09 23:08:11 +0200: Memory Usage (674572K) : esd has 0 polygons
[2026-09-09 23:08:11,208] [SUBPROCESS]    2026-09-09 23:08:11 +0200: Memory Usage (674572K) : resistor has 0 polygons
[2026-09-09 23:08:11,217] [SUBPROCESS]    2026-09-09 23:08:11 +0200: Memory Usage (674572K) : fhres has 0 polygons
[2026-09-09 23:08:11,225] [SUBPROCESS]    2026-09-09 23:08:11 +0200: Memory Usage (674572K) : fusetop has 0 polygons
[2026-09-09 23:08:11,234] [SUBPROCESS]    2026-09-09 23:08:11 +0200: Memory Usage (674572K) : fusewindow_d has 0 polygons
[2026-09-09 23:08:11,241] [SUBPROCESS]    2026-09-09 23:08:11 +0200: Memory Usage (674572K) : polyfuse has 0 polygons
[2026-09-09 23:08:11,250] [SUBPROCESS]    2026-09-09 23:08:11 +0200: Memory Usage (674572K) : mvsd has 0 polygons
[2026-09-09 23:08:11,257] [SUBPROCESS]    2026-09-09 23:08:11 +0200: Memory Usage (675092K) : mvpsd has 0 polygons
[2026-09-09 23:08:11,267] [SUBPROCESS]    2026-09-09 23:08:11 +0200: Memory Usage (675092K) : nat has 0 polygons
[2026-09-09 23:08:11,275] [SUBPROCESS]    2026-09-09 23:08:11 +0200: Memory Usage (675092K) : comp_dummy has 0 polygons
[2026-09-09 23:08:11,284] [SUBPROCESS]    2026-09-09 23:08:11 +0200: Memory Usage (675092K) : poly2_dummy has 0 polygons
[2026-09-09 23:08:11,291] [SUBPROCESS]    2026-09-09 23:08:11 +0200: Memory Usage (675092K) : schottky_diode has 0 polygons
[2026-09-09 23:08:11,298] [SUBPROCESS]    2026-09-09 23:08:11 +0200: Memory Usage (675092K) : zener has 0 polygons
[2026-09-09 23:08:11,306] [SUBPROCESS]    2026-09-09 23:08:11 +0200: Memory Usage (675092K) : res_mk has 0 polygons
[2026-09-09 23:08:11,316] [SUBPROCESS]    2026-09-09 23:08:11 +0200: Memory Usage (675092K) : opc_drc has 0 polygons
[2026-09-09 23:08:11,323] [SUBPROCESS]    2026-09-09 23:08:11 +0200: Memory Usage (675092K) : ndmy has 0 polygons
[2026-09-09 23:08:11,332] [SUBPROCESS]    2026-09-09 23:08:11 +0200: Memory Usage (675092K) : pmndmy has 0 polygons
[2026-09-09 23:08:11,339] [SUBPROCESS]    2026-09-09 23:08:11 +0200: Memory Usage (675496K) : v5_xtor has 0 polygons
[2026-09-09 23:08:11,350] [SUBPROCESS]    2026-09-09 23:08:11 +0200: Memory Usage (675496K) : cap_mk has 0 polygons
[2026-09-09 23:08:11,357] [SUBPROCESS]    2026-09-09 23:08:11 +0200: Memory Usage (675496K) : mos_cap_mk has 0 polygons
[2026-09-09 23:08:11,365] [SUBPROCESS]    2026-09-09 23:08:11 +0200: Memory Usage (675496K) : ind_mk has 0 polygons
[2026-09-09 23:08:11,373] [SUBPROCESS]    2026-09-09 23:08:11 +0200: Memory Usage (675496K) : diode_mk has 0 polygons
[2026-09-09 23:08:11,382] [SUBPROCESS]    2026-09-09 23:08:11 +0200: Memory Usage (675496K) : drc_bjt has 0 polygons
[2026-09-09 23:08:11,390] [SUBPROCESS]    2026-09-09 23:08:11 +0200: Memory Usage (675868K) : lvs_bjt has 0 polygons
[2026-09-09 23:08:11,399] [SUBPROCESS]    2026-09-09 23:08:11 +0200: Memory Usage (675868K) : mim_l_mk has 0 polygons
[2026-09-09 23:08:11,407] [SUBPROCESS]    2026-09-09 23:08:11 +0200: Memory Usage (675868K) : latchup_mk has 0 polygons
[2026-09-09 23:08:11,414] [SUBPROCESS]    2026-09-09 23:08:11 +0200: Memory Usage (675868K) : guard_ring_mk has 0 polygons
[2026-09-09 23:08:11,443] [SUBPROCESS]    2026-09-09 23:08:11 +0200: Memory Usage (675868K) : otp_mk has 0 polygons
[2026-09-09 23:08:11,451] [SUBPROCESS]    2026-09-09 23:08:11 +0200: Memory Usage (675868K) : mtpmark has 0 polygons
[2026-09-09 23:08:11,459] [SUBPROCESS]    2026-09-09 23:08:11 +0200: Memory Usage (675868K) : neo_ee_mk has 0 polygons
[2026-09-09 23:08:11,468] [SUBPROCESS]    2026-09-09 23:08:11 +0200: Memory Usage (675868K) : sramcore has 0 polygons
[2026-09-09 23:08:11,477] [SUBPROCESS]    2026-09-09 23:08:11 +0200: Memory Usage (675868K) : lvs_rf has 0 polygons
[2026-09-09 23:08:11,484] [SUBPROCESS]    2026-09-09 23:08:11 +0200: Memory Usage (675868K) : lvs_drain has 0 polygons
[2026-09-09 23:08:11,492] [SUBPROCESS]    2026-09-09 23:08:11 +0200: Memory Usage (675868K) : ind_mk has 0 polygons
[2026-09-09 23:08:11,500] [SUBPROCESS]    2026-09-09 23:08:11 +0200: Memory Usage (675868K) : hvpolyrs has 0 polygons
[2026-09-09 23:08:11,509] [SUBPROCESS]    2026-09-09 23:08:11 +0200: Memory Usage (675868K) : lvs_io has 0 polygons
[2026-09-09 23:08:11,517] [SUBPROCESS]    2026-09-09 23:08:11 +0200: Memory Usage (675868K) : probe_mk has 0 polygons
[2026-09-09 23:08:11,524] [SUBPROCESS]    2026-09-09 23:08:11 +0200: Memory Usage (675868K) : esd_mk has 0 polygons
[2026-09-09 23:08:11,533] [SUBPROCESS]    2026-09-09 23:08:11 +0200: Memory Usage (675868K) : lvs_source has 0 polygons
[2026-09-09 23:08:11,540] [SUBPROCESS]    2026-09-09 23:08:11 +0200: Memory Usage (675868K) : well_diode_mk has 0 polygons
[2026-09-09 23:08:11,551] [SUBPROCESS]    2026-09-09 23:08:11 +0200: Memory Usage (675868K) : ldmos_xtor has 0 polygons
[2026-09-09 23:08:11,558] [SUBPROCESS]    2026-09-09 23:08:11 +0200: Memory Usage (675868K) : plfuse has 0 polygons
[2026-09-09 23:08:11,566] [SUBPROCESS]    2026-09-09 23:08:11 +0200: Memory Usage (675868K) : efuse_mk has 0 polygons
[2026-09-09 23:08:11,573] [SUBPROCESS]    2026-09-09 23:08:11 +0200: Memory Usage (675868K) : mcell_feol_mk has 0 polygons
[2026-09-09 23:08:11,583] [SUBPROCESS]    2026-09-09 23:08:11 +0200: Memory Usage (675868K) : ymtp_mk has 0 polygons
[2026-09-09 23:08:11,591] [SUBPROCESS]    2026-09-09 23:08:11 +0200: Memory Usage (675868K) : dev_wf_mk has 0 polygons
[2026-09-09 23:08:11,600] [SUBPROCESS]    2026-09-09 23:08:11 +0200: Memory Usage (675868K) : comp_label has 0 polygons
[2026-09-09 23:08:11,607] [SUBPROCESS]    2026-09-09 23:08:11 +0200: Memory Usage (675868K) : poly2_label has 0 polygons
[2026-09-09 23:08:11,616] [SUBPROCESS]    2026-09-09 23:08:11 +0200: Memory Usage (675868K) : mdiode has 0 polygons
[2026-09-09 23:08:11,624] [SUBPROCESS]    2026-09-09 23:08:11 +0200: Memory Usage (675868K) : contact has 1034 polygons
[2026-09-09 23:08:11,633] [SUBPROCESS]    2026-09-09 23:08:11 +0200: Memory Usage (675868K) : metal1_drawn has 1055 polygons
[2026-09-09 23:08:11,642] [SUBPROCESS]    2026-09-09 23:08:11 +0200: Memory Usage (675868K) : metal1_dummy has 0 polygons
[2026-09-09 23:08:11,649] [SUBPROCESS]    2026-09-09 23:08:11 +0200: Memory Usage (675868K) : metal1_label has 1 polygons
[2026-09-09 23:08:11,656] [SUBPROCESS]    2026-09-09 23:08:11 +0200: Memory Usage (675868K) : metal1_slot has 0 polygons
[2026-09-09 23:08:11,665] [SUBPROCESS]    2026-09-09 23:08:11 +0200: Memory Usage (675868K) : metal1_blk has 0 polygons
[2026-09-09 23:08:11,673] [SUBPROCESS]    2026-09-09 23:08:11 +0200: Memory Usage (675868K) : metal1_res has 0 polygons
[2026-09-09 23:08:11,682] [SUBPROCESS]    2026-09-09 23:08:11 +0200: Memory Usage (675868K) : via1 has 106 polygons
[2026-09-09 23:08:11,689] [SUBPROCESS]    2026-09-09 23:08:11 +0200: Memory Usage (675868K) : metal2_drawn has 149 polygons
[2026-09-09 23:08:11,698] [SUBPROCESS]    2026-09-09 23:08:11 +0200: Memory Usage (675868K) : metal2_dummy has 0 polygons
[2026-09-09 23:08:11,707] [SUBPROCESS]    2026-09-09 23:08:11 +0200: Memory Usage (675868K) : metal2_label has 7 polygons
[2026-09-09 23:08:11,717] [SUBPROCESS]    2026-09-09 23:08:11 +0200: Memory Usage (675868K) : metal2_slot has 0 polygons
[2026-09-09 23:08:11,724] [SUBPROCESS]    2026-09-09 23:08:11 +0200: Memory Usage (675868K) : metal2_blk has 0 polygons
[2026-09-09 23:08:11,732] [SUBPROCESS]    2026-09-09 23:08:11 +0200: Memory Usage (675868K) : metal2_res has 0 polygons
[2026-09-09 23:08:11,740] [SUBPROCESS]    2026-09-09 23:08:11 +0200: Memory Usage (675868K) : via2 has 0 polygons
[2026-09-09 23:08:11,750] [SUBPROCESS]    2026-09-09 23:08:11 +0200: Memory Usage (675868K) : metal3_drawn has 0 polygons
[2026-09-09 23:08:11,757] [SUBPROCESS]    2026-09-09 23:08:11 +0200: Memory Usage (675868K) : metal3_dummy has 0 polygons
[2026-09-09 23:08:11,765] [SUBPROCESS]    2026-09-09 23:08:11 +0200: Memory Usage (675868K) : metal3_label has 0 polygons
[2026-09-09 23:08:11,772] [SUBPROCESS]    2026-09-09 23:08:11 +0200: Memory Usage (675868K) : metal3_slot has 0 polygons
[2026-09-09 23:08:11,780] [SUBPROCESS]    2026-09-09 23:08:11 +0200: Memory Usage (675868K) : metal3_blk has 0 polygons
[2026-09-09 23:08:11,789] [SUBPROCESS]    2026-09-09 23:08:11 +0200: Memory Usage (675868K) : metal3_res has 0 polygons
[2026-09-09 23:08:11,797] [SUBPROCESS]    2026-09-09 23:08:11 +0200: Memory Usage (675868K) : via3 has 0 polygons
[2026-09-09 23:08:11,804] [SUBPROCESS]    2026-09-09 23:08:11 +0200: Memory Usage (675868K) : metal4_drawn has 0 polygons
[2026-09-09 23:08:11,813] [SUBPROCESS]    2026-09-09 23:08:11 +0200: Memory Usage (676240K) : metal4_dummy has 0 polygons
[2026-09-09 23:08:11,821] [SUBPROCESS]    2026-09-09 23:08:11 +0200: Memory Usage (676240K) : metal4_label has 0 polygons
[2026-09-09 23:08:11,830] [SUBPROCESS]    2026-09-09 23:08:11 +0200: Memory Usage (676240K) : metal4_slot has 0 polygons
[2026-09-09 23:08:11,838] [SUBPROCESS]    2026-09-09 23:08:11 +0200: Memory Usage (676240K) : metal4_blk has 0 polygons
[2026-09-09 23:08:11,846] [SUBPROCESS]    2026-09-09 23:08:11 +0200: Memory Usage (676240K) : metal4_res has 0 polygons
[2026-09-09 23:08:11,854] [SUBPROCESS]    2026-09-09 23:08:11 +0200: Memory Usage (676240K) : via4 has 0 polygons
[2026-09-09 23:08:11,862] [SUBPROCESS]    2026-09-09 23:08:11 +0200: Memory Usage (676648K) : metal5_drawn has 0 polygons
[2026-09-09 23:08:11,871] [SUBPROCESS]    2026-09-09 23:08:11 +0200: Memory Usage (676648K) : metal5_dummy has 0 polygons
[2026-09-09 23:08:11,878] [SUBPROCESS]    2026-09-09 23:08:11 +0200: Memory Usage (676648K) : metal5_label has 0 polygons
[2026-09-09 23:08:11,886] [SUBPROCESS]    2026-09-09 23:08:11 +0200: Memory Usage (676648K) : metal5_slot has 0 polygons
[2026-09-09 23:08:11,894] [SUBPROCESS]    2026-09-09 23:08:11 +0200: Memory Usage (676648K) : metal5_blk has 0 polygons
[2026-09-09 23:08:11,901] [SUBPROCESS]    2026-09-09 23:08:11 +0200: Memory Usage (676648K) : metal5_res has 0 polygons
[2026-09-09 23:08:11,909] [SUBPROCESS]    2026-09-09 23:08:11 +0200: Memory Usage (677060K) : via5 has 0 polygons
[2026-09-09 23:08:11,917] [SUBPROCESS]    2026-09-09 23:08:11 +0200: Memory Usage (677060K) : metaltop_drawn has 0 polygons
[2026-09-09 23:08:11,925] [SUBPROCESS]    2026-09-09 23:08:11 +0200: Memory Usage (677060K) : metaltop_dummy has 0 polygons
[2026-09-09 23:08:11,934] [SUBPROCESS]    2026-09-09 23:08:11 +0200: Memory Usage (677060K) : metaltop_label has 0 polygons
[2026-09-09 23:08:11,941] [SUBPROCESS]    2026-09-09 23:08:11 +0200: Memory Usage (677060K) : metaltop_slot has 0 polygons
[2026-09-09 23:08:11,967] [SUBPROCESS]    2026-09-09 23:08:11 +0200: Memory Usage (677060K) : metaltop_blk has 0 polygons
[2026-09-09 23:08:11,974] [SUBPROCESS]    2026-09-09 23:08:11 +0200: Memory Usage (677468K) : metal6_res has 0 polygons
[2026-09-09 23:08:11,982] [SUBPROCESS]    2026-09-09 23:08:11 +0200: Memory Usage (677468K) : pad has 0 polygons
[2026-09-09 23:08:11,991] [SUBPROCESS]    2026-09-09 23:08:11 +0200: Memory Usage (677468K) : ubmpperi has 0 polygons
[2026-09-09 23:08:11,999] [SUBPROCESS]    2026-09-09 23:08:11 +0200: Memory Usage (677468K) : ubmparray has 0 polygons
[2026-09-09 23:08:12,007] [SUBPROCESS]    2026-09-09 23:08:11 +0200: Memory Usage (677468K) : ubmeplate has 0 polygons
[2026-09-09 23:08:12,016] [SUBPROCESS]    2026-09-09 23:08:12 +0200: Memory Usage (677468K) : pr_bndry has 0 polygons
[2026-09-09 23:08:12,022] [SUBPROCESS]    2026-09-09 23:08:12 +0200: Memory Usage (677468K) : border has 0 polygons
[2026-09-09 23:08:12,029] [SUBPROCESS]    2026-09-09 23:08:12 +0200: Memory Usage (677468K) : Total no. of polygons in the design is 4532
[2026-09-09 23:08:12,036] [SUBPROCESS]    2026-09-09 23:08:12 +0200: Memory Usage (677468K) : Starting deriving base layers.
[2026-09-09 23:08:12,042] [SUBPROCESS]    2026-09-09 23:08:12 +0200: Memory Usage (677468K) : Starting GF180MCU LVS runset
[2026-09-09 23:08:12,149] [SUBPROCESS]    2026-09-09 23:08:12 +0200: Memory Usage (677468K) : Starting base layers derivations
[2026-09-09 23:08:12,165] [SUBPROCESS]    2026-09-09 23:08:12 +0200: Memory Usage (825352K) : Starting MOSFET DERIVATIONS
[2026-09-09 23:08:12,203] [SUBPROCESS]    2026-09-09 23:08:12 +0200: Memory Usage (826108K) : Starting PMOS layers DERIVATIONS
[2026-09-09 23:08:12,246] [SUBPROCESS]    2026-09-09 23:08:12 +0200: Memory Usage (827996K) : Starting NMOS layers DERIVATIONS
[2026-09-09 23:08:12,252] [SUBPROCESS]    2026-09-09 23:08:12 +0200: Memory Usage (830284K) : Starting BJT DERIVATIONS
[2026-09-09 23:08:12,337] [SUBPROCESS]    2026-09-09 23:08:12 +0200: Memory Usage (830284K) : Starting vnpn layers DERIVATIONS
[2026-09-09 23:08:12,400] [SUBPROCESS]    2026-09-09 23:08:12 +0200: Memory Usage (835580K) : Starting vpnp layers DERIVATIONS
[2026-09-09 23:08:12,530] [SUBPROCESS]    2026-09-09 23:08:12 +0200: Memory Usage (837848K) : Starting DIODE DERIVATIONS
[2026-09-09 23:08:12,702] [SUBPROCESS]    2026-09-09 23:08:12 +0200: Memory Usage (838640K) : Starting RESISTOR DERIVATIONS
[2026-09-09 23:08:12,719] [SUBPROCESS]    2026-09-09 23:08:12 +0200: Memory Usage (838640K) : Starting MIMCAP DERIVATIONS
[2026-09-09 23:08:12,758] [SUBPROCESS]    2026-09-09 23:08:12 +0200: Memory Usage (838640K) : Starting MOSCAP DERIVATIONS
[2026-09-09 23:08:12,778] [SUBPROCESS]    2026-09-09 23:08:12 +0200: Memory Usage (838640K) : Starting MOS SAB DERIVATIONS
[2026-09-09 23:08:12,804] [SUBPROCESS]    2026-09-09 23:08:12 +0200: Memory Usage (838640K) : Starting PMOS SAB DERIVATIONS
[2026-09-09 23:08:12,830] [SUBPROCESS]    2026-09-09 23:08:12 +0200: Memory Usage (838640K) : Starting NMOS SAB DERIVATIONS
[2026-09-09 23:08:12,844] [SUBPROCESS]    2026-09-09 23:08:12 +0200: Memory Usage (838640K) : Starting NMOS EFUSE DERIVATIONS
[2026-09-09 23:08:12,852] [SUBPROCESS]    2026-09-09 23:08:12 +0200: Memory Usage (839064K) : Starting GF180 LVS connectivity setup
[2026-09-09 23:08:12,859] [SUBPROCESS]    2026-09-09 23:08:12 +0200: Memory Usage (839064K) : Starting GF180 LVS connectivity setup (Inter-layer)
[2026-09-09 23:08:12,865] [SUBPROCESS]    2026-09-09 23:08:12 +0200: Memory Usage (839064K) : Starting GF180 LVS connectivity setup (Global)
[2026-09-09 23:08:12,871] [SUBPROCESS]    2026-09-09 23:08:12 +0200: Memory Usage (839064K) : Starting GF180 LVS connectivity setup (Multifinger Devices)
[2026-09-09 23:08:12,878] [SUBPROCESS]    2026-09-09 23:08:12 +0200: Memory Usage (839064K) : Starting LVS MOSFET CONNECTIONS
[2026-09-09 23:08:12,885] [SUBPROCESS]    2026-09-09 23:08:12 +0200: Memory Usage (839064K) : Starting LVS BJT CONNECTIONS
[2026-09-09 23:08:12,891] [SUBPROCESS]    2026-09-09 23:08:12 +0200: Memory Usage (839064K) : Starting LVS DIODE CONNECTIONS
[2026-09-09 23:08:12,899] [SUBPROCESS]    2026-09-09 23:08:12 +0200: Memory Usage (839064K) : Starting LVS MIMCAP CONNECTIONS
[2026-09-09 23:08:12,906] [SUBPROCESS]    2026-09-09 23:08:12 +0200: Memory Usage (839064K) : Starting LVS RESISTOR CONNECTIONS
[2026-09-09 23:08:12,914] [SUBPROCESS]    2026-09-09 23:08:12 +0200: Memory Usage (839064K) : Starting LVS EFUSE CONNECTIONS
[2026-09-09 23:08:12,919] [SUBPROCESS]    2026-09-09 23:08:12 +0200: Memory Usage (839064K) : Starting GF180 LVS DEVICES EXTRACTION
[2026-09-09 23:08:12,925] [SUBPROCESS]    2026-09-09 23:08:12 +0200: Memory Usage (839064K) : Starting MOSFET EXTRACTION
[2026-09-09 23:08:12,932] [SUBPROCESS]    2026-09-09 23:08:12 +0200: Memory Usage (839064K) : Starting PMOS EXTRACTION
[2026-09-09 23:08:12,943] [SUBPROCESS]    2026-09-09 23:08:12 +0200: Memory Usage (839064K) : Extracting 3.3V PMOS transistor outside DNWEL
[2026-09-09 23:08:12,952] [SUBPROCESS]    2026-09-09 23:08:12 +0200: Memory Usage (839128K) : Extracting 5V PMOS transistor outside DNWELL
[2026-09-09 23:08:12,960] [SUBPROCESS]    2026-09-09 23:08:12 +0200: Memory Usage (839128K) : Extracting 6V PMOS transistor outside DNWELL
[2026-09-09 23:08:12,967] [SUBPROCESS]    2026-09-09 23:08:12 +0200: Memory Usage (839128K) : Extracting 3.3V PMOS transistor inside DNWELL
[2026-09-09 23:08:12,976] [SUBPROCESS]    2026-09-09 23:08:12 +0200: Memory Usage (839128K) : Extracting 5V PMOS transistor inside DNWELL
[2026-09-09 23:08:13,004] [SUBPROCESS]    2026-09-09 23:08:12 +0200: Memory Usage (839504K) : Extracting 6V PMOS transistor inside DNWELL
[2026-09-09 23:08:13,012] [SUBPROCESS]    2026-09-09 23:08:13 +0200: Memory Usage (839504K) : Extracting LDPMOS transistor
[2026-09-09 23:08:13,019] [SUBPROCESS]    2026-09-09 23:08:13 +0200: Memory Usage (839504K) : Starting NMOS EXTRACTION
[2026-09-09 23:08:13,027] [SUBPROCESS]    2026-09-09 23:08:13 +0200: Memory Usage (839504K) : 3.3V NMOS transistor outside DNWELL
[2026-09-09 23:08:13,035] [SUBPROCESS]    2026-09-09 23:08:13 +0200: Memory Usage (839504K) : 5V NMOS transistor outside DNWELL
[2026-09-09 23:08:13,043] [SUBPROCESS]    2026-09-09 23:08:13 +0200: Memory Usage (839504K) : 6V NMOS transistor outside DNWELL
[2026-09-09 23:08:13,052] [SUBPROCESS]    2026-09-09 23:08:13 +0200: Memory Usage (839504K) : 3.3V NMOS transistor inside DNWELL
[2026-09-09 23:08:13,061] [SUBPROCESS]    2026-09-09 23:08:13 +0200: Memory Usage (839504K) : 5V NMOS transistor inside DNWELL
[2026-09-09 23:08:13,070] [SUBPROCESS]    2026-09-09 23:08:13 +0200: Memory Usage (839504K) : 6V NMOS transistor inside DNWELL
[2026-09-09 23:08:13,079] [SUBPROCESS]    2026-09-09 23:08:13 +0200: Memory Usage (839504K) : Native Vt NMOS transistor
[2026-09-09 23:08:13,087] [SUBPROCESS]    2026-09-09 23:08:13 +0200: Memory Usage (839504K) : Extracting LDNMOS transistor
[2026-09-09 23:08:13,096] [SUBPROCESS]    2026-09-09 23:08:13 +0200: Memory Usage (839504K) : Starting BJT EXTRACTION
[2026-09-09 23:08:13,104] [SUBPROCESS]    2026-09-09 23:08:13 +0200: Memory Usage (839504K) : Starting vnpn BJT EXTRACTION
[2026-09-09 23:08:13,118] [SUBPROCESS]    2026-09-09 23:08:13 +0200: Memory Usage (839504K) : Extracting npn_10p00x10p00 BJT
[2026-09-09 23:08:13,131] [SUBPROCESS]    2026-09-09 23:08:13 +0200: Memory Usage (839504K) : Extracting npn_05p00x05p00 BJT
[2026-09-09 23:08:13,147] [SUBPROCESS]    2026-09-09 23:08:13 +0200: Memory Usage (839504K) : Extracting npn_00p54x16p00 BJT
[2026-09-09 23:08:13,156] [SUBPROCESS]    2026-09-09 23:08:13 +0200: Memory Usage (839504K) : Extracting npn_00p54x08p00 BJT
[2026-09-09 23:08:13,169] [SUBPROCESS]    2026-09-09 23:08:13 +0200: Memory Usage (839504K) : Extracting npn_00p54x04p00 BJT
[2026-09-09 23:08:13,182] [SUBPROCESS]    2026-09-09 23:08:13 +0200: Memory Usage (839504K) : Extracting npn_00p54x02p00 BJT
[2026-09-09 23:08:13,208] [SUBPROCESS]    2026-09-09 23:08:13 +0200: Memory Usage (839504K) : Starting vpnp BJT EXTRACTION
[2026-09-09 23:08:13,224] [SUBPROCESS]    2026-09-09 23:08:13 +0200: Memory Usage (839504K) : Extracting pnp_10p00x10p00 BJT
[2026-09-09 23:08:13,234] [SUBPROCESS]    2026-09-09 23:08:13 +0200: Memory Usage (839504K) : Extracting pnp_05p00x05p00 BJT
[2026-09-09 23:08:13,243] [SUBPROCESS]    2026-09-09 23:08:13 +0200: Memory Usage (839504K) : Extracting pnp_10p00x00p42 BJT
[2026-09-09 23:08:13,252] [SUBPROCESS]    2026-09-09 23:08:13 +0200: Memory Usage (839504K) : Extracting pnp_05p00x00p42 BJT
[2026-09-09 23:08:13,260] [SUBPROCESS]    2026-09-09 23:08:13 +0200: Memory Usage (839504K) : Starting DIODE EXTRACTION
[2026-09-09 23:08:13,268] [SUBPROCESS]    2026-09-09 23:08:13 +0200: Memory Usage (839504K) : Extracting diode_nd2ps_03v3 diode
[2026-09-09 23:08:13,276] [SUBPROCESS]    2026-09-09 23:08:13 +0200: Memory Usage (839504K) : Extracting diode_nd2ps_03v3_dn diode
[2026-09-09 23:08:13,285] [SUBPROCESS]    2026-09-09 23:08:13 +0200: Memory Usage (839504K) : Extracting diode_nd2ps_06v0 diode
[2026-09-09 23:08:13,293] [SUBPROCESS]    2026-09-09 23:08:13 +0200: Memory Usage (839504K) : Extracting diode_nd2ps_06v0_dn diode
[2026-09-09 23:08:13,303] [SUBPROCESS]    2026-09-09 23:08:13 +0200: Memory Usage (839504K) : Extracting diode_pd2nw_03v3 diode
[2026-09-09 23:08:13,311] [SUBPROCESS]    2026-09-09 23:08:13 +0200: Memory Usage (839504K) : Extractingdiode_pd2nw_03v3_dn diode
[2026-09-09 23:08:13,320] [SUBPROCESS]    2026-09-09 23:08:13 +0200: Memory Usage (839504K) : Extracting diode_pd2nw_06v0 diode
[2026-09-09 23:08:13,328] [SUBPROCESS]    2026-09-09 23:08:13 +0200: Memory Usage (839504K) : Extracting diode_pd2nw_06v0_dn diode
[2026-09-09 23:08:13,336] [SUBPROCESS]    2026-09-09 23:08:13 +0200: Memory Usage (839504K) : Extracting diode_nw2ps_03v3 diode
[2026-09-09 23:08:13,345] [SUBPROCESS]    2026-09-09 23:08:13 +0200: Memory Usage (839504K) : Extracting diode_nw2ps_06v0 diode
[2026-09-09 23:08:13,353] [SUBPROCESS]    2026-09-09 23:08:13 +0200: Memory Usage (839504K) : Extracting diode_pw2dw_03v3 diode
[2026-09-09 23:08:13,360] [SUBPROCESS]    2026-09-09 23:08:13 +0200: Memory Usage (839504K) : Extracting diode_pw2dw_06v0 diode
[2026-09-09 23:08:13,368] [SUBPROCESS]    2026-09-09 23:08:13 +0200: Memory Usage (839504K) : Extracting diode_dw2ps_03v3 diode
[2026-09-09 23:08:13,376] [SUBPROCESS]    2026-09-09 23:08:13 +0200: Memory Usage (839504K) : Extracting diode_dw2ps_06v0 diode
[2026-09-09 23:08:13,385] [SUBPROCESS]    2026-09-09 23:08:13 +0200: Memory Usage (839504K) : Extracting sc_diode diode
[2026-09-09 23:08:13,391] [SUBPROCESS]    2026-09-09 23:08:13 +0200: Memory Usage (839504K) : Starting RESISTOR EXTRACTION
[2026-09-09 23:08:13,400] [SUBPROCESS]    2026-09-09 23:08:13 +0200: Memory Usage (839504K) : Extracting NPLUS_U device
[2026-09-09 23:08:13,408] [SUBPROCESS]    2026-09-09 23:08:13 +0200: Memory Usage (839504K) : Extracting NPLUS_U_DW device
[2026-09-09 23:08:13,417] [SUBPROCESS]    2026-09-09 23:08:13 +0200: Memory Usage (839504K) : Extracting PPLUS_U device
[2026-09-09 23:08:13,425] [SUBPROCESS]    2026-09-09 23:08:13 +0200: Memory Usage (839504K) : Extracting PPLUS_U_DW device
[2026-09-09 23:08:13,433] [SUBPROCESS]    2026-09-09 23:08:13 +0200: Memory Usage (839504K) : Extracting NPLUS_S device
[2026-09-09 23:08:13,441] [SUBPROCESS]    2026-09-09 23:08:13 +0200: Memory Usage (839504K) : Extracting NPLUS_S_DW device
[2026-09-09 23:08:13,449] [SUBPROCESS]    2026-09-09 23:08:13 +0200: Memory Usage (839504K) : Extracting PPLUS_S device
[2026-09-09 23:08:13,457] [SUBPROCESS]    2026-09-09 23:08:13 +0200: Memory Usage (839504K) : Extracting PPLUS_S_DW device
[2026-09-09 23:08:13,468] [SUBPROCESS]    2026-09-09 23:08:13 +0200: Memory Usage (839504K) : Extracting NWELL device
[2026-09-09 23:08:13,475] [SUBPROCESS]    2026-09-09 23:08:13 +0200: Memory Usage (839504K) : Extracting PWELL device
[2026-09-09 23:08:13,484] [SUBPROCESS]    2026-09-09 23:08:13 +0200: Memory Usage (839504K) : Extracting NPOLYF_U device
[2026-09-09 23:08:13,492] [SUBPROCESS]    2026-09-09 23:08:13 +0200: Memory Usage (839504K) : Extracting NPOLYF_U_DW device
[2026-09-09 23:08:13,501] [SUBPROCESS]    2026-09-09 23:08:13 +0200: Memory Usage (839504K) : Extracting PPOLYF_U device
[2026-09-09 23:08:13,527] [SUBPROCESS]    2026-09-09 23:08:13 +0200: Memory Usage (839504K) : Extracting PPOLYF_U_DW device
[2026-09-09 23:08:13,535] [SUBPROCESS]    2026-09-09 23:08:13 +0200: Memory Usage (839504K) : Extracting NPOLYF_S device
[2026-09-09 23:08:13,543] [SUBPROCESS]    2026-09-09 23:08:13 +0200: Memory Usage (839504K) : Extracting NPOLYF_S_DW device
[2026-09-09 23:08:13,552] [SUBPROCESS]    2026-09-09 23:08:13 +0200: Memory Usage (839504K) : Extracting PPOLYF_S device
[2026-09-09 23:08:13,559] [SUBPROCESS]    2026-09-09 23:08:13 +0200: Memory Usage (839504K) : Extracting PPOLYF_S_DW device
[2026-09-09 23:08:13,566] [SUBPROCESS]    2026-09-09 23:08:13 +0200: Memory Usage (839504K) : Extracting PPOLYF_U_1K device
[2026-09-09 23:08:13,574] [SUBPROCESS]    2026-09-09 23:08:13 +0200: Memory Usage (839504K) : Extracting PPOLYF_U_DW_1 device
[2026-09-09 23:08:13,583] [SUBPROCESS]    2026-09-09 23:08:13 +0200: Memory Usage (839504K) : Extracting PPOLYF_U_1K_6p0 device
[2026-09-09 23:08:13,591] [SUBPROCESS]    2026-09-09 23:08:13 +0200: Memory Usage (839504K) : Extracting PPOLYF_U_DW_1K_6p0 device
[2026-09-09 23:08:13,609] [SUBPROCESS]    2026-09-09 23:08:13 +0200: Memory Usage (839504K) : Extracting RM1 device
[2026-09-09 23:08:13,618] [SUBPROCESS]    2026-09-09 23:08:13 +0200: Memory Usage (839504K) : Extracting RM2 device
[2026-09-09 23:08:13,626] [SUBPROCESS]    2026-09-09 23:08:13 +0200: Memory Usage (839504K) : Extracting RM3 device
[2026-09-09 23:08:13,635] [SUBPROCESS]    2026-09-09 23:08:13 +0200: Memory Usage (839504K) : Extracting TM9K device
[2026-09-09 23:08:13,641] [SUBPROCESS]    2026-09-09 23:08:13 +0200: Memory Usage (839504K) : Starting MIMCAP EXTRACTION
[2026-09-09 23:08:13,649] [SUBPROCESS]    2026-09-09 23:08:13 +0200: Memory Usage (839504K) : Extracting cap_mim2f0 device
[2026-09-09 23:08:13,655] [SUBPROCESS]    2026-09-09 23:08:13 +0200: Memory Usage (839504K) : Starting MOSCAP EXTRACTION
[2026-09-09 23:08:13,664] [SUBPROCESS]    2026-09-09 23:08:13 +0200: Memory Usage (839504K) : Extracting cap_nmos_03v3 device
[2026-09-09 23:08:13,673] [SUBPROCESS]    2026-09-09 23:08:13 +0200: Memory Usage (839504K) : Extracting cap_nmos_03v3_dn device
[2026-09-09 23:08:13,689] [SUBPROCESS]    2026-09-09 23:08:13 +0200: Memory Usage (839504K) : Extracting cap_pmos_03v3 device
[2026-09-09 23:08:13,699] [SUBPROCESS]    2026-09-09 23:08:13 +0200: Memory Usage (839504K) : Extracting cap_pmos_03v3_dn device
[2026-09-09 23:08:13,708] [SUBPROCESS]    2026-09-09 23:08:13 +0200: Memory Usage (839504K) : Extracting cap_nmos_06v0 device
[2026-09-09 23:08:13,716] [SUBPROCESS]    2026-09-09 23:08:13 +0200: Memory Usage (839504K) : Extracting cap_nmos_06v0_dn device
[2026-09-09 23:08:13,731] [SUBPROCESS]    2026-09-09 23:08:13 +0200: Memory Usage (839504K) : Extracting cap_pmos_06v0 device
[2026-09-09 23:08:13,748] [SUBPROCESS]    2026-09-09 23:08:13 +0200: Memory Usage (839504K) : Extracting cap_pmos_06v0 device
[2026-09-09 23:08:13,755] [SUBPROCESS]    2026-09-09 23:08:13 +0200: Memory Usage (839504K) : Extracting cap_pmos_03v3_b device
[2026-09-09 23:08:13,769] [SUBPROCESS]    2026-09-09 23:08:13 +0200: Memory Usage (839504K) : Extracting cap_nmos_06v0_b device
[2026-09-09 23:08:13,778] [SUBPROCESS]    2026-09-09 23:08:13 +0200: Memory Usage (839504K) : Extracting cap_pmos_06v0_b device
[2026-09-09 23:08:13,786] [SUBPROCESS]    2026-09-09 23:08:13 +0200: Memory Usage (839504K) : Starting MOS SAB EXTRACTION
[2026-09-09 23:08:13,792] [SUBPROCESS]    2026-09-09 23:08:13 +0200: Memory Usage (839504K) : Starting PMOS SAB EXTRACTION
[2026-09-09 23:08:13,800] [SUBPROCESS]    2026-09-09 23:08:13 +0200: Memory Usage (839504K) : Extracting 3.3V ESD PMOS transistor outside DNWELL device
[2026-09-09 23:08:13,807] [SUBPROCESS]    2026-09-09 23:08:13 +0200: Memory Usage (839504K) : Extracting 5V ESD PMOS transistor outside DNWELL device
[2026-09-09 23:08:13,817] [SUBPROCESS]    2026-09-09 23:08:13 +0200: Memory Usage (839504K) : Extracting 6V ESD PMOS transistor outside DNWELL device
[2026-09-09 23:08:13,826] [SUBPROCESS]    2026-09-09 23:08:13 +0200: Memory Usage (839504K) : Extracting 3.3V ESD PMOS transistor inside DNWELL device
[2026-09-09 23:08:13,834] [SUBPROCESS]    2026-09-09 23:08:13 +0200: Memory Usage (839504K) : Extracting 5V ESD PMOS transistor inside DNWELL device
[2026-09-09 23:08:13,842] [SUBPROCESS]    2026-09-09 23:08:13 +0200: Memory Usage (839504K) : Extracting 6V ESD PMOS transistor inside DNWELL device
[2026-09-09 23:08:13,849] [SUBPROCESS]    2026-09-09 23:08:13 +0200: Memory Usage (839504K) : Starting NMOS SAB EXTRACTION
[2026-09-09 23:08:13,855] [SUBPROCESS]    2026-09-09 23:08:13 +0200: Memory Usage (839504K) : Extracting 3.3V ESD NMOS transistor outside DNWELL device
[2026-09-09 23:08:13,867] [SUBPROCESS]    2026-09-09 23:08:13 +0200: Memory Usage (839504K) : Extracting 5V ESD NMOS transistor outside DNWELL device
[2026-09-09 23:08:13,874] [SUBPROCESS]    2026-09-09 23:08:13 +0200: Memory Usage (839504K) : Extracting 6V ESD NMOS transistor outside DNWELL device
[2026-09-09 23:08:13,883] [SUBPROCESS]    2026-09-09 23:08:13 +0200: Memory Usage (839504K) : Extracting 3.3V ESD NMOS transistor inside DNWELL device
[2026-09-09 23:08:13,890] [SUBPROCESS]    2026-09-09 23:08:13 +0200: Memory Usage (839504K) : Extracting 5V ESD NMOS transistor inside DNWELL device
[2026-09-09 23:08:13,899] [SUBPROCESS]    2026-09-09 23:08:13 +0200: Memory Usage (839504K) : Extracting 6V ESD NMOS transistor inside DNWELL device
[2026-09-09 23:08:13,908] [SUBPROCESS]    2026-09-09 23:08:13 +0200: Memory Usage (839504K) : Starting EFUSE EXTRACTION
[2026-09-09 23:08:13,944] [SUBPROCESS]    2026-09-09 23:08:13 +0200: Memory Usage (839504K) : Starting GF180 LVS comparison section
[2026-09-09 23:08:13,952] [SUBPROCESS]    2026-09-09 23:08:13 +0200: Memory Usage (839504K) : LVS Total Run time 3.005436 seconds
[2026-09-09 23:08:13,958] [SUBPROCESS]    2026-09-09 23:08:13 +0200: Memory Usage (839504K) : xxxxxxxxxxxxxxxxxxxxxxxxxxxxxxxxxxxxxxxxxx
[2026-09-09 23:08:13,963] [SUBPROCESS]    2026-09-09 23:08:13 +0200: Memory Usage (839504K) : ERROR : Netlists don't match
[2026-09-09 23:08:14,089] [SUBPROCESS]    2026-09-09 23:08:13 +0200: Memory Usage (839504K) : xxxxxxxxxxxxxxxxxxxxxxxxxxxxxxxxxxxxxxxxxx
[2026-09-09 23:08:14,210] [INFO]    klayout LVS succeeded after 5.385s
[2026-09-09 23:08:14,229] [WARNING]    Unable to find info about extracted LVS layer 'comp'
[2026-09-09 23:08:14,230] [WARNING]    Unable to find info about extracted LVS layer 'nwell'
[2026-09-09 23:08:14,232] [WARNING]    Unable to find info about extracted LVS layer 'contact'
[2026-09-09 23:08:14,233] [WARNING]    Unable to find info about extracted LVS layer 'via1'
[2026-09-09 23:08:14,234] [INFO]    (31, 20) -> (psd)
[2026-09-09 23:08:14,235] [INFO]    (34, 0) -> (metal1_con)
[2026-09-09 23:08:14,236] [INFO]    (36, 0) -> (metal2_con)
[2026-09-09 23:08:14,262] [WARNING]    Can't find GDS pair for layer M1-Poly
[2026-09-09 23:08:14,263] [WARNING]    Can't find GDS pair for layer Via1_con
[2026-09-09 23:08:14,264] [WARNING]    Can't find GDS pair for layer Via2_con
[2026-09-09 23:08:14,265] [WARNING]    Can't find GDS pair for layer Via3_con
[2026-09-09 23:08:14,266] [WARNING]    Can't find GDS pair for layer Via4_ncap
[2026-09-09 23:08:17,739] [INFO]    LVSDB: found 8pins
[2026-09-09 23:08:17,741] [WARNING]    Could not find a layer for device $1, class pfet_03v3, terminal G, net DAC_REF
[2026-09-09 23:08:17,744] [WARNING]    Could not find a layer for device $1, class pfet_03v3, terminal B, net VDD
[2026-09-09 23:08:17,746] [WARNING]    Could not find a layer for device $2, class pfet_03v3, terminal G, net DAC_REF
[2026-09-09 23:08:17,748] [WARNING]    Could not find a layer for device $2, class pfet_03v3, terminal B, net VDD
[2026-09-09 23:08:17,750] [WARNING]    Could not find a layer for device $3, class pfet_03v3, terminal G, net DAC_REF
[2026-09-09 23:08:17,752] [WARNING]    Could not find a layer for device $3, class pfet_03v3, terminal B, net VDD
[2026-09-09 23:08:17,754] [WARNING]    Could not find a layer for device $4, class pfet_03v3, terminal G, net DAC_REF
[2026-09-09 23:08:17,757] [WARNING]    Could not find a layer for device $4, class pfet_03v3, terminal B, net VDD
[2026-09-09 23:08:17,759] [WARNING]    Could not find a layer for device $5, class pfet_03v3, terminal G, net DAC_REF
[2026-09-09 23:08:17,761] [WARNING]    Could not find a layer for device $5, class pfet_03v3, terminal B, net VDD
[2026-09-09 23:08:17,765] [WARNING]    Could not find a layer for device $6, class pfet_03v3, terminal G, net DAC_REF
[2026-09-09 23:08:17,768] [WARNING]    Could not find a layer for device $6, class pfet_03v3, terminal B, net VDD
[2026-09-09 23:08:17,771] [WARNING]    Could not find a layer for device $7, class pfet_03v3, terminal G, net DAC_REF
[2026-09-09 23:08:17,775] [WARNING]    Could not find a layer for device $7, class pfet_03v3, terminal B, net VDD
[2026-09-09 23:08:17,779] [WARNING]    Could not find a layer for device $8, class pfet_03v3, terminal G, net DAC_REF
[2026-09-09 23:08:17,781] [WARNING]    Could not find a layer for device $8, class pfet_03v3, terminal B, net VDD
[2026-09-09 23:08:17,783] [WARNING]    Could not find a layer for device $9, class pfet_03v3, terminal G, net DAC_REF
[2026-09-09 23:08:17,786] [WARNING]    Could not find a layer for device $9, class pfet_03v3, terminal B, net VDD
[2026-09-09 23:08:17,788] [WARNING]    Could not find a layer for device $10, class pfet_03v3, terminal G, net DAC_REF
[2026-09-09 23:08:17,790] [WARNING]    Could not find a layer for device $10, class pfet_03v3, terminal B, net VDD
[2026-09-09 23:08:17,793] [WARNING]    Could not find a layer for device $11, class pfet_03v3, terminal G, net DAC_REF
[2026-09-09 23:08:17,795] [WARNING]    Could not find a layer for device $11, class pfet_03v3, terminal B, net VDD
[2026-09-09 23:08:17,798] [WARNING]    Could not find a layer for device $12, class pfet_03v3, terminal G, net DAC_REF
[2026-09-09 23:08:17,800] [WARNING]    Could not find a layer for device $12, class pfet_03v3, terminal B, net VDD
[2026-09-09 23:08:17,802] [WARNING]    Could not find a layer for device $13, class pfet_03v3, terminal G, net DAC_REF
[2026-09-09 23:08:17,805] [WARNING]    Could not find a layer for device $13, class pfet_03v3, terminal B, net VDD
[2026-09-09 23:08:17,808] [WARNING]    Could not find a layer for device $14, class pfet_03v3, terminal G, net DAC_REF
[2026-09-09 23:08:17,812] [WARNING]    Could not find a layer for device $14, class pfet_03v3, terminal B, net VDD
[2026-09-09 23:08:17,816] [WARNING]    Could not find a layer for device $15, class pfet_03v3, terminal G, net DAC_REF
[2026-09-09 23:08:17,818] [WARNING]    Could not find a layer for device $15, class pfet_03v3, terminal B, net VDD
[2026-09-09 23:08:17,820] [WARNING]    Could not find a layer for device $16, class pfet_03v3, terminal G, net DAC_REF
[2026-09-09 23:08:17,822] [WARNING]    Could not find a layer for device $16, class pfet_03v3, terminal B, net VDD
[2026-09-09 23:08:17,824] [WARNING]    Could not find a layer for device $17, class pfet_03v3, terminal G, net DAC_REF
[2026-09-09 23:08:17,826] [WARNING]    Could not find a layer for device $17, class pfet_03v3, terminal B, net VDD
[2026-09-09 23:08:17,828] [WARNING]    Could not find a layer for device $18, class pfet_03v3, terminal G, net DAC_REF
[2026-09-09 23:08:17,831] [WARNING]    Could not find a layer for device $18, class pfet_03v3, terminal B, net VDD
[2026-09-09 23:08:17,833] [WARNING]    Could not find a layer for device $19, class pfet_03v3, terminal G, net DAC_REF
[2026-09-09 23:08:17,835] [WARNING]    Could not find a layer for device $19, class pfet_03v3, terminal B, net VDD
[2026-09-09 23:08:17,836] [WARNING]    Could not find a layer for device $20, class pfet_03v3, terminal G, net DAC_REF
[2026-09-09 23:08:17,838] [WARNING]    Could not find a layer for device $20, class pfet_03v3, terminal B, net VDD
[2026-09-09 23:08:17,841] [WARNING]    Could not find a layer for device $21, class pfet_03v3, terminal G, net DAC_REF
[2026-09-09 23:08:17,843] [WARNING]    Could not find a layer for device $21, class pfet_03v3, terminal B, net VDD
[2026-09-09 23:08:17,848] [WARNING]    Could not find a layer for device $22, class pfet_03v3, terminal G, net DAC_REF
[2026-09-09 23:08:17,850] [WARNING]    Could not find a layer for device $22, class pfet_03v3, terminal B, net VDD
[2026-09-09 23:08:17,852] [WARNING]    Could not find a layer for device $23, class pfet_03v3, terminal G, net DAC_REF
[2026-09-09 23:08:17,854] [WARNING]    Could not find a layer for device $23, class pfet_03v3, terminal B, net VDD
[2026-09-09 23:08:17,856] [WARNING]    Could not find a layer for device $24, class pfet_03v3, terminal G, net DAC_REF
[2026-09-09 23:08:17,858] [WARNING]    Could not find a layer for device $24, class pfet_03v3, terminal B, net VDD
[2026-09-09 23:08:17,860] [WARNING]    Could not find a layer for device $25, class pfet_03v3, terminal G, net DAC_REF
[2026-09-09 23:08:17,863] [WARNING]    Could not find a layer for device $25, class pfet_03v3, terminal B, net VDD
[2026-09-09 23:08:17,865] [WARNING]    Could not find a layer for device $26, class pfet_03v3, terminal G, net DAC_REF
[2026-09-09 23:08:17,867] [WARNING]    Could not find a layer for device $26, class pfet_03v3, terminal B, net VDD
[2026-09-09 23:08:17,869] [WARNING]    Could not find a layer for device $27, class pfet_03v3, terminal G, net DAC_REF
[2026-09-09 23:08:17,871] [WARNING]    Could not find a layer for device $27, class pfet_03v3, terminal B, net VDD
[2026-09-09 23:08:17,873] [WARNING]    Could not find a layer for device $28, class pfet_03v3, terminal G, net DAC_REF
[2026-09-09 23:08:17,877] [WARNING]    Could not find a layer for device $28, class pfet_03v3, terminal B, net VDD
[2026-09-09 23:08:17,880] [WARNING]    Could not find a layer for device $29, class pfet_03v3, terminal G, net DAC_REF
[2026-09-09 23:08:17,882] [WARNING]    Could not find a layer for device $29, class pfet_03v3, terminal B, net VDD
[2026-09-09 23:08:17,884] [WARNING]    Could not find a layer for device $30, class pfet_03v3, terminal G, net DAC_REF
[2026-09-09 23:08:17,887] [WARNING]    Could not find a layer for device $30, class pfet_03v3, terminal B, net VDD
[2026-09-09 23:08:17,889] [WARNING]    Could not find a layer for device $31, class pfet_03v3, terminal G, net DAC_REF
[2026-09-09 23:08:17,892] [WARNING]    Could not find a layer for device $31, class pfet_03v3, terminal B, net VDD
[2026-09-09 23:08:17,895] [WARNING]    Could not find a layer for device $32, class pfet_03v3, terminal G, net DAC_REF
[2026-09-09 23:08:17,897] [WARNING]    Could not find a layer for device $32, class pfet_03v3, terminal B, net VDD
[2026-09-09 23:08:17,899] [WARNING]    Could not find a layer for device $33, class pfet_03v3, terminal G, net DAC_REF
[2026-09-09 23:08:17,901] [WARNING]    Could not find a layer for device $33, class pfet_03v3, terminal B, net VDD
[2026-09-09 23:08:17,902] [WARNING]    Could not find a layer for device $34, class pfet_03v3, terminal G, net DAC_REF
[2026-09-09 23:08:17,904] [WARNING]    Could not find a layer for device $34, class pfet_03v3, terminal B, net VDD
[2026-09-09 23:08:17,907] [WARNING]    Could not find a layer for device $35, class pfet_03v3, terminal G, net DAC_REF
[2026-09-09 23:08:17,910] [WARNING]    Could not find a layer for device $35, class pfet_03v3, terminal B, net VDD
[2026-09-09 23:08:17,913] [WARNING]    Could not find a layer for device $36, class pfet_03v3, terminal G, net DAC_REF
[2026-09-09 23:08:17,915] [WARNING]    Could not find a layer for device $36, class pfet_03v3, terminal B, net VDD
[2026-09-09 23:08:17,917] [WARNING]    Could not find a layer for device $37, class pfet_03v3, terminal G, net DAC_REF
[2026-09-09 23:08:17,919] [WARNING]    Could not find a layer for device $37, class pfet_03v3, terminal B, net VDD
[2026-09-09 23:08:17,921] [WARNING]    Could not find a layer for device $38, class pfet_03v3, terminal G, net DAC_REF
[2026-09-09 23:08:17,924] [WARNING]    Could not find a layer for device $38, class pfet_03v3, terminal B, net VDD
[2026-09-09 23:08:17,927] [WARNING]    Could not find a layer for device $39, class pfet_03v3, terminal G, net DAC_REF
[2026-09-09 23:08:17,930] [WARNING]    Could not find a layer for device $39, class pfet_03v3, terminal B, net VDD
[2026-09-09 23:08:17,932] [WARNING]    Could not find a layer for device $40, class pfet_03v3, terminal G, net DAC_REF
[2026-09-09 23:08:17,934] [WARNING]    Could not find a layer for device $40, class pfet_03v3, terminal B, net VDD
[2026-09-09 23:08:17,935] [WARNING]    Could not find a layer for device $41, class pfet_03v3, terminal G, net DAC_REF
[2026-09-09 23:08:17,937] [WARNING]    Could not find a layer for device $41, class pfet_03v3, terminal B, net VDD
[2026-09-09 23:08:17,940] [WARNING]    Could not find a layer for device $42, class pfet_03v3, terminal G, net DAC_REF
[2026-09-09 23:08:17,943] [WARNING]    Could not find a layer for device $42, class pfet_03v3, terminal B, net VDD
[2026-09-09 23:08:17,946] [WARNING]    Could not find a layer for device $43, class pfet_03v3, terminal G, net DAC_REF
[2026-09-09 23:08:17,949] [WARNING]    Could not find a layer for device $43, class pfet_03v3, terminal B, net VDD
[2026-09-09 23:08:17,950] [WARNING]    Could not find a layer for device $44, class pfet_03v3, terminal G, net DAC_REF
[2026-09-09 23:08:17,952] [WARNING]    Could not find a layer for device $44, class pfet_03v3, terminal B, net VDD
[2026-09-09 23:08:17,954] [WARNING]    Could not find a layer for device $45, class pfet_03v3, terminal G, net DAC_REF
[2026-09-09 23:08:17,957] [WARNING]    Could not find a layer for device $45, class pfet_03v3, terminal B, net VDD
[2026-09-09 23:08:17,959] [WARNING]    Could not find a layer for device $46, class pfet_03v3, terminal G, net DAC_REF
[2026-09-09 23:08:17,963] [WARNING]    Could not find a layer for device $46, class pfet_03v3, terminal B, net VDD
[2026-09-09 23:08:17,965] [WARNING]    Could not find a layer for device $47, class pfet_03v3, terminal G, net DAC_REF
[2026-09-09 23:08:17,968] [WARNING]    Could not find a layer for device $47, class pfet_03v3, terminal B, net VDD
[2026-09-09 23:08:17,970] [WARNING]    Could not find a layer for device $48, class pfet_03v3, terminal G, net DAC_REF
[2026-09-09 23:08:17,972] [WARNING]    Could not find a layer for device $48, class pfet_03v3, terminal B, net VDD
[2026-09-09 23:08:17,975] [WARNING]    Could not find a layer for device $49, class pfet_03v3, terminal G, net DAC_REF
[2026-09-09 23:08:17,979] [WARNING]    Could not find a layer for device $49, class pfet_03v3, terminal B, net VDD
[2026-09-09 23:08:17,981] [WARNING]    Could not find a layer for device $50, class pfet_03v3, terminal G, net DAC_REF
[2026-09-09 23:08:17,983] [WARNING]    Could not find a layer for device $50, class pfet_03v3, terminal B, net VDD
[2026-09-09 23:08:17,985] [WARNING]    Could not find a layer for device $51, class pfet_03v3, terminal G, net DAC_REF
[2026-09-09 23:08:17,987] [WARNING]    Could not find a layer for device $51, class pfet_03v3, terminal B, net VDD
[2026-09-09 23:08:17,988] [WARNING]    Could not find a layer for device $52, class pfet_03v3, terminal G, net DAC_REF
[2026-09-09 23:08:17,992] [WARNING]    Could not find a layer for device $52, class pfet_03v3, terminal B, net VDD
[2026-09-09 23:08:17,995] [WARNING]    Could not find a layer for device $53, class pfet_03v3, terminal G, net DAC_REF
[2026-09-09 23:08:17,997] [WARNING]    Could not find a layer for device $53, class pfet_03v3, terminal B, net VDD
[2026-09-09 23:08:17,999] [WARNING]    Could not find a layer for device $54, class pfet_03v3, terminal G, net DAC_REF
[2026-09-09 23:08:18,001] [WARNING]    Could not find a layer for device $54, class pfet_03v3, terminal B, net VDD
[2026-09-09 23:08:18,003] [WARNING]    Could not find a layer for device $55, class pfet_03v3, terminal G, net DAC_REF
[2026-09-09 23:08:18,007] [WARNING]    Could not find a layer for device $55, class pfet_03v3, terminal B, net VDD
[2026-09-09 23:08:18,009] [WARNING]    Could not find a layer for device $56, class pfet_03v3, terminal G, net DAC_REF
[2026-09-09 23:08:18,012] [WARNING]    Could not find a layer for device $56, class pfet_03v3, terminal B, net VDD
[2026-09-09 23:08:18,014] [WARNING]    Could not find a layer for device $57, class pfet_03v3, terminal G, net DAC_REF
[2026-09-09 23:08:18,016] [WARNING]    Could not find a layer for device $57, class pfet_03v3, terminal B, net VDD
[2026-09-09 23:08:18,019] [WARNING]    Could not find a layer for device $58, class pfet_03v3, terminal G, net DAC_REF
[2026-09-09 23:08:18,021] [WARNING]    Could not find a layer for device $58, class pfet_03v3, terminal B, net VDD
[2026-09-09 23:08:18,023] [WARNING]    Could not find a layer for device $59, class pfet_03v3, terminal G, net DAC_REF
[2026-09-09 23:08:18,027] [WARNING]    Could not find a layer for device $59, class pfet_03v3, terminal B, net VDD
[2026-09-09 23:08:18,030] [WARNING]    Could not find a layer for device $60, class pfet_03v3, terminal G, net DAC_REF
[2026-09-09 23:08:18,032] [WARNING]    Could not find a layer for device $60, class pfet_03v3, terminal B, net VDD
[2026-09-09 23:08:18,034] [WARNING]    Could not find a layer for device $61, class pfet_03v3, terminal G, net DAC_REF
[2026-09-09 23:08:18,036] [WARNING]    Could not find a layer for device $61, class pfet_03v3, terminal B, net VDD
[2026-09-09 23:08:18,037] [WARNING]    Could not find a layer for device $62, class pfet_03v3, terminal G, net DAC_REF
[2026-09-09 23:08:18,040] [WARNING]    Could not find a layer for device $62, class pfet_03v3, terminal B, net VDD
[2026-09-09 23:08:18,042] [WARNING]    Could not find a layer for device $63, class pfet_03v3, terminal G, net DAC_REF
[2026-09-09 23:08:18,047] [WARNING]    Could not find a layer for device $63, class pfet_03v3, terminal B, net VDD
[2026-09-09 23:08:18,048] [WARNING]    Could not find a layer for device $64, class pfet_03v3, terminal G, net b[4]
[2026-09-09 23:08:18,050] [WARNING]    Could not find a layer for device $64, class pfet_03v3, terminal B, net VDD
[2026-09-09 23:08:18,052] [WARNING]    Could not find a layer for device $65, class pfet_03v3, terminal G, net b[4]
[2026-09-09 23:08:18,054] [WARNING]    Could not find a layer for device $65, class pfet_03v3, terminal B, net VDD
[2026-09-09 23:08:18,055] [WARNING]    Could not find a layer for device $66, class pfet_03v3, terminal G, net b[4]
[2026-09-09 23:08:18,057] [WARNING]    Could not find a layer for device $66, class pfet_03v3, terminal B, net VDD
[2026-09-09 23:08:18,060] [WARNING]    Could not find a layer for device $67, class pfet_03v3, terminal G, net b[4]
[2026-09-09 23:08:18,063] [WARNING]    Could not find a layer for device $67, class pfet_03v3, terminal B, net VDD
[2026-09-09 23:08:18,064] [WARNING]    Could not find a layer for device $68, class pfet_03v3, terminal G, net b[3]
[2026-09-09 23:08:18,066] [WARNING]    Could not find a layer for device $68, class pfet_03v3, terminal B, net VDD
[2026-09-09 23:08:18,068] [WARNING]    Could not find a layer for device $69, class pfet_03v3, terminal G, net b[3]
[2026-09-09 23:08:18,069] [WARNING]    Could not find a layer for device $69, class pfet_03v3, terminal B, net VDD
[2026-09-09 23:08:18,071] [WARNING]    Could not find a layer for device $70, class pfet_03v3, terminal G, net b[2]
[2026-09-09 23:08:18,073] [WARNING]    Could not find a layer for device $70, class pfet_03v3, terminal B, net VDD
[2026-09-09 23:08:18,075] [WARNING]    Could not find a layer for device $71, class pfet_03v3, terminal G, net b[4]
[2026-09-09 23:08:18,078] [WARNING]    Could not find a layer for device $71, class pfet_03v3, terminal B, net VDD
[2026-09-09 23:08:18,080] [WARNING]    Could not find a layer for device $72, class pfet_03v3, terminal G, net b[4]
[2026-09-09 23:08:18,082] [WARNING]    Could not find a layer for device $72, class pfet_03v3, terminal B, net VDD
[2026-09-09 23:08:18,084] [WARNING]    Could not find a layer for device $73, class pfet_03v3, terminal G, net b[4]
[2026-09-09 23:08:18,086] [WARNING]    Could not find a layer for device $73, class pfet_03v3, terminal B, net VDD
[2026-09-09 23:08:18,088] [WARNING]    Could not find a layer for device $74, class pfet_03v3, terminal G, net b[4]
[2026-09-09 23:08:18,090] [WARNING]    Could not find a layer for device $74, class pfet_03v3, terminal B, net VDD
[2026-09-09 23:08:18,093] [WARNING]    Could not find a layer for device $75, class pfet_03v3, terminal G, net b[3]
[2026-09-09 23:08:18,096] [WARNING]    Could not find a layer for device $75, class pfet_03v3, terminal B, net VDD
[2026-09-09 23:08:18,097] [WARNING]    Could not find a layer for device $76, class pfet_03v3, terminal G, net b[3]
[2026-09-09 23:08:18,099] [WARNING]    Could not find a layer for device $76, class pfet_03v3, terminal B, net VDD
[2026-09-09 23:08:18,101] [WARNING]    Could not find a layer for device $77, class pfet_03v3, terminal G, net b[2]
[2026-09-09 23:08:18,103] [WARNING]    Could not find a layer for device $77, class pfet_03v3, terminal B, net VDD
[2026-09-09 23:08:18,104] [WARNING]    Could not find a layer for device $78, class pfet_03v3, terminal G, net b[1]
[2026-09-09 23:08:18,107] [WARNING]    Could not find a layer for device $78, class pfet_03v3, terminal B, net VDD
[2026-09-09 23:08:18,109] [WARNING]    Could not find a layer for device $79, class pfet_03v3, terminal G, net b[4]
[2026-09-09 23:08:18,112] [WARNING]    Could not find a layer for device $79, class pfet_03v3, terminal B, net VDD
[2026-09-09 23:08:18,114] [WARNING]    Could not find a layer for device $80, class pfet_03v3, terminal G, net b[4]
[2026-09-09 23:08:18,115] [WARNING]    Could not find a layer for device $80, class pfet_03v3, terminal B, net VDD
[2026-09-09 23:08:18,117] [WARNING]    Could not find a layer for device $81, class pfet_03v3, terminal G, net b[4]
[2026-09-09 23:08:18,119] [WARNING]    Could not find a layer for device $81, class pfet_03v3, terminal B, net VDD
[2026-09-09 23:08:18,120] [WARNING]    Could not find a layer for device $82, class pfet_03v3, terminal G, net b[4]
[2026-09-09 23:08:18,122] [WARNING]    Could not find a layer for device $82, class pfet_03v3, terminal B, net VDD
[2026-09-09 23:08:18,126] [WARNING]    Could not find a layer for device $83, class pfet_03v3, terminal G, net b[3]
[2026-09-09 23:08:18,129] [WARNING]    Could not find a layer for device $83, class pfet_03v3, terminal B, net VDD
[2026-09-09 23:08:18,131] [WARNING]    Could not find a layer for device $84, class pfet_03v3, terminal G, net b[3]
[2026-09-09 23:08:18,133] [WARNING]    Could not find a layer for device $84, class pfet_03v3, terminal B, net VDD
[2026-09-09 23:08:18,134] [WARNING]    Could not find a layer for device $85, class pfet_03v3, terminal G, net b[2]
[2026-09-09 23:08:18,136] [WARNING]    Could not find a layer for device $85, class pfet_03v3, terminal B, net VDD
[2026-09-09 23:08:18,137] [WARNING]    Could not find a layer for device $86, class pfet_03v3, terminal G, net b[1]
[2026-09-09 23:08:18,140] [WARNING]    Could not find a layer for device $86, class pfet_03v3, terminal B, net VDD
[2026-09-09 23:08:18,142] [WARNING]    Could not find a layer for device $87, class pfet_03v3, terminal G, net b[1]
[2026-09-09 23:08:18,145] [WARNING]    Could not find a layer for device $87, class pfet_03v3, terminal B, net VDD
[2026-09-09 23:08:18,147] [WARNING]    Could not find a layer for device $88, class pfet_03v3, terminal G, net b[4]
[2026-09-09 23:08:18,149] [WARNING]    Could not find a layer for device $88, class pfet_03v3, terminal B, net VDD
[2026-09-09 23:08:18,150] [WARNING]    Could not find a layer for device $89, class pfet_03v3, terminal G, net b[4]
[2026-09-09 23:08:18,152] [WARNING]    Could not find a layer for device $89, class pfet_03v3, terminal B, net VDD
[2026-09-09 23:08:18,153] [WARNING]    Could not find a layer for device $90, class pfet_03v3, terminal G, net b[4]
[2026-09-09 23:08:18,155] [WARNING]    Could not find a layer for device $90, class pfet_03v3, terminal B, net VDD
[2026-09-09 23:08:18,158] [WARNING]    Could not find a layer for device $91, class pfet_03v3, terminal G, net b[4]
[2026-09-09 23:08:18,160] [WARNING]    Could not find a layer for device $91, class pfet_03v3, terminal B, net VDD
[2026-09-09 23:08:18,161] [WARNING]    Could not find a layer for device $92, class pfet_03v3, terminal G, net b[3]
[2026-09-09 23:08:18,163] [WARNING]    Could not find a layer for device $92, class pfet_03v3, terminal B, net VDD
[2026-09-09 23:08:18,165] [WARNING]    Could not find a layer for device $93, class pfet_03v3, terminal G, net b[3]
[2026-09-09 23:08:18,167] [WARNING]    Could not find a layer for device $93, class pfet_03v3, terminal B, net VDD
[2026-09-09 23:08:18,168] [WARNING]    Could not find a layer for device $94, class pfet_03v3, terminal G, net b[2]
[2026-09-09 23:08:18,170] [WARNING]    Could not find a layer for device $94, class pfet_03v3, terminal B, net VDD
[2026-09-09 23:08:18,173] [WARNING]    Could not find a layer for device $95, class pfet_03v3, terminal G, net b[0]
[2026-09-09 23:08:18,176] [WARNING]    Could not find a layer for device $95, class pfet_03v3, terminal B, net VDD
[2026-09-09 23:08:18,867] [SUBPROCESS]    Device;Net1;Net2;Capacitance [fF];Resistance [Ω]
[2026-09-09 23:08:18,868] [SUBPROCESS]    C1;$10;$13;1.668;
[2026-09-09 23:08:18,868] [SUBPROCESS]    C2;$10;$14;0.249;
[2026-09-09 23:08:18,869] [SUBPROCESS]    C3;$10;$26;3.266;
[2026-09-09 23:08:18,869] [SUBPROCESS]    C4;$10;$7;0.58;
[2026-09-09 23:08:18,870] [SUBPROCESS]    C5;$10;b[0];0.003;
[2026-09-09 23:08:18,871] [SUBPROCESS]    C6;$10;b[2];0.439;
[2026-09-09 23:08:18,871] [SUBPROCESS]    C7;$10;b[3];2.105;
[2026-09-09 23:08:18,872] [SUBPROCESS]    C8;$10;b[4];0.012;
[2026-09-09 23:08:18,872] [SUBPROCESS]    C9;$10;DAC_REF;0.013;
[2026-09-09 23:08:18,873] [SUBPROCESS]    C10;$10;I_DAC;0.807;
[2026-09-09 23:08:18,874] [SUBPROCESS]    C11;$10;VDD;7.023;
[2026-09-09 23:08:18,874] [SUBPROCESS]    C12;$10;VSUBS;7.237;
[2026-09-09 23:08:18,874] [SUBPROCESS]    C13;$13;$14;2.935;
[2026-09-09 23:08:18,875] [SUBPROCESS]    C14;$13;$26;0.491;
[2026-09-09 23:08:18,875] [SUBPROCESS]    C15;$13;$7;0.097;
[2026-09-09 23:08:18,876] [SUBPROCESS]    C16;$13;b[0];0.117;
[2026-09-09 23:08:18,876] [SUBPROCESS]    C17;$13;b[1];0.326;
[2026-09-09 23:08:18,876] [SUBPROCESS]    C18;$13;b[2];0.525;
[2026-09-09 23:08:18,877] [SUBPROCESS]    C19;$13;I_DAC;0.361;
[2026-09-09 23:08:18,877] [SUBPROCESS]    C20;$13;VDD;3.839;
[2026-09-09 23:08:18,878] [SUBPROCESS]    C21;$13;VSUBS;3.202;
[2026-09-09 23:08:18,878] [SUBPROCESS]    C22;$14;$26;0.351;
[2026-09-09 23:08:18,878] [SUBPROCESS]    C23;$14;$7;1.178;
[2026-09-09 23:08:18,879] [SUBPROCESS]    C24;$14;b[0];0.14;
[2026-09-09 23:08:18,879] [SUBPROCESS]    C25;$14;b[1];0.126;
[2026-09-09 23:08:18,880] [SUBPROCESS]    C26;$14;I_DAC;0.329;
[2026-09-09 23:08:18,880] [SUBPROCESS]    C27;$14;VDD;2.038;
[2026-09-09 23:08:18,880] [SUBPROCESS]    C28;$14;VSUBS;1.832;
[2026-09-09 23:08:18,881] [SUBPROCESS]    C29;$26;$7;0.33;
[2026-09-09 23:08:18,881] [SUBPROCESS]    C30;$26;b[3];0.073;
[2026-09-09 23:08:18,882] [SUBPROCESS]    C31;$26;b[4];3.887;
[2026-09-09 23:08:18,882] [SUBPROCESS]    C32;$26;DAC_REF;0.062;
[2026-09-09 23:08:18,882] [SUBPROCESS]    C33;$26;I_DAC;1.326;
[2026-09-09 23:08:18,883] [SUBPROCESS]    C34;$26;VDD;10.237;
[2026-09-09 23:08:18,883] [SUBPROCESS]    C35;$26;VSUBS;9.899;
[2026-09-09 23:08:18,883] [SUBPROCESS]    C36;$7;b[0];0.299;
[2026-09-09 23:08:18,884] [SUBPROCESS]    C37;$7;I_DAC;0.054;
[2026-09-09 23:08:18,884] [SUBPROCESS]    C38;$7;VDD;1.178;
[2026-09-09 23:08:18,885] [SUBPROCESS]    C39;$7;VSUBS;1.73;
[2026-09-09 23:08:18,886] [SUBPROCESS]    C40;b[0];b[1];0.05;
[2026-09-09 23:08:18,886] [SUBPROCESS]    C41;b[0];b[2];0.016;
[2026-09-09 23:08:18,887] [SUBPROCESS]    C42;b[1];b[2];0.062;
[2026-09-09 23:08:18,887] [SUBPROCESS]    C43;b[1];b[3];0.0;
[2026-09-09 23:08:18,888] [SUBPROCESS]    C44;b[2];b[3];0.079;
[2026-09-09 23:08:18,888] [SUBPROCESS]    C45;b[3];b[4];0.252;
[2026-09-09 23:08:18,889] [SUBPROCESS]    C46;DAC_REF;VDD;1.307;
[2026-09-09 23:08:18,889] [SUBPROCESS]    C47;DAC_REF;VSUBS;0.553;
[2026-09-09 23:08:18,890] [SUBPROCESS]    C48;I_DAC;b[0];1.153;
[2026-09-09 23:08:18,891] [SUBPROCESS]    C49;I_DAC;b[1];0.66;
[2026-09-09 23:08:18,891] [SUBPROCESS]    C50;I_DAC;b[2];0.794;
[2026-09-09 23:08:18,892] [SUBPROCESS]    C51;I_DAC;b[3];1.625;
[2026-09-09 23:08:18,892] [SUBPROCESS]    C52;I_DAC;b[4];3.571;
[2026-09-09 23:08:18,893] [SUBPROCESS]    C53;I_DAC;VDD;1.187;
[2026-09-09 23:08:18,893] [SUBPROCESS]    C54;I_DAC;VSUBS;3.647;
[2026-09-09 23:08:18,893] [SUBPROCESS]    C55;VDD;b[0];2.273;
[2026-09-09 23:08:18,894] [SUBPROCESS]    C56;VDD;b[1];0.11;
[2026-09-09 23:08:18,895] [SUBPROCESS]    C57;VDD;b[2];0.137;
[2026-09-09 23:08:18,895] [SUBPROCESS]    C58;VDD;b[3];0.228;
[2026-09-09 23:08:18,896] [SUBPROCESS]    C59;VDD;b[4];0.779;
[2026-09-09 23:08:18,896] [SUBPROCESS]    C60;VDD;VSUBS;49.487;
[2026-09-09 23:08:18,897] [SUBPROCESS]    C61;VSUBS;b[0];0.693;
[2026-09-09 23:08:18,898] [SUBPROCESS]    C62;VSUBS;b[1];0.413;
[2026-09-09 23:08:18,899] [SUBPROCESS]    C63;VSUBS;b[2];0.45;
[2026-09-09 23:08:18,899] [SUBPROCESS]    C64;VSUBS;b[3];0.952;
[2026-09-09 23:08:18,900] [SUBPROCESS]    C65;VSUBS;b[4];2.063;
[2026-09-09 23:08:18,901] [SUBPROCESS]    /foss/designs/DAC_CORE_5bit/output/DAC_CORE_5bit__DAC_CORE_5bit/DAC_CORE_5bit_k25d_pex_netlist.csv
[2026-09-09 23:08:18,909] [SUBPROCESS]    Wrote expanded netlist to: /foss/designs/DAC_CORE_5bit/output/DAC_CORE_5bit__DAC_CORE_5bit/DAC_CORE_5bit_k25d_pex_netlist.spice
[2026-09-09 23:08:18,911] [INFO]    Copied expanded SPICE netlist to: DAC_CORE_5bit.pex.spice
