[2026-09-10 00:24:00,024] [INFO]    GDS input file passed, running in LVS mode
[2026-09-10 00:24:00,026] [INFO]    Found cell DAC_CORE_5bit in GDS DAC_CORE_5bit.klay.gds (only top cell)
[2026-09-10 00:24:00,027] [INFO]    LVS input schematic not specified (argument --schematic), using dummy schematic
[2026-09-10 00:24:00,035] [INFO]    Cache miss: extracted LVSDB is older than the input GDS
[2026-09-10 00:24:00,036] [SUBPROCESS]    output/.kpex_cache/gf180mcuD/foss/designs/DAC_CORE_5bit/DAC_CORE_5bit.klay.gds/DAC_CORE_5bit.lvsdb.gz
[2026-09-10 00:24:00,037] [SUBPROCESS]    klayout -b -r /usr/local/lib/python3.12/dist-packages/klayout_pex/pdk/gf180mcuD/libs.tech/kpex/gf180mcu.lvs -rd input=/foss/designs/DAC_CORE_5bit/DAC_CORE_5bit.klay.gds -rd report=/foss/designs/DAC_CORE_5bit/output/DAC_CORE_5bit__DAC_CORE_5bit/DAC_CORE_5bit.lvsdb.gz -rd schematic=/foss/designs/DAC_CORE_5bit/output/DAC_CORE_5bit__DAC_CORE_5bit/DAC_CORE_5bit_dummy_schematic.spice -rd thr=22 -rd run_mode=deep -rd spice_net_names=true -rd spice_comments=false -rd scale=false -rd verbose=false -rd schematic_simplify=false -rd net_only=false -rd top_lvl_pins=true -rd combine=false -rd combine_devices=false -rd purge=false -rd purge_nets=false -rd no_simplify=true
[2026-09-10 00:24:00,038] [SUBPROCESS]    output/DAC_CORE_5bit__DAC_CORE_5bit/DAC_CORE_5bit_lvs.log
[2026-09-10 00:24:02,198] [SUBPROCESS]    2026-09-10 00:24:02 +0200: Memory Usage (674576K) : Starting running GF180MCU Klayout LVS runset on /foss/designs/DAC_CORE_5bit/DAC_CORE_5bit.klay.gds
[2026-09-10 00:24:02,207] [SUBPROCESS]    2026-09-10 00:24:02 +0200: Memory Usage (674576K) : Ruby Version for klayout: 3.2.3
[2026-09-10 00:24:02,214] [SUBPROCESS]    2026-09-10 00:24:02 +0200: Memory Usage (674576K) : Loading database to memory is complete.
[2026-09-10 00:24:02,219] [SUBPROCESS]    2026-09-10 00:24:02 +0200: Memory Usage (674576K) : GF180MCU Klayout LVS runset output at: /foss/designs/DAC_CORE_5bit/output/DAC_CORE_5bit__DAC_CORE_5bit/DAC_CORE_5bit.lvsdb.gz
[2026-09-10 00:24:02,226] [SUBPROCESS]    2026-09-10 00:24:02 +0200: Memory Usage (674576K) : Evaluate switches.
[2026-09-10 00:24:02,235] [SUBPROCESS]    2026-09-10 00:24:02 +0200: Memory Usage (674576K) : Substrate name used: 
[2026-09-10 00:24:02,240] [SUBPROCESS]    2026-09-10 00:24:02 +0200: Memory Usage (674576K) : Extracted netlist with net names: true
[2026-09-10 00:24:02,248] [SUBPROCESS]    2026-09-10 00:24:02 +0200: Memory Usage (674576K) : Extracted netlist with comments in details: false
[2026-09-10 00:24:02,255] [SUBPROCESS]    2026-09-10 00:24:02 +0200: Memory Usage (674576K) : GF180MCU Klayout LVS extracted netlist file at: DAC_CORE_5bit_extracted.cir
[2026-09-10 00:24:02,262] [SUBPROCESS]    2026-09-10 00:24:02 +0200: Memory Usage (674576K) : LVS device_scaling option: false
[2026-09-10 00:24:02,270] [SUBPROCESS]    2026-09-10 00:24:02 +0200: Memory Usage (674576K) : Selected SCH_SIMPLE option: false
[2026-09-10 00:24:02,278] [SUBPROCESS]    2026-09-10 00:24:02 +0200: Memory Usage (674576K) : Selected NET_ONLY option: false
[2026-09-10 00:24:02,285] [SUBPROCESS]    2026-09-10 00:24:02 +0200: Memory Usage (674576K) : Selected TOP_LVL_PINS option: true
[2026-09-10 00:24:02,293] [SUBPROCESS]    2026-09-10 00:24:02 +0200: Memory Usage (674576K) : Selected COMBINE option: false
[2026-09-10 00:24:02,298] [SUBPROCESS]    2026-09-10 00:24:02 +0200: Memory Usage (674576K) : Selected PURGE option: false
[2026-09-10 00:24:02,305] [SUBPROCESS]    2026-09-10 00:24:02 +0200: Memory Usage (674576K) : Selected PURGE_NETS option: false
[2026-09-10 00:24:02,311] [SUBPROCESS]    2026-09-10 00:24:02 +0200: Memory Usage (674576K) : Selected SIMPLIFY option: false
[2026-09-10 00:24:02,318] [SUBPROCESS]    2026-09-10 00:24:02 +0200: Memory Usage (674576K) : Verbose mode: false
[2026-09-10 00:24:02,326] [SUBPROCESS]    2026-09-10 00:24:02 +0200: Memory Usage (674576K) : deep  mode is enabled.
[2026-09-10 00:24:02,333] [SUBPROCESS]    2026-09-10 00:24:02 +0200: Memory Usage (674576K) : METAL_TOP Selected is 9K
[2026-09-10 00:24:02,340] [SUBPROCESS]    2026-09-10 00:24:02 +0200: Memory Usage (674576K) : METAL_STACK Selected is 6LM
[2026-09-10 00:24:02,347] [SUBPROCESS]    2026-09-10 00:24:02 +0200: Memory Usage (674576K) : POLY_RES Selected is 1k
[2026-09-10 00:24:02,354] [SUBPROCESS]    2026-09-10 00:24:02 +0200: Memory Usage (674576K) : MIM Option selected: B
[2026-09-10 00:24:02,363] [SUBPROCESS]    2026-09-10 00:24:02 +0200: Memory Usage (674576K) : MIM CAP selected: 2
[2026-09-10 00:24:02,370] [SUBPROCESS]    2026-09-10 00:24:02 +0200: Memory Usage (674576K) : Netlist file: /foss/designs/DAC_CORE_5bit/output/DAC_CORE_5bit__DAC_CORE_5bit/DAC_CORE_5bit_dummy_schematic.spice
[2026-09-10 00:24:02,378] [SUBPROCESS]    2026-09-10 00:24:02 +0200: Memory Usage (674576K) : Read in polygons from layers.
[2026-09-10 00:24:02,385] [SUBPROCESS]    2026-09-10 00:24:02 +0200: Memory Usage (674576K) : comp has 649 polygons
[2026-09-10 00:24:02,395] [SUBPROCESS]    2026-09-10 00:24:02 +0200: Memory Usage (674576K) : dnwell has 0 polygons
[2026-09-10 00:24:02,404] [SUBPROCESS]    2026-09-10 00:24:02 +0200: Memory Usage (674576K) : nwell has 651 polygons
[2026-09-10 00:24:02,411] [SUBPROCESS]    2026-09-10 00:24:02 +0200: Memory Usage (674576K) : lvpwell has 0 polygons
[2026-09-10 00:24:02,418] [SUBPROCESS]    2026-09-10 00:24:02 +0200: Memory Usage (674576K) : dualgate has 0 polygons
[2026-09-10 00:24:02,427] [SUBPROCESS]    2026-09-10 00:24:02 +0200: Memory Usage (674576K) : poly2 has 231 polygons
[2026-09-10 00:24:02,434] [SUBPROCESS]    2026-09-10 00:24:02 +0200: Memory Usage (674576K) : nplus has 554 polygons
[2026-09-10 00:24:02,444] [SUBPROCESS]    2026-09-10 00:24:02 +0200: Memory Usage (674576K) : pplus has 95 polygons
[2026-09-10 00:24:02,451] [SUBPROCESS]    2026-09-10 00:24:02 +0200: Memory Usage (674576K) : sab has 0 polygons
[2026-09-10 00:24:02,459] [SUBPROCESS]    2026-09-10 00:24:02 +0200: Memory Usage (674576K) : esd has 0 polygons
[2026-09-10 00:24:02,467] [SUBPROCESS]    2026-09-10 00:24:02 +0200: Memory Usage (674576K) : resistor has 0 polygons
[2026-09-10 00:24:02,476] [SUBPROCESS]    2026-09-10 00:24:02 +0200: Memory Usage (674576K) : fhres has 0 polygons
[2026-09-10 00:24:02,484] [SUBPROCESS]    2026-09-10 00:24:02 +0200: Memory Usage (674576K) : fusetop has 0 polygons
[2026-09-10 00:24:02,492] [SUBPROCESS]    2026-09-10 00:24:02 +0200: Memory Usage (674576K) : fusewindow_d has 0 polygons
[2026-09-10 00:24:02,501] [SUBPROCESS]    2026-09-10 00:24:02 +0200: Memory Usage (674576K) : polyfuse has 0 polygons
[2026-09-10 00:24:02,510] [SUBPROCESS]    2026-09-10 00:24:02 +0200: Memory Usage (674576K) : mvsd has 0 polygons
[2026-09-10 00:24:02,517] [SUBPROCESS]    2026-09-10 00:24:02 +0200: Memory Usage (675092K) : mvpsd has 0 polygons
[2026-09-10 00:24:02,526] [SUBPROCESS]    2026-09-10 00:24:02 +0200: Memory Usage (675092K) : nat has 0 polygons
[2026-09-10 00:24:02,533] [SUBPROCESS]    2026-09-10 00:24:02 +0200: Memory Usage (675092K) : comp_dummy has 0 polygons
[2026-09-10 00:24:02,542] [SUBPROCESS]    2026-09-10 00:24:02 +0200: Memory Usage (675092K) : poly2_dummy has 0 polygons
[2026-09-10 00:24:02,549] [SUBPROCESS]    2026-09-10 00:24:02 +0200: Memory Usage (675092K) : schottky_diode has 0 polygons
[2026-09-10 00:24:02,559] [SUBPROCESS]    2026-09-10 00:24:02 +0200: Memory Usage (675092K) : zener has 0 polygons
[2026-09-10 00:24:02,567] [SUBPROCESS]    2026-09-10 00:24:02 +0200: Memory Usage (675092K) : res_mk has 0 polygons
[2026-09-10 00:24:02,576] [SUBPROCESS]    2026-09-10 00:24:02 +0200: Memory Usage (675092K) : opc_drc has 0 polygons
[2026-09-10 00:24:02,583] [SUBPROCESS]    2026-09-10 00:24:02 +0200: Memory Usage (675092K) : ndmy has 0 polygons
[2026-09-10 00:24:02,592] [SUBPROCESS]    2026-09-10 00:24:02 +0200: Memory Usage (675092K) : pmndmy has 0 polygons
[2026-09-10 00:24:02,601] [SUBPROCESS]    2026-09-10 00:24:02 +0200: Memory Usage (675500K) : v5_xtor has 0 polygons
[2026-09-10 00:24:02,609] [SUBPROCESS]    2026-09-10 00:24:02 +0200: Memory Usage (675500K) : cap_mk has 0 polygons
[2026-09-10 00:24:02,617] [SUBPROCESS]    2026-09-10 00:24:02 +0200: Memory Usage (675500K) : mos_cap_mk has 0 polygons
[2026-09-10 00:24:02,625] [SUBPROCESS]    2026-09-10 00:24:02 +0200: Memory Usage (675500K) : ind_mk has 0 polygons
[2026-09-10 00:24:02,633] [SUBPROCESS]    2026-09-10 00:24:02 +0200: Memory Usage (675500K) : diode_mk has 0 polygons
[2026-09-10 00:24:02,642] [SUBPROCESS]    2026-09-10 00:24:02 +0200: Memory Usage (675500K) : drc_bjt has 0 polygons
[2026-09-10 00:24:02,651] [SUBPROCESS]    2026-09-10 00:24:02 +0200: Memory Usage (675872K) : lvs_bjt has 0 polygons
[2026-09-10 00:24:02,660] [SUBPROCESS]    2026-09-10 00:24:02 +0200: Memory Usage (675872K) : mim_l_mk has 0 polygons
[2026-09-10 00:24:02,667] [SUBPROCESS]    2026-09-10 00:24:02 +0200: Memory Usage (675872K) : latchup_mk has 0 polygons
[2026-09-10 00:24:02,697] [SUBPROCESS]    2026-09-10 00:24:02 +0200: Memory Usage (675872K) : guard_ring_mk has 0 polygons
[2026-09-10 00:24:02,705] [SUBPROCESS]    2026-09-10 00:24:02 +0200: Memory Usage (675872K) : otp_mk has 0 polygons
[2026-09-10 00:24:02,713] [SUBPROCESS]    2026-09-10 00:24:02 +0200: Memory Usage (675872K) : mtpmark has 0 polygons
[2026-09-10 00:24:02,722] [SUBPROCESS]    2026-09-10 00:24:02 +0200: Memory Usage (675872K) : neo_ee_mk has 0 polygons
[2026-09-10 00:24:02,729] [SUBPROCESS]    2026-09-10 00:24:02 +0200: Memory Usage (675872K) : sramcore has 0 polygons
[2026-09-10 00:24:02,737] [SUBPROCESS]    2026-09-10 00:24:02 +0200: Memory Usage (675872K) : lvs_rf has 0 polygons
[2026-09-10 00:24:02,745] [SUBPROCESS]    2026-09-10 00:24:02 +0200: Memory Usage (675872K) : lvs_drain has 0 polygons
[2026-09-10 00:24:02,752] [SUBPROCESS]    2026-09-10 00:24:02 +0200: Memory Usage (675872K) : ind_mk has 0 polygons
[2026-09-10 00:24:02,761] [SUBPROCESS]    2026-09-10 00:24:02 +0200: Memory Usage (675872K) : hvpolyrs has 0 polygons
[2026-09-10 00:24:02,768] [SUBPROCESS]    2026-09-10 00:24:02 +0200: Memory Usage (675872K) : lvs_io has 0 polygons
[2026-09-10 00:24:02,777] [SUBPROCESS]    2026-09-10 00:24:02 +0200: Memory Usage (675872K) : probe_mk has 0 polygons
[2026-09-10 00:24:02,784] [SUBPROCESS]    2026-09-10 00:24:02 +0200: Memory Usage (675872K) : esd_mk has 0 polygons
[2026-09-10 00:24:02,791] [SUBPROCESS]    2026-09-10 00:24:02 +0200: Memory Usage (675872K) : lvs_source has 0 polygons
[2026-09-10 00:24:02,800] [SUBPROCESS]    2026-09-10 00:24:02 +0200: Memory Usage (675872K) : well_diode_mk has 0 polygons
[2026-09-10 00:24:02,808] [SUBPROCESS]    2026-09-10 00:24:02 +0200: Memory Usage (675872K) : ldmos_xtor has 0 polygons
[2026-09-10 00:24:02,815] [SUBPROCESS]    2026-09-10 00:24:02 +0200: Memory Usage (675872K) : plfuse has 0 polygons
[2026-09-10 00:24:02,823] [SUBPROCESS]    2026-09-10 00:24:02 +0200: Memory Usage (675872K) : efuse_mk has 0 polygons
[2026-09-10 00:24:02,831] [SUBPROCESS]    2026-09-10 00:24:02 +0200: Memory Usage (675872K) : mcell_feol_mk has 0 polygons
[2026-09-10 00:24:02,839] [SUBPROCESS]    2026-09-10 00:24:02 +0200: Memory Usage (675872K) : ymtp_mk has 0 polygons
[2026-09-10 00:24:02,847] [SUBPROCESS]    2026-09-10 00:24:02 +0200: Memory Usage (675872K) : dev_wf_mk has 0 polygons
[2026-09-10 00:24:02,855] [SUBPROCESS]    2026-09-10 00:24:02 +0200: Memory Usage (675872K) : comp_label has 0 polygons
[2026-09-10 00:24:02,862] [SUBPROCESS]    2026-09-10 00:24:02 +0200: Memory Usage (675872K) : poly2_label has 0 polygons
[2026-09-10 00:24:02,870] [SUBPROCESS]    2026-09-10 00:24:02 +0200: Memory Usage (675872K) : mdiode has 0 polygons
[2026-09-10 00:24:02,879] [SUBPROCESS]    2026-09-10 00:24:02 +0200: Memory Usage (675872K) : contact has 1034 polygons
[2026-09-10 00:24:02,888] [SUBPROCESS]    2026-09-10 00:24:02 +0200: Memory Usage (675872K) : metal1_drawn has 1056 polygons
[2026-09-10 00:24:02,896] [SUBPROCESS]    2026-09-10 00:24:02 +0200: Memory Usage (675872K) : metal1_dummy has 0 polygons
[2026-09-10 00:24:02,903] [SUBPROCESS]    2026-09-10 00:24:02 +0200: Memory Usage (675872K) : metal1_label has 1 polygons
[2026-09-10 00:24:02,911] [SUBPROCESS]    2026-09-10 00:24:02 +0200: Memory Usage (675872K) : metal1_slot has 0 polygons
[2026-09-10 00:24:02,921] [SUBPROCESS]    2026-09-10 00:24:02 +0200: Memory Usage (675872K) : metal1_blk has 0 polygons
[2026-09-10 00:24:02,928] [SUBPROCESS]    2026-09-10 00:24:02 +0200: Memory Usage (675872K) : metal1_res has 0 polygons
[2026-09-10 00:24:02,937] [SUBPROCESS]    2026-09-10 00:24:02 +0200: Memory Usage (675872K) : via1 has 106 polygons
[2026-09-10 00:24:02,944] [SUBPROCESS]    2026-09-10 00:24:02 +0200: Memory Usage (675872K) : metal2_drawn has 149 polygons
[2026-09-10 00:24:02,954] [SUBPROCESS]    2026-09-10 00:24:02 +0200: Memory Usage (675872K) : metal2_dummy has 0 polygons
[2026-09-10 00:24:02,962] [SUBPROCESS]    2026-09-10 00:24:02 +0200: Memory Usage (675872K) : metal2_label has 7 polygons
[2026-09-10 00:24:02,971] [SUBPROCESS]    2026-09-10 00:24:02 +0200: Memory Usage (675872K) : metal2_slot has 0 polygons
[2026-09-10 00:24:02,978] [SUBPROCESS]    2026-09-10 00:24:02 +0200: Memory Usage (675872K) : metal2_blk has 0 polygons
[2026-09-10 00:24:02,986] [SUBPROCESS]    2026-09-10 00:24:02 +0200: Memory Usage (675872K) : metal2_res has 0 polygons
[2026-09-10 00:24:02,994] [SUBPROCESS]    2026-09-10 00:24:02 +0200: Memory Usage (675872K) : via2 has 0 polygons
[2026-09-10 00:24:03,004] [SUBPROCESS]    2026-09-10 00:24:02 +0200: Memory Usage (675872K) : metal3_drawn has 0 polygons
[2026-09-10 00:24:03,012] [SUBPROCESS]    2026-09-10 00:24:03 +0200: Memory Usage (675872K) : metal3_dummy has 0 polygons
[2026-09-10 00:24:03,020] [SUBPROCESS]    2026-09-10 00:24:03 +0200: Memory Usage (675872K) : metal3_label has 0 polygons
[2026-09-10 00:24:03,028] [SUBPROCESS]    2026-09-10 00:24:03 +0200: Memory Usage (675872K) : metal3_slot has 0 polygons
[2026-09-10 00:24:03,035] [SUBPROCESS]    2026-09-10 00:24:03 +0200: Memory Usage (675872K) : metal3_blk has 0 polygons
[2026-09-10 00:24:03,044] [SUBPROCESS]    2026-09-10 00:24:03 +0200: Memory Usage (675872K) : metal3_res has 0 polygons
[2026-09-10 00:24:03,051] [SUBPROCESS]    2026-09-10 00:24:03 +0200: Memory Usage (675872K) : via3 has 0 polygons
[2026-09-10 00:24:03,059] [SUBPROCESS]    2026-09-10 00:24:03 +0200: Memory Usage (675872K) : metal4_drawn has 0 polygons
[2026-09-10 00:24:03,069] [SUBPROCESS]    2026-09-10 00:24:03 +0200: Memory Usage (675872K) : metal4_dummy has 0 polygons
[2026-09-10 00:24:03,078] [SUBPROCESS]    2026-09-10 00:24:03 +0200: Memory Usage (676292K) : metal4_label has 0 polygons
[2026-09-10 00:24:03,088] [SUBPROCESS]    2026-09-10 00:24:03 +0200: Memory Usage (676292K) : metal4_slot has 0 polygons
[2026-09-10 00:24:03,095] [SUBPROCESS]    2026-09-10 00:24:03 +0200: Memory Usage (676292K) : metal4_blk has 0 polygons
[2026-09-10 00:24:03,102] [SUBPROCESS]    2026-09-10 00:24:03 +0200: Memory Usage (676292K) : metal4_res has 0 polygons
[2026-09-10 00:24:03,111] [SUBPROCESS]    2026-09-10 00:24:03 +0200: Memory Usage (676292K) : via4 has 0 polygons
[2026-09-10 00:24:03,118] [SUBPROCESS]    2026-09-10 00:24:03 +0200: Memory Usage (676292K) : metal5_drawn has 0 polygons
[2026-09-10 00:24:03,128] [SUBPROCESS]    2026-09-10 00:24:03 +0200: Memory Usage (676708K) : metal5_dummy has 0 polygons
[2026-09-10 00:24:03,136] [SUBPROCESS]    2026-09-10 00:24:03 +0200: Memory Usage (676708K) : metal5_label has 0 polygons
[2026-09-10 00:24:03,144] [SUBPROCESS]    2026-09-10 00:24:03 +0200: Memory Usage (676708K) : metal5_slot has 0 polygons
[2026-09-10 00:24:03,151] [SUBPROCESS]    2026-09-10 00:24:03 +0200: Memory Usage (676708K) : metal5_blk has 0 polygons
[2026-09-10 00:24:03,160] [SUBPROCESS]    2026-09-10 00:24:03 +0200: Memory Usage (676708K) : metal5_res has 0 polygons
[2026-09-10 00:24:03,169] [SUBPROCESS]    2026-09-10 00:24:03 +0200: Memory Usage (676708K) : via5 has 0 polygons
[2026-09-10 00:24:03,176] [SUBPROCESS]    2026-09-10 00:24:03 +0200: Memory Usage (677116K) : metaltop_drawn has 0 polygons
[2026-09-10 00:24:03,185] [SUBPROCESS]    2026-09-10 00:24:03 +0200: Memory Usage (677116K) : metaltop_dummy has 0 polygons
[2026-09-10 00:24:03,192] [SUBPROCESS]    2026-09-10 00:24:03 +0200: Memory Usage (677116K) : metaltop_label has 0 polygons
[2026-09-10 00:24:03,218] [SUBPROCESS]    2026-09-10 00:24:03 +0200: Memory Usage (677116K) : metaltop_slot has 0 polygons
[2026-09-10 00:24:03,225] [SUBPROCESS]    2026-09-10 00:24:03 +0200: Memory Usage (677116K) : metaltop_blk has 0 polygons
[2026-09-10 00:24:03,232] [SUBPROCESS]    2026-09-10 00:24:03 +0200: Memory Usage (677116K) : metal6_res has 0 polygons
[2026-09-10 00:24:03,240] [SUBPROCESS]    2026-09-10 00:24:03 +0200: Memory Usage (677116K) : pad has 0 polygons
[2026-09-10 00:24:03,248] [SUBPROCESS]    2026-09-10 00:24:03 +0200: Memory Usage (677116K) : ubmpperi has 0 polygons
[2026-09-10 00:24:03,256] [SUBPROCESS]    2026-09-10 00:24:03 +0200: Memory Usage (677116K) : ubmparray has 0 polygons
[2026-09-10 00:24:03,263] [SUBPROCESS]    2026-09-10 00:24:03 +0200: Memory Usage (677116K) : ubmeplate has 0 polygons
[2026-09-10 00:24:03,271] [SUBPROCESS]    2026-09-10 00:24:03 +0200: Memory Usage (677116K) : pr_bndry has 0 polygons
[2026-09-10 00:24:03,278] [SUBPROCESS]    2026-09-10 00:24:03 +0200: Memory Usage (677116K) : border has 0 polygons
[2026-09-10 00:24:03,284] [SUBPROCESS]    2026-09-10 00:24:03 +0200: Memory Usage (677116K) : Total no. of polygons in the design is 4533
[2026-09-10 00:24:03,291] [SUBPROCESS]    2026-09-10 00:24:03 +0200: Memory Usage (677116K) : Starting deriving base layers.
[2026-09-10 00:24:03,298] [SUBPROCESS]    2026-09-10 00:24:03 +0200: Memory Usage (677116K) : Starting GF180MCU LVS runset
[2026-09-10 00:24:03,404] [SUBPROCESS]    2026-09-10 00:24:03 +0200: Memory Usage (677116K) : Starting base layers derivations
[2026-09-10 00:24:03,421] [SUBPROCESS]    2026-09-10 00:24:03 +0200: Memory Usage (825380K) : Starting MOSFET DERIVATIONS
[2026-09-10 00:24:03,458] [SUBPROCESS]    2026-09-10 00:24:03 +0200: Memory Usage (826136K) : Starting PMOS layers DERIVATIONS
[2026-09-10 00:24:03,501] [SUBPROCESS]    2026-09-10 00:24:03 +0200: Memory Usage (828024K) : Starting NMOS layers DERIVATIONS
[2026-09-10 00:24:03,508] [SUBPROCESS]    2026-09-10 00:24:03 +0200: Memory Usage (830312K) : Starting BJT DERIVATIONS
[2026-09-10 00:24:03,595] [SUBPROCESS]    2026-09-10 00:24:03 +0200: Memory Usage (830312K) : Starting vnpn layers DERIVATIONS
[2026-09-10 00:24:03,656] [SUBPROCESS]    2026-09-10 00:24:03 +0200: Memory Usage (835608K) : Starting vpnp layers DERIVATIONS
[2026-09-10 00:24:03,786] [SUBPROCESS]    2026-09-10 00:24:03 +0200: Memory Usage (837876K) : Starting DIODE DERIVATIONS
[2026-09-10 00:24:03,957] [SUBPROCESS]    2026-09-10 00:24:03 +0200: Memory Usage (838668K) : Starting RESISTOR DERIVATIONS
[2026-09-10 00:24:03,973] [SUBPROCESS]    2026-09-10 00:24:03 +0200: Memory Usage (838668K) : Starting MIMCAP DERIVATIONS
[2026-09-10 00:24:04,012] [SUBPROCESS]    2026-09-10 00:24:03 +0200: Memory Usage (838668K) : Starting MOSCAP DERIVATIONS
[2026-09-10 00:24:04,028] [SUBPROCESS]    2026-09-10 00:24:04 +0200: Memory Usage (838668K) : Starting MOS SAB DERIVATIONS
[2026-09-10 00:24:04,053] [SUBPROCESS]    2026-09-10 00:24:04 +0200: Memory Usage (838668K) : Starting PMOS SAB DERIVATIONS
[2026-09-10 00:24:04,079] [SUBPROCESS]    2026-09-10 00:24:04 +0200: Memory Usage (838668K) : Starting NMOS SAB DERIVATIONS
[2026-09-10 00:24:04,094] [SUBPROCESS]    2026-09-10 00:24:04 +0200: Memory Usage (839072K) : Starting NMOS EFUSE DERIVATIONS
[2026-09-10 00:24:04,101] [SUBPROCESS]    2026-09-10 00:24:04 +0200: Memory Usage (839452K) : Starting GF180 LVS connectivity setup
[2026-09-10 00:24:04,107] [SUBPROCESS]    2026-09-10 00:24:04 +0200: Memory Usage (839452K) : Starting GF180 LVS connectivity setup (Inter-layer)
[2026-09-10 00:24:04,113] [SUBPROCESS]    2026-09-10 00:24:04 +0200: Memory Usage (839452K) : Starting GF180 LVS connectivity setup (Global)
[2026-09-10 00:24:04,120] [SUBPROCESS]    2026-09-10 00:24:04 +0200: Memory Usage (839452K) : Starting GF180 LVS connectivity setup (Multifinger Devices)
[2026-09-10 00:24:04,127] [SUBPROCESS]    2026-09-10 00:24:04 +0200: Memory Usage (839452K) : Starting LVS MOSFET CONNECTIONS
[2026-09-10 00:24:04,134] [SUBPROCESS]    2026-09-10 00:24:04 +0200: Memory Usage (839452K) : Starting LVS BJT CONNECTIONS
[2026-09-10 00:24:04,140] [SUBPROCESS]    2026-09-10 00:24:04 +0200: Memory Usage (839452K) : Starting LVS DIODE CONNECTIONS
[2026-09-10 00:24:04,149] [SUBPROCESS]    2026-09-10 00:24:04 +0200: Memory Usage (839452K) : Starting LVS MIMCAP CONNECTIONS
[2026-09-10 00:24:04,155] [SUBPROCESS]    2026-09-10 00:24:04 +0200: Memory Usage (839452K) : Starting LVS RESISTOR CONNECTIONS
[2026-09-10 00:24:04,161] [SUBPROCESS]    2026-09-10 00:24:04 +0200: Memory Usage (839516K) : Starting LVS EFUSE CONNECTIONS
[2026-09-10 00:24:04,168] [SUBPROCESS]    2026-09-10 00:24:04 +0200: Memory Usage (839516K) : Starting GF180 LVS DEVICES EXTRACTION
[2026-09-10 00:24:04,173] [SUBPROCESS]    2026-09-10 00:24:04 +0200: Memory Usage (839516K) : Starting MOSFET EXTRACTION
[2026-09-10 00:24:04,180] [SUBPROCESS]    2026-09-10 00:24:04 +0200: Memory Usage (839516K) : Starting PMOS EXTRACTION
[2026-09-10 00:24:04,191] [SUBPROCESS]    2026-09-10 00:24:04 +0200: Memory Usage (839516K) : Extracting 3.3V PMOS transistor outside DNWEL
[2026-09-10 00:24:04,201] [SUBPROCESS]    2026-09-10 00:24:04 +0200: Memory Usage (839516K) : Extracting 5V PMOS transistor outside DNWELL
[2026-09-10 00:24:04,208] [SUBPROCESS]    2026-09-10 00:24:04 +0200: Memory Usage (839516K) : Extracting 6V PMOS transistor outside DNWELL
[2026-09-10 00:24:04,217] [SUBPROCESS]    2026-09-10 00:24:04 +0200: Memory Usage (839516K) : Extracting 3.3V PMOS transistor inside DNWELL
[2026-09-10 00:24:04,226] [SUBPROCESS]    2026-09-10 00:24:04 +0200: Memory Usage (839516K) : Extracting 5V PMOS transistor inside DNWELL
[2026-09-10 00:24:04,235] [SUBPROCESS]    2026-09-10 00:24:04 +0200: Memory Usage (839516K) : Extracting 6V PMOS transistor inside DNWELL
[2026-09-10 00:24:04,262] [SUBPROCESS]    2026-09-10 00:24:04 +0200: Memory Usage (839892K) : Extracting LDPMOS transistor
[2026-09-10 00:24:04,269] [SUBPROCESS]    2026-09-10 00:24:04 +0200: Memory Usage (839892K) : Starting NMOS EXTRACTION
[2026-09-10 00:24:04,276] [SUBPROCESS]    2026-09-10 00:24:04 +0200: Memory Usage (839892K) : 3.3V NMOS transistor outside DNWELL
[2026-09-10 00:24:04,285] [SUBPROCESS]    2026-09-10 00:24:04 +0200: Memory Usage (839892K) : 5V NMOS transistor outside DNWELL
[2026-09-10 00:24:04,293] [SUBPROCESS]    2026-09-10 00:24:04 +0200: Memory Usage (839892K) : 6V NMOS transistor outside DNWELL
[2026-09-10 00:24:04,301] [SUBPROCESS]    2026-09-10 00:24:04 +0200: Memory Usage (839892K) : 3.3V NMOS transistor inside DNWELL
[2026-09-10 00:24:04,311] [SUBPROCESS]    2026-09-10 00:24:04 +0200: Memory Usage (839892K) : 5V NMOS transistor inside DNWELL
[2026-09-10 00:24:04,320] [SUBPROCESS]    2026-09-10 00:24:04 +0200: Memory Usage (839892K) : 6V NMOS transistor inside DNWELL
[2026-09-10 00:24:04,328] [SUBPROCESS]    2026-09-10 00:24:04 +0200: Memory Usage (839892K) : Native Vt NMOS transistor
[2026-09-10 00:24:04,336] [SUBPROCESS]    2026-09-10 00:24:04 +0200: Memory Usage (839892K) : Extracting LDNMOS transistor
[2026-09-10 00:24:04,341] [SUBPROCESS]    2026-09-10 00:24:04 +0200: Memory Usage (839892K) : Starting BJT EXTRACTION
[2026-09-10 00:24:04,350] [SUBPROCESS]    2026-09-10 00:24:04 +0200: Memory Usage (839892K) : Starting vnpn BJT EXTRACTION
[2026-09-10 00:24:04,362] [SUBPROCESS]    2026-09-10 00:24:04 +0200: Memory Usage (839892K) : Extracting npn_10p00x10p00 BJT
[2026-09-10 00:24:04,372] [SUBPROCESS]    2026-09-10 00:24:04 +0200: Memory Usage (839892K) : Extracting npn_05p00x05p00 BJT
[2026-09-10 00:24:04,381] [SUBPROCESS]    2026-09-10 00:24:04 +0200: Memory Usage (839892K) : Extracting npn_00p54x16p00 BJT
[2026-09-10 00:24:04,395] [SUBPROCESS]    2026-09-10 00:24:04 +0200: Memory Usage (839892K) : Extracting npn_00p54x08p00 BJT
[2026-09-10 00:24:04,405] [SUBPROCESS]    2026-09-10 00:24:04 +0200: Memory Usage (839892K) : Extracting npn_00p54x04p00 BJT
[2026-09-10 00:24:04,416] [SUBPROCESS]    2026-09-10 00:24:04 +0200: Memory Usage (839892K) : Extracting npn_00p54x02p00 BJT
[2026-09-10 00:24:04,423] [SUBPROCESS]    2026-09-10 00:24:04 +0200: Memory Usage (839892K) : Starting vpnp BJT EXTRACTION
[2026-09-10 00:24:04,436] [SUBPROCESS]    2026-09-10 00:24:04 +0200: Memory Usage (839892K) : Extracting pnp_10p00x10p00 BJT
[2026-09-10 00:24:04,446] [SUBPROCESS]    2026-09-10 00:24:04 +0200: Memory Usage (839892K) : Extracting pnp_05p00x05p00 BJT
[2026-09-10 00:24:04,455] [SUBPROCESS]    2026-09-10 00:24:04 +0200: Memory Usage (839892K) : Extracting pnp_10p00x00p42 BJT
[2026-09-10 00:24:04,464] [SUBPROCESS]    2026-09-10 00:24:04 +0200: Memory Usage (839892K) : Extracting pnp_05p00x00p42 BJT
[2026-09-10 00:24:04,472] [SUBPROCESS]    2026-09-10 00:24:04 +0200: Memory Usage (839892K) : Starting DIODE EXTRACTION
[2026-09-10 00:24:04,480] [SUBPROCESS]    2026-09-10 00:24:04 +0200: Memory Usage (839892K) : Extracting diode_nd2ps_03v3 diode
[2026-09-10 00:24:04,488] [SUBPROCESS]    2026-09-10 00:24:04 +0200: Memory Usage (839892K) : Extracting diode_nd2ps_03v3_dn diode
[2026-09-10 00:24:04,496] [SUBPROCESS]    2026-09-10 00:24:04 +0200: Memory Usage (839892K) : Extracting diode_nd2ps_06v0 diode
[2026-09-10 00:24:04,504] [SUBPROCESS]    2026-09-10 00:24:04 +0200: Memory Usage (839892K) : Extracting diode_nd2ps_06v0_dn diode
[2026-09-10 00:24:04,513] [SUBPROCESS]    2026-09-10 00:24:04 +0200: Memory Usage (839892K) : Extracting diode_pd2nw_03v3 diode
[2026-09-10 00:24:04,522] [SUBPROCESS]    2026-09-10 00:24:04 +0200: Memory Usage (839892K) : Extractingdiode_pd2nw_03v3_dn diode
[2026-09-10 00:24:04,530] [SUBPROCESS]    2026-09-10 00:24:04 +0200: Memory Usage (839892K) : Extracting diode_pd2nw_06v0 diode
[2026-09-10 00:24:04,539] [SUBPROCESS]    2026-09-10 00:24:04 +0200: Memory Usage (839892K) : Extracting diode_pd2nw_06v0_dn diode
[2026-09-10 00:24:04,548] [SUBPROCESS]    2026-09-10 00:24:04 +0200: Memory Usage (839892K) : Extracting diode_nw2ps_03v3 diode
[2026-09-10 00:24:04,556] [SUBPROCESS]    2026-09-10 00:24:04 +0200: Memory Usage (839892K) : Extracting diode_nw2ps_06v0 diode
[2026-09-10 00:24:04,564] [SUBPROCESS]    2026-09-10 00:24:04 +0200: Memory Usage (839892K) : Extracting diode_pw2dw_03v3 diode
[2026-09-10 00:24:04,573] [SUBPROCESS]    2026-09-10 00:24:04 +0200: Memory Usage (839892K) : Extracting diode_pw2dw_06v0 diode
[2026-09-10 00:24:04,581] [SUBPROCESS]    2026-09-10 00:24:04 +0200: Memory Usage (839892K) : Extracting diode_dw2ps_03v3 diode
[2026-09-10 00:24:04,591] [SUBPROCESS]    2026-09-10 00:24:04 +0200: Memory Usage (839892K) : Extracting diode_dw2ps_06v0 diode
[2026-09-10 00:24:04,599] [SUBPROCESS]    2026-09-10 00:24:04 +0200: Memory Usage (839892K) : Extracting sc_diode diode
[2026-09-10 00:24:04,606] [SUBPROCESS]    2026-09-10 00:24:04 +0200: Memory Usage (839892K) : Starting RESISTOR EXTRACTION
[2026-09-10 00:24:04,613] [SUBPROCESS]    2026-09-10 00:24:04 +0200: Memory Usage (839892K) : Extracting NPLUS_U device
[2026-09-10 00:24:04,623] [SUBPROCESS]    2026-09-10 00:24:04 +0200: Memory Usage (839892K) : Extracting NPLUS_U_DW device
[2026-09-10 00:24:04,630] [SUBPROCESS]    2026-09-10 00:24:04 +0200: Memory Usage (839892K) : Extracting PPLUS_U device
[2026-09-10 00:24:04,639] [SUBPROCESS]    2026-09-10 00:24:04 +0200: Memory Usage (839892K) : Extracting PPLUS_U_DW device
[2026-09-10 00:24:04,646] [SUBPROCESS]    2026-09-10 00:24:04 +0200: Memory Usage (839892K) : Extracting NPLUS_S device
[2026-09-10 00:24:04,654] [SUBPROCESS]    2026-09-10 00:24:04 +0200: Memory Usage (839892K) : Extracting NPLUS_S_DW device
[2026-09-10 00:24:04,662] [SUBPROCESS]    2026-09-10 00:24:04 +0200: Memory Usage (839892K) : Extracting PPLUS_S device
[2026-09-10 00:24:04,670] [SUBPROCESS]    2026-09-10 00:24:04 +0200: Memory Usage (839892K) : Extracting PPLUS_S_DW device
[2026-09-10 00:24:04,679] [SUBPROCESS]    2026-09-10 00:24:04 +0200: Memory Usage (839892K) : Extracting NWELL device
[2026-09-10 00:24:04,687] [SUBPROCESS]    2026-09-10 00:24:04 +0200: Memory Usage (839892K) : Extracting PWELL device
[2026-09-10 00:24:04,695] [SUBPROCESS]    2026-09-10 00:24:04 +0200: Memory Usage (839892K) : Extracting NPOLYF_U device
[2026-09-10 00:24:04,703] [SUBPROCESS]    2026-09-10 00:24:04 +0200: Memory Usage (839892K) : Extracting NPOLYF_U_DW device
[2026-09-10 00:24:04,712] [SUBPROCESS]    2026-09-10 00:24:04 +0200: Memory Usage (839892K) : Extracting PPOLYF_U device
[2026-09-10 00:24:04,720] [SUBPROCESS]    2026-09-10 00:24:04 +0200: Memory Usage (839892K) : Extracting PPOLYF_U_DW device
[2026-09-10 00:24:04,728] [SUBPROCESS]    2026-09-10 00:24:04 +0200: Memory Usage (839892K) : Extracting NPOLYF_S device
[2026-09-10 00:24:04,735] [SUBPROCESS]    2026-09-10 00:24:04 +0200: Memory Usage (839892K) : Extracting NPOLYF_S_DW device
[2026-09-10 00:24:04,744] [SUBPROCESS]    2026-09-10 00:24:04 +0200: Memory Usage (839892K) : Extracting PPOLYF_S device
[2026-09-10 00:24:04,753] [SUBPROCESS]    2026-09-10 00:24:04 +0200: Memory Usage (839892K) : Extracting PPOLYF_S_DW device
[2026-09-10 00:24:04,761] [SUBPROCESS]    2026-09-10 00:24:04 +0200: Memory Usage (839892K) : Extracting PPOLYF_U_1K device
[2026-09-10 00:24:04,785] [SUBPROCESS]    2026-09-10 00:24:04 +0200: Memory Usage (839892K) : Extracting PPOLYF_U_DW_1 device
[2026-09-10 00:24:04,797] [SUBPROCESS]    2026-09-10 00:24:04 +0200: Memory Usage (839892K) : Extracting PPOLYF_U_1K_6p0 device
[2026-09-10 00:24:04,807] [SUBPROCESS]    2026-09-10 00:24:04 +0200: Memory Usage (839892K) : Extracting PPOLYF_U_DW_1K_6p0 device
[2026-09-10 00:24:04,818] [SUBPROCESS]    2026-09-10 00:24:04 +0200: Memory Usage (839892K) : Extracting RM1 device
[2026-09-10 00:24:04,832] [SUBPROCESS]    2026-09-10 00:24:04 +0200: Memory Usage (839892K) : Extracting RM2 device
[2026-09-10 00:24:04,840] [SUBPROCESS]    2026-09-10 00:24:04 +0200: Memory Usage (839892K) : Extracting RM3 device
[2026-09-10 00:24:04,847] [SUBPROCESS]    2026-09-10 00:24:04 +0200: Memory Usage (839892K) : Extracting TM9K device
[2026-09-10 00:24:04,854] [SUBPROCESS]    2026-09-10 00:24:04 +0200: Memory Usage (839892K) : Starting MIMCAP EXTRACTION
[2026-09-10 00:24:04,862] [SUBPROCESS]    2026-09-10 00:24:04 +0200: Memory Usage (839892K) : Extracting cap_mim2f0 device
[2026-09-10 00:24:04,869] [SUBPROCESS]    2026-09-10 00:24:04 +0200: Memory Usage (839892K) : Starting MOSCAP EXTRACTION
[2026-09-10 00:24:04,878] [SUBPROCESS]    2026-09-10 00:24:04 +0200: Memory Usage (839892K) : Extracting cap_nmos_03v3 device
[2026-09-10 00:24:04,885] [SUBPROCESS]    2026-09-10 00:24:04 +0200: Memory Usage (839892K) : Extracting cap_nmos_03v3_dn device
[2026-09-10 00:24:04,899] [SUBPROCESS]    2026-09-10 00:24:04 +0200: Memory Usage (839892K) : Extracting cap_pmos_03v3 device
[2026-09-10 00:24:04,909] [SUBPROCESS]    2026-09-10 00:24:04 +0200: Memory Usage (839892K) : Extracting cap_pmos_03v3_dn device
[2026-09-10 00:24:04,917] [SUBPROCESS]    2026-09-10 00:24:04 +0200: Memory Usage (839892K) : Extracting cap_nmos_06v0 device
[2026-09-10 00:24:04,925] [SUBPROCESS]    2026-09-10 00:24:04 +0200: Memory Usage (839892K) : Extracting cap_nmos_06v0_dn device
[2026-09-10 00:24:04,939] [SUBPROCESS]    2026-09-10 00:24:04 +0200: Memory Usage (839892K) : Extracting cap_pmos_06v0 device
[2026-09-10 00:24:04,954] [SUBPROCESS]    2026-09-10 00:24:04 +0200: Memory Usage (839892K) : Extracting cap_pmos_06v0 device
[2026-09-10 00:24:04,962] [SUBPROCESS]    2026-09-10 00:24:04 +0200: Memory Usage (839892K) : Extracting cap_pmos_03v3_b device
[2026-09-10 00:24:04,976] [SUBPROCESS]    2026-09-10 00:24:04 +0200: Memory Usage (839892K) : Extracting cap_nmos_06v0_b device
[2026-09-10 00:24:04,985] [SUBPROCESS]    2026-09-10 00:24:04 +0200: Memory Usage (839892K) : Extracting cap_pmos_06v0_b device
[2026-09-10 00:24:04,992] [SUBPROCESS]    2026-09-10 00:24:04 +0200: Memory Usage (839892K) : Starting MOS SAB EXTRACTION
[2026-09-10 00:24:04,997] [SUBPROCESS]    2026-09-10 00:24:04 +0200: Memory Usage (839892K) : Starting PMOS SAB EXTRACTION
[2026-09-10 00:24:05,005] [SUBPROCESS]    2026-09-10 00:24:04 +0200: Memory Usage (839892K) : Extracting 3.3V ESD PMOS transistor outside DNWELL device
[2026-09-10 00:24:05,013] [SUBPROCESS]    2026-09-10 00:24:05 +0200: Memory Usage (839892K) : Extracting 5V ESD PMOS transistor outside DNWELL device
[2026-09-10 00:24:05,021] [SUBPROCESS]    2026-09-10 00:24:05 +0200: Memory Usage (839892K) : Extracting 6V ESD PMOS transistor outside DNWELL device
[2026-09-10 00:24:05,030] [SUBPROCESS]    2026-09-10 00:24:05 +0200: Memory Usage (839892K) : Extracting 3.3V ESD PMOS transistor inside DNWELL device
[2026-09-10 00:24:05,037] [SUBPROCESS]    2026-09-10 00:24:05 +0200: Memory Usage (839892K) : Extracting 5V ESD PMOS transistor inside DNWELL device
[2026-09-10 00:24:05,045] [SUBPROCESS]    2026-09-10 00:24:05 +0200: Memory Usage (839892K) : Extracting 6V ESD PMOS transistor inside DNWELL device
[2026-09-10 00:24:05,052] [SUBPROCESS]    2026-09-10 00:24:05 +0200: Memory Usage (839892K) : Starting NMOS SAB EXTRACTION
[2026-09-10 00:24:05,059] [SUBPROCESS]    2026-09-10 00:24:05 +0200: Memory Usage (839892K) : Extracting 3.3V ESD NMOS transistor outside DNWELL device
[2026-09-10 00:24:05,069] [SUBPROCESS]    2026-09-10 00:24:05 +0200: Memory Usage (839892K) : Extracting 5V ESD NMOS transistor outside DNWELL device
[2026-09-10 00:24:05,077] [SUBPROCESS]    2026-09-10 00:24:05 +0200: Memory Usage (839892K) : Extracting 6V ESD NMOS transistor outside DNWELL device
[2026-09-10 00:24:05,085] [SUBPROCESS]    2026-09-10 00:24:05 +0200: Memory Usage (839892K) : Extracting 3.3V ESD NMOS transistor inside DNWELL device
[2026-09-10 00:24:05,093] [SUBPROCESS]    2026-09-10 00:24:05 +0200: Memory Usage (839892K) : Extracting 5V ESD NMOS transistor inside DNWELL device
[2026-09-10 00:24:05,100] [SUBPROCESS]    2026-09-10 00:24:05 +0200: Memory Usage (839892K) : Extracting 6V ESD NMOS transistor inside DNWELL device
[2026-09-10 00:24:05,110] [SUBPROCESS]    2026-09-10 00:24:05 +0200: Memory Usage (839892K) : Starting EFUSE EXTRACTION
[2026-09-10 00:24:05,144] [SUBPROCESS]    2026-09-10 00:24:05 +0200: Memory Usage (839892K) : Starting GF180 LVS comparison section
[2026-09-10 00:24:05,154] [SUBPROCESS]    2026-09-10 00:24:05 +0200: Memory Usage (839892K) : LVS Total Run time 2.951475 seconds
[2026-09-10 00:24:05,160] [SUBPROCESS]    2026-09-10 00:24:05 +0200: Memory Usage (839892K) : xxxxxxxxxxxxxxxxxxxxxxxxxxxxxxxxxxxxxxxxxx
[2026-09-10 00:24:05,165] [SUBPROCESS]    2026-09-10 00:24:05 +0200: Memory Usage (839892K) : ERROR : Netlists don't match
[2026-09-10 00:24:05,291] [SUBPROCESS]    2026-09-10 00:24:05 +0200: Memory Usage (839892K) : xxxxxxxxxxxxxxxxxxxxxxxxxxxxxxxxxxxxxxxxxx
[2026-09-10 00:24:05,422] [INFO]    klayout LVS succeeded after 5.382s
[2026-09-10 00:24:05,439] [WARNING]    Unable to find info about extracted LVS layer 'comp'
[2026-09-10 00:24:05,440] [WARNING]    Unable to find info about extracted LVS layer 'nwell'
[2026-09-10 00:24:05,441] [WARNING]    Unable to find info about extracted LVS layer 'contact'
[2026-09-10 00:24:05,443] [WARNING]    Unable to find info about extracted LVS layer 'via1'
[2026-09-10 00:24:05,445] [INFO]    (31, 20) -> (psd)
[2026-09-10 00:24:05,446] [INFO]    (34, 0) -> (metal1_con)
[2026-09-10 00:24:05,447] [INFO]    (36, 0) -> (metal2_con)
[2026-09-10 00:24:05,471] [WARNING]    Can't find GDS pair for layer M1-Poly
[2026-09-10 00:24:05,472] [WARNING]    Can't find GDS pair for layer Via1_con
[2026-09-10 00:24:05,474] [WARNING]    Can't find GDS pair for layer Via2_con
[2026-09-10 00:24:05,476] [WARNING]    Can't find GDS pair for layer Via3_con
[2026-09-10 00:24:05,477] [WARNING]    Can't find GDS pair for layer Via4_ncap
[2026-09-10 00:24:08,981] [INFO]    LVSDB: found 7pins
[2026-09-10 00:24:08,984] [WARNING]    Could not find a layer for device $1, class pfet_03v3, terminal G, net DAC_REF,VDD
[2026-09-10 00:24:08,987] [WARNING]    Could not find a layer for device $1, class pfet_03v3, terminal B, net DAC_REF,VDD
[2026-09-10 00:24:08,990] [WARNING]    Could not find a layer for device $2, class pfet_03v3, terminal G, net DAC_REF,VDD
[2026-09-10 00:24:08,992] [WARNING]    Could not find a layer for device $2, class pfet_03v3, terminal B, net DAC_REF,VDD
[2026-09-10 00:24:08,994] [WARNING]    Could not find a layer for device $3, class pfet_03v3, terminal G, net DAC_REF,VDD
[2026-09-10 00:24:08,997] [WARNING]    Could not find a layer for device $3, class pfet_03v3, terminal B, net DAC_REF,VDD
[2026-09-10 00:24:08,999] [WARNING]    Could not find a layer for device $4, class pfet_03v3, terminal G, net DAC_REF,VDD
[2026-09-10 00:24:09,002] [WARNING]    Could not find a layer for device $4, class pfet_03v3, terminal B, net DAC_REF,VDD
[2026-09-10 00:24:09,006] [WARNING]    Could not find a layer for device $5, class pfet_03v3, terminal G, net DAC_REF,VDD
[2026-09-10 00:24:09,008] [WARNING]    Could not find a layer for device $5, class pfet_03v3, terminal B, net DAC_REF,VDD
[2026-09-10 00:24:09,011] [WARNING]    Could not find a layer for device $6, class pfet_03v3, terminal G, net DAC_REF,VDD
[2026-09-10 00:24:09,014] [WARNING]    Could not find a layer for device $6, class pfet_03v3, terminal B, net DAC_REF,VDD
[2026-09-10 00:24:09,016] [WARNING]    Could not find a layer for device $7, class pfet_03v3, terminal G, net DAC_REF,VDD
[2026-09-10 00:24:09,019] [WARNING]    Could not find a layer for device $7, class pfet_03v3, terminal B, net DAC_REF,VDD
[2026-09-10 00:24:09,024] [WARNING]    Could not find a layer for device $8, class pfet_03v3, terminal G, net DAC_REF,VDD
[2026-09-10 00:24:09,028] [WARNING]    Could not find a layer for device $8, class pfet_03v3, terminal B, net DAC_REF,VDD
[2026-09-10 00:24:09,030] [WARNING]    Could not find a layer for device $9, class pfet_03v3, terminal G, net DAC_REF,VDD
[2026-09-10 00:24:09,032] [WARNING]    Could not find a layer for device $9, class pfet_03v3, terminal B, net DAC_REF,VDD
[2026-09-10 00:24:09,034] [WARNING]    Could not find a layer for device $10, class pfet_03v3, terminal G, net DAC_REF,VDD
[2026-09-10 00:24:09,038] [WARNING]    Could not find a layer for device $10, class pfet_03v3, terminal B, net DAC_REF,VDD
[2026-09-10 00:24:09,041] [WARNING]    Could not find a layer for device $11, class pfet_03v3, terminal G, net DAC_REF,VDD
[2026-09-10 00:24:09,045] [WARNING]    Could not find a layer for device $11, class pfet_03v3, terminal B, net DAC_REF,VDD
[2026-09-10 00:24:09,046] [WARNING]    Could not find a layer for device $12, class pfet_03v3, terminal G, net DAC_REF,VDD
[2026-09-10 00:24:09,049] [WARNING]    Could not find a layer for device $12, class pfet_03v3, terminal B, net DAC_REF,VDD
[2026-09-10 00:24:09,052] [WARNING]    Could not find a layer for device $13, class pfet_03v3, terminal G, net DAC_REF,VDD
[2026-09-10 00:24:09,057] [WARNING]    Could not find a layer for device $13, class pfet_03v3, terminal B, net DAC_REF,VDD
[2026-09-10 00:24:09,061] [WARNING]    Could not find a layer for device $14, class pfet_03v3, terminal G, net DAC_REF,VDD
[2026-09-10 00:24:09,065] [WARNING]    Could not find a layer for device $14, class pfet_03v3, terminal B, net DAC_REF,VDD
[2026-09-10 00:24:09,067] [WARNING]    Could not find a layer for device $15, class pfet_03v3, terminal G, net DAC_REF,VDD
[2026-09-10 00:24:09,071] [WARNING]    Could not find a layer for device $15, class pfet_03v3, terminal B, net DAC_REF,VDD
[2026-09-10 00:24:09,074] [WARNING]    Could not find a layer for device $16, class pfet_03v3, terminal G, net DAC_REF,VDD
[2026-09-10 00:24:09,078] [WARNING]    Could not find a layer for device $16, class pfet_03v3, terminal B, net DAC_REF,VDD
[2026-09-10 00:24:09,080] [WARNING]    Could not find a layer for device $17, class pfet_03v3, terminal G, net DAC_REF,VDD
[2026-09-10 00:24:09,083] [WARNING]    Could not find a layer for device $17, class pfet_03v3, terminal B, net DAC_REF,VDD
[2026-09-10 00:24:09,086] [WARNING]    Could not find a layer for device $18, class pfet_03v3, terminal G, net DAC_REF,VDD
[2026-09-10 00:24:09,089] [WARNING]    Could not find a layer for device $18, class pfet_03v3, terminal B, net DAC_REF,VDD
[2026-09-10 00:24:09,092] [WARNING]    Could not find a layer for device $19, class pfet_03v3, terminal G, net DAC_REF,VDD
[2026-09-10 00:24:09,095] [WARNING]    Could not find a layer for device $19, class pfet_03v3, terminal B, net DAC_REF,VDD
[2026-09-10 00:24:09,097] [WARNING]    Could not find a layer for device $20, class pfet_03v3, terminal G, net DAC_REF,VDD
[2026-09-10 00:24:09,101] [WARNING]    Could not find a layer for device $20, class pfet_03v3, terminal B, net DAC_REF,VDD
[2026-09-10 00:24:09,105] [WARNING]    Could not find a layer for device $21, class pfet_03v3, terminal G, net DAC_REF,VDD
[2026-09-10 00:24:09,109] [WARNING]    Could not find a layer for device $21, class pfet_03v3, terminal B, net DAC_REF,VDD
[2026-09-10 00:24:09,111] [WARNING]    Could not find a layer for device $22, class pfet_03v3, terminal G, net DAC_REF,VDD
[2026-09-10 00:24:09,114] [WARNING]    Could not find a layer for device $22, class pfet_03v3, terminal B, net DAC_REF,VDD
[2026-09-10 00:24:09,116] [WARNING]    Could not find a layer for device $23, class pfet_03v3, terminal G, net DAC_REF,VDD
[2026-09-10 00:24:09,120] [WARNING]    Could not find a layer for device $23, class pfet_03v3, terminal B, net DAC_REF,VDD
[2026-09-10 00:24:09,122] [WARNING]    Could not find a layer for device $24, class pfet_03v3, terminal G, net DAC_REF,VDD
[2026-09-10 00:24:09,126] [WARNING]    Could not find a layer for device $24, class pfet_03v3, terminal B, net DAC_REF,VDD
[2026-09-10 00:24:09,128] [WARNING]    Could not find a layer for device $25, class pfet_03v3, terminal G, net DAC_REF,VDD
[2026-09-10 00:24:09,130] [WARNING]    Could not find a layer for device $25, class pfet_03v3, terminal B, net DAC_REF,VDD
[2026-09-10 00:24:09,132] [WARNING]    Could not find a layer for device $26, class pfet_03v3, terminal G, net DAC_REF,VDD
[2026-09-10 00:24:09,136] [WARNING]    Could not find a layer for device $26, class pfet_03v3, terminal B, net DAC_REF,VDD
[2026-09-10 00:24:09,138] [WARNING]    Could not find a layer for device $27, class pfet_03v3, terminal G, net DAC_REF,VDD
[2026-09-10 00:24:09,141] [WARNING]    Could not find a layer for device $27, class pfet_03v3, terminal B, net DAC_REF,VDD
[2026-09-10 00:24:09,144] [WARNING]    Could not find a layer for device $28, class pfet_03v3, terminal G, net DAC_REF,VDD
[2026-09-10 00:24:09,147] [WARNING]    Could not find a layer for device $28, class pfet_03v3, terminal B, net DAC_REF,VDD
[2026-09-10 00:24:09,149] [WARNING]    Could not find a layer for device $29, class pfet_03v3, terminal G, net DAC_REF,VDD
[2026-09-10 00:24:09,151] [WARNING]    Could not find a layer for device $29, class pfet_03v3, terminal B, net DAC_REF,VDD
[2026-09-10 00:24:09,154] [WARNING]    Could not find a layer for device $30, class pfet_03v3, terminal G, net DAC_REF,VDD
[2026-09-10 00:24:09,157] [WARNING]    Could not find a layer for device $30, class pfet_03v3, terminal B, net DAC_REF,VDD
[2026-09-10 00:24:09,160] [WARNING]    Could not find a layer for device $31, class pfet_03v3, terminal G, net DAC_REF,VDD
[2026-09-10 00:24:09,162] [WARNING]    Could not find a layer for device $31, class pfet_03v3, terminal B, net DAC_REF,VDD
[2026-09-10 00:24:09,164] [WARNING]    Could not find a layer for device $32, class pfet_03v3, terminal G, net DAC_REF,VDD
[2026-09-10 00:24:09,166] [WARNING]    Could not find a layer for device $32, class pfet_03v3, terminal B, net DAC_REF,VDD
[2026-09-10 00:24:09,168] [WARNING]    Could not find a layer for device $33, class pfet_03v3, terminal G, net DAC_REF,VDD
[2026-09-10 00:24:09,171] [WARNING]    Could not find a layer for device $33, class pfet_03v3, terminal B, net DAC_REF,VDD
[2026-09-10 00:24:09,174] [WARNING]    Could not find a layer for device $34, class pfet_03v3, terminal G, net DAC_REF,VDD
[2026-09-10 00:24:09,177] [WARNING]    Could not find a layer for device $34, class pfet_03v3, terminal B, net DAC_REF,VDD
[2026-09-10 00:24:09,179] [WARNING]    Could not find a layer for device $35, class pfet_03v3, terminal G, net DAC_REF,VDD
[2026-09-10 00:24:09,181] [WARNING]    Could not find a layer for device $35, class pfet_03v3, terminal B, net DAC_REF,VDD
[2026-09-10 00:24:09,184] [WARNING]    Could not find a layer for device $36, class pfet_03v3, terminal G, net DAC_REF,VDD
[2026-09-10 00:24:09,187] [WARNING]    Could not find a layer for device $36, class pfet_03v3, terminal B, net DAC_REF,VDD
[2026-09-10 00:24:09,189] [WARNING]    Could not find a layer for device $37, class pfet_03v3, terminal G, net DAC_REF,VDD
[2026-09-10 00:24:09,192] [WARNING]    Could not find a layer for device $37, class pfet_03v3, terminal B, net DAC_REF,VDD
[2026-09-10 00:24:09,195] [WARNING]    Could not find a layer for device $38, class pfet_03v3, terminal G, net DAC_REF,VDD
[2026-09-10 00:24:09,197] [WARNING]    Could not find a layer for device $38, class pfet_03v3, terminal B, net DAC_REF,VDD
[2026-09-10 00:24:09,199] [WARNING]    Could not find a layer for device $39, class pfet_03v3, terminal G, net DAC_REF,VDD
[2026-09-10 00:24:09,201] [WARNING]    Could not find a layer for device $39, class pfet_03v3, terminal B, net DAC_REF,VDD
[2026-09-10 00:24:09,204] [WARNING]    Could not find a layer for device $40, class pfet_03v3, terminal G, net DAC_REF,VDD
[2026-09-10 00:24:09,207] [WARNING]    Could not find a layer for device $40, class pfet_03v3, terminal B, net DAC_REF,VDD
[2026-09-10 00:24:09,210] [WARNING]    Could not find a layer for device $41, class pfet_03v3, terminal G, net DAC_REF,VDD
[2026-09-10 00:24:09,213] [WARNING]    Could not find a layer for device $41, class pfet_03v3, terminal B, net DAC_REF,VDD
[2026-09-10 00:24:09,215] [WARNING]    Could not find a layer for device $42, class pfet_03v3, terminal G, net DAC_REF,VDD
[2026-09-10 00:24:09,219] [WARNING]    Could not find a layer for device $42, class pfet_03v3, terminal B, net DAC_REF,VDD
[2026-09-10 00:24:09,222] [WARNING]    Could not find a layer for device $43, class pfet_03v3, terminal G, net DAC_REF,VDD
[2026-09-10 00:24:09,225] [WARNING]    Could not find a layer for device $43, class pfet_03v3, terminal B, net DAC_REF,VDD
[2026-09-10 00:24:09,228] [WARNING]    Could not find a layer for device $44, class pfet_03v3, terminal G, net DAC_REF,VDD
[2026-09-10 00:24:09,230] [WARNING]    Could not find a layer for device $44, class pfet_03v3, terminal B, net DAC_REF,VDD
[2026-09-10 00:24:09,232] [WARNING]    Could not find a layer for device $45, class pfet_03v3, terminal G, net DAC_REF,VDD
[2026-09-10 00:24:09,235] [WARNING]    Could not find a layer for device $45, class pfet_03v3, terminal B, net DAC_REF,VDD
[2026-09-10 00:24:09,237] [WARNING]    Could not find a layer for device $46, class pfet_03v3, terminal G, net DAC_REF,VDD
[2026-09-10 00:24:09,240] [WARNING]    Could not find a layer for device $46, class pfet_03v3, terminal B, net DAC_REF,VDD
[2026-09-10 00:24:09,242] [WARNING]    Could not find a layer for device $47, class pfet_03v3, terminal G, net DAC_REF,VDD
[2026-09-10 00:24:09,245] [WARNING]    Could not find a layer for device $47, class pfet_03v3, terminal B, net DAC_REF,VDD
[2026-09-10 00:24:09,247] [WARNING]    Could not find a layer for device $48, class pfet_03v3, terminal G, net DAC_REF,VDD
[2026-09-10 00:24:09,249] [WARNING]    Could not find a layer for device $48, class pfet_03v3, terminal B, net DAC_REF,VDD
[2026-09-10 00:24:09,251] [WARNING]    Could not find a layer for device $49, class pfet_03v3, terminal G, net DAC_REF,VDD
[2026-09-10 00:24:09,254] [WARNING]    Could not find a layer for device $49, class pfet_03v3, terminal B, net DAC_REF,VDD
[2026-09-10 00:24:09,258] [WARNING]    Could not find a layer for device $50, class pfet_03v3, terminal G, net DAC_REF,VDD
[2026-09-10 00:24:09,261] [WARNING]    Could not find a layer for device $50, class pfet_03v3, terminal B, net DAC_REF,VDD
[2026-09-10 00:24:09,263] [WARNING]    Could not find a layer for device $51, class pfet_03v3, terminal G, net DAC_REF,VDD
[2026-09-10 00:24:09,265] [WARNING]    Could not find a layer for device $51, class pfet_03v3, terminal B, net DAC_REF,VDD
[2026-09-10 00:24:09,267] [WARNING]    Could not find a layer for device $52, class pfet_03v3, terminal G, net DAC_REF,VDD
[2026-09-10 00:24:09,270] [WARNING]    Could not find a layer for device $52, class pfet_03v3, terminal B, net DAC_REF,VDD
[2026-09-10 00:24:09,272] [WARNING]    Could not find a layer for device $53, class pfet_03v3, terminal G, net DAC_REF,VDD
[2026-09-10 00:24:09,275] [WARNING]    Could not find a layer for device $53, class pfet_03v3, terminal B, net DAC_REF,VDD
[2026-09-10 00:24:09,278] [WARNING]    Could not find a layer for device $54, class pfet_03v3, terminal G, net DAC_REF,VDD
[2026-09-10 00:24:09,280] [WARNING]    Could not find a layer for device $54, class pfet_03v3, terminal B, net DAC_REF,VDD
[2026-09-10 00:24:09,282] [WARNING]    Could not find a layer for device $55, class pfet_03v3, terminal G, net DAC_REF,VDD
[2026-09-10 00:24:09,286] [WARNING]    Could not find a layer for device $55, class pfet_03v3, terminal B, net DAC_REF,VDD
[2026-09-10 00:24:09,288] [WARNING]    Could not find a layer for device $56, class pfet_03v3, terminal G, net DAC_REF,VDD
[2026-09-10 00:24:09,291] [WARNING]    Could not find a layer for device $56, class pfet_03v3, terminal B, net DAC_REF,VDD
[2026-09-10 00:24:09,294] [WARNING]    Could not find a layer for device $57, class pfet_03v3, terminal G, net DAC_REF,VDD
[2026-09-10 00:24:09,297] [WARNING]    Could not find a layer for device $57, class pfet_03v3, terminal B, net DAC_REF,VDD
[2026-09-10 00:24:09,299] [WARNING]    Could not find a layer for device $58, class pfet_03v3, terminal G, net DAC_REF,VDD
[2026-09-10 00:24:09,302] [WARNING]    Could not find a layer for device $58, class pfet_03v3, terminal B, net DAC_REF,VDD
[2026-09-10 00:24:09,305] [WARNING]    Could not find a layer for device $59, class pfet_03v3, terminal G, net DAC_REF,VDD
[2026-09-10 00:24:09,307] [WARNING]    Could not find a layer for device $59, class pfet_03v3, terminal B, net DAC_REF,VDD
[2026-09-10 00:24:09,310] [WARNING]    Could not find a layer for device $60, class pfet_03v3, terminal G, net DAC_REF,VDD
[2026-09-10 00:24:09,313] [WARNING]    Could not find a layer for device $60, class pfet_03v3, terminal B, net DAC_REF,VDD
[2026-09-10 00:24:09,315] [WARNING]    Could not find a layer for device $61, class pfet_03v3, terminal G, net DAC_REF,VDD
[2026-09-10 00:24:09,317] [WARNING]    Could not find a layer for device $61, class pfet_03v3, terminal B, net DAC_REF,VDD
[2026-09-10 00:24:09,320] [WARNING]    Could not find a layer for device $62, class pfet_03v3, terminal G, net DAC_REF,VDD
[2026-09-10 00:24:09,323] [WARNING]    Could not find a layer for device $62, class pfet_03v3, terminal B, net DAC_REF,VDD
[2026-09-10 00:24:09,326] [WARNING]    Could not find a layer for device $63, class pfet_03v3, terminal G, net DAC_REF,VDD
[2026-09-10 00:24:09,328] [WARNING]    Could not find a layer for device $63, class pfet_03v3, terminal B, net DAC_REF,VDD
[2026-09-10 00:24:09,330] [WARNING]    Could not find a layer for device $64, class pfet_03v3, terminal G, net b[4]
[2026-09-10 00:24:09,332] [WARNING]    Could not find a layer for device $64, class pfet_03v3, terminal B, net DAC_REF,VDD
[2026-09-10 00:24:09,334] [WARNING]    Could not find a layer for device $65, class pfet_03v3, terminal G, net b[4]
[2026-09-10 00:24:09,337] [WARNING]    Could not find a layer for device $65, class pfet_03v3, terminal B, net DAC_REF,VDD
[2026-09-10 00:24:09,339] [WARNING]    Could not find a layer for device $66, class pfet_03v3, terminal G, net b[4]
[2026-09-10 00:24:09,341] [WARNING]    Could not find a layer for device $66, class pfet_03v3, terminal B, net DAC_REF,VDD
[2026-09-10 00:24:09,343] [WARNING]    Could not find a layer for device $67, class pfet_03v3, terminal G, net b[4]
[2026-09-10 00:24:09,346] [WARNING]    Could not find a layer for device $67, class pfet_03v3, terminal B, net DAC_REF,VDD
[2026-09-10 00:24:09,347] [WARNING]    Could not find a layer for device $68, class pfet_03v3, terminal G, net b[3]
[2026-09-10 00:24:09,349] [WARNING]    Could not find a layer for device $68, class pfet_03v3, terminal B, net DAC_REF,VDD
[2026-09-10 00:24:09,351] [WARNING]    Could not find a layer for device $69, class pfet_03v3, terminal G, net b[3]
[2026-09-10 00:24:09,353] [WARNING]    Could not find a layer for device $69, class pfet_03v3, terminal B, net DAC_REF,VDD
[2026-09-10 00:24:09,355] [WARNING]    Could not find a layer for device $70, class pfet_03v3, terminal G, net b[2]
[2026-09-10 00:24:09,357] [WARNING]    Could not find a layer for device $70, class pfet_03v3, terminal B, net DAC_REF,VDD
[2026-09-10 00:24:09,360] [WARNING]    Could not find a layer for device $71, class pfet_03v3, terminal G, net b[1]
[2026-09-10 00:24:09,362] [WARNING]    Could not find a layer for device $71, class pfet_03v3, terminal B, net DAC_REF,VDD
[2026-09-10 00:24:09,363] [WARNING]    Could not find a layer for device $72, class pfet_03v3, terminal G, net b[4]
[2026-09-10 00:24:09,365] [WARNING]    Could not find a layer for device $72, class pfet_03v3, terminal B, net DAC_REF,VDD
[2026-09-10 00:24:09,367] [WARNING]    Could not find a layer for device $73, class pfet_03v3, terminal G, net b[4]
[2026-09-10 00:24:09,369] [WARNING]    Could not find a layer for device $73, class pfet_03v3, terminal B, net DAC_REF,VDD
[2026-09-10 00:24:09,371] [WARNING]    Could not find a layer for device $74, class pfet_03v3, terminal G, net b[4]
[2026-09-10 00:24:09,373] [WARNING]    Could not find a layer for device $74, class pfet_03v3, terminal B, net DAC_REF,VDD
[2026-09-10 00:24:09,376] [WARNING]    Could not find a layer for device $75, class pfet_03v3, terminal G, net b[4]
[2026-09-10 00:24:09,379] [WARNING]    Could not find a layer for device $75, class pfet_03v3, terminal B, net DAC_REF,VDD
[2026-09-10 00:24:09,380] [WARNING]    Could not find a layer for device $76, class pfet_03v3, terminal G, net b[3]
[2026-09-10 00:24:09,382] [WARNING]    Could not find a layer for device $76, class pfet_03v3, terminal B, net DAC_REF,VDD
[2026-09-10 00:24:09,384] [WARNING]    Could not find a layer for device $77, class pfet_03v3, terminal G, net b[3]
[2026-09-10 00:24:09,387] [WARNING]    Could not find a layer for device $77, class pfet_03v3, terminal B, net DAC_REF,VDD
[2026-09-10 00:24:09,388] [WARNING]    Could not find a layer for device $78, class pfet_03v3, terminal G, net b[2]
[2026-09-10 00:24:09,391] [WARNING]    Could not find a layer for device $78, class pfet_03v3, terminal B, net DAC_REF,VDD
[2026-09-10 00:24:09,393] [WARNING]    Could not find a layer for device $79, class pfet_03v3, terminal G, net b[4]
[2026-09-10 00:24:09,395] [WARNING]    Could not find a layer for device $79, class pfet_03v3, terminal B, net DAC_REF,VDD
[2026-09-10 00:24:09,396] [WARNING]    Could not find a layer for device $80, class pfet_03v3, terminal G, net b[4]
[2026-09-10 00:24:09,398] [WARNING]    Could not find a layer for device $80, class pfet_03v3, terminal B, net DAC_REF,VDD
[2026-09-10 00:24:09,400] [WARNING]    Could not find a layer for device $81, class pfet_03v3, terminal G, net b[4]
[2026-09-10 00:24:09,401] [WARNING]    Could not find a layer for device $81, class pfet_03v3, terminal B, net DAC_REF,VDD
[2026-09-10 00:24:09,404] [WARNING]    Could not find a layer for device $82, class pfet_03v3, terminal G, net b[4]
[2026-09-10 00:24:09,406] [WARNING]    Could not find a layer for device $82, class pfet_03v3, terminal B, net DAC_REF,VDD
[2026-09-10 00:24:09,408] [WARNING]    Could not find a layer for device $83, class pfet_03v3, terminal G, net b[3]
[2026-09-10 00:24:09,410] [WARNING]    Could not find a layer for device $83, class pfet_03v3, terminal B, net DAC_REF,VDD
[2026-09-10 00:24:09,412] [WARNING]    Could not find a layer for device $84, class pfet_03v3, terminal G, net b[3]
[2026-09-10 00:24:09,415] [WARNING]    Could not find a layer for device $84, class pfet_03v3, terminal B, net DAC_REF,VDD
[2026-09-10 00:24:09,417] [WARNING]    Could not find a layer for device $85, class pfet_03v3, terminal G, net b[2]
[2026-09-10 00:24:09,420] [WARNING]    Could not find a layer for device $85, class pfet_03v3, terminal B, net DAC_REF,VDD
[2026-09-10 00:24:09,422] [WARNING]    Could not find a layer for device $86, class pfet_03v3, terminal G, net b[1]
[2026-09-10 00:24:09,423] [WARNING]    Could not find a layer for device $86, class pfet_03v3, terminal B, net DAC_REF,VDD
[2026-09-10 00:24:09,425] [WARNING]    Could not find a layer for device $87, class pfet_03v3, terminal G, net b[1]
[2026-09-10 00:24:09,428] [WARNING]    Could not find a layer for device $87, class pfet_03v3, terminal B, net DAC_REF,VDD
[2026-09-10 00:24:09,429] [WARNING]    Could not find a layer for device $88, class pfet_03v3, terminal G, net b[4]
[2026-09-10 00:24:09,431] [WARNING]    Could not find a layer for device $88, class pfet_03v3, terminal B, net DAC_REF,VDD
[2026-09-10 00:24:09,433] [WARNING]    Could not find a layer for device $89, class pfet_03v3, terminal G, net b[4]
[2026-09-10 00:24:09,435] [WARNING]    Could not find a layer for device $89, class pfet_03v3, terminal B, net DAC_REF,VDD
[2026-09-10 00:24:09,437] [WARNING]    Could not find a layer for device $90, class pfet_03v3, terminal G, net b[4]
[2026-09-10 00:24:09,439] [WARNING]    Could not find a layer for device $90, class pfet_03v3, terminal B, net DAC_REF,VDD
[2026-09-10 00:24:09,441] [WARNING]    Could not find a layer for device $91, class pfet_03v3, terminal G, net b[4]
[2026-09-10 00:24:09,444] [WARNING]    Could not find a layer for device $91, class pfet_03v3, terminal B, net DAC_REF,VDD
[2026-09-10 00:24:09,445] [WARNING]    Could not find a layer for device $92, class pfet_03v3, terminal G, net b[3]
[2026-09-10 00:24:09,447] [WARNING]    Could not find a layer for device $92, class pfet_03v3, terminal B, net DAC_REF,VDD
[2026-09-10 00:24:09,449] [WARNING]    Could not find a layer for device $93, class pfet_03v3, terminal G, net b[3]
[2026-09-10 00:24:09,450] [WARNING]    Could not find a layer for device $93, class pfet_03v3, terminal B, net DAC_REF,VDD
[2026-09-10 00:24:09,452] [WARNING]    Could not find a layer for device $94, class pfet_03v3, terminal G, net b[2]
[2026-09-10 00:24:09,456] [WARNING]    Could not find a layer for device $94, class pfet_03v3, terminal B, net DAC_REF,VDD
[2026-09-10 00:24:09,458] [WARNING]    Could not find a layer for device $95, class pfet_03v3, terminal G, net b[0]
[2026-09-10 00:24:09,460] [WARNING]    Could not find a layer for device $95, class pfet_03v3, terminal B, net DAC_REF,VDD
[2026-09-10 00:24:10,131] [SUBPROCESS]    Device;Net1;Net2;Capacitance [fF];Resistance [Ω]
[2026-09-10 00:24:10,132] [SUBPROCESS]    C1;$10;$13;1.666;
[2026-09-10 00:24:10,132] [SUBPROCESS]    C2;$10;$14;0.249;
[2026-09-10 00:24:10,133] [SUBPROCESS]    C3;$10;$26;3.266;
[2026-09-10 00:24:10,133] [SUBPROCESS]    C4;$10;$7;0.58;
[2026-09-10 00:24:10,134] [SUBPROCESS]    C5;$10;b[0];0.003;
[2026-09-10 00:24:10,135] [SUBPROCESS]    C6;$10;b[2];0.439;
[2026-09-10 00:24:10,135] [SUBPROCESS]    C7;$10;b[3];2.105;
[2026-09-10 00:24:10,135] [SUBPROCESS]    C8;$10;b[4];0.012;
[2026-09-10 00:24:10,136] [SUBPROCESS]    C9;$10;DAC_REF,VDD;7.524;
[2026-09-10 00:24:10,136] [SUBPROCESS]    C10;$10;I_DAC;0.807;
[2026-09-10 00:24:10,137] [SUBPROCESS]    C11;$10;VSUBS;7.025;
[2026-09-10 00:24:10,137] [SUBPROCESS]    C12;$13;$14;2.935;
[2026-09-10 00:24:10,138] [SUBPROCESS]    C13;$13;$26;0.491;
[2026-09-10 00:24:10,138] [SUBPROCESS]    C14;$13;$7;0.097;
[2026-09-10 00:24:10,139] [SUBPROCESS]    C15;$13;b[0];0.117;
[2026-09-10 00:24:10,139] [SUBPROCESS]    C16;$13;b[1];0.326;
[2026-09-10 00:24:10,140] [SUBPROCESS]    C17;$13;b[2];0.525;
[2026-09-10 00:24:10,140] [SUBPROCESS]    C18;$13;DAC_REF,VDD;4.049;
[2026-09-10 00:24:10,140] [SUBPROCESS]    C19;$13;I_DAC;0.361;
[2026-09-10 00:24:10,141] [SUBPROCESS]    C20;$13;VSUBS;3.139;
[2026-09-10 00:24:10,141] [SUBPROCESS]    C21;$14;$26;0.351;
[2026-09-10 00:24:10,142] [SUBPROCESS]    C22;$14;$7;1.178;
[2026-09-10 00:24:10,142] [SUBPROCESS]    C23;$14;b[0];0.14;
[2026-09-10 00:24:10,142] [SUBPROCESS]    C24;$14;b[1];0.126;
[2026-09-10 00:24:10,143] [SUBPROCESS]    C25;$14;DAC_REF,VDD;2.214;
[2026-09-10 00:24:10,143] [SUBPROCESS]    C26;$14;I_DAC;0.329;
[2026-09-10 00:24:10,144] [SUBPROCESS]    C27;$14;VSUBS;1.745;
[2026-09-10 00:24:10,144] [SUBPROCESS]    C28;$26;$7;0.33;
[2026-09-10 00:24:10,145] [SUBPROCESS]    C29;$26;b[3];0.073;
[2026-09-10 00:24:10,145] [SUBPROCESS]    C30;$26;b[4];3.887;
[2026-09-10 00:24:10,145] [SUBPROCESS]    C31;$26;DAC_REF,VDD;10.507;
[2026-09-10 00:24:10,146] [SUBPROCESS]    C32;$26;I_DAC;1.326;
[2026-09-10 00:24:10,146] [SUBPROCESS]    C33;$26;VSUBS;9.827;
[2026-09-10 00:24:10,147] [SUBPROCESS]    C34;$7;b[0];0.299;
[2026-09-10 00:24:10,147] [SUBPROCESS]    C35;$7;DAC_REF,VDD;1.186;
[2026-09-10 00:24:10,148] [SUBPROCESS]    C36;$7;I_DAC;0.054;
[2026-09-10 00:24:10,148] [SUBPROCESS]    C37;$7;VSUBS;1.717;
[2026-09-10 00:24:10,148] [SUBPROCESS]    C38;b[0];b[1];0.05;
[2026-09-10 00:24:10,149] [SUBPROCESS]    C39;b[0];b[2];0.016;
[2026-09-10 00:24:10,149] [SUBPROCESS]    C40;b[1];b[2];0.062;
[2026-09-10 00:24:10,150] [SUBPROCESS]    C41;b[1];b[3];0.0;
[2026-09-10 00:24:10,151] [SUBPROCESS]    C42;b[2];b[3];0.079;
[2026-09-10 00:24:10,151] [SUBPROCESS]    C43;b[3];b[4];0.252;
[2026-09-10 00:24:10,152] [SUBPROCESS]    C44;DAC_REF,VDD;b[0];2.273;
[2026-09-10 00:24:10,152] [SUBPROCESS]    C45;DAC_REF,VDD;b[1];0.11;
[2026-09-10 00:24:10,153] [SUBPROCESS]    C46;DAC_REF,VDD;b[2];0.137;
[2026-09-10 00:24:10,153] [SUBPROCESS]    C47;DAC_REF,VDD;b[3];0.228;
[2026-09-10 00:24:10,154] [SUBPROCESS]    C48;DAC_REF,VDD;b[4];0.779;
[2026-09-10 00:24:10,154] [SUBPROCESS]    C49;DAC_REF,VDD;I_DAC;1.187;
[2026-09-10 00:24:10,155] [SUBPROCESS]    C50;DAC_REF,VDD;VSUBS;50.91;
[2026-09-10 00:24:10,155] [SUBPROCESS]    C51;I_DAC;b[0];1.153;
[2026-09-10 00:24:10,155] [SUBPROCESS]    C52;I_DAC;b[1];0.66;
[2026-09-10 00:24:10,156] [SUBPROCESS]    C53;I_DAC;b[2];0.794;
[2026-09-10 00:24:10,156] [SUBPROCESS]    C54;I_DAC;b[3];1.625;
[2026-09-10 00:24:10,157] [SUBPROCESS]    C55;I_DAC;b[4];3.571;
[2026-09-10 00:24:10,157] [SUBPROCESS]    C56;I_DAC;VSUBS;3.647;
[2026-09-10 00:24:10,158] [SUBPROCESS]    C57;VSUBS;b[0];0.693;
[2026-09-10 00:24:10,158] [SUBPROCESS]    C58;VSUBS;b[1];0.413;
[2026-09-10 00:24:10,159] [SUBPROCESS]    C59;VSUBS;b[2];0.45;
[2026-09-10 00:24:10,159] [SUBPROCESS]    C60;VSUBS;b[3];0.952;
[2026-09-10 00:24:10,161] [SUBPROCESS]    C61;VSUBS;b[4];2.063;
[2026-09-10 00:24:10,162] [SUBPROCESS]    /foss/designs/DAC_CORE_5bit/output/DAC_CORE_5bit__DAC_CORE_5bit/DAC_CORE_5bit_k25d_pex_netlist.csv
[2026-09-10 00:24:10,170] [SUBPROCESS]    Wrote expanded netlist to: /foss/designs/DAC_CORE_5bit/output/DAC_CORE_5bit__DAC_CORE_5bit/DAC_CORE_5bit_k25d_pex_netlist.spice
[2026-09-10 00:24:10,173] [INFO]    Copied expanded SPICE netlist to: DAC_CORE_5bit.pex.spice
