[2026-09-09 23:10:57,908] [INFO]    GDS input file passed, running in LVS mode
[2026-09-09 23:10:57,910] [INFO]    Found cell DAC_CORE_5bit in GDS DAC_CORE_5bit.klay.gds (only top cell)
[2026-09-09 23:10:57,911] [INFO]    LVS input schematic not specified (argument --schematic), using dummy schematic
[2026-09-09 23:10:57,916] [INFO]    Cache miss: extracted LVSDB is older than the input GDS
[2026-09-09 23:10:57,917] [SUBPROCESS]    output/.kpex_cache/gf180mcuD/foss/designs/DAC_CORE_5bit/DAC_CORE_5bit.klay.gds/DAC_CORE_5bit.lvsdb.gz
[2026-09-09 23:10:57,918] [SUBPROCESS]    klayout -b -r /usr/local/lib/python3.12/dist-packages/klayout_pex/pdk/gf180mcuD/libs.tech/kpex/gf180mcu.lvs -rd input=/foss/designs/DAC_CORE_5bit/DAC_CORE_5bit.klay.gds -rd report=/foss/designs/DAC_CORE_5bit/output/DAC_CORE_5bit__DAC_CORE_5bit/DAC_CORE_5bit.lvsdb.gz -rd schematic=/foss/designs/DAC_CORE_5bit/output/DAC_CORE_5bit__DAC_CORE_5bit/DAC_CORE_5bit_dummy_schematic.spice -rd thr=22 -rd run_mode=deep -rd spice_net_names=true -rd spice_comments=false -rd scale=false -rd verbose=false -rd schematic_simplify=false -rd net_only=false -rd top_lvl_pins=true -rd combine=false -rd combine_devices=false -rd purge=false -rd purge_nets=false -rd no_simplify=true
[2026-09-09 23:10:57,919] [SUBPROCESS]    output/DAC_CORE_5bit__DAC_CORE_5bit/DAC_CORE_5bit_lvs.log
[2026-09-09 23:11:00,046] [SUBPROCESS]    2026-09-09 23:11:00 +0200: Memory Usage (674564K) : Starting running GF180MCU Klayout LVS runset on /foss/designs/DAC_CORE_5bit/DAC_CORE_5bit.klay.gds
[2026-09-09 23:11:00,057] [SUBPROCESS]    2026-09-09 23:11:00 +0200: Memory Usage (674564K) : Ruby Version for klayout: 3.2.3
[2026-09-09 23:11:00,064] [SUBPROCESS]    2026-09-09 23:11:00 +0200: Memory Usage (674564K) : Loading database to memory is complete.
[2026-09-09 23:11:00,072] [SUBPROCESS]    2026-09-09 23:11:00 +0200: Memory Usage (674564K) : GF180MCU Klayout LVS runset output at: /foss/designs/DAC_CORE_5bit/output/DAC_CORE_5bit__DAC_CORE_5bit/DAC_CORE_5bit.lvsdb.gz
[2026-09-09 23:11:00,080] [SUBPROCESS]    2026-09-09 23:11:00 +0200: Memory Usage (674564K) : Evaluate switches.
[2026-09-09 23:11:00,089] [SUBPROCESS]    2026-09-09 23:11:00 +0200: Memory Usage (674564K) : Substrate name used: 
[2026-09-09 23:11:00,094] [SUBPROCESS]    2026-09-09 23:11:00 +0200: Memory Usage (674564K) : Extracted netlist with net names: true
[2026-09-09 23:11:00,102] [SUBPROCESS]    2026-09-09 23:11:00 +0200: Memory Usage (674564K) : Extracted netlist with comments in details: false
[2026-09-09 23:11:00,110] [SUBPROCESS]    2026-09-09 23:11:00 +0200: Memory Usage (674564K) : GF180MCU Klayout LVS extracted netlist file at: DAC_CORE_5bit_extracted.cir
[2026-09-09 23:11:00,117] [SUBPROCESS]    2026-09-09 23:11:00 +0200: Memory Usage (674564K) : LVS device_scaling option: false
[2026-09-09 23:11:00,124] [SUBPROCESS]    2026-09-09 23:11:00 +0200: Memory Usage (674564K) : Selected SCH_SIMPLE option: false
[2026-09-09 23:11:00,129] [SUBPROCESS]    2026-09-09 23:11:00 +0200: Memory Usage (674564K) : Selected NET_ONLY option: false
[2026-09-09 23:11:00,136] [SUBPROCESS]    2026-09-09 23:11:00 +0200: Memory Usage (674564K) : Selected TOP_LVL_PINS option: true
[2026-09-09 23:11:00,144] [SUBPROCESS]    2026-09-09 23:11:00 +0200: Memory Usage (674564K) : Selected COMBINE option: false
[2026-09-09 23:11:00,152] [SUBPROCESS]    2026-09-09 23:11:00 +0200: Memory Usage (674564K) : Selected PURGE option: false
[2026-09-09 23:11:00,159] [SUBPROCESS]    2026-09-09 23:11:00 +0200: Memory Usage (674564K) : Selected PURGE_NETS option: false
[2026-09-09 23:11:00,165] [SUBPROCESS]    2026-09-09 23:11:00 +0200: Memory Usage (674564K) : Selected SIMPLIFY option: false
[2026-09-09 23:11:00,172] [SUBPROCESS]    2026-09-09 23:11:00 +0200: Memory Usage (674564K) : Verbose mode: false
[2026-09-09 23:11:00,177] [SUBPROCESS]    2026-09-09 23:11:00 +0200: Memory Usage (674564K) : deep  mode is enabled.
[2026-09-09 23:11:00,184] [SUBPROCESS]    2026-09-09 23:11:00 +0200: Memory Usage (674564K) : METAL_TOP Selected is 9K
[2026-09-09 23:11:00,191] [SUBPROCESS]    2026-09-09 23:11:00 +0200: Memory Usage (674564K) : METAL_STACK Selected is 6LM
[2026-09-09 23:11:00,197] [SUBPROCESS]    2026-09-09 23:11:00 +0200: Memory Usage (674564K) : POLY_RES Selected is 1k
[2026-09-09 23:11:00,204] [SUBPROCESS]    2026-09-09 23:11:00 +0200: Memory Usage (674564K) : MIM Option selected: B
[2026-09-09 23:11:00,210] [SUBPROCESS]    2026-09-09 23:11:00 +0200: Memory Usage (674564K) : MIM CAP selected: 2
[2026-09-09 23:11:00,217] [SUBPROCESS]    2026-09-09 23:11:00 +0200: Memory Usage (674564K) : Netlist file: /foss/designs/DAC_CORE_5bit/output/DAC_CORE_5bit__DAC_CORE_5bit/DAC_CORE_5bit_dummy_schematic.spice
[2026-09-09 23:11:00,225] [SUBPROCESS]    2026-09-09 23:11:00 +0200: Memory Usage (674564K) : Read in polygons from layers.
[2026-09-09 23:11:00,234] [SUBPROCESS]    2026-09-09 23:11:00 +0200: Memory Usage (674564K) : comp has 649 polygons
[2026-09-09 23:11:00,241] [SUBPROCESS]    2026-09-09 23:11:00 +0200: Memory Usage (674564K) : dnwell has 0 polygons
[2026-09-09 23:11:00,248] [SUBPROCESS]    2026-09-09 23:11:00 +0200: Memory Usage (674564K) : nwell has 651 polygons
[2026-09-09 23:11:00,257] [SUBPROCESS]    2026-09-09 23:11:00 +0200: Memory Usage (674564K) : lvpwell has 0 polygons
[2026-09-09 23:11:00,266] [SUBPROCESS]    2026-09-09 23:11:00 +0200: Memory Usage (674564K) : dualgate has 0 polygons
[2026-09-09 23:11:00,275] [SUBPROCESS]    2026-09-09 23:11:00 +0200: Memory Usage (674564K) : poly2 has 231 polygons
[2026-09-09 23:11:00,282] [SUBPROCESS]    2026-09-09 23:11:00 +0200: Memory Usage (674564K) : nplus has 554 polygons
[2026-09-09 23:11:00,291] [SUBPROCESS]    2026-09-09 23:11:00 +0200: Memory Usage (674564K) : pplus has 95 polygons
[2026-09-09 23:11:00,297] [SUBPROCESS]    2026-09-09 23:11:00 +0200: Memory Usage (674564K) : sab has 0 polygons
[2026-09-09 23:11:00,307] [SUBPROCESS]    2026-09-09 23:11:00 +0200: Memory Usage (674564K) : esd has 0 polygons
[2026-09-09 23:11:00,315] [SUBPROCESS]    2026-09-09 23:11:00 +0200: Memory Usage (674564K) : resistor has 0 polygons
[2026-09-09 23:11:00,323] [SUBPROCESS]    2026-09-09 23:11:00 +0200: Memory Usage (674564K) : fhres has 0 polygons
[2026-09-09 23:11:00,330] [SUBPROCESS]    2026-09-09 23:11:00 +0200: Memory Usage (674564K) : fusetop has 0 polygons
[2026-09-09 23:11:00,339] [SUBPROCESS]    2026-09-09 23:11:00 +0200: Memory Usage (674564K) : fusewindow_d has 0 polygons
[2026-09-09 23:11:00,348] [SUBPROCESS]    2026-09-09 23:11:00 +0200: Memory Usage (674564K) : polyfuse has 0 polygons
[2026-09-09 23:11:00,358] [SUBPROCESS]    2026-09-09 23:11:00 +0200: Memory Usage (674564K) : mvsd has 0 polygons
[2026-09-09 23:11:00,365] [SUBPROCESS]    2026-09-09 23:11:00 +0200: Memory Usage (675084K) : mvpsd has 0 polygons
[2026-09-09 23:11:00,374] [SUBPROCESS]    2026-09-09 23:11:00 +0200: Memory Usage (675084K) : nat has 0 polygons
[2026-09-09 23:11:00,380] [SUBPROCESS]    2026-09-09 23:11:00 +0200: Memory Usage (675084K) : comp_dummy has 0 polygons
[2026-09-09 23:11:00,391] [SUBPROCESS]    2026-09-09 23:11:00 +0200: Memory Usage (675084K) : poly2_dummy has 0 polygons
[2026-09-09 23:11:00,397] [SUBPROCESS]    2026-09-09 23:11:00 +0200: Memory Usage (675084K) : schottky_diode has 0 polygons
[2026-09-09 23:11:00,406] [SUBPROCESS]    2026-09-09 23:11:00 +0200: Memory Usage (675084K) : zener has 0 polygons
[2026-09-09 23:11:00,413] [SUBPROCESS]    2026-09-09 23:11:00 +0200: Memory Usage (675084K) : res_mk has 0 polygons
[2026-09-09 23:11:00,421] [SUBPROCESS]    2026-09-09 23:11:00 +0200: Memory Usage (675084K) : opc_drc has 0 polygons
[2026-09-09 23:11:00,429] [SUBPROCESS]    2026-09-09 23:11:00 +0200: Memory Usage (675084K) : ndmy has 0 polygons
[2026-09-09 23:11:00,438] [SUBPROCESS]    2026-09-09 23:11:00 +0200: Memory Usage (675084K) : pmndmy has 0 polygons
[2026-09-09 23:11:00,444] [SUBPROCESS]    2026-09-09 23:11:00 +0200: Memory Usage (675484K) : v5_xtor has 0 polygons
[2026-09-09 23:11:00,453] [SUBPROCESS]    2026-09-09 23:11:00 +0200: Memory Usage (675484K) : cap_mk has 0 polygons
[2026-09-09 23:11:00,461] [SUBPROCESS]    2026-09-09 23:11:00 +0200: Memory Usage (675484K) : mos_cap_mk has 0 polygons
[2026-09-09 23:11:00,471] [SUBPROCESS]    2026-09-09 23:11:00 +0200: Memory Usage (675484K) : ind_mk has 0 polygons
[2026-09-09 23:11:00,477] [SUBPROCESS]    2026-09-09 23:11:00 +0200: Memory Usage (675484K) : diode_mk has 0 polygons
[2026-09-09 23:11:00,485] [SUBPROCESS]    2026-09-09 23:11:00 +0200: Memory Usage (675484K) : drc_bjt has 0 polygons
[2026-09-09 23:11:00,493] [SUBPROCESS]    2026-09-09 23:11:00 +0200: Memory Usage (675856K) : lvs_bjt has 0 polygons
[2026-09-09 23:11:00,501] [SUBPROCESS]    2026-09-09 23:11:00 +0200: Memory Usage (675856K) : mim_l_mk has 0 polygons
[2026-09-09 23:11:00,511] [SUBPROCESS]    2026-09-09 23:11:00 +0200: Memory Usage (675856K) : latchup_mk has 0 polygons
[2026-09-09 23:11:00,518] [SUBPROCESS]    2026-09-09 23:11:00 +0200: Memory Usage (675856K) : guard_ring_mk has 0 polygons
[2026-09-09 23:11:00,545] [SUBPROCESS]    2026-09-09 23:11:00 +0200: Memory Usage (675856K) : otp_mk has 0 polygons
[2026-09-09 23:11:00,553] [SUBPROCESS]    2026-09-09 23:11:00 +0200: Memory Usage (675856K) : mtpmark has 0 polygons
[2026-09-09 23:11:00,561] [SUBPROCESS]    2026-09-09 23:11:00 +0200: Memory Usage (675856K) : neo_ee_mk has 0 polygons
[2026-09-09 23:11:00,569] [SUBPROCESS]    2026-09-09 23:11:00 +0200: Memory Usage (675856K) : sramcore has 0 polygons
[2026-09-09 23:11:00,576] [SUBPROCESS]    2026-09-09 23:11:00 +0200: Memory Usage (675856K) : lvs_rf has 0 polygons
[2026-09-09 23:11:00,585] [SUBPROCESS]    2026-09-09 23:11:00 +0200: Memory Usage (675856K) : lvs_drain has 0 polygons
[2026-09-09 23:11:00,593] [SUBPROCESS]    2026-09-09 23:11:00 +0200: Memory Usage (675856K) : ind_mk has 0 polygons
[2026-09-09 23:11:00,601] [SUBPROCESS]    2026-09-09 23:11:00 +0200: Memory Usage (675856K) : hvpolyrs has 0 polygons
[2026-09-09 23:11:00,609] [SUBPROCESS]    2026-09-09 23:11:00 +0200: Memory Usage (675856K) : lvs_io has 0 polygons
[2026-09-09 23:11:00,615] [SUBPROCESS]    2026-09-09 23:11:00 +0200: Memory Usage (675856K) : probe_mk has 0 polygons
[2026-09-09 23:11:00,625] [SUBPROCESS]    2026-09-09 23:11:00 +0200: Memory Usage (675856K) : esd_mk has 0 polygons
[2026-09-09 23:11:00,632] [SUBPROCESS]    2026-09-09 23:11:00 +0200: Memory Usage (675856K) : lvs_source has 0 polygons
[2026-09-09 23:11:00,641] [SUBPROCESS]    2026-09-09 23:11:00 +0200: Memory Usage (675856K) : well_diode_mk has 0 polygons
[2026-09-09 23:11:00,647] [SUBPROCESS]    2026-09-09 23:11:00 +0200: Memory Usage (675856K) : ldmos_xtor has 0 polygons
[2026-09-09 23:11:00,656] [SUBPROCESS]    2026-09-09 23:11:00 +0200: Memory Usage (675856K) : plfuse has 0 polygons
[2026-09-09 23:11:00,664] [SUBPROCESS]    2026-09-09 23:11:00 +0200: Memory Usage (675856K) : efuse_mk has 0 polygons
[2026-09-09 23:11:00,673] [SUBPROCESS]    2026-09-09 23:11:00 +0200: Memory Usage (675856K) : mcell_feol_mk has 0 polygons
[2026-09-09 23:11:00,680] [SUBPROCESS]    2026-09-09 23:11:00 +0200: Memory Usage (675856K) : ymtp_mk has 0 polygons
[2026-09-09 23:11:00,689] [SUBPROCESS]    2026-09-09 23:11:00 +0200: Memory Usage (675856K) : dev_wf_mk has 0 polygons
[2026-09-09 23:11:00,695] [SUBPROCESS]    2026-09-09 23:11:00 +0200: Memory Usage (675856K) : comp_label has 0 polygons
[2026-09-09 23:11:00,704] [SUBPROCESS]    2026-09-09 23:11:00 +0200: Memory Usage (675856K) : poly2_label has 0 polygons
[2026-09-09 23:11:00,712] [SUBPROCESS]    2026-09-09 23:11:00 +0200: Memory Usage (675856K) : mdiode has 0 polygons
[2026-09-09 23:11:00,720] [SUBPROCESS]    2026-09-09 23:11:00 +0200: Memory Usage (675856K) : contact has 1034 polygons
[2026-09-09 23:11:00,728] [SUBPROCESS]    2026-09-09 23:11:00 +0200: Memory Usage (675856K) : metal1_drawn has 1055 polygons
[2026-09-09 23:11:00,738] [SUBPROCESS]    2026-09-09 23:11:00 +0200: Memory Usage (675856K) : metal1_dummy has 0 polygons
[2026-09-09 23:11:00,746] [SUBPROCESS]    2026-09-09 23:11:00 +0200: Memory Usage (675856K) : metal1_label has 1 polygons
[2026-09-09 23:11:00,755] [SUBPROCESS]    2026-09-09 23:11:00 +0200: Memory Usage (675856K) : metal1_slot has 0 polygons
[2026-09-09 23:11:00,763] [SUBPROCESS]    2026-09-09 23:11:00 +0200: Memory Usage (675856K) : metal1_blk has 0 polygons
[2026-09-09 23:11:00,772] [SUBPROCESS]    2026-09-09 23:11:00 +0200: Memory Usage (675856K) : metal1_res has 0 polygons
[2026-09-09 23:11:00,779] [SUBPROCESS]    2026-09-09 23:11:00 +0200: Memory Usage (675856K) : via1 has 106 polygons
[2026-09-09 23:11:00,788] [SUBPROCESS]    2026-09-09 23:11:00 +0200: Memory Usage (675856K) : metal2_drawn has 149 polygons
[2026-09-09 23:11:00,796] [SUBPROCESS]    2026-09-09 23:11:00 +0200: Memory Usage (675856K) : metal2_dummy has 0 polygons
[2026-09-09 23:11:00,804] [SUBPROCESS]    2026-09-09 23:11:00 +0200: Memory Usage (675856K) : metal2_label has 7 polygons
[2026-09-09 23:11:00,811] [SUBPROCESS]    2026-09-09 23:11:00 +0200: Memory Usage (675856K) : metal2_slot has 0 polygons
[2026-09-09 23:11:00,819] [SUBPROCESS]    2026-09-09 23:11:00 +0200: Memory Usage (675856K) : metal2_blk has 0 polygons
[2026-09-09 23:11:00,826] [SUBPROCESS]    2026-09-09 23:11:00 +0200: Memory Usage (675856K) : metal2_res has 0 polygons
[2026-09-09 23:11:00,833] [SUBPROCESS]    2026-09-09 23:11:00 +0200: Memory Usage (675856K) : via2 has 0 polygons
[2026-09-09 23:11:00,841] [SUBPROCESS]    2026-09-09 23:11:00 +0200: Memory Usage (675856K) : metal3_drawn has 0 polygons
[2026-09-09 23:11:00,849] [SUBPROCESS]    2026-09-09 23:11:00 +0200: Memory Usage (675856K) : metal3_dummy has 0 polygons
[2026-09-09 23:11:00,857] [SUBPROCESS]    2026-09-09 23:11:00 +0200: Memory Usage (675856K) : metal3_label has 0 polygons
[2026-09-09 23:11:00,864] [SUBPROCESS]    2026-09-09 23:11:00 +0200: Memory Usage (675856K) : metal3_slot has 0 polygons
[2026-09-09 23:11:00,873] [SUBPROCESS]    2026-09-09 23:11:00 +0200: Memory Usage (675856K) : metal3_blk has 0 polygons
[2026-09-09 23:11:00,879] [SUBPROCESS]    2026-09-09 23:11:00 +0200: Memory Usage (675856K) : metal3_res has 0 polygons
[2026-09-09 23:11:00,889] [SUBPROCESS]    2026-09-09 23:11:00 +0200: Memory Usage (675856K) : via3 has 0 polygons
[2026-09-09 23:11:00,895] [SUBPROCESS]    2026-09-09 23:11:00 +0200: Memory Usage (676228K) : metal4_drawn has 0 polygons
[2026-09-09 23:11:00,904] [SUBPROCESS]    2026-09-09 23:11:00 +0200: Memory Usage (676228K) : metal4_dummy has 0 polygons
[2026-09-09 23:11:00,912] [SUBPROCESS]    2026-09-09 23:11:00 +0200: Memory Usage (676228K) : metal4_label has 0 polygons
[2026-09-09 23:11:00,920] [SUBPROCESS]    2026-09-09 23:11:00 +0200: Memory Usage (676228K) : metal4_slot has 0 polygons
[2026-09-09 23:11:00,927] [SUBPROCESS]    2026-09-09 23:11:00 +0200: Memory Usage (676228K) : metal4_blk has 0 polygons
[2026-09-09 23:11:00,934] [SUBPROCESS]    2026-09-09 23:11:00 +0200: Memory Usage (676228K) : metal4_res has 0 polygons
[2026-09-09 23:11:00,942] [SUBPROCESS]    2026-09-09 23:11:00 +0200: Memory Usage (676228K) : via4 has 0 polygons
[2026-09-09 23:11:00,951] [SUBPROCESS]    2026-09-09 23:11:00 +0200: Memory Usage (676644K) : metal5_drawn has 0 polygons
[2026-09-09 23:11:00,959] [SUBPROCESS]    2026-09-09 23:11:00 +0200: Memory Usage (676644K) : metal5_dummy has 0 polygons
[2026-09-09 23:11:00,967] [SUBPROCESS]    2026-09-09 23:11:00 +0200: Memory Usage (676644K) : metal5_label has 0 polygons
[2026-09-09 23:11:00,975] [SUBPROCESS]    2026-09-09 23:11:00 +0200: Memory Usage (676644K) : metal5_slot has 0 polygons
[2026-09-09 23:11:00,983] [SUBPROCESS]    2026-09-09 23:11:00 +0200: Memory Usage (676644K) : metal5_blk has 0 polygons
[2026-09-09 23:11:00,992] [SUBPROCESS]    2026-09-09 23:11:00 +0200: Memory Usage (676644K) : metal5_res has 0 polygons
[2026-09-09 23:11:01,000] [SUBPROCESS]    2026-09-09 23:11:00 +0200: Memory Usage (677052K) : via5 has 0 polygons
[2026-09-09 23:11:01,008] [SUBPROCESS]    2026-09-09 23:11:00 +0200: Memory Usage (677052K) : metaltop_drawn has 0 polygons
[2026-09-09 23:11:01,015] [SUBPROCESS]    2026-09-09 23:11:01 +0200: Memory Usage (677052K) : metaltop_dummy has 0 polygons
[2026-09-09 23:11:01,024] [SUBPROCESS]    2026-09-09 23:11:01 +0200: Memory Usage (677052K) : metaltop_label has 0 polygons
[2026-09-09 23:11:01,031] [SUBPROCESS]    2026-09-09 23:11:01 +0200: Memory Usage (677052K) : metaltop_slot has 0 polygons
[2026-09-09 23:11:01,039] [SUBPROCESS]    2026-09-09 23:11:01 +0200: Memory Usage (677052K) : metaltop_blk has 0 polygons
[2026-09-09 23:11:01,064] [SUBPROCESS]    2026-09-09 23:11:01 +0200: Memory Usage (677464K) : metal6_res has 0 polygons
[2026-09-09 23:11:01,072] [SUBPROCESS]    2026-09-09 23:11:01 +0200: Memory Usage (677464K) : pad has 0 polygons
[2026-09-09 23:11:01,078] [SUBPROCESS]    2026-09-09 23:11:01 +0200: Memory Usage (677464K) : ubmpperi has 0 polygons
[2026-09-09 23:11:01,087] [SUBPROCESS]    2026-09-09 23:11:01 +0200: Memory Usage (677464K) : ubmparray has 0 polygons
[2026-09-09 23:11:01,094] [SUBPROCESS]    2026-09-09 23:11:01 +0200: Memory Usage (677464K) : ubmeplate has 0 polygons
[2026-09-09 23:11:01,101] [SUBPROCESS]    2026-09-09 23:11:01 +0200: Memory Usage (677464K) : pr_bndry has 0 polygons
[2026-09-09 23:11:01,110] [SUBPROCESS]    2026-09-09 23:11:01 +0200: Memory Usage (677464K) : border has 0 polygons
[2026-09-09 23:11:01,115] [SUBPROCESS]    2026-09-09 23:11:01 +0200: Memory Usage (677464K) : Total no. of polygons in the design is 4532
[2026-09-09 23:11:01,123] [SUBPROCESS]    2026-09-09 23:11:01 +0200: Memory Usage (677464K) : Starting deriving base layers.
[2026-09-09 23:11:01,128] [SUBPROCESS]    2026-09-09 23:11:01 +0200: Memory Usage (677464K) : Starting GF180MCU LVS runset
[2026-09-09 23:11:01,232] [SUBPROCESS]    2026-09-09 23:11:01 +0200: Memory Usage (677464K) : Starting base layers derivations
[2026-09-09 23:11:01,248] [SUBPROCESS]    2026-09-09 23:11:01 +0200: Memory Usage (825328K) : Starting MOSFET DERIVATIONS
[2026-09-09 23:11:01,283] [SUBPROCESS]    2026-09-09 23:11:01 +0200: Memory Usage (826084K) : Starting PMOS layers DERIVATIONS
[2026-09-09 23:11:01,324] [SUBPROCESS]    2026-09-09 23:11:01 +0200: Memory Usage (827972K) : Starting NMOS layers DERIVATIONS
[2026-09-09 23:11:01,331] [SUBPROCESS]    2026-09-09 23:11:01 +0200: Memory Usage (830264K) : Starting BJT DERIVATIONS
[2026-09-09 23:11:01,415] [SUBPROCESS]    2026-09-09 23:11:01 +0200: Memory Usage (830264K) : Starting vnpn layers DERIVATIONS
[2026-09-09 23:11:01,475] [SUBPROCESS]    2026-09-09 23:11:01 +0200: Memory Usage (835556K) : Starting vpnp layers DERIVATIONS
[2026-09-09 23:11:01,604] [SUBPROCESS]    2026-09-09 23:11:01 +0200: Memory Usage (837824K) : Starting DIODE DERIVATIONS
[2026-09-09 23:11:01,780] [SUBPROCESS]    2026-09-09 23:11:01 +0200: Memory Usage (838616K) : Starting RESISTOR DERIVATIONS
[2026-09-09 23:11:01,796] [SUBPROCESS]    2026-09-09 23:11:01 +0200: Memory Usage (838616K) : Starting MIMCAP DERIVATIONS
[2026-09-09 23:11:01,835] [SUBPROCESS]    2026-09-09 23:11:01 +0200: Memory Usage (838616K) : Starting MOSCAP DERIVATIONS
[2026-09-09 23:11:01,852] [SUBPROCESS]    2026-09-09 23:11:01 +0200: Memory Usage (838616K) : Starting MOS SAB DERIVATIONS
[2026-09-09 23:11:01,877] [SUBPROCESS]    2026-09-09 23:11:01 +0200: Memory Usage (838616K) : Starting PMOS SAB DERIVATIONS
[2026-09-09 23:11:01,904] [SUBPROCESS]    2026-09-09 23:11:01 +0200: Memory Usage (838616K) : Starting NMOS SAB DERIVATIONS
[2026-09-09 23:11:01,918] [SUBPROCESS]    2026-09-09 23:11:01 +0200: Memory Usage (838616K) : Starting NMOS EFUSE DERIVATIONS
[2026-09-09 23:11:01,924] [SUBPROCESS]    2026-09-09 23:11:01 +0200: Memory Usage (838616K) : Starting GF180 LVS connectivity setup
[2026-09-09 23:11:01,932] [SUBPROCESS]    2026-09-09 23:11:01 +0200: Memory Usage (838616K) : Starting GF180 LVS connectivity setup (Inter-layer)
[2026-09-09 23:11:01,938] [SUBPROCESS]    2026-09-09 23:11:01 +0200: Memory Usage (838616K) : Starting GF180 LVS connectivity setup (Global)
[2026-09-09 23:11:01,944] [SUBPROCESS]    2026-09-09 23:11:01 +0200: Memory Usage (838616K) : Starting GF180 LVS connectivity setup (Multifinger Devices)
[2026-09-09 23:11:01,950] [SUBPROCESS]    2026-09-09 23:11:01 +0200: Memory Usage (838616K) : Starting LVS MOSFET CONNECTIONS
[2026-09-09 23:11:01,957] [SUBPROCESS]    2026-09-09 23:11:01 +0200: Memory Usage (838616K) : Starting LVS BJT CONNECTIONS
[2026-09-09 23:11:01,963] [SUBPROCESS]    2026-09-09 23:11:01 +0200: Memory Usage (838616K) : Starting LVS DIODE CONNECTIONS
[2026-09-09 23:11:01,970] [SUBPROCESS]    2026-09-09 23:11:01 +0200: Memory Usage (838616K) : Starting LVS MIMCAP CONNECTIONS
[2026-09-09 23:11:01,978] [SUBPROCESS]    2026-09-09 23:11:01 +0200: Memory Usage (838616K) : Starting LVS RESISTOR CONNECTIONS
[2026-09-09 23:11:01,984] [SUBPROCESS]    2026-09-09 23:11:01 +0200: Memory Usage (838616K) : Starting LVS EFUSE CONNECTIONS
[2026-09-09 23:11:01,991] [SUBPROCESS]    2026-09-09 23:11:01 +0200: Memory Usage (838616K) : Starting GF180 LVS DEVICES EXTRACTION
[2026-09-09 23:11:01,996] [SUBPROCESS]    2026-09-09 23:11:01 +0200: Memory Usage (838616K) : Starting MOSFET EXTRACTION
[2026-09-09 23:11:02,003] [SUBPROCESS]    2026-09-09 23:11:01 +0200: Memory Usage (838616K) : Starting PMOS EXTRACTION
[2026-09-09 23:11:02,013] [SUBPROCESS]    2026-09-09 23:11:02 +0200: Memory Usage (838616K) : Extracting 3.3V PMOS transistor outside DNWEL
[2026-09-09 23:11:02,022] [SUBPROCESS]    2026-09-09 23:11:02 +0200: Memory Usage (838616K) : Extracting 5V PMOS transistor outside DNWELL
[2026-09-09 23:11:02,030] [SUBPROCESS]    2026-09-09 23:11:02 +0200: Memory Usage (838616K) : Extracting 6V PMOS transistor outside DNWELL
[2026-09-09 23:11:02,038] [SUBPROCESS]    2026-09-09 23:11:02 +0200: Memory Usage (838616K) : Extracting 3.3V PMOS transistor inside DNWELL
[2026-09-09 23:11:02,046] [SUBPROCESS]    2026-09-09 23:11:02 +0200: Memory Usage (838616K) : Extracting 5V PMOS transistor inside DNWELL
[2026-09-09 23:11:02,055] [SUBPROCESS]    2026-09-09 23:11:02 +0200: Memory Usage (838616K) : Extracting 6V PMOS transistor inside DNWELL
[2026-09-09 23:11:02,063] [SUBPROCESS]    2026-09-09 23:11:02 +0200: Memory Usage (838616K) : Extracting LDPMOS transistor
[2026-09-09 23:11:02,069] [SUBPROCESS]    2026-09-09 23:11:02 +0200: Memory Usage (838616K) : Starting NMOS EXTRACTION
[2026-09-09 23:11:02,077] [SUBPROCESS]    2026-09-09 23:11:02 +0200: Memory Usage (838616K) : 3.3V NMOS transistor outside DNWELL
[2026-09-09 23:11:02,106] [SUBPROCESS]    2026-09-09 23:11:02 +0200: Memory Usage (838616K) : 5V NMOS transistor outside DNWELL
[2026-09-09 23:11:02,112] [SUBPROCESS]    2026-09-09 23:11:02 +0200: Memory Usage (838680K) : 6V NMOS transistor outside DNWELL
[2026-09-09 23:11:02,119] [SUBPROCESS]    2026-09-09 23:11:02 +0200: Memory Usage (838680K) : 3.3V NMOS transistor inside DNWELL
[2026-09-09 23:11:02,128] [SUBPROCESS]    2026-09-09 23:11:02 +0200: Memory Usage (838680K) : 5V NMOS transistor inside DNWELL
[2026-09-09 23:11:02,136] [SUBPROCESS]    2026-09-09 23:11:02 +0200: Memory Usage (838680K) : 6V NMOS transistor inside DNWELL
[2026-09-09 23:11:02,144] [SUBPROCESS]    2026-09-09 23:11:02 +0200: Memory Usage (838680K) : Native Vt NMOS transistor
[2026-09-09 23:11:02,152] [SUBPROCESS]    2026-09-09 23:11:02 +0200: Memory Usage (838680K) : Extracting LDNMOS transistor
[2026-09-09 23:11:02,159] [SUBPROCESS]    2026-09-09 23:11:02 +0200: Memory Usage (838680K) : Starting BJT EXTRACTION
[2026-09-09 23:11:02,165] [SUBPROCESS]    2026-09-09 23:11:02 +0200: Memory Usage (838680K) : Starting vnpn BJT EXTRACTION
[2026-09-09 23:11:02,178] [SUBPROCESS]    2026-09-09 23:11:02 +0200: Memory Usage (838680K) : Extracting npn_10p00x10p00 BJT
[2026-09-09 23:11:02,188] [SUBPROCESS]    2026-09-09 23:11:02 +0200: Memory Usage (838680K) : Extracting npn_05p00x05p00 BJT
[2026-09-09 23:11:02,199] [SUBPROCESS]    2026-09-09 23:11:02 +0200: Memory Usage (838680K) : Extracting npn_00p54x16p00 BJT
[2026-09-09 23:11:02,211] [SUBPROCESS]    2026-09-09 23:11:02 +0200: Memory Usage (838680K) : Extracting npn_00p54x08p00 BJT
[2026-09-09 23:11:02,224] [SUBPROCESS]    2026-09-09 23:11:02 +0200: Memory Usage (838680K) : Extracting npn_00p54x04p00 BJT
[2026-09-09 23:11:02,234] [SUBPROCESS]    2026-09-09 23:11:02 +0200: Memory Usage (838680K) : Extracting npn_00p54x02p00 BJT
[2026-09-09 23:11:02,241] [SUBPROCESS]    2026-09-09 23:11:02 +0200: Memory Usage (838680K) : Starting vpnp BJT EXTRACTION
[2026-09-09 23:11:02,253] [SUBPROCESS]    2026-09-09 23:11:02 +0200: Memory Usage (838680K) : Extracting pnp_10p00x10p00 BJT
[2026-09-09 23:11:02,263] [SUBPROCESS]    2026-09-09 23:11:02 +0200: Memory Usage (838680K) : Extracting pnp_05p00x05p00 BJT
[2026-09-09 23:11:02,274] [SUBPROCESS]    2026-09-09 23:11:02 +0200: Memory Usage (838680K) : Extracting pnp_10p00x00p42 BJT
[2026-09-09 23:11:02,283] [SUBPROCESS]    2026-09-09 23:11:02 +0200: Memory Usage (838680K) : Extracting pnp_05p00x00p42 BJT
[2026-09-09 23:11:02,291] [SUBPROCESS]    2026-09-09 23:11:02 +0200: Memory Usage (838680K) : Starting DIODE EXTRACTION
[2026-09-09 23:11:02,299] [SUBPROCESS]    2026-09-09 23:11:02 +0200: Memory Usage (838680K) : Extracting diode_nd2ps_03v3 diode
[2026-09-09 23:11:02,307] [SUBPROCESS]    2026-09-09 23:11:02 +0200: Memory Usage (838680K) : Extracting diode_nd2ps_03v3_dn diode
[2026-09-09 23:11:02,315] [SUBPROCESS]    2026-09-09 23:11:02 +0200: Memory Usage (838680K) : Extracting diode_nd2ps_06v0 diode
[2026-09-09 23:11:02,323] [SUBPROCESS]    2026-09-09 23:11:02 +0200: Memory Usage (838680K) : Extracting diode_nd2ps_06v0_dn diode
[2026-09-09 23:11:02,333] [SUBPROCESS]    2026-09-09 23:11:02 +0200: Memory Usage (838680K) : Extracting diode_pd2nw_03v3 diode
[2026-09-09 23:11:02,342] [SUBPROCESS]    2026-09-09 23:11:02 +0200: Memory Usage (838680K) : Extractingdiode_pd2nw_03v3_dn diode
[2026-09-09 23:11:02,350] [SUBPROCESS]    2026-09-09 23:11:02 +0200: Memory Usage (838680K) : Extracting diode_pd2nw_06v0 diode
[2026-09-09 23:11:02,358] [SUBPROCESS]    2026-09-09 23:11:02 +0200: Memory Usage (838680K) : Extracting diode_pd2nw_06v0_dn diode
[2026-09-09 23:11:02,364] [SUBPROCESS]    2026-09-09 23:11:02 +0200: Memory Usage (838680K) : Extracting diode_nw2ps_03v3 diode
[2026-09-09 23:11:02,374] [SUBPROCESS]    2026-09-09 23:11:02 +0200: Memory Usage (838680K) : Extracting diode_nw2ps_06v0 diode
[2026-09-09 23:11:02,381] [SUBPROCESS]    2026-09-09 23:11:02 +0200: Memory Usage (838680K) : Extracting diode_pw2dw_03v3 diode
[2026-09-09 23:11:02,389] [SUBPROCESS]    2026-09-09 23:11:02 +0200: Memory Usage (838680K) : Extracting diode_pw2dw_06v0 diode
[2026-09-09 23:11:02,398] [SUBPROCESS]    2026-09-09 23:11:02 +0200: Memory Usage (838680K) : Extracting diode_dw2ps_03v3 diode
[2026-09-09 23:11:02,407] [SUBPROCESS]    2026-09-09 23:11:02 +0200: Memory Usage (838680K) : Extracting diode_dw2ps_06v0 diode
[2026-09-09 23:11:02,416] [SUBPROCESS]    2026-09-09 23:11:02 +0200: Memory Usage (838680K) : Extracting sc_diode diode
[2026-09-09 23:11:02,422] [SUBPROCESS]    2026-09-09 23:11:02 +0200: Memory Usage (838680K) : Starting RESISTOR EXTRACTION
[2026-09-09 23:11:02,430] [SUBPROCESS]    2026-09-09 23:11:02 +0200: Memory Usage (838680K) : Extracting NPLUS_U device
[2026-09-09 23:11:02,438] [SUBPROCESS]    2026-09-09 23:11:02 +0200: Memory Usage (838680K) : Extracting NPLUS_U_DW device
[2026-09-09 23:11:02,446] [SUBPROCESS]    2026-09-09 23:11:02 +0200: Memory Usage (838680K) : Extracting PPLUS_U device
[2026-09-09 23:11:02,455] [SUBPROCESS]    2026-09-09 23:11:02 +0200: Memory Usage (838680K) : Extracting PPLUS_U_DW device
[2026-09-09 23:11:02,464] [SUBPROCESS]    2026-09-09 23:11:02 +0200: Memory Usage (838680K) : Extracting NPLUS_S device
[2026-09-09 23:11:02,473] [SUBPROCESS]    2026-09-09 23:11:02 +0200: Memory Usage (838680K) : Extracting NPLUS_S_DW device
[2026-09-09 23:11:02,480] [SUBPROCESS]    2026-09-09 23:11:02 +0200: Memory Usage (838680K) : Extracting PPLUS_S device
[2026-09-09 23:11:02,491] [SUBPROCESS]    2026-09-09 23:11:02 +0200: Memory Usage (838680K) : Extracting PPLUS_S_DW device
[2026-09-09 23:11:02,500] [SUBPROCESS]    2026-09-09 23:11:02 +0200: Memory Usage (838680K) : Extracting NWELL device
[2026-09-09 23:11:02,509] [SUBPROCESS]    2026-09-09 23:11:02 +0200: Memory Usage (838680K) : Extracting PWELL device
[2026-09-09 23:11:02,516] [SUBPROCESS]    2026-09-09 23:11:02 +0200: Memory Usage (838680K) : Extracting NPOLYF_U device
[2026-09-09 23:11:02,526] [SUBPROCESS]    2026-09-09 23:11:02 +0200: Memory Usage (838680K) : Extracting NPOLYF_U_DW device
[2026-09-09 23:11:02,535] [SUBPROCESS]    2026-09-09 23:11:02 +0200: Memory Usage (838680K) : Extracting PPOLYF_U device
[2026-09-09 23:11:02,543] [SUBPROCESS]    2026-09-09 23:11:02 +0200: Memory Usage (838680K) : Extracting PPOLYF_U_DW device
[2026-09-09 23:11:02,552] [SUBPROCESS]    2026-09-09 23:11:02 +0200: Memory Usage (838680K) : Extracting NPOLYF_S device
[2026-09-09 23:11:02,561] [SUBPROCESS]    2026-09-09 23:11:02 +0200: Memory Usage (838680K) : Extracting NPOLYF_S_DW device
[2026-09-09 23:11:02,569] [SUBPROCESS]    2026-09-09 23:11:02 +0200: Memory Usage (838680K) : Extracting PPOLYF_S device
[2026-09-09 23:11:02,577] [SUBPROCESS]    2026-09-09 23:11:02 +0200: Memory Usage (838680K) : Extracting PPOLYF_S_DW device
[2026-09-09 23:11:02,586] [SUBPROCESS]    2026-09-09 23:11:02 +0200: Memory Usage (838680K) : Extracting PPOLYF_U_1K device
[2026-09-09 23:11:02,594] [SUBPROCESS]    2026-09-09 23:11:02 +0200: Memory Usage (838680K) : Extracting PPOLYF_U_DW_1 device
[2026-09-09 23:11:02,603] [SUBPROCESS]    2026-09-09 23:11:02 +0200: Memory Usage (838680K) : Extracting PPOLYF_U_1K_6p0 device
[2026-09-09 23:11:02,628] [SUBPROCESS]    2026-09-09 23:11:02 +0200: Memory Usage (838680K) : Extracting PPOLYF_U_DW_1K_6p0 device
[2026-09-09 23:11:02,639] [SUBPROCESS]    2026-09-09 23:11:02 +0200: Memory Usage (838680K) : Extracting RM1 device
[2026-09-09 23:11:02,648] [SUBPROCESS]    2026-09-09 23:11:02 +0200: Memory Usage (838680K) : Extracting RM2 device
[2026-09-09 23:11:02,658] [SUBPROCESS]    2026-09-09 23:11:02 +0200: Memory Usage (838680K) : Extracting RM3 device
[2026-09-09 23:11:02,665] [SUBPROCESS]    2026-09-09 23:11:02 +0200: Memory Usage (838680K) : Extracting TM9K device
[2026-09-09 23:11:02,674] [SUBPROCESS]    2026-09-09 23:11:02 +0200: Memory Usage (838680K) : Starting MIMCAP EXTRACTION
[2026-09-09 23:11:02,681] [SUBPROCESS]    2026-09-09 23:11:02 +0200: Memory Usage (838680K) : Extracting cap_mim2f0 device
[2026-09-09 23:11:02,687] [SUBPROCESS]    2026-09-09 23:11:02 +0200: Memory Usage (838680K) : Starting MOSCAP EXTRACTION
[2026-09-09 23:11:02,696] [SUBPROCESS]    2026-09-09 23:11:02 +0200: Memory Usage (838680K) : Extracting cap_nmos_03v3 device
[2026-09-09 23:11:02,704] [SUBPROCESS]    2026-09-09 23:11:02 +0200: Memory Usage (838680K) : Extracting cap_nmos_03v3_dn device
[2026-09-09 23:11:02,719] [SUBPROCESS]    2026-09-09 23:11:02 +0200: Memory Usage (838680K) : Extracting cap_pmos_03v3 device
[2026-09-09 23:11:02,727] [SUBPROCESS]    2026-09-09 23:11:02 +0200: Memory Usage (838680K) : Extracting cap_pmos_03v3_dn device
[2026-09-09 23:11:02,736] [SUBPROCESS]    2026-09-09 23:11:02 +0200: Memory Usage (838680K) : Extracting cap_nmos_06v0 device
[2026-09-09 23:11:02,744] [SUBPROCESS]    2026-09-09 23:11:02 +0200: Memory Usage (838680K) : Extracting cap_nmos_06v0_dn device
[2026-09-09 23:11:02,759] [SUBPROCESS]    2026-09-09 23:11:02 +0200: Memory Usage (838680K) : Extracting cap_pmos_06v0 device
[2026-09-09 23:11:02,775] [SUBPROCESS]    2026-09-09 23:11:02 +0200: Memory Usage (838680K) : Extracting cap_pmos_06v0 device
[2026-09-09 23:11:02,784] [SUBPROCESS]    2026-09-09 23:11:02 +0200: Memory Usage (838680K) : Extracting cap_pmos_03v3_b device
[2026-09-09 23:11:02,798] [SUBPROCESS]    2026-09-09 23:11:02 +0200: Memory Usage (838680K) : Extracting cap_nmos_06v0_b device
[2026-09-09 23:11:02,806] [SUBPROCESS]    2026-09-09 23:11:02 +0200: Memory Usage (838680K) : Extracting cap_pmos_06v0_b device
[2026-09-09 23:11:02,813] [SUBPROCESS]    2026-09-09 23:11:02 +0200: Memory Usage (838680K) : Starting MOS SAB EXTRACTION
[2026-09-09 23:11:02,820] [SUBPROCESS]    2026-09-09 23:11:02 +0200: Memory Usage (838680K) : Starting PMOS SAB EXTRACTION
[2026-09-09 23:11:02,828] [SUBPROCESS]    2026-09-09 23:11:02 +0200: Memory Usage (838680K) : Extracting 3.3V ESD PMOS transistor outside DNWELL device
[2026-09-09 23:11:02,836] [SUBPROCESS]    2026-09-09 23:11:02 +0200: Memory Usage (838680K) : Extracting 5V ESD PMOS transistor outside DNWELL device
[2026-09-09 23:11:02,844] [SUBPROCESS]    2026-09-09 23:11:02 +0200: Memory Usage (838680K) : Extracting 6V ESD PMOS transistor outside DNWELL device
[2026-09-09 23:11:02,852] [SUBPROCESS]    2026-09-09 23:11:02 +0200: Memory Usage (838680K) : Extracting 3.3V ESD PMOS transistor inside DNWELL device
[2026-09-09 23:11:02,861] [SUBPROCESS]    2026-09-09 23:11:02 +0200: Memory Usage (838680K) : Extracting 5V ESD PMOS transistor inside DNWELL device
[2026-09-09 23:11:02,869] [SUBPROCESS]    2026-09-09 23:11:02 +0200: Memory Usage (838680K) : Extracting 6V ESD PMOS transistor inside DNWELL device
[2026-09-09 23:11:02,876] [SUBPROCESS]    2026-09-09 23:11:02 +0200: Memory Usage (838680K) : Starting NMOS SAB EXTRACTION
[2026-09-09 23:11:02,883] [SUBPROCESS]    2026-09-09 23:11:02 +0200: Memory Usage (838680K) : Extracting 3.3V ESD NMOS transistor outside DNWELL device
[2026-09-09 23:11:02,894] [SUBPROCESS]    2026-09-09 23:11:02 +0200: Memory Usage (838680K) : Extracting 5V ESD NMOS transistor outside DNWELL device
[2026-09-09 23:11:02,902] [SUBPROCESS]    2026-09-09 23:11:02 +0200: Memory Usage (838680K) : Extracting 6V ESD NMOS transistor outside DNWELL device
[2026-09-09 23:11:02,910] [SUBPROCESS]    2026-09-09 23:11:02 +0200: Memory Usage (838680K) : Extracting 3.3V ESD NMOS transistor inside DNWELL device
[2026-09-09 23:11:02,917] [SUBPROCESS]    2026-09-09 23:11:02 +0200: Memory Usage (838680K) : Extracting 5V ESD NMOS transistor inside DNWELL device
[2026-09-09 23:11:02,926] [SUBPROCESS]    2026-09-09 23:11:02 +0200: Memory Usage (838680K) : Extracting 6V ESD NMOS transistor inside DNWELL device
[2026-09-09 23:11:02,935] [SUBPROCESS]    2026-09-09 23:11:02 +0200: Memory Usage (838680K) : Starting EFUSE EXTRACTION
[2026-09-09 23:11:02,969] [SUBPROCESS]    2026-09-09 23:11:02 +0200: Memory Usage (838680K) : Starting GF180 LVS comparison section
[2026-09-09 23:11:02,978] [SUBPROCESS]    2026-09-09 23:11:02 +0200: Memory Usage (838680K) : LVS Total Run time 2.928478 seconds
[2026-09-09 23:11:02,984] [SUBPROCESS]    2026-09-09 23:11:02 +0200: Memory Usage (838680K) : xxxxxxxxxxxxxxxxxxxxxxxxxxxxxxxxxxxxxxxxxx
[2026-09-09 23:11:02,990] [SUBPROCESS]    2026-09-09 23:11:02 +0200: Memory Usage (838680K) : ERROR : Netlists don't match
[2026-09-09 23:11:03,122] [SUBPROCESS]    2026-09-09 23:11:02 +0200: Memory Usage (838680K) : xxxxxxxxxxxxxxxxxxxxxxxxxxxxxxxxxxxxxxxxxx
[2026-09-09 23:11:03,246] [INFO]    klayout LVS succeeded after 5.326s
[2026-09-09 23:11:03,263] [WARNING]    Unable to find info about extracted LVS layer 'comp'
[2026-09-09 23:11:03,264] [WARNING]    Unable to find info about extracted LVS layer 'nwell'
[2026-09-09 23:11:03,265] [WARNING]    Unable to find info about extracted LVS layer 'contact'
[2026-09-09 23:11:03,267] [WARNING]    Unable to find info about extracted LVS layer 'via1'
[2026-09-09 23:11:03,269] [INFO]    (31, 20) -> (psd)
[2026-09-09 23:11:03,270] [INFO]    (34, 0) -> (metal1_con)
[2026-09-09 23:11:03,270] [INFO]    (36, 0) -> (metal2_con)
[2026-09-09 23:11:03,293] [WARNING]    Can't find GDS pair for layer M1-Poly
[2026-09-09 23:11:03,294] [WARNING]    Can't find GDS pair for layer Via1_con
[2026-09-09 23:11:03,295] [WARNING]    Can't find GDS pair for layer Via2_con
[2026-09-09 23:11:03,296] [WARNING]    Can't find GDS pair for layer Via3_con
[2026-09-09 23:11:03,297] [WARNING]    Can't find GDS pair for layer Via4_ncap
[2026-09-09 23:11:06,802] [INFO]    LVSDB: found 8pins
[2026-09-09 23:11:06,804] [WARNING]    Could not find a layer for device $1, class pfet_03v3, terminal G, net DAC_REF
[2026-09-09 23:11:06,807] [WARNING]    Could not find a layer for device $1, class pfet_03v3, terminal B, net VDD
[2026-09-09 23:11:06,810] [WARNING]    Could not find a layer for device $2, class pfet_03v3, terminal G, net DAC_REF
[2026-09-09 23:11:06,812] [WARNING]    Could not find a layer for device $2, class pfet_03v3, terminal B, net VDD
[2026-09-09 23:11:06,814] [WARNING]    Could not find a layer for device $3, class pfet_03v3, terminal G, net DAC_REF
[2026-09-09 23:11:06,816] [WARNING]    Could not find a layer for device $3, class pfet_03v3, terminal B, net VDD
[2026-09-09 23:11:06,818] [WARNING]    Could not find a layer for device $4, class pfet_03v3, terminal G, net DAC_REF
[2026-09-09 23:11:06,819] [WARNING]    Could not find a layer for device $4, class pfet_03v3, terminal B, net VDD
[2026-09-09 23:11:06,821] [WARNING]    Could not find a layer for device $5, class pfet_03v3, terminal G, net DAC_REF
[2026-09-09 23:11:06,824] [WARNING]    Could not find a layer for device $5, class pfet_03v3, terminal B, net VDD
[2026-09-09 23:11:06,826] [WARNING]    Could not find a layer for device $6, class pfet_03v3, terminal G, net DAC_REF
[2026-09-09 23:11:06,828] [WARNING]    Could not find a layer for device $6, class pfet_03v3, terminal B, net VDD
[2026-09-09 23:11:06,830] [WARNING]    Could not find a layer for device $7, class pfet_03v3, terminal G, net DAC_REF
[2026-09-09 23:11:06,833] [WARNING]    Could not find a layer for device $7, class pfet_03v3, terminal B, net VDD
[2026-09-09 23:11:06,835] [WARNING]    Could not find a layer for device $8, class pfet_03v3, terminal G, net DAC_REF
[2026-09-09 23:11:06,837] [WARNING]    Could not find a layer for device $8, class pfet_03v3, terminal B, net VDD
[2026-09-09 23:11:06,841] [WARNING]    Could not find a layer for device $9, class pfet_03v3, terminal G, net DAC_REF
[2026-09-09 23:11:06,844] [WARNING]    Could not find a layer for device $9, class pfet_03v3, terminal B, net VDD
[2026-09-09 23:11:06,847] [WARNING]    Could not find a layer for device $10, class pfet_03v3, terminal G, net DAC_REF
[2026-09-09 23:11:06,850] [WARNING]    Could not find a layer for device $10, class pfet_03v3, terminal B, net VDD
[2026-09-09 23:11:06,854] [WARNING]    Could not find a layer for device $11, class pfet_03v3, terminal G, net DAC_REF
[2026-09-09 23:11:06,856] [WARNING]    Could not find a layer for device $11, class pfet_03v3, terminal B, net VDD
[2026-09-09 23:11:06,858] [WARNING]    Could not find a layer for device $12, class pfet_03v3, terminal G, net DAC_REF
[2026-09-09 23:11:06,861] [WARNING]    Could not find a layer for device $12, class pfet_03v3, terminal B, net VDD
[2026-09-09 23:11:06,863] [WARNING]    Could not find a layer for device $13, class pfet_03v3, terminal G, net DAC_REF
[2026-09-09 23:11:06,865] [WARNING]    Could not find a layer for device $13, class pfet_03v3, terminal B, net VDD
[2026-09-09 23:11:06,868] [WARNING]    Could not find a layer for device $14, class pfet_03v3, terminal G, net DAC_REF
[2026-09-09 23:11:06,870] [WARNING]    Could not find a layer for device $14, class pfet_03v3, terminal B, net VDD
[2026-09-09 23:11:06,873] [WARNING]    Could not find a layer for device $15, class pfet_03v3, terminal G, net DAC_REF
[2026-09-09 23:11:06,876] [WARNING]    Could not find a layer for device $15, class pfet_03v3, terminal B, net VDD
[2026-09-09 23:11:06,878] [WARNING]    Could not find a layer for device $16, class pfet_03v3, terminal G, net DAC_REF
[2026-09-09 23:11:06,881] [WARNING]    Could not find a layer for device $16, class pfet_03v3, terminal B, net VDD
[2026-09-09 23:11:06,884] [WARNING]    Could not find a layer for device $17, class pfet_03v3, terminal G, net DAC_REF
[2026-09-09 23:11:06,887] [WARNING]    Could not find a layer for device $17, class pfet_03v3, terminal B, net VDD
[2026-09-09 23:11:06,890] [WARNING]    Could not find a layer for device $18, class pfet_03v3, terminal G, net DAC_REF
[2026-09-09 23:11:06,894] [WARNING]    Could not find a layer for device $18, class pfet_03v3, terminal B, net VDD
[2026-09-09 23:11:06,896] [WARNING]    Could not find a layer for device $19, class pfet_03v3, terminal G, net DAC_REF
[2026-09-09 23:11:06,898] [WARNING]    Could not find a layer for device $19, class pfet_03v3, terminal B, net VDD
[2026-09-09 23:11:06,900] [WARNING]    Could not find a layer for device $20, class pfet_03v3, terminal G, net DAC_REF
[2026-09-09 23:11:06,903] [WARNING]    Could not find a layer for device $20, class pfet_03v3, terminal B, net VDD
[2026-09-09 23:11:06,905] [WARNING]    Could not find a layer for device $21, class pfet_03v3, terminal G, net DAC_REF
[2026-09-09 23:11:06,909] [WARNING]    Could not find a layer for device $21, class pfet_03v3, terminal B, net VDD
[2026-09-09 23:11:06,911] [WARNING]    Could not find a layer for device $22, class pfet_03v3, terminal G, net DAC_REF
[2026-09-09 23:11:06,914] [WARNING]    Could not find a layer for device $22, class pfet_03v3, terminal B, net VDD
[2026-09-09 23:11:06,916] [WARNING]    Could not find a layer for device $23, class pfet_03v3, terminal G, net DAC_REF
[2026-09-09 23:11:06,919] [WARNING]    Could not find a layer for device $23, class pfet_03v3, terminal B, net VDD
[2026-09-09 23:11:06,922] [WARNING]    Could not find a layer for device $24, class pfet_03v3, terminal G, net DAC_REF
[2026-09-09 23:11:06,925] [WARNING]    Could not find a layer for device $24, class pfet_03v3, terminal B, net VDD
[2026-09-09 23:11:06,926] [WARNING]    Could not find a layer for device $25, class pfet_03v3, terminal G, net DAC_REF
[2026-09-09 23:11:06,928] [WARNING]    Could not find a layer for device $25, class pfet_03v3, terminal B, net VDD
[2026-09-09 23:11:06,930] [WARNING]    Could not find a layer for device $26, class pfet_03v3, terminal G, net DAC_REF
[2026-09-09 23:11:06,932] [WARNING]    Could not find a layer for device $26, class pfet_03v3, terminal B, net VDD
[2026-09-09 23:11:06,935] [WARNING]    Could not find a layer for device $27, class pfet_03v3, terminal G, net DAC_REF
[2026-09-09 23:11:06,937] [WARNING]    Could not find a layer for device $27, class pfet_03v3, terminal B, net VDD
[2026-09-09 23:11:06,941] [WARNING]    Could not find a layer for device $28, class pfet_03v3, terminal G, net DAC_REF
[2026-09-09 23:11:06,943] [WARNING]    Could not find a layer for device $28, class pfet_03v3, terminal B, net VDD
[2026-09-09 23:11:06,945] [WARNING]    Could not find a layer for device $29, class pfet_03v3, terminal G, net DAC_REF
[2026-09-09 23:11:06,947] [WARNING]    Could not find a layer for device $29, class pfet_03v3, terminal B, net VDD
[2026-09-09 23:11:06,949] [WARNING]    Could not find a layer for device $30, class pfet_03v3, terminal G, net DAC_REF
[2026-09-09 23:11:06,952] [WARNING]    Could not find a layer for device $30, class pfet_03v3, terminal B, net VDD
[2026-09-09 23:11:06,954] [WARNING]    Could not find a layer for device $31, class pfet_03v3, terminal G, net DAC_REF
[2026-09-09 23:11:06,956] [WARNING]    Could not find a layer for device $31, class pfet_03v3, terminal B, net VDD
[2026-09-09 23:11:06,958] [WARNING]    Could not find a layer for device $32, class pfet_03v3, terminal G, net DAC_REF
[2026-09-09 23:11:06,962] [WARNING]    Could not find a layer for device $32, class pfet_03v3, terminal B, net VDD
[2026-09-09 23:11:06,964] [WARNING]    Could not find a layer for device $33, class pfet_03v3, terminal G, net DAC_REF
[2026-09-09 23:11:06,966] [WARNING]    Could not find a layer for device $33, class pfet_03v3, terminal B, net VDD
[2026-09-09 23:11:06,969] [WARNING]    Could not find a layer for device $34, class pfet_03v3, terminal G, net DAC_REF
[2026-09-09 23:11:06,971] [WARNING]    Could not find a layer for device $34, class pfet_03v3, terminal B, net VDD
[2026-09-09 23:11:06,974] [WARNING]    Could not find a layer for device $35, class pfet_03v3, terminal G, net DAC_REF
[2026-09-09 23:11:06,977] [WARNING]    Could not find a layer for device $35, class pfet_03v3, terminal B, net VDD
[2026-09-09 23:11:06,979] [WARNING]    Could not find a layer for device $36, class pfet_03v3, terminal G, net DAC_REF
[2026-09-09 23:11:06,981] [WARNING]    Could not find a layer for device $36, class pfet_03v3, terminal B, net VDD
[2026-09-09 23:11:06,983] [WARNING]    Could not find a layer for device $37, class pfet_03v3, terminal G, net DAC_REF
[2026-09-09 23:11:06,986] [WARNING]    Could not find a layer for device $37, class pfet_03v3, terminal B, net VDD
[2026-09-09 23:11:06,987] [WARNING]    Could not find a layer for device $38, class pfet_03v3, terminal G, net DAC_REF
[2026-09-09 23:11:06,991] [WARNING]    Could not find a layer for device $38, class pfet_03v3, terminal B, net VDD
[2026-09-09 23:11:06,993] [WARNING]    Could not find a layer for device $39, class pfet_03v3, terminal G, net DAC_REF
[2026-09-09 23:11:06,995] [WARNING]    Could not find a layer for device $39, class pfet_03v3, terminal B, net VDD
[2026-09-09 23:11:06,997] [WARNING]    Could not find a layer for device $40, class pfet_03v3, terminal G, net DAC_REF
[2026-09-09 23:11:07,001] [WARNING]    Could not find a layer for device $40, class pfet_03v3, terminal B, net VDD
[2026-09-09 23:11:07,004] [WARNING]    Could not find a layer for device $41, class pfet_03v3, terminal G, net DAC_REF
[2026-09-09 23:11:07,006] [WARNING]    Could not find a layer for device $41, class pfet_03v3, terminal B, net VDD
[2026-09-09 23:11:07,009] [WARNING]    Could not find a layer for device $42, class pfet_03v3, terminal G, net DAC_REF
[2026-09-09 23:11:07,011] [WARNING]    Could not find a layer for device $42, class pfet_03v3, terminal B, net VDD
[2026-09-09 23:11:07,013] [WARNING]    Could not find a layer for device $43, class pfet_03v3, terminal G, net DAC_REF
[2026-09-09 23:11:07,016] [WARNING]    Could not find a layer for device $43, class pfet_03v3, terminal B, net VDD
[2026-09-09 23:11:07,018] [WARNING]    Could not find a layer for device $44, class pfet_03v3, terminal G, net DAC_REF
[2026-09-09 23:11:07,020] [WARNING]    Could not find a layer for device $44, class pfet_03v3, terminal B, net VDD
[2026-09-09 23:11:07,022] [WARNING]    Could not find a layer for device $45, class pfet_03v3, terminal G, net DAC_REF
[2026-09-09 23:11:07,024] [WARNING]    Could not find a layer for device $45, class pfet_03v3, terminal B, net VDD
[2026-09-09 23:11:07,026] [WARNING]    Could not find a layer for device $46, class pfet_03v3, terminal G, net DAC_REF
[2026-09-09 23:11:07,028] [WARNING]    Could not find a layer for device $46, class pfet_03v3, terminal B, net VDD
[2026-09-09 23:11:07,030] [WARNING]    Could not find a layer for device $47, class pfet_03v3, terminal G, net DAC_REF
[2026-09-09 23:11:07,032] [WARNING]    Could not find a layer for device $47, class pfet_03v3, terminal B, net VDD
[2026-09-09 23:11:07,035] [WARNING]    Could not find a layer for device $48, class pfet_03v3, terminal G, net DAC_REF
[2026-09-09 23:11:07,037] [WARNING]    Could not find a layer for device $48, class pfet_03v3, terminal B, net VDD
[2026-09-09 23:11:07,040] [WARNING]    Could not find a layer for device $49, class pfet_03v3, terminal G, net DAC_REF
[2026-09-09 23:11:07,043] [WARNING]    Could not find a layer for device $49, class pfet_03v3, terminal B, net VDD
[2026-09-09 23:11:07,045] [WARNING]    Could not find a layer for device $50, class pfet_03v3, terminal G, net DAC_REF
[2026-09-09 23:11:07,047] [WARNING]    Could not find a layer for device $50, class pfet_03v3, terminal B, net VDD
[2026-09-09 23:11:07,049] [WARNING]    Could not find a layer for device $51, class pfet_03v3, terminal G, net DAC_REF
[2026-09-09 23:11:07,052] [WARNING]    Could not find a layer for device $51, class pfet_03v3, terminal B, net VDD
[2026-09-09 23:11:07,054] [WARNING]    Could not find a layer for device $52, class pfet_03v3, terminal G, net DAC_REF
[2026-09-09 23:11:07,056] [WARNING]    Could not find a layer for device $52, class pfet_03v3, terminal B, net VDD
[2026-09-09 23:11:07,058] [WARNING]    Could not find a layer for device $53, class pfet_03v3, terminal G, net DAC_REF
[2026-09-09 23:11:07,060] [WARNING]    Could not find a layer for device $53, class pfet_03v3, terminal B, net VDD
[2026-09-09 23:11:07,062] [WARNING]    Could not find a layer for device $54, class pfet_03v3, terminal G, net DAC_REF
[2026-09-09 23:11:07,064] [WARNING]    Could not find a layer for device $54, class pfet_03v3, terminal B, net VDD
[2026-09-09 23:11:07,067] [WARNING]    Could not find a layer for device $55, class pfet_03v3, terminal G, net DAC_REF
[2026-09-09 23:11:07,069] [WARNING]    Could not find a layer for device $55, class pfet_03v3, terminal B, net VDD
[2026-09-09 23:11:07,072] [WARNING]    Could not find a layer for device $56, class pfet_03v3, terminal G, net DAC_REF
[2026-09-09 23:11:07,074] [WARNING]    Could not find a layer for device $56, class pfet_03v3, terminal B, net VDD
[2026-09-09 23:11:07,077] [WARNING]    Could not find a layer for device $57, class pfet_03v3, terminal G, net DAC_REF
[2026-09-09 23:11:07,079] [WARNING]    Could not find a layer for device $57, class pfet_03v3, terminal B, net VDD
[2026-09-09 23:11:07,083] [WARNING]    Could not find a layer for device $58, class pfet_03v3, terminal G, net DAC_REF
[2026-09-09 23:11:07,086] [WARNING]    Could not find a layer for device $58, class pfet_03v3, terminal B, net VDD
[2026-09-09 23:11:07,088] [WARNING]    Could not find a layer for device $59, class pfet_03v3, terminal G, net DAC_REF
[2026-09-09 23:11:07,090] [WARNING]    Could not find a layer for device $59, class pfet_03v3, terminal B, net VDD
[2026-09-09 23:11:07,093] [WARNING]    Could not find a layer for device $60, class pfet_03v3, terminal G, net DAC_REF
[2026-09-09 23:11:07,095] [WARNING]    Could not find a layer for device $60, class pfet_03v3, terminal B, net VDD
[2026-09-09 23:11:07,097] [WARNING]    Could not find a layer for device $61, class pfet_03v3, terminal G, net DAC_REF
[2026-09-09 23:11:07,099] [WARNING]    Could not find a layer for device $61, class pfet_03v3, terminal B, net VDD
[2026-09-09 23:11:07,102] [WARNING]    Could not find a layer for device $62, class pfet_03v3, terminal G, net DAC_REF
[2026-09-09 23:11:07,104] [WARNING]    Could not find a layer for device $62, class pfet_03v3, terminal B, net VDD
[2026-09-09 23:11:07,106] [WARNING]    Could not find a layer for device $63, class pfet_03v3, terminal G, net DAC_REF
[2026-09-09 23:11:07,109] [WARNING]    Could not find a layer for device $63, class pfet_03v3, terminal B, net VDD
[2026-09-09 23:11:07,111] [WARNING]    Could not find a layer for device $64, class pfet_03v3, terminal G, net b[4]
[2026-09-09 23:11:07,113] [WARNING]    Could not find a layer for device $64, class pfet_03v3, terminal B, net VDD
[2026-09-09 23:11:07,114] [WARNING]    Could not find a layer for device $65, class pfet_03v3, terminal G, net b[4]
[2026-09-09 23:11:07,116] [WARNING]    Could not find a layer for device $65, class pfet_03v3, terminal B, net VDD
[2026-09-09 23:11:07,119] [WARNING]    Could not find a layer for device $66, class pfet_03v3, terminal G, net b[4]
[2026-09-09 23:11:07,122] [WARNING]    Could not find a layer for device $66, class pfet_03v3, terminal B, net VDD
[2026-09-09 23:11:07,124] [WARNING]    Could not find a layer for device $67, class pfet_03v3, terminal G, net b[4]
[2026-09-09 23:11:07,126] [WARNING]    Could not find a layer for device $67, class pfet_03v3, terminal B, net VDD
[2026-09-09 23:11:07,128] [WARNING]    Could not find a layer for device $68, class pfet_03v3, terminal G, net b[3]
[2026-09-09 23:11:07,129] [WARNING]    Could not find a layer for device $68, class pfet_03v3, terminal B, net VDD
[2026-09-09 23:11:07,131] [WARNING]    Could not find a layer for device $69, class pfet_03v3, terminal G, net b[3]
[2026-09-09 23:11:07,133] [WARNING]    Could not find a layer for device $69, class pfet_03v3, terminal B, net VDD
[2026-09-09 23:11:07,135] [WARNING]    Could not find a layer for device $70, class pfet_03v3, terminal G, net b[2]
[2026-09-09 23:11:07,137] [WARNING]    Could not find a layer for device $70, class pfet_03v3, terminal B, net VDD
[2026-09-09 23:11:07,139] [WARNING]    Could not find a layer for device $71, class pfet_03v3, terminal G, net b[4]
[2026-09-09 23:11:07,142] [WARNING]    Could not find a layer for device $71, class pfet_03v3, terminal B, net VDD
[2026-09-09 23:11:07,143] [WARNING]    Could not find a layer for device $72, class pfet_03v3, terminal G, net b[4]
[2026-09-09 23:11:07,145] [WARNING]    Could not find a layer for device $72, class pfet_03v3, terminal B, net VDD
[2026-09-09 23:11:07,147] [WARNING]    Could not find a layer for device $73, class pfet_03v3, terminal G, net b[4]
[2026-09-09 23:11:07,149] [WARNING]    Could not find a layer for device $73, class pfet_03v3, terminal B, net VDD
[2026-09-09 23:11:07,151] [WARNING]    Could not find a layer for device $74, class pfet_03v3, terminal G, net b[4]
[2026-09-09 23:11:07,153] [WARNING]    Could not find a layer for device $74, class pfet_03v3, terminal B, net VDD
[2026-09-09 23:11:07,155] [WARNING]    Could not find a layer for device $75, class pfet_03v3, terminal G, net b[3]
[2026-09-09 23:11:07,157] [WARNING]    Could not find a layer for device $75, class pfet_03v3, terminal B, net VDD
[2026-09-09 23:11:07,159] [WARNING]    Could not find a layer for device $76, class pfet_03v3, terminal G, net b[3]
[2026-09-09 23:11:07,162] [WARNING]    Could not find a layer for device $76, class pfet_03v3, terminal B, net VDD
[2026-09-09 23:11:07,164] [WARNING]    Could not find a layer for device $77, class pfet_03v3, terminal G, net b[2]
[2026-09-09 23:11:07,166] [WARNING]    Could not find a layer for device $77, class pfet_03v3, terminal B, net VDD
[2026-09-09 23:11:07,168] [WARNING]    Could not find a layer for device $78, class pfet_03v3, terminal G, net b[1]
[2026-09-09 23:11:07,170] [WARNING]    Could not find a layer for device $78, class pfet_03v3, terminal B, net VDD
[2026-09-09 23:11:07,171] [WARNING]    Could not find a layer for device $79, class pfet_03v3, terminal G, net b[4]
[2026-09-09 23:11:07,173] [WARNING]    Could not find a layer for device $79, class pfet_03v3, terminal B, net VDD
[2026-09-09 23:11:07,175] [WARNING]    Could not find a layer for device $80, class pfet_03v3, terminal G, net b[4]
[2026-09-09 23:11:07,177] [WARNING]    Could not find a layer for device $80, class pfet_03v3, terminal B, net VDD
[2026-09-09 23:11:07,179] [WARNING]    Could not find a layer for device $81, class pfet_03v3, terminal G, net b[4]
[2026-09-09 23:11:07,181] [WARNING]    Could not find a layer for device $81, class pfet_03v3, terminal B, net VDD
[2026-09-09 23:11:07,183] [WARNING]    Could not find a layer for device $82, class pfet_03v3, terminal G, net b[4]
[2026-09-09 23:11:07,185] [WARNING]    Could not find a layer for device $82, class pfet_03v3, terminal B, net VDD
[2026-09-09 23:11:07,187] [WARNING]    Could not find a layer for device $83, class pfet_03v3, terminal G, net b[3]
[2026-09-09 23:11:07,189] [WARNING]    Could not find a layer for device $83, class pfet_03v3, terminal B, net VDD
[2026-09-09 23:11:07,191] [WARNING]    Could not find a layer for device $84, class pfet_03v3, terminal G, net b[3]
[2026-09-09 23:11:07,193] [WARNING]    Could not find a layer for device $84, class pfet_03v3, terminal B, net VDD
[2026-09-09 23:11:07,195] [WARNING]    Could not find a layer for device $85, class pfet_03v3, terminal G, net b[2]
[2026-09-09 23:11:07,197] [WARNING]    Could not find a layer for device $85, class pfet_03v3, terminal B, net VDD
[2026-09-09 23:11:07,199] [WARNING]    Could not find a layer for device $86, class pfet_03v3, terminal G, net b[1]
[2026-09-09 23:11:07,202] [WARNING]    Could not find a layer for device $86, class pfet_03v3, terminal B, net VDD
[2026-09-09 23:11:07,204] [WARNING]    Could not find a layer for device $87, class pfet_03v3, terminal G, net b[1]
[2026-09-09 23:11:07,207] [WARNING]    Could not find a layer for device $87, class pfet_03v3, terminal B, net VDD
[2026-09-09 23:11:07,209] [WARNING]    Could not find a layer for device $88, class pfet_03v3, terminal G, net b[4]
[2026-09-09 23:11:07,211] [WARNING]    Could not find a layer for device $88, class pfet_03v3, terminal B, net VDD
[2026-09-09 23:11:07,213] [WARNING]    Could not find a layer for device $89, class pfet_03v3, terminal G, net b[4]
[2026-09-09 23:11:07,214] [WARNING]    Could not find a layer for device $89, class pfet_03v3, terminal B, net VDD
[2026-09-09 23:11:07,217] [WARNING]    Could not find a layer for device $90, class pfet_03v3, terminal G, net b[4]
[2026-09-09 23:11:07,219] [WARNING]    Could not find a layer for device $90, class pfet_03v3, terminal B, net VDD
[2026-09-09 23:11:07,220] [WARNING]    Could not find a layer for device $91, class pfet_03v3, terminal G, net b[4]
[2026-09-09 23:11:07,223] [WARNING]    Could not find a layer for device $91, class pfet_03v3, terminal B, net VDD
[2026-09-09 23:11:07,225] [WARNING]    Could not find a layer for device $92, class pfet_03v3, terminal G, net b[3]
[2026-09-09 23:11:07,228] [WARNING]    Could not find a layer for device $92, class pfet_03v3, terminal B, net VDD
[2026-09-09 23:11:07,229] [WARNING]    Could not find a layer for device $93, class pfet_03v3, terminal G, net b[3]
[2026-09-09 23:11:07,231] [WARNING]    Could not find a layer for device $93, class pfet_03v3, terminal B, net VDD
[2026-09-09 23:11:07,233] [WARNING]    Could not find a layer for device $94, class pfet_03v3, terminal G, net b[2]
[2026-09-09 23:11:07,235] [WARNING]    Could not find a layer for device $94, class pfet_03v3, terminal B, net VDD
[2026-09-09 23:11:07,237] [WARNING]    Could not find a layer for device $95, class pfet_03v3, terminal G, net b[0]
[2026-09-09 23:11:07,239] [WARNING]    Could not find a layer for device $95, class pfet_03v3, terminal B, net VDD
[2026-09-09 23:11:07,921] [SUBPROCESS]    Device;Net1;Net2;Capacitance [fF];Resistance [Ω]
[2026-09-09 23:11:07,921] [SUBPROCESS]    C1;$10;$13;1.694;
[2026-09-09 23:11:07,922] [SUBPROCESS]    C2;$10;$14;0.249;
[2026-09-09 23:11:07,923] [SUBPROCESS]    C3;$10;$26;3.246;
[2026-09-09 23:11:07,923] [SUBPROCESS]    C4;$10;$7;0.58;
[2026-09-09 23:11:07,924] [SUBPROCESS]    C5;$10;b[0];0.003;
[2026-09-09 23:11:07,925] [SUBPROCESS]    C6;$10;b[2];0.439;
[2026-09-09 23:11:07,925] [SUBPROCESS]    C7;$10;b[3];2.105;
[2026-09-09 23:11:07,925] [SUBPROCESS]    C8;$10;b[4];0.012;
[2026-09-09 23:11:07,926] [SUBPROCESS]    C9;$10;DAC_REF;0.013;
[2026-09-09 23:11:07,926] [SUBPROCESS]    C10;$10;I_DAC;0.806;
[2026-09-09 23:11:07,927] [SUBPROCESS]    C11;$10;VDD;7.031;
[2026-09-09 23:11:07,927] [SUBPROCESS]    C12;$10;VSUBS;7.237;
[2026-09-09 23:11:07,928] [SUBPROCESS]    C13;$13;$14;2.935;
[2026-09-09 23:11:07,928] [SUBPROCESS]    C14;$13;$26;0.491;
[2026-09-09 23:11:07,929] [SUBPROCESS]    C15;$13;$7;0.097;
[2026-09-09 23:11:07,929] [SUBPROCESS]    C16;$13;b[0];0.117;
[2026-09-09 23:11:07,929] [SUBPROCESS]    C17;$13;b[1];0.326;
[2026-09-09 23:11:07,930] [SUBPROCESS]    C18;$13;b[2];0.525;
[2026-09-09 23:11:07,930] [SUBPROCESS]    C19;$13;I_DAC;0.361;
[2026-09-09 23:11:07,931] [SUBPROCESS]    C20;$13;VDD;3.826;
[2026-09-09 23:11:07,931] [SUBPROCESS]    C21;$13;VSUBS;3.202;
[2026-09-09 23:11:07,932] [SUBPROCESS]    C22;$14;$26;0.351;
[2026-09-09 23:11:07,932] [SUBPROCESS]    C23;$14;$7;1.178;
[2026-09-09 23:11:07,932] [SUBPROCESS]    C24;$14;b[0];0.14;
[2026-09-09 23:11:07,933] [SUBPROCESS]    C25;$14;b[1];0.126;
[2026-09-09 23:11:07,933] [SUBPROCESS]    C26;$14;I_DAC;0.329;
[2026-09-09 23:11:07,934] [SUBPROCESS]    C27;$14;VDD;2.038;
[2026-09-09 23:11:07,934] [SUBPROCESS]    C28;$14;VSUBS;1.832;
[2026-09-09 23:11:07,935] [SUBPROCESS]    C29;$26;$7;0.33;
[2026-09-09 23:11:07,935] [SUBPROCESS]    C30;$26;b[3];0.073;
[2026-09-09 23:11:07,936] [SUBPROCESS]    C31;$26;b[4];3.887;
[2026-09-09 23:11:07,936] [SUBPROCESS]    C32;$26;DAC_REF;0.062;
[2026-09-09 23:11:07,936] [SUBPROCESS]    C33;$26;I_DAC;1.326;
[2026-09-09 23:11:07,937] [SUBPROCESS]    C34;$26;VDD;10.245;
[2026-09-09 23:11:07,937] [SUBPROCESS]    C35;$26;VSUBS;9.899;
[2026-09-09 23:11:07,938] [SUBPROCESS]    C36;$7;b[0];0.299;
[2026-09-09 23:11:07,938] [SUBPROCESS]    C37;$7;I_DAC;0.054;
[2026-09-09 23:11:07,938] [SUBPROCESS]    C38;$7;VDD;1.178;
[2026-09-09 23:11:07,939] [SUBPROCESS]    C39;$7;VSUBS;1.73;
[2026-09-09 23:11:07,939] [SUBPROCESS]    C40;b[0];b[1];0.05;
[2026-09-09 23:11:07,940] [SUBPROCESS]    C41;b[0];b[2];0.016;
[2026-09-09 23:11:07,941] [SUBPROCESS]    C42;b[1];b[2];0.062;
[2026-09-09 23:11:07,941] [SUBPROCESS]    C43;b[1];b[3];0.0;
[2026-09-09 23:11:07,942] [SUBPROCESS]    C44;b[2];b[3];0.079;
[2026-09-09 23:11:07,942] [SUBPROCESS]    C45;b[3];b[4];0.252;
[2026-09-09 23:11:07,942] [SUBPROCESS]    C46;DAC_REF;VDD;1.307;
[2026-09-09 23:11:07,943] [SUBPROCESS]    C47;DAC_REF;VSUBS;0.553;
[2026-09-09 23:11:07,943] [SUBPROCESS]    C48;I_DAC;b[0];1.153;
[2026-09-09 23:11:07,944] [SUBPROCESS]    C49;I_DAC;b[1];0.66;
[2026-09-09 23:11:07,944] [SUBPROCESS]    C50;I_DAC;b[2];0.794;
[2026-09-09 23:11:07,945] [SUBPROCESS]    C51;I_DAC;b[3];1.625;
[2026-09-09 23:11:07,945] [SUBPROCESS]    C52;I_DAC;b[4];3.571;
[2026-09-09 23:11:07,946] [SUBPROCESS]    C53;I_DAC;VDD;1.187;
[2026-09-09 23:11:07,946] [SUBPROCESS]    C54;I_DAC;VSUBS;3.647;
[2026-09-09 23:11:07,947] [SUBPROCESS]    C55;VDD;b[0];2.273;
[2026-09-09 23:11:07,947] [SUBPROCESS]    C56;VDD;b[1];0.11;
[2026-09-09 23:11:07,948] [SUBPROCESS]    C57;VDD;b[2];0.137;
[2026-09-09 23:11:07,948] [SUBPROCESS]    C58;VDD;b[3];0.228;
[2026-09-09 23:11:07,949] [SUBPROCESS]    C59;VDD;b[4];0.779;
[2026-09-09 23:11:07,949] [SUBPROCESS]    C60;VDD;VSUBS;49.487;
[2026-09-09 23:11:07,949] [SUBPROCESS]    C61;VSUBS;b[0];0.693;
[2026-09-09 23:11:07,951] [SUBPROCESS]    C62;VSUBS;b[1];0.413;
[2026-09-09 23:11:07,952] [SUBPROCESS]    C63;VSUBS;b[2];0.45;
[2026-09-09 23:11:07,952] [SUBPROCESS]    C64;VSUBS;b[3];0.952;
[2026-09-09 23:11:07,953] [SUBPROCESS]    C65;VSUBS;b[4];2.063;
[2026-09-09 23:11:07,954] [SUBPROCESS]    /foss/designs/DAC_CORE_5bit/output/DAC_CORE_5bit__DAC_CORE_5bit/DAC_CORE_5bit_k25d_pex_netlist.csv
[2026-09-09 23:11:07,962] [SUBPROCESS]    Wrote expanded netlist to: /foss/designs/DAC_CORE_5bit/output/DAC_CORE_5bit__DAC_CORE_5bit/DAC_CORE_5bit_k25d_pex_netlist.spice
[2026-09-09 23:11:07,966] [INFO]    Copied expanded SPICE netlist to: DAC_CORE_5bit.pex.spice
