[2026-09-09 23:33:50,325] [INFO]    GDS input file passed, running in LVS mode
[2026-09-09 23:33:50,327] [INFO]    Found cell DAC_CORE_5bit in GDS DAC_CORE_5bit.klay.gds (only top cell)
[2026-09-09 23:33:50,328] [INFO]    LVS input schematic not specified (argument --schematic), using dummy schematic
[2026-09-09 23:33:50,333] [INFO]    Cache miss: extracted LVSDB is older than the input GDS
[2026-09-09 23:33:50,333] [SUBPROCESS]    output/.kpex_cache/gf180mcuD/foss/designs/DAC_CORE_5bit/DAC_CORE_5bit.klay.gds/DAC_CORE_5bit.lvsdb.gz
[2026-09-09 23:33:50,334] [SUBPROCESS]    klayout -b -r /usr/local/lib/python3.12/dist-packages/klayout_pex/pdk/gf180mcuD/libs.tech/kpex/gf180mcu.lvs -rd input=/foss/designs/DAC_CORE_5bit/DAC_CORE_5bit.klay.gds -rd report=/foss/designs/DAC_CORE_5bit/output/DAC_CORE_5bit__DAC_CORE_5bit/DAC_CORE_5bit.lvsdb.gz -rd schematic=/foss/designs/DAC_CORE_5bit/output/DAC_CORE_5bit__DAC_CORE_5bit/DAC_CORE_5bit_dummy_schematic.spice -rd thr=22 -rd run_mode=deep -rd spice_net_names=true -rd spice_comments=false -rd scale=false -rd verbose=false -rd schematic_simplify=false -rd net_only=false -rd top_lvl_pins=true -rd combine=false -rd combine_devices=false -rd purge=false -rd purge_nets=false -rd no_simplify=true
[2026-09-09 23:33:50,336] [SUBPROCESS]    output/DAC_CORE_5bit__DAC_CORE_5bit/DAC_CORE_5bit_lvs.log
[2026-09-09 23:33:52,456] [SUBPROCESS]    2026-09-09 23:33:52 +0200: Memory Usage (674568K) : Starting running GF180MCU Klayout LVS runset on /foss/designs/DAC_CORE_5bit/DAC_CORE_5bit.klay.gds
[2026-09-09 23:33:52,464] [SUBPROCESS]    2026-09-09 23:33:52 +0200: Memory Usage (674568K) : Ruby Version for klayout: 3.2.3
[2026-09-09 23:33:52,469] [SUBPROCESS]    2026-09-09 23:33:52 +0200: Memory Usage (674568K) : Loading database to memory is complete.
[2026-09-09 23:33:52,475] [SUBPROCESS]    2026-09-09 23:33:52 +0200: Memory Usage (674568K) : GF180MCU Klayout LVS runset output at: /foss/designs/DAC_CORE_5bit/output/DAC_CORE_5bit__DAC_CORE_5bit/DAC_CORE_5bit.lvsdb.gz
[2026-09-09 23:33:52,482] [SUBPROCESS]    2026-09-09 23:33:52 +0200: Memory Usage (674568K) : Evaluate switches.
[2026-09-09 23:33:52,490] [SUBPROCESS]    2026-09-09 23:33:52 +0200: Memory Usage (674568K) : Substrate name used: 
[2026-09-09 23:33:52,497] [SUBPROCESS]    2026-09-09 23:33:52 +0200: Memory Usage (674568K) : Extracted netlist with net names: true
[2026-09-09 23:33:52,504] [SUBPROCESS]    2026-09-09 23:33:52 +0200: Memory Usage (674568K) : Extracted netlist with comments in details: false
[2026-09-09 23:33:52,510] [SUBPROCESS]    2026-09-09 23:33:52 +0200: Memory Usage (674568K) : GF180MCU Klayout LVS extracted netlist file at: DAC_CORE_5bit_extracted.cir
[2026-09-09 23:33:52,518] [SUBPROCESS]    2026-09-09 23:33:52 +0200: Memory Usage (674568K) : LVS device_scaling option: false
[2026-09-09 23:33:52,523] [SUBPROCESS]    2026-09-09 23:33:52 +0200: Memory Usage (674568K) : Selected SCH_SIMPLE option: false
[2026-09-09 23:33:52,531] [SUBPROCESS]    2026-09-09 23:33:52 +0200: Memory Usage (674568K) : Selected NET_ONLY option: false
[2026-09-09 23:33:52,538] [SUBPROCESS]    2026-09-09 23:33:52 +0200: Memory Usage (674568K) : Selected TOP_LVL_PINS option: true
[2026-09-09 23:33:52,546] [SUBPROCESS]    2026-09-09 23:33:52 +0200: Memory Usage (674568K) : Selected COMBINE option: false
[2026-09-09 23:33:52,553] [SUBPROCESS]    2026-09-09 23:33:52 +0200: Memory Usage (674568K) : Selected PURGE option: false
[2026-09-09 23:33:52,560] [SUBPROCESS]    2026-09-09 23:33:52 +0200: Memory Usage (674568K) : Selected PURGE_NETS option: false
[2026-09-09 23:33:52,567] [SUBPROCESS]    2026-09-09 23:33:52 +0200: Memory Usage (674568K) : Selected SIMPLIFY option: false
[2026-09-09 23:33:52,573] [SUBPROCESS]    2026-09-09 23:33:52 +0200: Memory Usage (674568K) : Verbose mode: false
[2026-09-09 23:33:52,581] [SUBPROCESS]    2026-09-09 23:33:52 +0200: Memory Usage (674568K) : deep  mode is enabled.
[2026-09-09 23:33:52,587] [SUBPROCESS]    2026-09-09 23:33:52 +0200: Memory Usage (674568K) : METAL_TOP Selected is 9K
[2026-09-09 23:33:52,593] [SUBPROCESS]    2026-09-09 23:33:52 +0200: Memory Usage (674568K) : METAL_STACK Selected is 6LM
[2026-09-09 23:33:52,601] [SUBPROCESS]    2026-09-09 23:33:52 +0200: Memory Usage (674568K) : POLY_RES Selected is 1k
[2026-09-09 23:33:52,607] [SUBPROCESS]    2026-09-09 23:33:52 +0200: Memory Usage (674568K) : MIM Option selected: B
[2026-09-09 23:33:52,616] [SUBPROCESS]    2026-09-09 23:33:52 +0200: Memory Usage (674568K) : MIM CAP selected: 2
[2026-09-09 23:33:52,622] [SUBPROCESS]    2026-09-09 23:33:52 +0200: Memory Usage (674568K) : Netlist file: /foss/designs/DAC_CORE_5bit/output/DAC_CORE_5bit__DAC_CORE_5bit/DAC_CORE_5bit_dummy_schematic.spice
[2026-09-09 23:33:52,631] [SUBPROCESS]    2026-09-09 23:33:52 +0200: Memory Usage (674568K) : Read in polygons from layers.
[2026-09-09 23:33:52,638] [SUBPROCESS]    2026-09-09 23:33:52 +0200: Memory Usage (674568K) : comp has 649 polygons
[2026-09-09 23:33:52,648] [SUBPROCESS]    2026-09-09 23:33:52 +0200: Memory Usage (674568K) : dnwell has 0 polygons
[2026-09-09 23:33:52,657] [SUBPROCESS]    2026-09-09 23:33:52 +0200: Memory Usage (674568K) : nwell has 651 polygons
[2026-09-09 23:33:52,668] [SUBPROCESS]    2026-09-09 23:33:52 +0200: Memory Usage (674568K) : lvpwell has 0 polygons
[2026-09-09 23:33:52,674] [SUBPROCESS]    2026-09-09 23:33:52 +0200: Memory Usage (674568K) : dualgate has 0 polygons
[2026-09-09 23:33:52,683] [SUBPROCESS]    2026-09-09 23:33:52 +0200: Memory Usage (674568K) : poly2 has 231 polygons
[2026-09-09 23:33:52,690] [SUBPROCESS]    2026-09-09 23:33:52 +0200: Memory Usage (674568K) : nplus has 554 polygons
[2026-09-09 23:33:52,699] [SUBPROCESS]    2026-09-09 23:33:52 +0200: Memory Usage (674568K) : pplus has 95 polygons
[2026-09-09 23:33:52,706] [SUBPROCESS]    2026-09-09 23:33:52 +0200: Memory Usage (674568K) : sab has 0 polygons
[2026-09-09 23:33:52,714] [SUBPROCESS]    2026-09-09 23:33:52 +0200: Memory Usage (674568K) : esd has 0 polygons
[2026-09-09 23:33:52,720] [SUBPROCESS]    2026-09-09 23:33:52 +0200: Memory Usage (674568K) : resistor has 0 polygons
[2026-09-09 23:33:52,729] [SUBPROCESS]    2026-09-09 23:33:52 +0200: Memory Usage (674568K) : fhres has 0 polygons
[2026-09-09 23:33:52,738] [SUBPROCESS]    2026-09-09 23:33:52 +0200: Memory Usage (674568K) : fusetop has 0 polygons
[2026-09-09 23:33:52,746] [SUBPROCESS]    2026-09-09 23:33:52 +0200: Memory Usage (674568K) : fusewindow_d has 0 polygons
[2026-09-09 23:33:52,753] [SUBPROCESS]    2026-09-09 23:33:52 +0200: Memory Usage (674568K) : polyfuse has 0 polygons
[2026-09-09 23:33:52,760] [SUBPROCESS]    2026-09-09 23:33:52 +0200: Memory Usage (674568K) : mvsd has 0 polygons
[2026-09-09 23:33:52,770] [SUBPROCESS]    2026-09-09 23:33:52 +0200: Memory Usage (675084K) : mvpsd has 0 polygons
[2026-09-09 23:33:52,779] [SUBPROCESS]    2026-09-09 23:33:52 +0200: Memory Usage (675084K) : nat has 0 polygons
[2026-09-09 23:33:52,787] [SUBPROCESS]    2026-09-09 23:33:52 +0200: Memory Usage (675084K) : comp_dummy has 0 polygons
[2026-09-09 23:33:52,796] [SUBPROCESS]    2026-09-09 23:33:52 +0200: Memory Usage (675084K) : poly2_dummy has 0 polygons
[2026-09-09 23:33:52,804] [SUBPROCESS]    2026-09-09 23:33:52 +0200: Memory Usage (675084K) : schottky_diode has 0 polygons
[2026-09-09 23:33:52,814] [SUBPROCESS]    2026-09-09 23:33:52 +0200: Memory Usage (675084K) : zener has 0 polygons
[2026-09-09 23:33:52,821] [SUBPROCESS]    2026-09-09 23:33:52 +0200: Memory Usage (675084K) : res_mk has 0 polygons
[2026-09-09 23:33:52,829] [SUBPROCESS]    2026-09-09 23:33:52 +0200: Memory Usage (675084K) : opc_drc has 0 polygons
[2026-09-09 23:33:52,837] [SUBPROCESS]    2026-09-09 23:33:52 +0200: Memory Usage (675084K) : ndmy has 0 polygons
[2026-09-09 23:33:52,844] [SUBPROCESS]    2026-09-09 23:33:52 +0200: Memory Usage (675084K) : pmndmy has 0 polygons
[2026-09-09 23:33:52,853] [SUBPROCESS]    2026-09-09 23:33:52 +0200: Memory Usage (675492K) : v5_xtor has 0 polygons
[2026-09-09 23:33:52,860] [SUBPROCESS]    2026-09-09 23:33:52 +0200: Memory Usage (675492K) : cap_mk has 0 polygons
[2026-09-09 23:33:52,869] [SUBPROCESS]    2026-09-09 23:33:52 +0200: Memory Usage (675492K) : mos_cap_mk has 0 polygons
[2026-09-09 23:33:52,877] [SUBPROCESS]    2026-09-09 23:33:52 +0200: Memory Usage (675492K) : ind_mk has 0 polygons
[2026-09-09 23:33:52,885] [SUBPROCESS]    2026-09-09 23:33:52 +0200: Memory Usage (675492K) : diode_mk has 0 polygons
[2026-09-09 23:33:52,893] [SUBPROCESS]    2026-09-09 23:33:52 +0200: Memory Usage (675492K) : drc_bjt has 0 polygons
[2026-09-09 23:33:52,902] [SUBPROCESS]    2026-09-09 23:33:52 +0200: Memory Usage (675492K) : lvs_bjt has 0 polygons
[2026-09-09 23:33:52,909] [SUBPROCESS]    2026-09-09 23:33:52 +0200: Memory Usage (675924K) : mim_l_mk has 0 polygons
[2026-09-09 23:33:52,918] [SUBPROCESS]    2026-09-09 23:33:52 +0200: Memory Usage (675924K) : latchup_mk has 0 polygons
[2026-09-09 23:33:52,924] [SUBPROCESS]    2026-09-09 23:33:52 +0200: Memory Usage (675924K) : guard_ring_mk has 0 polygons
[2026-09-09 23:33:52,953] [SUBPROCESS]    2026-09-09 23:33:52 +0200: Memory Usage (675924K) : otp_mk has 0 polygons
[2026-09-09 23:33:52,960] [SUBPROCESS]    2026-09-09 23:33:52 +0200: Memory Usage (675924K) : mtpmark has 0 polygons
[2026-09-09 23:33:52,969] [SUBPROCESS]    2026-09-09 23:33:52 +0200: Memory Usage (675924K) : neo_ee_mk has 0 polygons
[2026-09-09 23:33:52,977] [SUBPROCESS]    2026-09-09 23:33:52 +0200: Memory Usage (675924K) : sramcore has 0 polygons
[2026-09-09 23:33:52,985] [SUBPROCESS]    2026-09-09 23:33:52 +0200: Memory Usage (675924K) : lvs_rf has 0 polygons
[2026-09-09 23:33:52,992] [SUBPROCESS]    2026-09-09 23:33:52 +0200: Memory Usage (675924K) : lvs_drain has 0 polygons
[2026-09-09 23:33:53,000] [SUBPROCESS]    2026-09-09 23:33:52 +0200: Memory Usage (675924K) : ind_mk has 0 polygons
[2026-09-09 23:33:53,007] [SUBPROCESS]    2026-09-09 23:33:53 +0200: Memory Usage (675924K) : hvpolyrs has 0 polygons
[2026-09-09 23:33:53,018] [SUBPROCESS]    2026-09-09 23:33:53 +0200: Memory Usage (675924K) : lvs_io has 0 polygons
[2026-09-09 23:33:53,025] [SUBPROCESS]    2026-09-09 23:33:53 +0200: Memory Usage (675924K) : probe_mk has 0 polygons
[2026-09-09 23:33:53,034] [SUBPROCESS]    2026-09-09 23:33:53 +0200: Memory Usage (675924K) : esd_mk has 0 polygons
[2026-09-09 23:33:53,040] [SUBPROCESS]    2026-09-09 23:33:53 +0200: Memory Usage (675924K) : lvs_source has 0 polygons
[2026-09-09 23:33:53,049] [SUBPROCESS]    2026-09-09 23:33:53 +0200: Memory Usage (675924K) : well_diode_mk has 0 polygons
[2026-09-09 23:33:53,057] [SUBPROCESS]    2026-09-09 23:33:53 +0200: Memory Usage (675924K) : ldmos_xtor has 0 polygons
[2026-09-09 23:33:53,066] [SUBPROCESS]    2026-09-09 23:33:53 +0200: Memory Usage (675924K) : plfuse has 0 polygons
[2026-09-09 23:33:53,073] [SUBPROCESS]    2026-09-09 23:33:53 +0200: Memory Usage (675924K) : efuse_mk has 0 polygons
[2026-09-09 23:33:53,082] [SUBPROCESS]    2026-09-09 23:33:53 +0200: Memory Usage (675924K) : mcell_feol_mk has 0 polygons
[2026-09-09 23:33:53,089] [SUBPROCESS]    2026-09-09 23:33:53 +0200: Memory Usage (675924K) : ymtp_mk has 0 polygons
[2026-09-09 23:33:53,097] [SUBPROCESS]    2026-09-09 23:33:53 +0200: Memory Usage (675924K) : dev_wf_mk has 0 polygons
[2026-09-09 23:33:53,104] [SUBPROCESS]    2026-09-09 23:33:53 +0200: Memory Usage (675924K) : comp_label has 0 polygons
[2026-09-09 23:33:53,113] [SUBPROCESS]    2026-09-09 23:33:53 +0200: Memory Usage (675924K) : poly2_label has 0 polygons
[2026-09-09 23:33:53,121] [SUBPROCESS]    2026-09-09 23:33:53 +0200: Memory Usage (675924K) : mdiode has 0 polygons
[2026-09-09 23:33:53,130] [SUBPROCESS]    2026-09-09 23:33:53 +0200: Memory Usage (675924K) : contact has 1034 polygons
[2026-09-09 23:33:53,139] [SUBPROCESS]    2026-09-09 23:33:53 +0200: Memory Usage (675924K) : metal1_drawn has 1055 polygons
[2026-09-09 23:33:53,148] [SUBPROCESS]    2026-09-09 23:33:53 +0200: Memory Usage (675924K) : metal1_dummy has 0 polygons
[2026-09-09 23:33:53,155] [SUBPROCESS]    2026-09-09 23:33:53 +0200: Memory Usage (675924K) : metal1_label has 1 polygons
[2026-09-09 23:33:53,163] [SUBPROCESS]    2026-09-09 23:33:53 +0200: Memory Usage (675924K) : metal1_slot has 0 polygons
[2026-09-09 23:33:53,171] [SUBPROCESS]    2026-09-09 23:33:53 +0200: Memory Usage (675924K) : metal1_blk has 0 polygons
[2026-09-09 23:33:53,180] [SUBPROCESS]    2026-09-09 23:33:53 +0200: Memory Usage (675924K) : metal1_res has 0 polygons
[2026-09-09 23:33:53,188] [SUBPROCESS]    2026-09-09 23:33:53 +0200: Memory Usage (675924K) : via1 has 106 polygons
[2026-09-09 23:33:53,196] [SUBPROCESS]    2026-09-09 23:33:53 +0200: Memory Usage (675924K) : metal2_drawn has 149 polygons
[2026-09-09 23:33:53,204] [SUBPROCESS]    2026-09-09 23:33:53 +0200: Memory Usage (675924K) : metal2_dummy has 0 polygons
[2026-09-09 23:33:53,215] [SUBPROCESS]    2026-09-09 23:33:53 +0200: Memory Usage (675924K) : metal2_label has 7 polygons
[2026-09-09 23:33:53,222] [SUBPROCESS]    2026-09-09 23:33:53 +0200: Memory Usage (675924K) : metal2_slot has 0 polygons
[2026-09-09 23:33:53,230] [SUBPROCESS]    2026-09-09 23:33:53 +0200: Memory Usage (675924K) : metal2_blk has 0 polygons
[2026-09-09 23:33:53,237] [SUBPROCESS]    2026-09-09 23:33:53 +0200: Memory Usage (675924K) : metal2_res has 0 polygons
[2026-09-09 23:33:53,244] [SUBPROCESS]    2026-09-09 23:33:53 +0200: Memory Usage (675924K) : via2 has 0 polygons
[2026-09-09 23:33:53,253] [SUBPROCESS]    2026-09-09 23:33:53 +0200: Memory Usage (675924K) : metal3_drawn has 0 polygons
[2026-09-09 23:33:53,262] [SUBPROCESS]    2026-09-09 23:33:53 +0200: Memory Usage (675924K) : metal3_dummy has 0 polygons
[2026-09-09 23:33:53,269] [SUBPROCESS]    2026-09-09 23:33:53 +0200: Memory Usage (675924K) : metal3_label has 0 polygons
[2026-09-09 23:33:53,277] [SUBPROCESS]    2026-09-09 23:33:53 +0200: Memory Usage (675924K) : metal3_slot has 0 polygons
[2026-09-09 23:33:53,285] [SUBPROCESS]    2026-09-09 23:33:53 +0200: Memory Usage (675924K) : metal3_blk has 0 polygons
[2026-09-09 23:33:53,294] [SUBPROCESS]    2026-09-09 23:33:53 +0200: Memory Usage (675924K) : metal3_res has 0 polygons
[2026-09-09 23:33:53,302] [SUBPROCESS]    2026-09-09 23:33:53 +0200: Memory Usage (675924K) : via3 has 0 polygons
[2026-09-09 23:33:53,309] [SUBPROCESS]    2026-09-09 23:33:53 +0200: Memory Usage (675924K) : metal4_drawn has 0 polygons
[2026-09-09 23:33:53,318] [SUBPROCESS]    2026-09-09 23:33:53 +0200: Memory Usage (675924K) : metal4_dummy has 0 polygons
[2026-09-09 23:33:53,325] [SUBPROCESS]    2026-09-09 23:33:53 +0200: Memory Usage (675924K) : metal4_label has 0 polygons
[2026-09-09 23:33:53,334] [SUBPROCESS]    2026-09-09 23:33:53 +0200: Memory Usage (676324K) : metal4_slot has 0 polygons
[2026-09-09 23:33:53,341] [SUBPROCESS]    2026-09-09 23:33:53 +0200: Memory Usage (676324K) : metal4_blk has 0 polygons
[2026-09-09 23:33:53,350] [SUBPROCESS]    2026-09-09 23:33:53 +0200: Memory Usage (676324K) : metal4_res has 0 polygons
[2026-09-09 23:33:53,357] [SUBPROCESS]    2026-09-09 23:33:53 +0200: Memory Usage (676324K) : via4 has 0 polygons
[2026-09-09 23:33:53,365] [SUBPROCESS]    2026-09-09 23:33:53 +0200: Memory Usage (676324K) : metal5_drawn has 0 polygons
[2026-09-09 23:33:53,374] [SUBPROCESS]    2026-09-09 23:33:53 +0200: Memory Usage (676324K) : metal5_dummy has 0 polygons
[2026-09-09 23:33:53,382] [SUBPROCESS]    2026-09-09 23:33:53 +0200: Memory Usage (676732K) : metal5_label has 0 polygons
[2026-09-09 23:33:53,389] [SUBPROCESS]    2026-09-09 23:33:53 +0200: Memory Usage (676732K) : metal5_slot has 0 polygons
[2026-09-09 23:33:53,397] [SUBPROCESS]    2026-09-09 23:33:53 +0200: Memory Usage (676732K) : metal5_blk has 0 polygons
[2026-09-09 23:33:53,404] [SUBPROCESS]    2026-09-09 23:33:53 +0200: Memory Usage (676732K) : metal5_res has 0 polygons
[2026-09-09 23:33:53,413] [SUBPROCESS]    2026-09-09 23:33:53 +0200: Memory Usage (676732K) : via5 has 0 polygons
[2026-09-09 23:33:53,421] [SUBPROCESS]    2026-09-09 23:33:53 +0200: Memory Usage (676732K) : metaltop_drawn has 0 polygons
[2026-09-09 23:33:53,430] [SUBPROCESS]    2026-09-09 23:33:53 +0200: Memory Usage (676732K) : metaltop_dummy has 0 polygons
[2026-09-09 23:33:53,437] [SUBPROCESS]    2026-09-09 23:33:53 +0200: Memory Usage (677148K) : metaltop_label has 0 polygons
[2026-09-09 23:33:53,445] [SUBPROCESS]    2026-09-09 23:33:53 +0200: Memory Usage (677148K) : metaltop_slot has 0 polygons
[2026-09-09 23:33:53,469] [SUBPROCESS]    2026-09-09 23:33:53 +0200: Memory Usage (677148K) : metaltop_blk has 0 polygons
[2026-09-09 23:33:53,479] [SUBPROCESS]    2026-09-09 23:33:53 +0200: Memory Usage (677148K) : metal6_res has 0 polygons
[2026-09-09 23:33:53,487] [SUBPROCESS]    2026-09-09 23:33:53 +0200: Memory Usage (677148K) : pad has 0 polygons
[2026-09-09 23:33:53,495] [SUBPROCESS]    2026-09-09 23:33:53 +0200: Memory Usage (677148K) : ubmpperi has 0 polygons
[2026-09-09 23:33:53,502] [SUBPROCESS]    2026-09-09 23:33:53 +0200: Memory Usage (677148K) : ubmparray has 0 polygons
[2026-09-09 23:33:53,509] [SUBPROCESS]    2026-09-09 23:33:53 +0200: Memory Usage (677148K) : ubmeplate has 0 polygons
[2026-09-09 23:33:53,518] [SUBPROCESS]    2026-09-09 23:33:53 +0200: Memory Usage (677148K) : pr_bndry has 0 polygons
[2026-09-09 23:33:53,523] [SUBPROCESS]    2026-09-09 23:33:53 +0200: Memory Usage (677148K) : border has 0 polygons
[2026-09-09 23:33:53,531] [SUBPROCESS]    2026-09-09 23:33:53 +0200: Memory Usage (677148K) : Total no. of polygons in the design is 4532
[2026-09-09 23:33:53,537] [SUBPROCESS]    2026-09-09 23:33:53 +0200: Memory Usage (677148K) : Starting deriving base layers.
[2026-09-09 23:33:53,544] [SUBPROCESS]    2026-09-09 23:33:53 +0200: Memory Usage (677148K) : Starting GF180MCU LVS runset
[2026-09-09 23:33:53,652] [SUBPROCESS]    2026-09-09 23:33:53 +0200: Memory Usage (677148K) : Starting base layers derivations
[2026-09-09 23:33:53,668] [SUBPROCESS]    2026-09-09 23:33:53 +0200: Memory Usage (825388K) : Starting MOSFET DERIVATIONS
[2026-09-09 23:33:53,707] [SUBPROCESS]    2026-09-09 23:33:53 +0200: Memory Usage (826144K) : Starting PMOS layers DERIVATIONS
[2026-09-09 23:33:53,750] [SUBPROCESS]    2026-09-09 23:33:53 +0200: Memory Usage (828032K) : Starting NMOS layers DERIVATIONS
[2026-09-09 23:33:53,757] [SUBPROCESS]    2026-09-09 23:33:53 +0200: Memory Usage (830324K) : Starting BJT DERIVATIONS
[2026-09-09 23:33:53,841] [SUBPROCESS]    2026-09-09 23:33:53 +0200: Memory Usage (830324K) : Starting vnpn layers DERIVATIONS
[2026-09-09 23:33:53,904] [SUBPROCESS]    2026-09-09 23:33:53 +0200: Memory Usage (835616K) : Starting vpnp layers DERIVATIONS
[2026-09-09 23:33:54,033] [SUBPROCESS]    2026-09-09 23:33:53 +0200: Memory Usage (837884K) : Starting DIODE DERIVATIONS
[2026-09-09 23:33:54,208] [SUBPROCESS]    2026-09-09 23:33:54 +0200: Memory Usage (838676K) : Starting RESISTOR DERIVATIONS
[2026-09-09 23:33:54,225] [SUBPROCESS]    2026-09-09 23:33:54 +0200: Memory Usage (838676K) : Starting MIMCAP DERIVATIONS
[2026-09-09 23:33:54,266] [SUBPROCESS]    2026-09-09 23:33:54 +0200: Memory Usage (838676K) : Starting MOSCAP DERIVATIONS
[2026-09-09 23:33:54,286] [SUBPROCESS]    2026-09-09 23:33:54 +0200: Memory Usage (838676K) : Starting MOS SAB DERIVATIONS
[2026-09-09 23:33:54,311] [SUBPROCESS]    2026-09-09 23:33:54 +0200: Memory Usage (838676K) : Starting PMOS SAB DERIVATIONS
[2026-09-09 23:33:54,337] [SUBPROCESS]    2026-09-09 23:33:54 +0200: Memory Usage (838676K) : Starting NMOS SAB DERIVATIONS
[2026-09-09 23:33:54,351] [SUBPROCESS]    2026-09-09 23:33:54 +0200: Memory Usage (838676K) : Starting NMOS EFUSE DERIVATIONS
[2026-09-09 23:33:54,358] [SUBPROCESS]    2026-09-09 23:33:54 +0200: Memory Usage (839084K) : Starting GF180 LVS connectivity setup
[2026-09-09 23:33:54,365] [SUBPROCESS]    2026-09-09 23:33:54 +0200: Memory Usage (839084K) : Starting GF180 LVS connectivity setup (Inter-layer)
[2026-09-09 23:33:54,370] [SUBPROCESS]    2026-09-09 23:33:54 +0200: Memory Usage (839084K) : Starting GF180 LVS connectivity setup (Global)
[2026-09-09 23:33:54,378] [SUBPROCESS]    2026-09-09 23:33:54 +0200: Memory Usage (839084K) : Starting GF180 LVS connectivity setup (Multifinger Devices)
[2026-09-09 23:33:54,385] [SUBPROCESS]    2026-09-09 23:33:54 +0200: Memory Usage (839084K) : Starting LVS MOSFET CONNECTIONS
[2026-09-09 23:33:54,393] [SUBPROCESS]    2026-09-09 23:33:54 +0200: Memory Usage (839084K) : Starting LVS BJT CONNECTIONS
[2026-09-09 23:33:54,402] [SUBPROCESS]    2026-09-09 23:33:54 +0200: Memory Usage (839084K) : Starting LVS DIODE CONNECTIONS
[2026-09-09 23:33:54,409] [SUBPROCESS]    2026-09-09 23:33:54 +0200: Memory Usage (839084K) : Starting LVS MIMCAP CONNECTIONS
[2026-09-09 23:33:54,416] [SUBPROCESS]    2026-09-09 23:33:54 +0200: Memory Usage (839084K) : Starting LVS RESISTOR CONNECTIONS
[2026-09-09 23:33:54,422] [SUBPROCESS]    2026-09-09 23:33:54 +0200: Memory Usage (839084K) : Starting LVS EFUSE CONNECTIONS
[2026-09-09 23:33:54,428] [SUBPROCESS]    2026-09-09 23:33:54 +0200: Memory Usage (839084K) : Starting GF180 LVS DEVICES EXTRACTION
[2026-09-09 23:33:54,434] [SUBPROCESS]    2026-09-09 23:33:54 +0200: Memory Usage (839084K) : Starting MOSFET EXTRACTION
[2026-09-09 23:33:54,442] [SUBPROCESS]    2026-09-09 23:33:54 +0200: Memory Usage (839084K) : Starting PMOS EXTRACTION
[2026-09-09 23:33:54,451] [SUBPROCESS]    2026-09-09 23:33:54 +0200: Memory Usage (839084K) : Extracting 3.3V PMOS transistor outside DNWEL
[2026-09-09 23:33:54,460] [SUBPROCESS]    2026-09-09 23:33:54 +0200: Memory Usage (839148K) : Extracting 5V PMOS transistor outside DNWELL
[2026-09-09 23:33:54,467] [SUBPROCESS]    2026-09-09 23:33:54 +0200: Memory Usage (839148K) : Extracting 6V PMOS transistor outside DNWELL
[2026-09-09 23:33:54,475] [SUBPROCESS]    2026-09-09 23:33:54 +0200: Memory Usage (839148K) : Extracting 3.3V PMOS transistor inside DNWELL
[2026-09-09 23:33:54,483] [SUBPROCESS]    2026-09-09 23:33:54 +0200: Memory Usage (839148K) : Extracting 5V PMOS transistor inside DNWELL
[2026-09-09 23:33:54,509] [SUBPROCESS]    2026-09-09 23:33:54 +0200: Memory Usage (839524K) : Extracting 6V PMOS transistor inside DNWELL
[2026-09-09 23:33:54,516] [SUBPROCESS]    2026-09-09 23:33:54 +0200: Memory Usage (839524K) : Extracting LDPMOS transistor
[2026-09-09 23:33:54,523] [SUBPROCESS]    2026-09-09 23:33:54 +0200: Memory Usage (839524K) : Starting NMOS EXTRACTION
[2026-09-09 23:33:54,531] [SUBPROCESS]    2026-09-09 23:33:54 +0200: Memory Usage (839524K) : 3.3V NMOS transistor outside DNWELL
[2026-09-09 23:33:54,538] [SUBPROCESS]    2026-09-09 23:33:54 +0200: Memory Usage (839524K) : 5V NMOS transistor outside DNWELL
[2026-09-09 23:33:54,546] [SUBPROCESS]    2026-09-09 23:33:54 +0200: Memory Usage (839524K) : 6V NMOS transistor outside DNWELL
[2026-09-09 23:33:54,553] [SUBPROCESS]    2026-09-09 23:33:54 +0200: Memory Usage (839524K) : 3.3V NMOS transistor inside DNWELL
[2026-09-09 23:33:54,563] [SUBPROCESS]    2026-09-09 23:33:54 +0200: Memory Usage (839524K) : 5V NMOS transistor inside DNWELL
[2026-09-09 23:33:54,571] [SUBPROCESS]    2026-09-09 23:33:54 +0200: Memory Usage (839524K) : 6V NMOS transistor inside DNWELL
[2026-09-09 23:33:54,580] [SUBPROCESS]    2026-09-09 23:33:54 +0200: Memory Usage (839524K) : Native Vt NMOS transistor
[2026-09-09 23:33:54,588] [SUBPROCESS]    2026-09-09 23:33:54 +0200: Memory Usage (839524K) : Extracting LDNMOS transistor
[2026-09-09 23:33:54,594] [SUBPROCESS]    2026-09-09 23:33:54 +0200: Memory Usage (839524K) : Starting BJT EXTRACTION
[2026-09-09 23:33:54,601] [SUBPROCESS]    2026-09-09 23:33:54 +0200: Memory Usage (839524K) : Starting vnpn BJT EXTRACTION
[2026-09-09 23:33:54,615] [SUBPROCESS]    2026-09-09 23:33:54 +0200: Memory Usage (839524K) : Extracting npn_10p00x10p00 BJT
[2026-09-09 23:33:54,627] [SUBPROCESS]    2026-09-09 23:33:54 +0200: Memory Usage (839524K) : Extracting npn_05p00x05p00 BJT
[2026-09-09 23:33:54,638] [SUBPROCESS]    2026-09-09 23:33:54 +0200: Memory Usage (839524K) : Extracting npn_00p54x16p00 BJT
[2026-09-09 23:33:54,652] [SUBPROCESS]    2026-09-09 23:33:54 +0200: Memory Usage (839524K) : Extracting npn_00p54x08p00 BJT
[2026-09-09 23:33:54,662] [SUBPROCESS]    2026-09-09 23:33:54 +0200: Memory Usage (839524K) : Extracting npn_00p54x04p00 BJT
[2026-09-09 23:33:54,674] [SUBPROCESS]    2026-09-09 23:33:54 +0200: Memory Usage (839524K) : Extracting npn_00p54x02p00 BJT
[2026-09-09 23:33:54,680] [SUBPROCESS]    2026-09-09 23:33:54 +0200: Memory Usage (839524K) : Starting vpnp BJT EXTRACTION
[2026-09-09 23:33:54,692] [SUBPROCESS]    2026-09-09 23:33:54 +0200: Memory Usage (839524K) : Extracting pnp_10p00x10p00 BJT
[2026-09-09 23:33:54,702] [SUBPROCESS]    2026-09-09 23:33:54 +0200: Memory Usage (839524K) : Extracting pnp_05p00x05p00 BJT
[2026-09-09 23:33:54,712] [SUBPROCESS]    2026-09-09 23:33:54 +0200: Memory Usage (839524K) : Extracting pnp_10p00x00p42 BJT
[2026-09-09 23:33:54,725] [SUBPROCESS]    2026-09-09 23:33:54 +0200: Memory Usage (839524K) : Extracting pnp_05p00x00p42 BJT
[2026-09-09 23:33:54,732] [SUBPROCESS]    2026-09-09 23:33:54 +0200: Memory Usage (839524K) : Starting DIODE EXTRACTION
[2026-09-09 23:33:54,740] [SUBPROCESS]    2026-09-09 23:33:54 +0200: Memory Usage (839524K) : Extracting diode_nd2ps_03v3 diode
[2026-09-09 23:33:54,749] [SUBPROCESS]    2026-09-09 23:33:54 +0200: Memory Usage (839524K) : Extracting diode_nd2ps_03v3_dn diode
[2026-09-09 23:33:54,757] [SUBPROCESS]    2026-09-09 23:33:54 +0200: Memory Usage (839524K) : Extracting diode_nd2ps_06v0 diode
[2026-09-09 23:33:54,765] [SUBPROCESS]    2026-09-09 23:33:54 +0200: Memory Usage (839524K) : Extracting diode_nd2ps_06v0_dn diode
[2026-09-09 23:33:54,774] [SUBPROCESS]    2026-09-09 23:33:54 +0200: Memory Usage (839524K) : Extracting diode_pd2nw_03v3 diode
[2026-09-09 23:33:54,782] [SUBPROCESS]    2026-09-09 23:33:54 +0200: Memory Usage (839524K) : Extractingdiode_pd2nw_03v3_dn diode
[2026-09-09 23:33:54,790] [SUBPROCESS]    2026-09-09 23:33:54 +0200: Memory Usage (839524K) : Extracting diode_pd2nw_06v0 diode
[2026-09-09 23:33:54,798] [SUBPROCESS]    2026-09-09 23:33:54 +0200: Memory Usage (839524K) : Extracting diode_pd2nw_06v0_dn diode
[2026-09-09 23:33:54,808] [SUBPROCESS]    2026-09-09 23:33:54 +0200: Memory Usage (839524K) : Extracting diode_nw2ps_03v3 diode
[2026-09-09 23:33:54,816] [SUBPROCESS]    2026-09-09 23:33:54 +0200: Memory Usage (839524K) : Extracting diode_nw2ps_06v0 diode
[2026-09-09 23:33:54,823] [SUBPROCESS]    2026-09-09 23:33:54 +0200: Memory Usage (839524K) : Extracting diode_pw2dw_03v3 diode
[2026-09-09 23:33:54,831] [SUBPROCESS]    2026-09-09 23:33:54 +0200: Memory Usage (839524K) : Extracting diode_pw2dw_06v0 diode
[2026-09-09 23:33:54,838] [SUBPROCESS]    2026-09-09 23:33:54 +0200: Memory Usage (839524K) : Extracting diode_dw2ps_03v3 diode
[2026-09-09 23:33:54,847] [SUBPROCESS]    2026-09-09 23:33:54 +0200: Memory Usage (839524K) : Extracting diode_dw2ps_06v0 diode
[2026-09-09 23:33:54,853] [SUBPROCESS]    2026-09-09 23:33:54 +0200: Memory Usage (839524K) : Extracting sc_diode diode
[2026-09-09 23:33:54,861] [SUBPROCESS]    2026-09-09 23:33:54 +0200: Memory Usage (839524K) : Starting RESISTOR EXTRACTION
[2026-09-09 23:33:54,869] [SUBPROCESS]    2026-09-09 23:33:54 +0200: Memory Usage (839524K) : Extracting NPLUS_U device
[2026-09-09 23:33:54,877] [SUBPROCESS]    2026-09-09 23:33:54 +0200: Memory Usage (839524K) : Extracting NPLUS_U_DW device
[2026-09-09 23:33:54,887] [SUBPROCESS]    2026-09-09 23:33:54 +0200: Memory Usage (839524K) : Extracting PPLUS_U device
[2026-09-09 23:33:54,895] [SUBPROCESS]    2026-09-09 23:33:54 +0200: Memory Usage (839524K) : Extracting PPLUS_U_DW device
[2026-09-09 23:33:54,903] [SUBPROCESS]    2026-09-09 23:33:54 +0200: Memory Usage (839524K) : Extracting NPLUS_S device
[2026-09-09 23:33:54,912] [SUBPROCESS]    2026-09-09 23:33:54 +0200: Memory Usage (839524K) : Extracting NPLUS_S_DW device
[2026-09-09 23:33:54,919] [SUBPROCESS]    2026-09-09 23:33:54 +0200: Memory Usage (839524K) : Extracting PPLUS_S device
[2026-09-09 23:33:54,929] [SUBPROCESS]    2026-09-09 23:33:54 +0200: Memory Usage (839524K) : Extracting PPLUS_S_DW device
[2026-09-09 23:33:54,938] [SUBPROCESS]    2026-09-09 23:33:54 +0200: Memory Usage (839524K) : Extracting NWELL device
[2026-09-09 23:33:54,946] [SUBPROCESS]    2026-09-09 23:33:54 +0200: Memory Usage (839524K) : Extracting PWELL device
[2026-09-09 23:33:54,954] [SUBPROCESS]    2026-09-09 23:33:54 +0200: Memory Usage (839524K) : Extracting NPOLYF_U device
[2026-09-09 23:33:54,964] [SUBPROCESS]    2026-09-09 23:33:54 +0200: Memory Usage (839524K) : Extracting NPOLYF_U_DW device
[2026-09-09 23:33:54,973] [SUBPROCESS]    2026-09-09 23:33:54 +0200: Memory Usage (839524K) : Extracting PPOLYF_U device
[2026-09-09 23:33:54,981] [SUBPROCESS]    2026-09-09 23:33:54 +0200: Memory Usage (839524K) : Extracting PPOLYF_U_DW device
[2026-09-09 23:33:54,990] [SUBPROCESS]    2026-09-09 23:33:54 +0200: Memory Usage (839524K) : Extracting NPOLYF_S device
[2026-09-09 23:33:54,998] [SUBPROCESS]    2026-09-09 23:33:54 +0200: Memory Usage (839524K) : Extracting NPOLYF_S_DW device
[2026-09-09 23:33:55,007] [SUBPROCESS]    2026-09-09 23:33:54 +0200: Memory Usage (839524K) : Extracting PPOLYF_S device
[2026-09-09 23:33:55,033] [SUBPROCESS]    2026-09-09 23:33:55 +0200: Memory Usage (839524K) : Extracting PPOLYF_S_DW device
[2026-09-09 23:33:55,040] [SUBPROCESS]    2026-09-09 23:33:55 +0200: Memory Usage (839524K) : Extracting PPOLYF_U_1K device
[2026-09-09 23:33:55,049] [SUBPROCESS]    2026-09-09 23:33:55 +0200: Memory Usage (839524K) : Extracting PPOLYF_U_DW_1 device
[2026-09-09 23:33:55,057] [SUBPROCESS]    2026-09-09 23:33:55 +0200: Memory Usage (839524K) : Extracting PPOLYF_U_1K_6p0 device
[2026-09-09 23:33:55,065] [SUBPROCESS]    2026-09-09 23:33:55 +0200: Memory Usage (839524K) : Extracting PPOLYF_U_DW_1K_6p0 device
[2026-09-09 23:33:55,077] [SUBPROCESS]    2026-09-09 23:33:55 +0200: Memory Usage (839524K) : Extracting RM1 device
[2026-09-09 23:33:55,089] [SUBPROCESS]    2026-09-09 23:33:55 +0200: Memory Usage (839524K) : Extracting RM2 device
[2026-09-09 23:33:55,097] [SUBPROCESS]    2026-09-09 23:33:55 +0200: Memory Usage (839524K) : Extracting RM3 device
[2026-09-09 23:33:55,105] [SUBPROCESS]    2026-09-09 23:33:55 +0200: Memory Usage (839524K) : Extracting TM9K device
[2026-09-09 23:33:55,112] [SUBPROCESS]    2026-09-09 23:33:55 +0200: Memory Usage (839524K) : Starting MIMCAP EXTRACTION
[2026-09-09 23:33:55,121] [SUBPROCESS]    2026-09-09 23:33:55 +0200: Memory Usage (839524K) : Extracting cap_mim2f0 device
[2026-09-09 23:33:55,129] [SUBPROCESS]    2026-09-09 23:33:55 +0200: Memory Usage (839524K) : Starting MOSCAP EXTRACTION
[2026-09-09 23:33:55,136] [SUBPROCESS]    2026-09-09 23:33:55 +0200: Memory Usage (839524K) : Extracting cap_nmos_03v3 device
[2026-09-09 23:33:55,146] [SUBPROCESS]    2026-09-09 23:33:55 +0200: Memory Usage (839524K) : Extracting cap_nmos_03v3_dn device
[2026-09-09 23:33:55,160] [SUBPROCESS]    2026-09-09 23:33:55 +0200: Memory Usage (839524K) : Extracting cap_pmos_03v3 device
[2026-09-09 23:33:55,168] [SUBPROCESS]    2026-09-09 23:33:55 +0200: Memory Usage (839524K) : Extracting cap_pmos_03v3_dn device
[2026-09-09 23:33:55,177] [SUBPROCESS]    2026-09-09 23:33:55 +0200: Memory Usage (839524K) : Extracting cap_nmos_06v0 device
[2026-09-09 23:33:55,185] [SUBPROCESS]    2026-09-09 23:33:55 +0200: Memory Usage (839524K) : Extracting cap_nmos_06v0_dn device
[2026-09-09 23:33:55,200] [SUBPROCESS]    2026-09-09 23:33:55 +0200: Memory Usage (839524K) : Extracting cap_pmos_06v0 device
[2026-09-09 23:33:55,216] [SUBPROCESS]    2026-09-09 23:33:55 +0200: Memory Usage (839524K) : Extracting cap_pmos_06v0 device
[2026-09-09 23:33:55,224] [SUBPROCESS]    2026-09-09 23:33:55 +0200: Memory Usage (839524K) : Extracting cap_pmos_03v3_b device
[2026-09-09 23:33:55,240] [SUBPROCESS]    2026-09-09 23:33:55 +0200: Memory Usage (839524K) : Extracting cap_nmos_06v0_b device
[2026-09-09 23:33:55,248] [SUBPROCESS]    2026-09-09 23:33:55 +0200: Memory Usage (839524K) : Extracting cap_pmos_06v0_b device
[2026-09-09 23:33:55,255] [SUBPROCESS]    2026-09-09 23:33:55 +0200: Memory Usage (839524K) : Starting MOS SAB EXTRACTION
[2026-09-09 23:33:55,261] [SUBPROCESS]    2026-09-09 23:33:55 +0200: Memory Usage (839524K) : Starting PMOS SAB EXTRACTION
[2026-09-09 23:33:55,269] [SUBPROCESS]    2026-09-09 23:33:55 +0200: Memory Usage (839524K) : Extracting 3.3V ESD PMOS transistor outside DNWELL device
[2026-09-09 23:33:55,279] [SUBPROCESS]    2026-09-09 23:33:55 +0200: Memory Usage (839524K) : Extracting 5V ESD PMOS transistor outside DNWELL device
[2026-09-09 23:33:55,289] [SUBPROCESS]    2026-09-09 23:33:55 +0200: Memory Usage (839524K) : Extracting 6V ESD PMOS transistor outside DNWELL device
[2026-09-09 23:33:55,298] [SUBPROCESS]    2026-09-09 23:33:55 +0200: Memory Usage (839524K) : Extracting 3.3V ESD PMOS transistor inside DNWELL device
[2026-09-09 23:33:55,305] [SUBPROCESS]    2026-09-09 23:33:55 +0200: Memory Usage (839524K) : Extracting 5V ESD PMOS transistor inside DNWELL device
[2026-09-09 23:33:55,312] [SUBPROCESS]    2026-09-09 23:33:55 +0200: Memory Usage (839524K) : Extracting 6V ESD PMOS transistor inside DNWELL device
[2026-09-09 23:33:55,318] [SUBPROCESS]    2026-09-09 23:33:55 +0200: Memory Usage (839524K) : Starting NMOS SAB EXTRACTION
[2026-09-09 23:33:55,327] [SUBPROCESS]    2026-09-09 23:33:55 +0200: Memory Usage (839524K) : Extracting 3.3V ESD NMOS transistor outside DNWELL device
[2026-09-09 23:33:55,336] [SUBPROCESS]    2026-09-09 23:33:55 +0200: Memory Usage (839524K) : Extracting 5V ESD NMOS transistor outside DNWELL device
[2026-09-09 23:33:55,344] [SUBPROCESS]    2026-09-09 23:33:55 +0200: Memory Usage (839524K) : Extracting 6V ESD NMOS transistor outside DNWELL device
[2026-09-09 23:33:55,351] [SUBPROCESS]    2026-09-09 23:33:55 +0200: Memory Usage (839524K) : Extracting 3.3V ESD NMOS transistor inside DNWELL device
[2026-09-09 23:33:55,359] [SUBPROCESS]    2026-09-09 23:33:55 +0200: Memory Usage (839524K) : Extracting 5V ESD NMOS transistor inside DNWELL device
[2026-09-09 23:33:55,367] [SUBPROCESS]    2026-09-09 23:33:55 +0200: Memory Usage (839524K) : Extracting 6V ESD NMOS transistor inside DNWELL device
[2026-09-09 23:33:55,376] [SUBPROCESS]    2026-09-09 23:33:55 +0200: Memory Usage (839524K) : Starting EFUSE EXTRACTION
[2026-09-09 23:33:55,410] [SUBPROCESS]    2026-09-09 23:33:55 +0200: Memory Usage (839524K) : Starting GF180 LVS comparison section
[2026-09-09 23:33:55,418] [SUBPROCESS]    2026-09-09 23:33:55 +0200: Memory Usage (839524K) : LVS Total Run time 2.959662 seconds
[2026-09-09 23:33:55,425] [SUBPROCESS]    2026-09-09 23:33:55 +0200: Memory Usage (839524K) : xxxxxxxxxxxxxxxxxxxxxxxxxxxxxxxxxxxxxxxxxx
[2026-09-09 23:33:55,431] [SUBPROCESS]    2026-09-09 23:33:55 +0200: Memory Usage (839524K) : ERROR : Netlists don't match
[2026-09-09 23:33:55,554] [SUBPROCESS]    2026-09-09 23:33:55 +0200: Memory Usage (839524K) : xxxxxxxxxxxxxxxxxxxxxxxxxxxxxxxxxxxxxxxxxx
[2026-09-09 23:33:55,679] [INFO]    klayout LVS succeeded after 5.343s
[2026-09-09 23:33:55,698] [WARNING]    Unable to find info about extracted LVS layer 'comp'
[2026-09-09 23:33:55,700] [WARNING]    Unable to find info about extracted LVS layer 'nwell'
[2026-09-09 23:33:55,702] [WARNING]    Unable to find info about extracted LVS layer 'contact'
[2026-09-09 23:33:55,703] [WARNING]    Unable to find info about extracted LVS layer 'via1'
[2026-09-09 23:33:55,704] [INFO]    (31, 20) -> (psd)
[2026-09-09 23:33:55,705] [INFO]    (34, 0) -> (metal1_con)
[2026-09-09 23:33:55,706] [INFO]    (36, 0) -> (metal2_con)
[2026-09-09 23:33:55,732] [WARNING]    Can't find GDS pair for layer M1-Poly
[2026-09-09 23:33:55,733] [WARNING]    Can't find GDS pair for layer Via1_con
[2026-09-09 23:33:55,735] [WARNING]    Can't find GDS pair for layer Via2_con
[2026-09-09 23:33:55,736] [WARNING]    Can't find GDS pair for layer Via3_con
[2026-09-09 23:33:55,736] [WARNING]    Can't find GDS pair for layer Via4_ncap
[2026-09-09 23:33:59,258] [INFO]    LVSDB: found 8pins
[2026-09-09 23:33:59,261] [WARNING]    Could not find a layer for device $1, class pfet_03v3, terminal G, net DAC_REF
[2026-09-09 23:33:59,264] [WARNING]    Could not find a layer for device $1, class pfet_03v3, terminal B, net VDD
[2026-09-09 23:33:59,267] [WARNING]    Could not find a layer for device $2, class pfet_03v3, terminal G, net DAC_REF
[2026-09-09 23:33:59,269] [WARNING]    Could not find a layer for device $2, class pfet_03v3, terminal B, net VDD
[2026-09-09 23:33:59,271] [WARNING]    Could not find a layer for device $3, class pfet_03v3, terminal G, net DAC_REF
[2026-09-09 23:33:59,273] [WARNING]    Could not find a layer for device $3, class pfet_03v3, terminal B, net VDD
[2026-09-09 23:33:59,274] [WARNING]    Could not find a layer for device $4, class pfet_03v3, terminal G, net DAC_REF
[2026-09-09 23:33:59,277] [WARNING]    Could not find a layer for device $4, class pfet_03v3, terminal B, net VDD
[2026-09-09 23:33:59,281] [WARNING]    Could not find a layer for device $5, class pfet_03v3, terminal G, net DAC_REF
[2026-09-09 23:33:59,284] [WARNING]    Could not find a layer for device $5, class pfet_03v3, terminal B, net VDD
[2026-09-09 23:33:59,287] [WARNING]    Could not find a layer for device $6, class pfet_03v3, terminal G, net DAC_REF
[2026-09-09 23:33:59,290] [WARNING]    Could not find a layer for device $6, class pfet_03v3, terminal B, net VDD
[2026-09-09 23:33:59,293] [WARNING]    Could not find a layer for device $7, class pfet_03v3, terminal G, net DAC_REF
[2026-09-09 23:33:59,297] [WARNING]    Could not find a layer for device $7, class pfet_03v3, terminal B, net VDD
[2026-09-09 23:33:59,301] [WARNING]    Could not find a layer for device $8, class pfet_03v3, terminal G, net DAC_REF
[2026-09-09 23:33:59,303] [WARNING]    Could not find a layer for device $8, class pfet_03v3, terminal B, net VDD
[2026-09-09 23:33:59,305] [WARNING]    Could not find a layer for device $9, class pfet_03v3, terminal G, net DAC_REF
[2026-09-09 23:33:59,307] [WARNING]    Could not find a layer for device $9, class pfet_03v3, terminal B, net VDD
[2026-09-09 23:33:59,308] [WARNING]    Could not find a layer for device $10, class pfet_03v3, terminal G, net DAC_REF
[2026-09-09 23:33:59,310] [WARNING]    Could not find a layer for device $10, class pfet_03v3, terminal B, net VDD
[2026-09-09 23:33:59,314] [WARNING]    Could not find a layer for device $11, class pfet_03v3, terminal G, net DAC_REF
[2026-09-09 23:33:59,317] [WARNING]    Could not find a layer for device $11, class pfet_03v3, terminal B, net VDD
[2026-09-09 23:33:59,319] [WARNING]    Could not find a layer for device $12, class pfet_03v3, terminal G, net DAC_REF
[2026-09-09 23:33:59,321] [WARNING]    Could not find a layer for device $12, class pfet_03v3, terminal B, net VDD
[2026-09-09 23:33:59,323] [WARNING]    Could not find a layer for device $13, class pfet_03v3, terminal G, net DAC_REF
[2026-09-09 23:33:59,325] [WARNING]    Could not find a layer for device $13, class pfet_03v3, terminal B, net VDD
[2026-09-09 23:33:59,328] [WARNING]    Could not find a layer for device $14, class pfet_03v3, terminal G, net DAC_REF
[2026-09-09 23:33:59,332] [WARNING]    Could not find a layer for device $14, class pfet_03v3, terminal B, net VDD
[2026-09-09 23:33:59,336] [WARNING]    Could not find a layer for device $15, class pfet_03v3, terminal G, net DAC_REF
[2026-09-09 23:33:59,338] [WARNING]    Could not find a layer for device $15, class pfet_03v3, terminal B, net VDD
[2026-09-09 23:33:59,340] [WARNING]    Could not find a layer for device $16, class pfet_03v3, terminal G, net DAC_REF
[2026-09-09 23:33:59,342] [WARNING]    Could not find a layer for device $16, class pfet_03v3, terminal B, net VDD
[2026-09-09 23:33:59,344] [WARNING]    Could not find a layer for device $17, class pfet_03v3, terminal G, net DAC_REF
[2026-09-09 23:33:59,347] [WARNING]    Could not find a layer for device $17, class pfet_03v3, terminal B, net VDD
[2026-09-09 23:33:59,350] [WARNING]    Could not find a layer for device $18, class pfet_03v3, terminal G, net DAC_REF
[2026-09-09 23:33:59,354] [WARNING]    Could not find a layer for device $18, class pfet_03v3, terminal B, net VDD
[2026-09-09 23:33:59,355] [WARNING]    Could not find a layer for device $19, class pfet_03v3, terminal G, net DAC_REF
[2026-09-09 23:33:59,357] [WARNING]    Could not find a layer for device $19, class pfet_03v3, terminal B, net VDD
[2026-09-09 23:33:59,359] [WARNING]    Could not find a layer for device $20, class pfet_03v3, terminal G, net DAC_REF
[2026-09-09 23:33:59,362] [WARNING]    Could not find a layer for device $20, class pfet_03v3, terminal B, net VDD
[2026-09-09 23:33:59,366] [WARNING]    Could not find a layer for device $21, class pfet_03v3, terminal G, net DAC_REF
[2026-09-09 23:33:59,368] [WARNING]    Could not find a layer for device $21, class pfet_03v3, terminal B, net VDD
[2026-09-09 23:33:59,370] [WARNING]    Could not find a layer for device $22, class pfet_03v3, terminal G, net DAC_REF
[2026-09-09 23:33:59,373] [WARNING]    Could not find a layer for device $22, class pfet_03v3, terminal B, net VDD
[2026-09-09 23:33:59,375] [WARNING]    Could not find a layer for device $23, class pfet_03v3, terminal G, net DAC_REF
[2026-09-09 23:33:59,377] [WARNING]    Could not find a layer for device $23, class pfet_03v3, terminal B, net VDD
[2026-09-09 23:33:59,380] [WARNING]    Could not find a layer for device $24, class pfet_03v3, terminal G, net DAC_REF
[2026-09-09 23:33:59,383] [WARNING]    Could not find a layer for device $24, class pfet_03v3, terminal B, net VDD
[2026-09-09 23:33:59,386] [WARNING]    Could not find a layer for device $25, class pfet_03v3, terminal G, net DAC_REF
[2026-09-09 23:33:59,388] [WARNING]    Could not find a layer for device $25, class pfet_03v3, terminal B, net VDD
[2026-09-09 23:33:59,389] [WARNING]    Could not find a layer for device $26, class pfet_03v3, terminal G, net DAC_REF
[2026-09-09 23:33:59,391] [WARNING]    Could not find a layer for device $26, class pfet_03v3, terminal B, net VDD
[2026-09-09 23:33:59,393] [WARNING]    Could not find a layer for device $27, class pfet_03v3, terminal G, net DAC_REF
[2026-09-09 23:33:59,396] [WARNING]    Could not find a layer for device $27, class pfet_03v3, terminal B, net VDD
[2026-09-09 23:33:59,399] [WARNING]    Could not find a layer for device $28, class pfet_03v3, terminal G, net DAC_REF
[2026-09-09 23:33:59,402] [WARNING]    Could not find a layer for device $28, class pfet_03v3, terminal B, net VDD
[2026-09-09 23:33:59,404] [WARNING]    Could not find a layer for device $29, class pfet_03v3, terminal G, net DAC_REF
[2026-09-09 23:33:59,406] [WARNING]    Could not find a layer for device $29, class pfet_03v3, terminal B, net VDD
[2026-09-09 23:33:59,408] [WARNING]    Could not find a layer for device $30, class pfet_03v3, terminal G, net DAC_REF
[2026-09-09 23:33:59,411] [WARNING]    Could not find a layer for device $30, class pfet_03v3, terminal B, net VDD
[2026-09-09 23:33:59,413] [WARNING]    Could not find a layer for device $31, class pfet_03v3, terminal G, net DAC_REF
[2026-09-09 23:33:59,416] [WARNING]    Could not find a layer for device $31, class pfet_03v3, terminal B, net VDD
[2026-09-09 23:33:59,418] [WARNING]    Could not find a layer for device $32, class pfet_03v3, terminal G, net DAC_REF
[2026-09-09 23:33:59,421] [WARNING]    Could not find a layer for device $32, class pfet_03v3, terminal B, net VDD
[2026-09-09 23:33:59,422] [WARNING]    Could not find a layer for device $33, class pfet_03v3, terminal G, net DAC_REF
[2026-09-09 23:33:59,424] [WARNING]    Could not find a layer for device $33, class pfet_03v3, terminal B, net VDD
[2026-09-09 23:33:59,426] [WARNING]    Could not find a layer for device $34, class pfet_03v3, terminal G, net DAC_REF
[2026-09-09 23:33:59,429] [WARNING]    Could not find a layer for device $34, class pfet_03v3, terminal B, net VDD
[2026-09-09 23:33:59,432] [WARNING]    Could not find a layer for device $35, class pfet_03v3, terminal G, net DAC_REF
[2026-09-09 23:33:59,435] [WARNING]    Could not find a layer for device $35, class pfet_03v3, terminal B, net VDD
[2026-09-09 23:33:59,437] [WARNING]    Could not find a layer for device $36, class pfet_03v3, terminal G, net DAC_REF
[2026-09-09 23:33:59,439] [WARNING]    Could not find a layer for device $36, class pfet_03v3, terminal B, net VDD
[2026-09-09 23:33:59,440] [WARNING]    Could not find a layer for device $37, class pfet_03v3, terminal G, net DAC_REF
[2026-09-09 23:33:59,442] [WARNING]    Could not find a layer for device $37, class pfet_03v3, terminal B, net VDD
[2026-09-09 23:33:59,444] [WARNING]    Could not find a layer for device $38, class pfet_03v3, terminal G, net DAC_REF
[2026-09-09 23:33:59,448] [WARNING]    Could not find a layer for device $38, class pfet_03v3, terminal B, net VDD
[2026-09-09 23:33:59,451] [WARNING]    Could not find a layer for device $39, class pfet_03v3, terminal G, net DAC_REF
[2026-09-09 23:33:59,454] [WARNING]    Could not find a layer for device $39, class pfet_03v3, terminal B, net VDD
[2026-09-09 23:33:59,455] [WARNING]    Could not find a layer for device $40, class pfet_03v3, terminal G, net DAC_REF
[2026-09-09 23:33:59,457] [WARNING]    Could not find a layer for device $40, class pfet_03v3, terminal B, net VDD
[2026-09-09 23:33:59,459] [WARNING]    Could not find a layer for device $41, class pfet_03v3, terminal G, net DAC_REF
[2026-09-09 23:33:59,462] [WARNING]    Could not find a layer for device $41, class pfet_03v3, terminal B, net VDD
[2026-09-09 23:33:59,466] [WARNING]    Could not find a layer for device $42, class pfet_03v3, terminal G, net DAC_REF
[2026-09-09 23:33:59,468] [WARNING]    Could not find a layer for device $42, class pfet_03v3, terminal B, net VDD
[2026-09-09 23:33:59,470] [WARNING]    Could not find a layer for device $43, class pfet_03v3, terminal G, net DAC_REF
[2026-09-09 23:33:59,472] [WARNING]    Could not find a layer for device $43, class pfet_03v3, terminal B, net VDD
[2026-09-09 23:33:59,474] [WARNING]    Could not find a layer for device $44, class pfet_03v3, terminal G, net DAC_REF
[2026-09-09 23:33:59,476] [WARNING]    Could not find a layer for device $44, class pfet_03v3, terminal B, net VDD
[2026-09-09 23:33:59,478] [WARNING]    Could not find a layer for device $45, class pfet_03v3, terminal G, net DAC_REF
[2026-09-09 23:33:59,481] [WARNING]    Could not find a layer for device $45, class pfet_03v3, terminal B, net VDD
[2026-09-09 23:33:59,484] [WARNING]    Could not find a layer for device $46, class pfet_03v3, terminal G, net DAC_REF
[2026-09-09 23:33:59,487] [WARNING]    Could not find a layer for device $46, class pfet_03v3, terminal B, net VDD
[2026-09-09 23:33:59,488] [WARNING]    Could not find a layer for device $47, class pfet_03v3, terminal G, net DAC_REF
[2026-09-09 23:33:59,490] [WARNING]    Could not find a layer for device $47, class pfet_03v3, terminal B, net VDD
[2026-09-09 23:33:59,492] [WARNING]    Could not find a layer for device $48, class pfet_03v3, terminal G, net DAC_REF
[2026-09-09 23:33:59,495] [WARNING]    Could not find a layer for device $48, class pfet_03v3, terminal B, net VDD
[2026-09-09 23:33:59,498] [WARNING]    Could not find a layer for device $49, class pfet_03v3, terminal G, net DAC_REF
[2026-09-09 23:33:59,501] [WARNING]    Could not find a layer for device $49, class pfet_03v3, terminal B, net VDD
[2026-09-09 23:33:59,503] [WARNING]    Could not find a layer for device $50, class pfet_03v3, terminal G, net DAC_REF
[2026-09-09 23:33:59,505] [WARNING]    Could not find a layer for device $50, class pfet_03v3, terminal B, net VDD
[2026-09-09 23:33:59,507] [WARNING]    Could not find a layer for device $51, class pfet_03v3, terminal G, net DAC_REF
[2026-09-09 23:33:59,509] [WARNING]    Could not find a layer for device $51, class pfet_03v3, terminal B, net VDD
[2026-09-09 23:33:59,511] [WARNING]    Could not find a layer for device $52, class pfet_03v3, terminal G, net DAC_REF
[2026-09-09 23:33:59,514] [WARNING]    Could not find a layer for device $52, class pfet_03v3, terminal B, net VDD
[2026-09-09 23:33:59,517] [WARNING]    Could not find a layer for device $53, class pfet_03v3, terminal G, net DAC_REF
[2026-09-09 23:33:59,519] [WARNING]    Could not find a layer for device $53, class pfet_03v3, terminal B, net VDD
[2026-09-09 23:33:59,521] [WARNING]    Could not find a layer for device $54, class pfet_03v3, terminal G, net DAC_REF
[2026-09-09 23:33:59,523] [WARNING]    Could not find a layer for device $54, class pfet_03v3, terminal B, net VDD
[2026-09-09 23:33:59,525] [WARNING]    Could not find a layer for device $55, class pfet_03v3, terminal G, net DAC_REF
[2026-09-09 23:33:59,529] [WARNING]    Could not find a layer for device $55, class pfet_03v3, terminal B, net VDD
[2026-09-09 23:33:59,531] [WARNING]    Could not find a layer for device $56, class pfet_03v3, terminal G, net DAC_REF
[2026-09-09 23:33:59,534] [WARNING]    Could not find a layer for device $56, class pfet_03v3, terminal B, net VDD
[2026-09-09 23:33:59,536] [WARNING]    Could not find a layer for device $57, class pfet_03v3, terminal G, net DAC_REF
[2026-09-09 23:33:59,538] [WARNING]    Could not find a layer for device $57, class pfet_03v3, terminal B, net VDD
[2026-09-09 23:33:59,540] [WARNING]    Could not find a layer for device $58, class pfet_03v3, terminal G, net DAC_REF
[2026-09-09 23:33:59,542] [WARNING]    Could not find a layer for device $58, class pfet_03v3, terminal B, net VDD
[2026-09-09 23:33:59,545] [WARNING]    Could not find a layer for device $59, class pfet_03v3, terminal G, net DAC_REF
[2026-09-09 23:33:59,548] [WARNING]    Could not find a layer for device $59, class pfet_03v3, terminal B, net VDD
[2026-09-09 23:33:59,551] [WARNING]    Could not find a layer for device $60, class pfet_03v3, terminal G, net DAC_REF
[2026-09-09 23:33:59,553] [WARNING]    Could not find a layer for device $60, class pfet_03v3, terminal B, net VDD
[2026-09-09 23:33:59,555] [WARNING]    Could not find a layer for device $61, class pfet_03v3, terminal G, net DAC_REF
[2026-09-09 23:33:59,557] [WARNING]    Could not find a layer for device $61, class pfet_03v3, terminal B, net VDD
[2026-09-09 23:33:59,559] [WARNING]    Could not find a layer for device $62, class pfet_03v3, terminal G, net DAC_REF
[2026-09-09 23:33:59,562] [WARNING]    Could not find a layer for device $62, class pfet_03v3, terminal B, net VDD
[2026-09-09 23:33:59,565] [WARNING]    Could not find a layer for device $63, class pfet_03v3, terminal G, net DAC_REF
[2026-09-09 23:33:59,569] [WARNING]    Could not find a layer for device $63, class pfet_03v3, terminal B, net VDD
[2026-09-09 23:33:59,571] [WARNING]    Could not find a layer for device $64, class pfet_03v3, terminal G, net b[4]
[2026-09-09 23:33:59,572] [WARNING]    Could not find a layer for device $64, class pfet_03v3, terminal B, net VDD
[2026-09-09 23:33:59,574] [WARNING]    Could not find a layer for device $65, class pfet_03v3, terminal G, net b[4]
[2026-09-09 23:33:59,576] [WARNING]    Could not find a layer for device $65, class pfet_03v3, terminal B, net VDD
[2026-09-09 23:33:59,578] [WARNING]    Could not find a layer for device $66, class pfet_03v3, terminal G, net b[4]
[2026-09-09 23:33:59,581] [WARNING]    Could not find a layer for device $66, class pfet_03v3, terminal B, net VDD
[2026-09-09 23:33:59,584] [WARNING]    Could not find a layer for device $67, class pfet_03v3, terminal G, net b[4]
[2026-09-09 23:33:59,585] [WARNING]    Could not find a layer for device $67, class pfet_03v3, terminal B, net VDD
[2026-09-09 23:33:59,587] [WARNING]    Could not find a layer for device $68, class pfet_03v3, terminal G, net b[3]
[2026-09-09 23:33:59,589] [WARNING]    Could not find a layer for device $68, class pfet_03v3, terminal B, net VDD
[2026-09-09 23:33:59,590] [WARNING]    Could not find a layer for device $69, class pfet_03v3, terminal G, net b[3]
[2026-09-09 23:33:59,592] [WARNING]    Could not find a layer for device $69, class pfet_03v3, terminal B, net VDD
[2026-09-09 23:33:59,595] [WARNING]    Could not find a layer for device $70, class pfet_03v3, terminal G, net b[2]
[2026-09-09 23:33:59,598] [WARNING]    Could not find a layer for device $70, class pfet_03v3, terminal B, net VDD
[2026-09-09 23:33:59,600] [WARNING]    Could not find a layer for device $71, class pfet_03v3, terminal G, net b[1]
[2026-09-09 23:33:59,602] [WARNING]    Could not find a layer for device $71, class pfet_03v3, terminal B, net VDD
[2026-09-09 23:33:59,603] [WARNING]    Could not find a layer for device $72, class pfet_03v3, terminal G, net b[4]
[2026-09-09 23:33:59,605] [WARNING]    Could not find a layer for device $72, class pfet_03v3, terminal B, net VDD
[2026-09-09 23:33:59,607] [WARNING]    Could not find a layer for device $73, class pfet_03v3, terminal G, net b[4]
[2026-09-09 23:33:59,610] [WARNING]    Could not find a layer for device $73, class pfet_03v3, terminal B, net VDD
[2026-09-09 23:33:59,612] [WARNING]    Could not find a layer for device $74, class pfet_03v3, terminal G, net b[4]
[2026-09-09 23:33:59,614] [WARNING]    Could not find a layer for device $74, class pfet_03v3, terminal B, net VDD
[2026-09-09 23:33:59,617] [WARNING]    Could not find a layer for device $75, class pfet_03v3, terminal G, net b[4]
[2026-09-09 23:33:59,619] [WARNING]    Could not find a layer for device $75, class pfet_03v3, terminal B, net VDD
[2026-09-09 23:33:59,620] [WARNING]    Could not find a layer for device $76, class pfet_03v3, terminal G, net b[3]
[2026-09-09 23:33:59,622] [WARNING]    Could not find a layer for device $76, class pfet_03v3, terminal B, net VDD
[2026-09-09 23:33:59,623] [WARNING]    Could not find a layer for device $77, class pfet_03v3, terminal G, net b[3]
[2026-09-09 23:33:59,625] [WARNING]    Could not find a layer for device $77, class pfet_03v3, terminal B, net VDD
[2026-09-09 23:33:59,627] [WARNING]    Could not find a layer for device $78, class pfet_03v3, terminal G, net b[2]
[2026-09-09 23:33:59,630] [WARNING]    Could not find a layer for device $78, class pfet_03v3, terminal B, net VDD
[2026-09-09 23:33:59,632] [WARNING]    Could not find a layer for device $79, class pfet_03v3, terminal G, net b[4]
[2026-09-09 23:33:59,635] [WARNING]    Could not find a layer for device $79, class pfet_03v3, terminal B, net VDD
[2026-09-09 23:33:59,636] [WARNING]    Could not find a layer for device $80, class pfet_03v3, terminal G, net b[4]
[2026-09-09 23:33:59,638] [WARNING]    Could not find a layer for device $80, class pfet_03v3, terminal B, net VDD
[2026-09-09 23:33:59,640] [WARNING]    Could not find a layer for device $81, class pfet_03v3, terminal G, net b[4]
[2026-09-09 23:33:59,641] [WARNING]    Could not find a layer for device $81, class pfet_03v3, terminal B, net VDD
[2026-09-09 23:33:59,643] [WARNING]    Could not find a layer for device $82, class pfet_03v3, terminal G, net b[4]
[2026-09-09 23:33:59,646] [WARNING]    Could not find a layer for device $82, class pfet_03v3, terminal B, net VDD
[2026-09-09 23:33:59,649] [WARNING]    Could not find a layer for device $83, class pfet_03v3, terminal G, net b[3]
[2026-09-09 23:33:59,652] [WARNING]    Could not find a layer for device $83, class pfet_03v3, terminal B, net VDD
[2026-09-09 23:33:59,653] [WARNING]    Could not find a layer for device $84, class pfet_03v3, terminal G, net b[3]
[2026-09-09 23:33:59,655] [WARNING]    Could not find a layer for device $84, class pfet_03v3, terminal B, net VDD
[2026-09-09 23:33:59,657] [WARNING]    Could not find a layer for device $85, class pfet_03v3, terminal G, net b[2]
[2026-09-09 23:33:59,658] [WARNING]    Could not find a layer for device $85, class pfet_03v3, terminal B, net VDD
[2026-09-09 23:33:59,660] [WARNING]    Could not find a layer for device $86, class pfet_03v3, terminal G, net b[1]
[2026-09-09 23:33:59,664] [WARNING]    Could not find a layer for device $86, class pfet_03v3, terminal B, net VDD
[2026-09-09 23:33:59,666] [WARNING]    Could not find a layer for device $87, class pfet_03v3, terminal G, net b[1]
[2026-09-09 23:33:59,668] [WARNING]    Could not find a layer for device $87, class pfet_03v3, terminal B, net VDD
[2026-09-09 23:33:59,670] [WARNING]    Could not find a layer for device $88, class pfet_03v3, terminal G, net b[4]
[2026-09-09 23:33:59,672] [WARNING]    Could not find a layer for device $88, class pfet_03v3, terminal B, net VDD
[2026-09-09 23:33:59,673] [WARNING]    Could not find a layer for device $89, class pfet_03v3, terminal G, net b[4]
[2026-09-09 23:33:59,675] [WARNING]    Could not find a layer for device $89, class pfet_03v3, terminal B, net VDD
[2026-09-09 23:33:59,676] [WARNING]    Could not find a layer for device $90, class pfet_03v3, terminal G, net b[4]
[2026-09-09 23:33:59,679] [WARNING]    Could not find a layer for device $90, class pfet_03v3, terminal B, net VDD
[2026-09-09 23:33:59,682] [WARNING]    Could not find a layer for device $91, class pfet_03v3, terminal G, net b[4]
[2026-09-09 23:33:59,685] [WARNING]    Could not find a layer for device $91, class pfet_03v3, terminal B, net VDD
[2026-09-09 23:33:59,687] [WARNING]    Could not find a layer for device $92, class pfet_03v3, terminal G, net b[3]
[2026-09-09 23:33:59,690] [WARNING]    Could not find a layer for device $92, class pfet_03v3, terminal B, net VDD
[2026-09-09 23:33:59,692] [WARNING]    Could not find a layer for device $93, class pfet_03v3, terminal G, net b[3]
[2026-09-09 23:33:59,693] [WARNING]    Could not find a layer for device $93, class pfet_03v3, terminal B, net VDD
[2026-09-09 23:33:59,696] [WARNING]    Could not find a layer for device $94, class pfet_03v3, terminal G, net b[2]
[2026-09-09 23:33:59,698] [WARNING]    Could not find a layer for device $94, class pfet_03v3, terminal B, net VDD
[2026-09-09 23:33:59,700] [WARNING]    Could not find a layer for device $95, class pfet_03v3, terminal G, net b[0]
[2026-09-09 23:33:59,702] [WARNING]    Could not find a layer for device $95, class pfet_03v3, terminal B, net VDD
[2026-09-09 23:34:00,403] [SUBPROCESS]    Device;Net1;Net2;Capacitance [fF];Resistance [Ω]
[2026-09-09 23:34:00,404] [SUBPROCESS]    C1;$10;$13;1.253;
[2026-09-09 23:34:00,404] [SUBPROCESS]    C2;$10;$14;0.261;
[2026-09-09 23:34:00,404] [SUBPROCESS]    C3;$10;$26;2.475;
[2026-09-09 23:34:00,405] [SUBPROCESS]    C4;$10;$7;0.58;
[2026-09-09 23:34:00,406] [SUBPROCESS]    C5;$10;b[0];0.003;
[2026-09-09 23:34:00,406] [SUBPROCESS]    C6;$10;b[2];0.439;
[2026-09-09 23:34:00,407] [SUBPROCESS]    C7;$10;b[3];2.104;
[2026-09-09 23:34:00,407] [SUBPROCESS]    C8;$10;b[4];0.011;
[2026-09-09 23:34:00,408] [SUBPROCESS]    C9;$10;DAC_REF;0.012;
[2026-09-09 23:34:00,408] [SUBPROCESS]    C10;$10;I_DAC;0.806;
[2026-09-09 23:34:00,409] [SUBPROCESS]    C11;$10;VDD;6.367;
[2026-09-09 23:34:00,409] [SUBPROCESS]    C12;$10;VSUBS;7.25;
[2026-09-09 23:34:00,410] [SUBPROCESS]    C13;$13;$14;2.423;
[2026-09-09 23:34:00,410] [SUBPROCESS]    C14;$13;$26;0.352;
[2026-09-09 23:34:00,411] [SUBPROCESS]    C15;$13;$7;0.097;
[2026-09-09 23:34:00,411] [SUBPROCESS]    C16;$13;b[0];0.117;
[2026-09-09 23:34:00,411] [SUBPROCESS]    C17;$13;b[1];0.326;
[2026-09-09 23:34:00,412] [SUBPROCESS]    C18;$13;b[2];0.524;
[2026-09-09 23:34:00,412] [SUBPROCESS]    C19;$13;I_DAC;0.361;
[2026-09-09 23:34:00,413] [SUBPROCESS]    C20;$13;VDD;3.246;
[2026-09-09 23:34:00,413] [SUBPROCESS]    C21;$13;VSUBS;3.153;
[2026-09-09 23:34:00,414] [SUBPROCESS]    C22;$14;$26;0.368;
[2026-09-09 23:34:00,414] [SUBPROCESS]    C23;$14;$7;1.178;
[2026-09-09 23:34:00,414] [SUBPROCESS]    C24;$14;b[0];0.14;
[2026-09-09 23:34:00,415] [SUBPROCESS]    C25;$14;b[1];0.126;
[2026-09-09 23:34:00,415] [SUBPROCESS]    C26;$14;I_DAC;0.329;
[2026-09-09 23:34:00,416] [SUBPROCESS]    C27;$14;VDD;2.122;
[2026-09-09 23:34:00,416] [SUBPROCESS]    C28;$14;VSUBS;1.902;
[2026-09-09 23:34:00,417] [SUBPROCESS]    C29;$26;$7;0.33;
[2026-09-09 23:34:00,417] [SUBPROCESS]    C30;$26;b[3];0.073;
[2026-09-09 23:34:00,418] [SUBPROCESS]    C31;$26;b[4];3.887;
[2026-09-09 23:34:00,418] [SUBPROCESS]    C32;$26;DAC_REF;0.062;
[2026-09-09 23:34:00,418] [SUBPROCESS]    C33;$26;I_DAC;1.326;
[2026-09-09 23:34:00,419] [SUBPROCESS]    C34;$26;VDD;10.349;
[2026-09-09 23:34:00,419] [SUBPROCESS]    C35;$26;VSUBS;9.974;
[2026-09-09 23:34:00,420] [SUBPROCESS]    C36;$7;b[0];0.299;
[2026-09-09 23:34:00,420] [SUBPROCESS]    C37;$7;I_DAC;0.054;
[2026-09-09 23:34:00,421] [SUBPROCESS]    C38;$7;VDD;1.178;
[2026-09-09 23:34:00,421] [SUBPROCESS]    C39;$7;VSUBS;1.73;
[2026-09-09 23:34:00,422] [SUBPROCESS]    C40;b[0];b[1];0.05;
[2026-09-09 23:34:00,422] [SUBPROCESS]    C41;b[0];b[2];0.016;
[2026-09-09 23:34:00,423] [SUBPROCESS]    C42;b[1];b[2];0.062;
[2026-09-09 23:34:00,424] [SUBPROCESS]    C43;b[1];b[3];0.0;
[2026-09-09 23:34:00,424] [SUBPROCESS]    C44;b[2];b[3];0.079;
[2026-09-09 23:34:00,425] [SUBPROCESS]    C45;b[3];b[4];0.252;
[2026-09-09 23:34:00,425] [SUBPROCESS]    C46;DAC_REF;VDD;1.307;
[2026-09-09 23:34:00,426] [SUBPROCESS]    C47;DAC_REF;VSUBS;0.553;
[2026-09-09 23:34:00,426] [SUBPROCESS]    C48;I_DAC;b[0];1.153;
[2026-09-09 23:34:00,426] [SUBPROCESS]    C49;I_DAC;b[1];0.66;
[2026-09-09 23:34:00,427] [SUBPROCESS]    C50;I_DAC;b[2];0.794;
[2026-09-09 23:34:00,427] [SUBPROCESS]    C51;I_DAC;b[3];1.625;
[2026-09-09 23:34:00,428] [SUBPROCESS]    C52;I_DAC;b[4];3.571;
[2026-09-09 23:34:00,428] [SUBPROCESS]    C53;I_DAC;VDD;1.187;
[2026-09-09 23:34:00,429] [SUBPROCESS]    C54;I_DAC;VSUBS;3.647;
[2026-09-09 23:34:00,429] [SUBPROCESS]    C55;VDD;b[0];2.273;
[2026-09-09 23:34:00,430] [SUBPROCESS]    C56;VDD;b[1];0.11;
[2026-09-09 23:34:00,430] [SUBPROCESS]    C57;VDD;b[2];0.137;
[2026-09-09 23:34:00,431] [SUBPROCESS]    C58;VDD;b[3];0.228;
[2026-09-09 23:34:00,431] [SUBPROCESS]    C59;VDD;b[4];0.78;
[2026-09-09 23:34:00,432] [SUBPROCESS]    C60;VDD;VSUBS;49.487;
[2026-09-09 23:34:00,432] [SUBPROCESS]    C61;VSUBS;b[0];0.693;
[2026-09-09 23:34:00,433] [SUBPROCESS]    C62;VSUBS;b[1];0.413;
[2026-09-09 23:34:00,433] [SUBPROCESS]    C63;VSUBS;b[2];0.45;
[2026-09-09 23:34:00,434] [SUBPROCESS]    C64;VSUBS;b[3];0.952;
[2026-09-09 23:34:00,434] [SUBPROCESS]    C65;VSUBS;b[4];2.063;
[2026-09-09 23:34:00,435] [SUBPROCESS]    /foss/designs/DAC_CORE_5bit/output/DAC_CORE_5bit__DAC_CORE_5bit/DAC_CORE_5bit_k25d_pex_netlist.csv
[2026-09-09 23:34:00,444] [SUBPROCESS]    Wrote expanded netlist to: /foss/designs/DAC_CORE_5bit/output/DAC_CORE_5bit__DAC_CORE_5bit/DAC_CORE_5bit_k25d_pex_netlist.spice
[2026-09-09 23:34:00,448] [INFO]    Copied expanded SPICE netlist to: DAC_CORE_5bit.pex.spice
