[2026-09-09 23:02:40,787] [INFO]    GDS input file passed, running in LVS mode
[2026-09-09 23:02:40,789] [INFO]    Found cell DAC_CORE_5bit in GDS DAC_CORE_5bit.klay.gds (only top cell)
[2026-09-09 23:02:40,790] [INFO]    LVS input schematic not specified (argument --schematic), using dummy schematic
[2026-09-09 23:02:40,795] [INFO]    Cache miss: extracted LVSDB is older than the input GDS
[2026-09-09 23:02:40,796] [SUBPROCESS]    output/.kpex_cache/gf180mcuD/foss/designs/DAC_CORE_5bit/DAC_CORE_5bit.klay.gds/DAC_CORE_5bit.lvsdb.gz
[2026-09-09 23:02:40,797] [SUBPROCESS]    klayout -b -r /usr/local/lib/python3.12/dist-packages/klayout_pex/pdk/gf180mcuD/libs.tech/kpex/gf180mcu.lvs -rd input=/foss/designs/DAC_CORE_5bit/DAC_CORE_5bit.klay.gds -rd report=/foss/designs/DAC_CORE_5bit/output/DAC_CORE_5bit__DAC_CORE_5bit/DAC_CORE_5bit.lvsdb.gz -rd schematic=/foss/designs/DAC_CORE_5bit/output/DAC_CORE_5bit__DAC_CORE_5bit/DAC_CORE_5bit_dummy_schematic.spice -rd thr=22 -rd run_mode=deep -rd spice_net_names=true -rd spice_comments=false -rd scale=false -rd verbose=false -rd schematic_simplify=false -rd net_only=false -rd top_lvl_pins=true -rd combine=false -rd combine_devices=false -rd purge=false -rd purge_nets=false -rd no_simplify=true
[2026-09-09 23:02:40,798] [SUBPROCESS]    output/DAC_CORE_5bit__DAC_CORE_5bit/DAC_CORE_5bit_lvs.log
[2026-09-09 23:02:42,915] [SUBPROCESS]    2026-09-09 23:02:42 +0200: Memory Usage (674580K) : Starting running GF180MCU Klayout LVS runset on /foss/designs/DAC_CORE_5bit/DAC_CORE_5bit.klay.gds
[2026-09-09 23:02:42,923] [SUBPROCESS]    2026-09-09 23:02:42 +0200: Memory Usage (674580K) : Ruby Version for klayout: 3.2.3
[2026-09-09 23:02:42,929] [SUBPROCESS]    2026-09-09 23:02:42 +0200: Memory Usage (674580K) : Loading database to memory is complete.
[2026-09-09 23:02:42,936] [SUBPROCESS]    2026-09-09 23:02:42 +0200: Memory Usage (674580K) : GF180MCU Klayout LVS runset output at: /foss/designs/DAC_CORE_5bit/output/DAC_CORE_5bit__DAC_CORE_5bit/DAC_CORE_5bit.lvsdb.gz
[2026-09-09 23:02:42,942] [SUBPROCESS]    2026-09-09 23:02:42 +0200: Memory Usage (674580K) : Evaluate switches.
[2026-09-09 23:02:42,949] [SUBPROCESS]    2026-09-09 23:02:42 +0200: Memory Usage (674580K) : Substrate name used: 
[2026-09-09 23:02:42,954] [SUBPROCESS]    2026-09-09 23:02:42 +0200: Memory Usage (674580K) : Extracted netlist with net names: true
[2026-09-09 23:02:42,962] [SUBPROCESS]    2026-09-09 23:02:42 +0200: Memory Usage (674580K) : Extracted netlist with comments in details: false
[2026-09-09 23:02:42,970] [SUBPROCESS]    2026-09-09 23:02:42 +0200: Memory Usage (674580K) : GF180MCU Klayout LVS extracted netlist file at: DAC_CORE_5bit_extracted.cir
[2026-09-09 23:02:42,977] [SUBPROCESS]    2026-09-09 23:02:42 +0200: Memory Usage (674580K) : LVS device_scaling option: false
[2026-09-09 23:02:42,983] [SUBPROCESS]    2026-09-09 23:02:42 +0200: Memory Usage (674580K) : Selected SCH_SIMPLE option: false
[2026-09-09 23:02:42,990] [SUBPROCESS]    2026-09-09 23:02:42 +0200: Memory Usage (674580K) : Selected NET_ONLY option: false
[2026-09-09 23:02:42,997] [SUBPROCESS]    2026-09-09 23:02:42 +0200: Memory Usage (674580K) : Selected TOP_LVL_PINS option: true
[2026-09-09 23:02:43,003] [SUBPROCESS]    2026-09-09 23:02:42 +0200: Memory Usage (674580K) : Selected COMBINE option: false
[2026-09-09 23:02:43,012] [SUBPROCESS]    2026-09-09 23:02:43 +0200: Memory Usage (674580K) : Selected PURGE option: false
[2026-09-09 23:02:43,018] [SUBPROCESS]    2026-09-09 23:02:43 +0200: Memory Usage (674580K) : Selected PURGE_NETS option: false
[2026-09-09 23:02:43,026] [SUBPROCESS]    2026-09-09 23:02:43 +0200: Memory Usage (674580K) : Selected SIMPLIFY option: false
[2026-09-09 23:02:43,033] [SUBPROCESS]    2026-09-09 23:02:43 +0200: Memory Usage (674580K) : Verbose mode: false
[2026-09-09 23:02:43,040] [SUBPROCESS]    2026-09-09 23:02:43 +0200: Memory Usage (674580K) : deep  mode is enabled.
[2026-09-09 23:02:43,048] [SUBPROCESS]    2026-09-09 23:02:43 +0200: Memory Usage (674580K) : METAL_TOP Selected is 9K
[2026-09-09 23:02:43,055] [SUBPROCESS]    2026-09-09 23:02:43 +0200: Memory Usage (674580K) : METAL_STACK Selected is 6LM
[2026-09-09 23:02:43,062] [SUBPROCESS]    2026-09-09 23:02:43 +0200: Memory Usage (674580K) : POLY_RES Selected is 1k
[2026-09-09 23:02:43,067] [SUBPROCESS]    2026-09-09 23:02:43 +0200: Memory Usage (674580K) : MIM Option selected: B
[2026-09-09 23:02:43,076] [SUBPROCESS]    2026-09-09 23:02:43 +0200: Memory Usage (674580K) : MIM CAP selected: 2
[2026-09-09 23:02:43,084] [SUBPROCESS]    2026-09-09 23:02:43 +0200: Memory Usage (674580K) : Netlist file: /foss/designs/DAC_CORE_5bit/output/DAC_CORE_5bit__DAC_CORE_5bit/DAC_CORE_5bit_dummy_schematic.spice
[2026-09-09 23:02:43,094] [SUBPROCESS]    2026-09-09 23:02:43 +0200: Memory Usage (674580K) : Read in polygons from layers.
[2026-09-09 23:02:43,102] [SUBPROCESS]    2026-09-09 23:02:43 +0200: Memory Usage (674580K) : comp has 649 polygons
[2026-09-09 23:02:43,110] [SUBPROCESS]    2026-09-09 23:02:43 +0200: Memory Usage (674580K) : dnwell has 0 polygons
[2026-09-09 23:02:43,117] [SUBPROCESS]    2026-09-09 23:02:43 +0200: Memory Usage (674580K) : nwell has 651 polygons
[2026-09-09 23:02:43,127] [SUBPROCESS]    2026-09-09 23:02:43 +0200: Memory Usage (674580K) : lvpwell has 0 polygons
[2026-09-09 23:02:43,136] [SUBPROCESS]    2026-09-09 23:02:43 +0200: Memory Usage (674580K) : dualgate has 0 polygons
[2026-09-09 23:02:43,145] [SUBPROCESS]    2026-09-09 23:02:43 +0200: Memory Usage (674580K) : poly2 has 231 polygons
[2026-09-09 23:02:43,152] [SUBPROCESS]    2026-09-09 23:02:43 +0200: Memory Usage (674580K) : nplus has 554 polygons
[2026-09-09 23:02:43,160] [SUBPROCESS]    2026-09-09 23:02:43 +0200: Memory Usage (674580K) : pplus has 95 polygons
[2026-09-09 23:02:43,167] [SUBPROCESS]    2026-09-09 23:02:43 +0200: Memory Usage (674580K) : sab has 0 polygons
[2026-09-09 23:02:43,177] [SUBPROCESS]    2026-09-09 23:02:43 +0200: Memory Usage (674580K) : esd has 0 polygons
[2026-09-09 23:02:43,184] [SUBPROCESS]    2026-09-09 23:02:43 +0200: Memory Usage (674580K) : resistor has 0 polygons
[2026-09-09 23:02:43,193] [SUBPROCESS]    2026-09-09 23:02:43 +0200: Memory Usage (674580K) : fhres has 0 polygons
[2026-09-09 23:02:43,200] [SUBPROCESS]    2026-09-09 23:02:43 +0200: Memory Usage (674580K) : fusetop has 0 polygons
[2026-09-09 23:02:43,209] [SUBPROCESS]    2026-09-09 23:02:43 +0200: Memory Usage (674580K) : fusewindow_d has 0 polygons
[2026-09-09 23:02:43,216] [SUBPROCESS]    2026-09-09 23:02:43 +0200: Memory Usage (674580K) : polyfuse has 0 polygons
[2026-09-09 23:02:43,224] [SUBPROCESS]    2026-09-09 23:02:43 +0200: Memory Usage (674580K) : mvsd has 0 polygons
[2026-09-09 23:02:43,232] [SUBPROCESS]    2026-09-09 23:02:43 +0200: Memory Usage (675096K) : mvpsd has 0 polygons
[2026-09-09 23:02:43,239] [SUBPROCESS]    2026-09-09 23:02:43 +0200: Memory Usage (675096K) : nat has 0 polygons
[2026-09-09 23:02:43,249] [SUBPROCESS]    2026-09-09 23:02:43 +0200: Memory Usage (675096K) : comp_dummy has 0 polygons
[2026-09-09 23:02:43,257] [SUBPROCESS]    2026-09-09 23:02:43 +0200: Memory Usage (675096K) : poly2_dummy has 0 polygons
[2026-09-09 23:02:43,265] [SUBPROCESS]    2026-09-09 23:02:43 +0200: Memory Usage (675096K) : schottky_diode has 0 polygons
[2026-09-09 23:02:43,273] [SUBPROCESS]    2026-09-09 23:02:43 +0200: Memory Usage (675096K) : zener has 0 polygons
[2026-09-09 23:02:43,282] [SUBPROCESS]    2026-09-09 23:02:43 +0200: Memory Usage (675096K) : res_mk has 0 polygons
[2026-09-09 23:02:43,291] [SUBPROCESS]    2026-09-09 23:02:43 +0200: Memory Usage (675096K) : opc_drc has 0 polygons
[2026-09-09 23:02:43,299] [SUBPROCESS]    2026-09-09 23:02:43 +0200: Memory Usage (675096K) : ndmy has 0 polygons
[2026-09-09 23:02:43,306] [SUBPROCESS]    2026-09-09 23:02:43 +0200: Memory Usage (675096K) : pmndmy has 0 polygons
[2026-09-09 23:02:43,316] [SUBPROCESS]    2026-09-09 23:02:43 +0200: Memory Usage (675508K) : v5_xtor has 0 polygons
[2026-09-09 23:02:43,329] [SUBPROCESS]    2026-09-09 23:02:43 +0200: Memory Usage (675508K) : cap_mk has 0 polygons
[2026-09-09 23:02:43,336] [SUBPROCESS]    2026-09-09 23:02:43 +0200: Memory Usage (675508K) : mos_cap_mk has 0 polygons
[2026-09-09 23:02:43,345] [SUBPROCESS]    2026-09-09 23:02:43 +0200: Memory Usage (675508K) : ind_mk has 0 polygons
[2026-09-09 23:02:43,352] [SUBPROCESS]    2026-09-09 23:02:43 +0200: Memory Usage (675508K) : diode_mk has 0 polygons
[2026-09-09 23:02:43,361] [SUBPROCESS]    2026-09-09 23:02:43 +0200: Memory Usage (675508K) : drc_bjt has 0 polygons
[2026-09-09 23:02:43,370] [SUBPROCESS]    2026-09-09 23:02:43 +0200: Memory Usage (675508K) : lvs_bjt has 0 polygons
[2026-09-09 23:02:43,379] [SUBPROCESS]    2026-09-09 23:02:43 +0200: Memory Usage (675940K) : mim_l_mk has 0 polygons
[2026-09-09 23:02:43,385] [SUBPROCESS]    2026-09-09 23:02:43 +0200: Memory Usage (675940K) : latchup_mk has 0 polygons
[2026-09-09 23:02:43,413] [SUBPROCESS]    2026-09-09 23:02:43 +0200: Memory Usage (675940K) : guard_ring_mk has 0 polygons
[2026-09-09 23:02:43,420] [SUBPROCESS]    2026-09-09 23:02:43 +0200: Memory Usage (675940K) : otp_mk has 0 polygons
[2026-09-09 23:02:43,429] [SUBPROCESS]    2026-09-09 23:02:43 +0200: Memory Usage (675940K) : mtpmark has 0 polygons
[2026-09-09 23:02:43,436] [SUBPROCESS]    2026-09-09 23:02:43 +0200: Memory Usage (675940K) : neo_ee_mk has 0 polygons
[2026-09-09 23:02:43,446] [SUBPROCESS]    2026-09-09 23:02:43 +0200: Memory Usage (675940K) : sramcore has 0 polygons
[2026-09-09 23:02:43,455] [SUBPROCESS]    2026-09-09 23:02:43 +0200: Memory Usage (675940K) : lvs_rf has 0 polygons
[2026-09-09 23:02:43,462] [SUBPROCESS]    2026-09-09 23:02:43 +0200: Memory Usage (675940K) : lvs_drain has 0 polygons
[2026-09-09 23:02:43,469] [SUBPROCESS]    2026-09-09 23:02:43 +0200: Memory Usage (675940K) : ind_mk has 0 polygons
[2026-09-09 23:02:43,478] [SUBPROCESS]    2026-09-09 23:02:43 +0200: Memory Usage (675940K) : hvpolyrs has 0 polygons
[2026-09-09 23:02:43,485] [SUBPROCESS]    2026-09-09 23:02:43 +0200: Memory Usage (675940K) : lvs_io has 0 polygons
[2026-09-09 23:02:43,494] [SUBPROCESS]    2026-09-09 23:02:43 +0200: Memory Usage (675940K) : probe_mk has 0 polygons
[2026-09-09 23:02:43,501] [SUBPROCESS]    2026-09-09 23:02:43 +0200: Memory Usage (675940K) : esd_mk has 0 polygons
[2026-09-09 23:02:43,509] [SUBPROCESS]    2026-09-09 23:02:43 +0200: Memory Usage (675940K) : lvs_source has 0 polygons
[2026-09-09 23:02:43,516] [SUBPROCESS]    2026-09-09 23:02:43 +0200: Memory Usage (675940K) : well_diode_mk has 0 polygons
[2026-09-09 23:02:43,525] [SUBPROCESS]    2026-09-09 23:02:43 +0200: Memory Usage (675940K) : ldmos_xtor has 0 polygons
[2026-09-09 23:02:43,533] [SUBPROCESS]    2026-09-09 23:02:43 +0200: Memory Usage (675940K) : plfuse has 0 polygons
[2026-09-09 23:02:43,540] [SUBPROCESS]    2026-09-09 23:02:43 +0200: Memory Usage (675940K) : efuse_mk has 0 polygons
[2026-09-09 23:02:43,549] [SUBPROCESS]    2026-09-09 23:02:43 +0200: Memory Usage (675940K) : mcell_feol_mk has 0 polygons
[2026-09-09 23:02:43,556] [SUBPROCESS]    2026-09-09 23:02:43 +0200: Memory Usage (675940K) : ymtp_mk has 0 polygons
[2026-09-09 23:02:43,564] [SUBPROCESS]    2026-09-09 23:02:43 +0200: Memory Usage (675940K) : dev_wf_mk has 0 polygons
[2026-09-09 23:02:43,573] [SUBPROCESS]    2026-09-09 23:02:43 +0200: Memory Usage (675940K) : comp_label has 0 polygons
[2026-09-09 23:02:43,581] [SUBPROCESS]    2026-09-09 23:02:43 +0200: Memory Usage (675940K) : poly2_label has 0 polygons
[2026-09-09 23:02:43,589] [SUBPROCESS]    2026-09-09 23:02:43 +0200: Memory Usage (675940K) : mdiode has 0 polygons
[2026-09-09 23:02:43,598] [SUBPROCESS]    2026-09-09 23:02:43 +0200: Memory Usage (675940K) : contact has 1034 polygons
[2026-09-09 23:02:43,606] [SUBPROCESS]    2026-09-09 23:02:43 +0200: Memory Usage (675940K) : metal1_drawn has 1057 polygons
[2026-09-09 23:02:43,616] [SUBPROCESS]    2026-09-09 23:02:43 +0200: Memory Usage (675940K) : metal1_dummy has 0 polygons
[2026-09-09 23:02:43,625] [SUBPROCESS]    2026-09-09 23:02:43 +0200: Memory Usage (675940K) : metal1_label has 1 polygons
[2026-09-09 23:02:43,633] [SUBPROCESS]    2026-09-09 23:02:43 +0200: Memory Usage (675940K) : metal1_slot has 0 polygons
[2026-09-09 23:02:43,641] [SUBPROCESS]    2026-09-09 23:02:43 +0200: Memory Usage (675940K) : metal1_blk has 0 polygons
[2026-09-09 23:02:43,649] [SUBPROCESS]    2026-09-09 23:02:43 +0200: Memory Usage (675940K) : metal1_res has 0 polygons
[2026-09-09 23:02:43,659] [SUBPROCESS]    2026-09-09 23:02:43 +0200: Memory Usage (675940K) : via1 has 106 polygons
[2026-09-09 23:02:43,666] [SUBPROCESS]    2026-09-09 23:02:43 +0200: Memory Usage (675940K) : metal2_drawn has 149 polygons
[2026-09-09 23:02:43,675] [SUBPROCESS]    2026-09-09 23:02:43 +0200: Memory Usage (675940K) : metal2_dummy has 0 polygons
[2026-09-09 23:02:43,682] [SUBPROCESS]    2026-09-09 23:02:43 +0200: Memory Usage (675940K) : metal2_label has 7 polygons
[2026-09-09 23:02:43,689] [SUBPROCESS]    2026-09-09 23:02:43 +0200: Memory Usage (675940K) : metal2_slot has 0 polygons
[2026-09-09 23:02:43,698] [SUBPROCESS]    2026-09-09 23:02:43 +0200: Memory Usage (675940K) : metal2_blk has 0 polygons
[2026-09-09 23:02:43,706] [SUBPROCESS]    2026-09-09 23:02:43 +0200: Memory Usage (675940K) : metal2_res has 0 polygons
[2026-09-09 23:02:43,715] [SUBPROCESS]    2026-09-09 23:02:43 +0200: Memory Usage (675940K) : via2 has 0 polygons
[2026-09-09 23:02:43,723] [SUBPROCESS]    2026-09-09 23:02:43 +0200: Memory Usage (675940K) : metal3_drawn has 0 polygons
[2026-09-09 23:02:43,731] [SUBPROCESS]    2026-09-09 23:02:43 +0200: Memory Usage (675940K) : metal3_dummy has 0 polygons
[2026-09-09 23:02:43,739] [SUBPROCESS]    2026-09-09 23:02:43 +0200: Memory Usage (675940K) : metal3_label has 0 polygons
[2026-09-09 23:02:43,748] [SUBPROCESS]    2026-09-09 23:02:43 +0200: Memory Usage (675940K) : metal3_slot has 0 polygons
[2026-09-09 23:02:43,755] [SUBPROCESS]    2026-09-09 23:02:43 +0200: Memory Usage (675940K) : metal3_blk has 0 polygons
[2026-09-09 23:02:43,762] [SUBPROCESS]    2026-09-09 23:02:43 +0200: Memory Usage (675940K) : metal3_res has 0 polygons
[2026-09-09 23:02:43,768] [SUBPROCESS]    2026-09-09 23:02:43 +0200: Memory Usage (676348K) : via3 has 0 polygons
[2026-09-09 23:02:43,777] [SUBPROCESS]    2026-09-09 23:02:43 +0200: Memory Usage (676348K) : metal4_drawn has 0 polygons
[2026-09-09 23:02:43,785] [SUBPROCESS]    2026-09-09 23:02:43 +0200: Memory Usage (676348K) : metal4_dummy has 0 polygons
[2026-09-09 23:02:43,795] [SUBPROCESS]    2026-09-09 23:02:43 +0200: Memory Usage (676348K) : metal4_label has 0 polygons
[2026-09-09 23:02:43,802] [SUBPROCESS]    2026-09-09 23:02:43 +0200: Memory Usage (676348K) : metal4_slot has 0 polygons
[2026-09-09 23:02:43,810] [SUBPROCESS]    2026-09-09 23:02:43 +0200: Memory Usage (676348K) : metal4_blk has 0 polygons
[2026-09-09 23:02:43,818] [SUBPROCESS]    2026-09-09 23:02:43 +0200: Memory Usage (676756K) : metal4_res has 0 polygons
[2026-09-09 23:02:43,828] [SUBPROCESS]    2026-09-09 23:02:43 +0200: Memory Usage (676756K) : via4 has 0 polygons
[2026-09-09 23:02:43,835] [SUBPROCESS]    2026-09-09 23:02:43 +0200: Memory Usage (676756K) : metal5_drawn has 0 polygons
[2026-09-09 23:02:43,845] [SUBPROCESS]    2026-09-09 23:02:43 +0200: Memory Usage (676756K) : metal5_dummy has 0 polygons
[2026-09-09 23:02:43,852] [SUBPROCESS]    2026-09-09 23:02:43 +0200: Memory Usage (676756K) : metal5_label has 0 polygons
[2026-09-09 23:02:43,862] [SUBPROCESS]    2026-09-09 23:02:43 +0200: Memory Usage (676756K) : metal5_slot has 0 polygons
[2026-09-09 23:02:43,869] [SUBPROCESS]    2026-09-09 23:02:43 +0200: Memory Usage (677164K) : metal5_blk has 0 polygons
[2026-09-09 23:02:43,878] [SUBPROCESS]    2026-09-09 23:02:43 +0200: Memory Usage (677164K) : metal5_res has 0 polygons
[2026-09-09 23:02:43,885] [SUBPROCESS]    2026-09-09 23:02:43 +0200: Memory Usage (677164K) : via5 has 0 polygons
[2026-09-09 23:02:43,893] [SUBPROCESS]    2026-09-09 23:02:43 +0200: Memory Usage (677164K) : metaltop_drawn has 0 polygons
[2026-09-09 23:02:43,904] [SUBPROCESS]    2026-09-09 23:02:43 +0200: Memory Usage (677164K) : metaltop_dummy has 0 polygons
[2026-09-09 23:02:43,928] [SUBPROCESS]    2026-09-09 23:02:43 +0200: Memory Usage (677164K) : metaltop_label has 0 polygons
[2026-09-09 23:02:43,935] [SUBPROCESS]    2026-09-09 23:02:43 +0200: Memory Usage (677576K) : metaltop_slot has 0 polygons
[2026-09-09 23:02:43,944] [SUBPROCESS]    2026-09-09 23:02:43 +0200: Memory Usage (677576K) : metaltop_blk has 0 polygons
[2026-09-09 23:02:43,953] [SUBPROCESS]    2026-09-09 23:02:43 +0200: Memory Usage (677576K) : metal6_res has 0 polygons
[2026-09-09 23:02:43,960] [SUBPROCESS]    2026-09-09 23:02:43 +0200: Memory Usage (677576K) : pad has 0 polygons
[2026-09-09 23:02:43,967] [SUBPROCESS]    2026-09-09 23:02:43 +0200: Memory Usage (677576K) : ubmpperi has 0 polygons
[2026-09-09 23:02:43,975] [SUBPROCESS]    2026-09-09 23:02:43 +0200: Memory Usage (677576K) : ubmparray has 0 polygons
[2026-09-09 23:02:43,984] [SUBPROCESS]    2026-09-09 23:02:43 +0200: Memory Usage (677576K) : ubmeplate has 0 polygons
[2026-09-09 23:02:43,992] [SUBPROCESS]    2026-09-09 23:02:43 +0200: Memory Usage (677576K) : pr_bndry has 0 polygons
[2026-09-09 23:02:44,000] [SUBPROCESS]    2026-09-09 23:02:43 +0200: Memory Usage (677576K) : border has 0 polygons
[2026-09-09 23:02:44,006] [SUBPROCESS]    2026-09-09 23:02:44 +0200: Memory Usage (677576K) : Total no. of polygons in the design is 4534
[2026-09-09 23:02:44,012] [SUBPROCESS]    2026-09-09 23:02:44 +0200: Memory Usage (677576K) : Starting deriving base layers.
[2026-09-09 23:02:44,019] [SUBPROCESS]    2026-09-09 23:02:44 +0200: Memory Usage (677576K) : Starting GF180MCU LVS runset
[2026-09-09 23:02:44,123] [SUBPROCESS]    2026-09-09 23:02:44 +0200: Memory Usage (677576K) : Starting base layers derivations
[2026-09-09 23:02:44,139] [SUBPROCESS]    2026-09-09 23:02:44 +0200: Memory Usage (825836K) : Starting MOSFET DERIVATIONS
[2026-09-09 23:02:44,175] [SUBPROCESS]    2026-09-09 23:02:44 +0200: Memory Usage (826592K) : Starting PMOS layers DERIVATIONS
[2026-09-09 23:02:44,217] [SUBPROCESS]    2026-09-09 23:02:44 +0200: Memory Usage (828484K) : Starting NMOS layers DERIVATIONS
[2026-09-09 23:02:44,224] [SUBPROCESS]    2026-09-09 23:02:44 +0200: Memory Usage (830772K) : Starting BJT DERIVATIONS
[2026-09-09 23:02:44,309] [SUBPROCESS]    2026-09-09 23:02:44 +0200: Memory Usage (830772K) : Starting vnpn layers DERIVATIONS
[2026-09-09 23:02:44,373] [SUBPROCESS]    2026-09-09 23:02:44 +0200: Memory Usage (836064K) : Starting vpnp layers DERIVATIONS
[2026-09-09 23:02:44,502] [SUBPROCESS]    2026-09-09 23:02:44 +0200: Memory Usage (837956K) : Starting DIODE DERIVATIONS
[2026-09-09 23:02:44,674] [SUBPROCESS]    2026-09-09 23:02:44 +0200: Memory Usage (838748K) : Starting RESISTOR DERIVATIONS
[2026-09-09 23:02:44,690] [SUBPROCESS]    2026-09-09 23:02:44 +0200: Memory Usage (838748K) : Starting MIMCAP DERIVATIONS
[2026-09-09 23:02:44,731] [SUBPROCESS]    2026-09-09 23:02:44 +0200: Memory Usage (838748K) : Starting MOSCAP DERIVATIONS
[2026-09-09 23:02:44,747] [SUBPROCESS]    2026-09-09 23:02:44 +0200: Memory Usage (838748K) : Starting MOS SAB DERIVATIONS
[2026-09-09 23:02:44,775] [SUBPROCESS]    2026-09-09 23:02:44 +0200: Memory Usage (838748K) : Starting PMOS SAB DERIVATIONS
[2026-09-09 23:02:44,802] [SUBPROCESS]    2026-09-09 23:02:44 +0200: Memory Usage (838748K) : Starting NMOS SAB DERIVATIONS
[2026-09-09 23:02:44,816] [SUBPROCESS]    2026-09-09 23:02:44 +0200: Memory Usage (839148K) : Starting NMOS EFUSE DERIVATIONS
[2026-09-09 23:02:44,823] [SUBPROCESS]    2026-09-09 23:02:44 +0200: Memory Usage (839524K) : Starting GF180 LVS connectivity setup
[2026-09-09 23:02:44,830] [SUBPROCESS]    2026-09-09 23:02:44 +0200: Memory Usage (839524K) : Starting GF180 LVS connectivity setup (Inter-layer)
[2026-09-09 23:02:44,837] [SUBPROCESS]    2026-09-09 23:02:44 +0200: Memory Usage (839524K) : Starting GF180 LVS connectivity setup (Global)
[2026-09-09 23:02:44,844] [SUBPROCESS]    2026-09-09 23:02:44 +0200: Memory Usage (839524K) : Starting GF180 LVS connectivity setup (Multifinger Devices)
[2026-09-09 23:02:44,850] [SUBPROCESS]    2026-09-09 23:02:44 +0200: Memory Usage (839524K) : Starting LVS MOSFET CONNECTIONS
[2026-09-09 23:02:44,857] [SUBPROCESS]    2026-09-09 23:02:44 +0200: Memory Usage (839524K) : Starting LVS BJT CONNECTIONS
[2026-09-09 23:02:44,863] [SUBPROCESS]    2026-09-09 23:02:44 +0200: Memory Usage (839524K) : Starting LVS DIODE CONNECTIONS
[2026-09-09 23:02:44,871] [SUBPROCESS]    2026-09-09 23:02:44 +0200: Memory Usage (839524K) : Starting LVS MIMCAP CONNECTIONS
[2026-09-09 23:02:44,879] [SUBPROCESS]    2026-09-09 23:02:44 +0200: Memory Usage (839524K) : Starting LVS RESISTOR CONNECTIONS
[2026-09-09 23:02:44,885] [SUBPROCESS]    2026-09-09 23:02:44 +0200: Memory Usage (839588K) : Starting LVS EFUSE CONNECTIONS
[2026-09-09 23:02:44,893] [SUBPROCESS]    2026-09-09 23:02:44 +0200: Memory Usage (839588K) : Starting GF180 LVS DEVICES EXTRACTION
[2026-09-09 23:02:44,898] [SUBPROCESS]    2026-09-09 23:02:44 +0200: Memory Usage (839588K) : Starting MOSFET EXTRACTION
[2026-09-09 23:02:44,905] [SUBPROCESS]    2026-09-09 23:02:44 +0200: Memory Usage (839588K) : Starting PMOS EXTRACTION
[2026-09-09 23:02:44,915] [SUBPROCESS]    2026-09-09 23:02:44 +0200: Memory Usage (839588K) : Extracting 3.3V PMOS transistor outside DNWEL
[2026-09-09 23:02:44,924] [SUBPROCESS]    2026-09-09 23:02:44 +0200: Memory Usage (839588K) : Extracting 5V PMOS transistor outside DNWELL
[2026-09-09 23:02:44,932] [SUBPROCESS]    2026-09-09 23:02:44 +0200: Memory Usage (839588K) : Extracting 6V PMOS transistor outside DNWELL
[2026-09-09 23:02:44,940] [SUBPROCESS]    2026-09-09 23:02:44 +0200: Memory Usage (839588K) : Extracting 3.3V PMOS transistor inside DNWELL
[2026-09-09 23:02:44,947] [SUBPROCESS]    2026-09-09 23:02:44 +0200: Memory Usage (839968K) : Extracting 5V PMOS transistor inside DNWELL
[2026-09-09 23:02:44,976] [SUBPROCESS]    2026-09-09 23:02:44 +0200: Memory Usage (839968K) : Extracting 6V PMOS transistor inside DNWELL
[2026-09-09 23:02:44,983] [SUBPROCESS]    2026-09-09 23:02:44 +0200: Memory Usage (839968K) : Extracting LDPMOS transistor
[2026-09-09 23:02:44,991] [SUBPROCESS]    2026-09-09 23:02:44 +0200: Memory Usage (839968K) : Starting NMOS EXTRACTION
[2026-09-09 23:02:45,000] [SUBPROCESS]    2026-09-09 23:02:44 +0200: Memory Usage (839968K) : 3.3V NMOS transistor outside DNWELL
[2026-09-09 23:02:45,009] [SUBPROCESS]    2026-09-09 23:02:44 +0200: Memory Usage (839968K) : 5V NMOS transistor outside DNWELL
[2026-09-09 23:02:45,016] [SUBPROCESS]    2026-09-09 23:02:45 +0200: Memory Usage (839968K) : 6V NMOS transistor outside DNWELL
[2026-09-09 23:02:45,025] [SUBPROCESS]    2026-09-09 23:02:45 +0200: Memory Usage (839968K) : 3.3V NMOS transistor inside DNWELL
[2026-09-09 23:02:45,032] [SUBPROCESS]    2026-09-09 23:02:45 +0200: Memory Usage (839968K) : 5V NMOS transistor inside DNWELL
[2026-09-09 23:02:45,042] [SUBPROCESS]    2026-09-09 23:02:45 +0200: Memory Usage (839968K) : 6V NMOS transistor inside DNWELL
[2026-09-09 23:02:45,049] [SUBPROCESS]    2026-09-09 23:02:45 +0200: Memory Usage (839968K) : Native Vt NMOS transistor
[2026-09-09 23:02:45,057] [SUBPROCESS]    2026-09-09 23:02:45 +0200: Memory Usage (839968K) : Extracting LDNMOS transistor
[2026-09-09 23:02:45,063] [SUBPROCESS]    2026-09-09 23:02:45 +0200: Memory Usage (839968K) : Starting BJT EXTRACTION
[2026-09-09 23:02:45,070] [SUBPROCESS]    2026-09-09 23:02:45 +0200: Memory Usage (839968K) : Starting vnpn BJT EXTRACTION
[2026-09-09 23:02:45,080] [SUBPROCESS]    2026-09-09 23:02:45 +0200: Memory Usage (839968K) : Extracting npn_10p00x10p00 BJT
[2026-09-09 23:02:45,092] [SUBPROCESS]    2026-09-09 23:02:45 +0200: Memory Usage (839968K) : Extracting npn_05p00x05p00 BJT
[2026-09-09 23:02:45,103] [SUBPROCESS]    2026-09-09 23:02:45 +0200: Memory Usage (839968K) : Extracting npn_00p54x16p00 BJT
[2026-09-09 23:02:45,115] [SUBPROCESS]    2026-09-09 23:02:45 +0200: Memory Usage (839968K) : Extracting npn_00p54x08p00 BJT
[2026-09-09 23:02:45,127] [SUBPROCESS]    2026-09-09 23:02:45 +0200: Memory Usage (839968K) : Extracting npn_00p54x04p00 BJT
[2026-09-09 23:02:45,139] [SUBPROCESS]    2026-09-09 23:02:45 +0200: Memory Usage (839968K) : Extracting npn_00p54x02p00 BJT
[2026-09-09 23:02:45,145] [SUBPROCESS]    2026-09-09 23:02:45 +0200: Memory Usage (839968K) : Starting vpnp BJT EXTRACTION
[2026-09-09 23:02:45,157] [SUBPROCESS]    2026-09-09 23:02:45 +0200: Memory Usage (839968K) : Extracting pnp_10p00x10p00 BJT
[2026-09-09 23:02:45,166] [SUBPROCESS]    2026-09-09 23:02:45 +0200: Memory Usage (839968K) : Extracting pnp_05p00x05p00 BJT
[2026-09-09 23:02:45,177] [SUBPROCESS]    2026-09-09 23:02:45 +0200: Memory Usage (839968K) : Extracting pnp_10p00x00p42 BJT
[2026-09-09 23:02:45,186] [SUBPROCESS]    2026-09-09 23:02:45 +0200: Memory Usage (839968K) : Extracting pnp_05p00x00p42 BJT
[2026-09-09 23:02:45,194] [SUBPROCESS]    2026-09-09 23:02:45 +0200: Memory Usage (839968K) : Starting DIODE EXTRACTION
[2026-09-09 23:02:45,202] [SUBPROCESS]    2026-09-09 23:02:45 +0200: Memory Usage (839968K) : Extracting diode_nd2ps_03v3 diode
[2026-09-09 23:02:45,210] [SUBPROCESS]    2026-09-09 23:02:45 +0200: Memory Usage (839968K) : Extracting diode_nd2ps_03v3_dn diode
[2026-09-09 23:02:45,217] [SUBPROCESS]    2026-09-09 23:02:45 +0200: Memory Usage (839968K) : Extracting diode_nd2ps_06v0 diode
[2026-09-09 23:02:45,227] [SUBPROCESS]    2026-09-09 23:02:45 +0200: Memory Usage (839968K) : Extracting diode_nd2ps_06v0_dn diode
[2026-09-09 23:02:45,240] [SUBPROCESS]    2026-09-09 23:02:45 +0200: Memory Usage (839968K) : Extracting diode_pd2nw_03v3 diode
[2026-09-09 23:02:45,247] [SUBPROCESS]    2026-09-09 23:02:45 +0200: Memory Usage (839968K) : Extractingdiode_pd2nw_03v3_dn diode
[2026-09-09 23:02:45,255] [SUBPROCESS]    2026-09-09 23:02:45 +0200: Memory Usage (839968K) : Extracting diode_pd2nw_06v0 diode
[2026-09-09 23:02:45,262] [SUBPROCESS]    2026-09-09 23:02:45 +0200: Memory Usage (839968K) : Extracting diode_pd2nw_06v0_dn diode
[2026-09-09 23:02:45,272] [SUBPROCESS]    2026-09-09 23:02:45 +0200: Memory Usage (839968K) : Extracting diode_nw2ps_03v3 diode
[2026-09-09 23:02:45,280] [SUBPROCESS]    2026-09-09 23:02:45 +0200: Memory Usage (839968K) : Extracting diode_nw2ps_06v0 diode
[2026-09-09 23:02:45,288] [SUBPROCESS]    2026-09-09 23:02:45 +0200: Memory Usage (839968K) : Extracting diode_pw2dw_03v3 diode
[2026-09-09 23:02:45,296] [SUBPROCESS]    2026-09-09 23:02:45 +0200: Memory Usage (839968K) : Extracting diode_pw2dw_06v0 diode
[2026-09-09 23:02:45,305] [SUBPROCESS]    2026-09-09 23:02:45 +0200: Memory Usage (839968K) : Extracting diode_dw2ps_03v3 diode
[2026-09-09 23:02:45,313] [SUBPROCESS]    2026-09-09 23:02:45 +0200: Memory Usage (839968K) : Extracting diode_dw2ps_06v0 diode
[2026-09-09 23:02:45,322] [SUBPROCESS]    2026-09-09 23:02:45 +0200: Memory Usage (839968K) : Extracting sc_diode diode
[2026-09-09 23:02:45,328] [SUBPROCESS]    2026-09-09 23:02:45 +0200: Memory Usage (839968K) : Starting RESISTOR EXTRACTION
[2026-09-09 23:02:45,335] [SUBPROCESS]    2026-09-09 23:02:45 +0200: Memory Usage (839968K) : Extracting NPLUS_U device
[2026-09-09 23:02:45,343] [SUBPROCESS]    2026-09-09 23:02:45 +0200: Memory Usage (839968K) : Extracting NPLUS_U_DW device
[2026-09-09 23:02:45,354] [SUBPROCESS]    2026-09-09 23:02:45 +0200: Memory Usage (839968K) : Extracting PPLUS_U device
[2026-09-09 23:02:45,362] [SUBPROCESS]    2026-09-09 23:02:45 +0200: Memory Usage (839968K) : Extracting PPLUS_U_DW device
[2026-09-09 23:02:45,369] [SUBPROCESS]    2026-09-09 23:02:45 +0200: Memory Usage (839968K) : Extracting NPLUS_S device
[2026-09-09 23:02:45,377] [SUBPROCESS]    2026-09-09 23:02:45 +0200: Memory Usage (839968K) : Extracting NPLUS_S_DW device
[2026-09-09 23:02:45,384] [SUBPROCESS]    2026-09-09 23:02:45 +0200: Memory Usage (839968K) : Extracting PPLUS_S device
[2026-09-09 23:02:45,393] [SUBPROCESS]    2026-09-09 23:02:45 +0200: Memory Usage (839968K) : Extracting PPLUS_S_DW device
[2026-09-09 23:02:45,402] [SUBPROCESS]    2026-09-09 23:02:45 +0200: Memory Usage (839968K) : Extracting NWELL device
[2026-09-09 23:02:45,411] [SUBPROCESS]    2026-09-09 23:02:45 +0200: Memory Usage (839968K) : Extracting PWELL device
[2026-09-09 23:02:45,418] [SUBPROCESS]    2026-09-09 23:02:45 +0200: Memory Usage (839968K) : Extracting NPOLYF_U device
[2026-09-09 23:02:45,426] [SUBPROCESS]    2026-09-09 23:02:45 +0200: Memory Usage (839968K) : Extracting NPOLYF_U_DW device
[2026-09-09 23:02:45,436] [SUBPROCESS]    2026-09-09 23:02:45 +0200: Memory Usage (839968K) : Extracting PPOLYF_U device
[2026-09-09 23:02:45,444] [SUBPROCESS]    2026-09-09 23:02:45 +0200: Memory Usage (839968K) : Extracting PPOLYF_U_DW device
[2026-09-09 23:02:45,453] [SUBPROCESS]    2026-09-09 23:02:45 +0200: Memory Usage (839968K) : Extracting NPOLYF_S device
[2026-09-09 23:02:45,462] [SUBPROCESS]    2026-09-09 23:02:45 +0200: Memory Usage (839968K) : Extracting NPOLYF_S_DW device
[2026-09-09 23:02:45,471] [SUBPROCESS]    2026-09-09 23:02:45 +0200: Memory Usage (839968K) : Extracting PPOLYF_S device
[2026-09-09 23:02:45,497] [SUBPROCESS]    2026-09-09 23:02:45 +0200: Memory Usage (839968K) : Extracting PPOLYF_S_DW device
[2026-09-09 23:02:45,506] [SUBPROCESS]    2026-09-09 23:02:45 +0200: Memory Usage (839968K) : Extracting PPOLYF_U_1K device
[2026-09-09 23:02:45,514] [SUBPROCESS]    2026-09-09 23:02:45 +0200: Memory Usage (839968K) : Extracting PPOLYF_U_DW_1 device
[2026-09-09 23:02:45,523] [SUBPROCESS]    2026-09-09 23:02:45 +0200: Memory Usage (839968K) : Extracting PPOLYF_U_1K_6p0 device
[2026-09-09 23:02:45,530] [SUBPROCESS]    2026-09-09 23:02:45 +0200: Memory Usage (839968K) : Extracting PPOLYF_U_DW_1K_6p0 device
[2026-09-09 23:02:45,543] [SUBPROCESS]    2026-09-09 23:02:45 +0200: Memory Usage (839968K) : Extracting RM1 device
[2026-09-09 23:02:45,554] [SUBPROCESS]    2026-09-09 23:02:45 +0200: Memory Usage (839968K) : Extracting RM2 device
[2026-09-09 23:02:45,562] [SUBPROCESS]    2026-09-09 23:02:45 +0200: Memory Usage (839968K) : Extracting RM3 device
[2026-09-09 23:02:45,570] [SUBPROCESS]    2026-09-09 23:02:45 +0200: Memory Usage (839968K) : Extracting TM9K device
[2026-09-09 23:02:45,577] [SUBPROCESS]    2026-09-09 23:02:45 +0200: Memory Usage (839968K) : Starting MIMCAP EXTRACTION
[2026-09-09 23:02:45,584] [SUBPROCESS]    2026-09-09 23:02:45 +0200: Memory Usage (839968K) : Extracting cap_mim2f0 device
[2026-09-09 23:02:45,592] [SUBPROCESS]    2026-09-09 23:02:45 +0200: Memory Usage (839968K) : Starting MOSCAP EXTRACTION
[2026-09-09 23:02:45,600] [SUBPROCESS]    2026-09-09 23:02:45 +0200: Memory Usage (839968K) : Extracting cap_nmos_03v3 device
[2026-09-09 23:02:45,608] [SUBPROCESS]    2026-09-09 23:02:45 +0200: Memory Usage (839968K) : Extracting cap_nmos_03v3_dn device
[2026-09-09 23:02:45,622] [SUBPROCESS]    2026-09-09 23:02:45 +0200: Memory Usage (839968K) : Extracting cap_pmos_03v3 device
[2026-09-09 23:02:45,629] [SUBPROCESS]    2026-09-09 23:02:45 +0200: Memory Usage (839968K) : Extracting cap_pmos_03v3_dn device
[2026-09-09 23:02:45,637] [SUBPROCESS]    2026-09-09 23:02:45 +0200: Memory Usage (839968K) : Extracting cap_nmos_06v0 device
[2026-09-09 23:02:45,645] [SUBPROCESS]    2026-09-09 23:02:45 +0200: Memory Usage (839968K) : Extracting cap_nmos_06v0_dn device
[2026-09-09 23:02:45,660] [SUBPROCESS]    2026-09-09 23:02:45 +0200: Memory Usage (839968K) : Extracting cap_pmos_06v0 device
[2026-09-09 23:02:45,677] [SUBPROCESS]    2026-09-09 23:02:45 +0200: Memory Usage (839968K) : Extracting cap_pmos_06v0 device
[2026-09-09 23:02:45,684] [SUBPROCESS]    2026-09-09 23:02:45 +0200: Memory Usage (839968K) : Extracting cap_pmos_03v3_b device
[2026-09-09 23:02:45,699] [SUBPROCESS]    2026-09-09 23:02:45 +0200: Memory Usage (839968K) : Extracting cap_nmos_06v0_b device
[2026-09-09 23:02:45,708] [SUBPROCESS]    2026-09-09 23:02:45 +0200: Memory Usage (839968K) : Extracting cap_pmos_06v0_b device
[2026-09-09 23:02:45,715] [SUBPROCESS]    2026-09-09 23:02:45 +0200: Memory Usage (839968K) : Starting MOS SAB EXTRACTION
[2026-09-09 23:02:45,722] [SUBPROCESS]    2026-09-09 23:02:45 +0200: Memory Usage (839968K) : Starting PMOS SAB EXTRACTION
[2026-09-09 23:02:45,729] [SUBPROCESS]    2026-09-09 23:02:45 +0200: Memory Usage (839968K) : Extracting 3.3V ESD PMOS transistor outside DNWELL device
[2026-09-09 23:02:45,738] [SUBPROCESS]    2026-09-09 23:02:45 +0200: Memory Usage (839968K) : Extracting 5V ESD PMOS transistor outside DNWELL device
[2026-09-09 23:02:45,746] [SUBPROCESS]    2026-09-09 23:02:45 +0200: Memory Usage (839968K) : Extracting 6V ESD PMOS transistor outside DNWELL device
[2026-09-09 23:02:45,756] [SUBPROCESS]    2026-09-09 23:02:45 +0200: Memory Usage (839968K) : Extracting 3.3V ESD PMOS transistor inside DNWELL device
[2026-09-09 23:02:45,764] [SUBPROCESS]    2026-09-09 23:02:45 +0200: Memory Usage (839968K) : Extracting 5V ESD PMOS transistor inside DNWELL device
[2026-09-09 23:02:45,772] [SUBPROCESS]    2026-09-09 23:02:45 +0200: Memory Usage (839968K) : Extracting 6V ESD PMOS transistor inside DNWELL device
[2026-09-09 23:02:45,777] [SUBPROCESS]    2026-09-09 23:02:45 +0200: Memory Usage (839968K) : Starting NMOS SAB EXTRACTION
[2026-09-09 23:02:45,785] [SUBPROCESS]    2026-09-09 23:02:45 +0200: Memory Usage (839968K) : Extracting 3.3V ESD NMOS transistor outside DNWELL device
[2026-09-09 23:02:45,794] [SUBPROCESS]    2026-09-09 23:02:45 +0200: Memory Usage (839968K) : Extracting 5V ESD NMOS transistor outside DNWELL device
[2026-09-09 23:02:45,804] [SUBPROCESS]    2026-09-09 23:02:45 +0200: Memory Usage (839968K) : Extracting 6V ESD NMOS transistor outside DNWELL device
[2026-09-09 23:02:45,812] [SUBPROCESS]    2026-09-09 23:02:45 +0200: Memory Usage (839968K) : Extracting 3.3V ESD NMOS transistor inside DNWELL device
[2026-09-09 23:02:45,820] [SUBPROCESS]    2026-09-09 23:02:45 +0200: Memory Usage (839968K) : Extracting 5V ESD NMOS transistor inside DNWELL device
[2026-09-09 23:02:45,828] [SUBPROCESS]    2026-09-09 23:02:45 +0200: Memory Usage (839968K) : Extracting 6V ESD NMOS transistor inside DNWELL device
[2026-09-09 23:02:45,836] [SUBPROCESS]    2026-09-09 23:02:45 +0200: Memory Usage (839968K) : Starting EFUSE EXTRACTION
[2026-09-09 23:02:45,870] [SUBPROCESS]    2026-09-09 23:02:45 +0200: Memory Usage (839968K) : Starting GF180 LVS comparison section
[2026-09-09 23:02:45,879] [SUBPROCESS]    2026-09-09 23:02:45 +0200: Memory Usage (839968K) : LVS Total Run time 2.961418 seconds
[2026-09-09 23:02:45,886] [SUBPROCESS]    2026-09-09 23:02:45 +0200: Memory Usage (839968K) : xxxxxxxxxxxxxxxxxxxxxxxxxxxxxxxxxxxxxxxxxx
[2026-09-09 23:02:45,892] [SUBPROCESS]    2026-09-09 23:02:45 +0200: Memory Usage (839968K) : ERROR : Netlists don't match
[2026-09-09 23:02:46,013] [SUBPROCESS]    2026-09-09 23:02:45 +0200: Memory Usage (839968K) : xxxxxxxxxxxxxxxxxxxxxxxxxxxxxxxxxxxxxxxxxx
[2026-09-09 23:02:46,133] [INFO]    klayout LVS succeeded after 5.334s
[2026-09-09 23:02:46,150] [WARNING]    Unable to find info about extracted LVS layer 'comp'
[2026-09-09 23:02:46,151] [WARNING]    Unable to find info about extracted LVS layer 'nwell'
[2026-09-09 23:02:46,152] [WARNING]    Unable to find info about extracted LVS layer 'contact'
[2026-09-09 23:02:46,154] [WARNING]    Unable to find info about extracted LVS layer 'via1'
[2026-09-09 23:02:46,156] [INFO]    (31, 20) -> (psd)
[2026-09-09 23:02:46,157] [INFO]    (34, 0) -> (metal1_con)
[2026-09-09 23:02:46,157] [INFO]    (36, 0) -> (metal2_con)
[2026-09-09 23:02:46,181] [WARNING]    Can't find GDS pair for layer M1-Poly
[2026-09-09 23:02:46,182] [WARNING]    Can't find GDS pair for layer Via1_con
[2026-09-09 23:02:46,184] [WARNING]    Can't find GDS pair for layer Via2_con
[2026-09-09 23:02:46,184] [WARNING]    Can't find GDS pair for layer Via3_con
[2026-09-09 23:02:46,186] [WARNING]    Can't find GDS pair for layer Via4_ncap
[2026-09-09 23:02:49,712] [INFO]    LVSDB: found 8pins
[2026-09-09 23:02:49,714] [WARNING]    Could not find a layer for device $1, class pfet_03v3, terminal G, net DAC_REF
[2026-09-09 23:02:49,717] [WARNING]    Could not find a layer for device $1, class pfet_03v3, terminal B, net VDD
[2026-09-09 23:02:49,721] [WARNING]    Could not find a layer for device $2, class pfet_03v3, terminal G, net DAC_REF
[2026-09-09 23:02:49,722] [WARNING]    Could not find a layer for device $2, class pfet_03v3, terminal B, net VDD
[2026-09-09 23:02:49,724] [WARNING]    Could not find a layer for device $3, class pfet_03v3, terminal G, net DAC_REF
[2026-09-09 23:02:49,726] [WARNING]    Could not find a layer for device $3, class pfet_03v3, terminal B, net VDD
[2026-09-09 23:02:49,728] [WARNING]    Could not find a layer for device $4, class pfet_03v3, terminal G, net DAC_REF
[2026-09-09 23:02:49,730] [WARNING]    Could not find a layer for device $4, class pfet_03v3, terminal B, net VDD
[2026-09-09 23:02:49,732] [WARNING]    Could not find a layer for device $5, class pfet_03v3, terminal G, net DAC_REF
[2026-09-09 23:02:49,736] [WARNING]    Could not find a layer for device $5, class pfet_03v3, terminal B, net VDD
[2026-09-09 23:02:49,739] [WARNING]    Could not find a layer for device $6, class pfet_03v3, terminal G, net DAC_REF
[2026-09-09 23:02:49,741] [WARNING]    Could not find a layer for device $6, class pfet_03v3, terminal B, net VDD
[2026-09-09 23:02:49,743] [WARNING]    Could not find a layer for device $7, class pfet_03v3, terminal G, net DAC_REF
[2026-09-09 23:02:49,745] [WARNING]    Could not find a layer for device $7, class pfet_03v3, terminal B, net VDD
[2026-09-09 23:02:49,747] [WARNING]    Could not find a layer for device $8, class pfet_03v3, terminal G, net DAC_REF
[2026-09-09 23:02:49,749] [WARNING]    Could not find a layer for device $8, class pfet_03v3, terminal B, net VDD
[2026-09-09 23:02:49,753] [WARNING]    Could not find a layer for device $9, class pfet_03v3, terminal G, net DAC_REF
[2026-09-09 23:02:49,756] [WARNING]    Could not find a layer for device $9, class pfet_03v3, terminal B, net VDD
[2026-09-09 23:02:49,758] [WARNING]    Could not find a layer for device $10, class pfet_03v3, terminal G, net DAC_REF
[2026-09-09 23:02:49,760] [WARNING]    Could not find a layer for device $10, class pfet_03v3, terminal B, net VDD
[2026-09-09 23:02:49,761] [WARNING]    Could not find a layer for device $11, class pfet_03v3, terminal G, net DAC_REF
[2026-09-09 23:02:49,763] [WARNING]    Could not find a layer for device $11, class pfet_03v3, terminal B, net VDD
[2026-09-09 23:02:49,765] [WARNING]    Could not find a layer for device $12, class pfet_03v3, terminal G, net DAC_REF
[2026-09-09 23:02:49,769] [WARNING]    Could not find a layer for device $12, class pfet_03v3, terminal B, net VDD
[2026-09-09 23:02:49,772] [WARNING]    Could not find a layer for device $13, class pfet_03v3, terminal G, net DAC_REF
[2026-09-09 23:02:49,774] [WARNING]    Could not find a layer for device $13, class pfet_03v3, terminal B, net VDD
[2026-09-09 23:02:49,776] [WARNING]    Could not find a layer for device $14, class pfet_03v3, terminal G, net DAC_REF
[2026-09-09 23:02:49,778] [WARNING]    Could not find a layer for device $14, class pfet_03v3, terminal B, net VDD
[2026-09-09 23:02:49,781] [WARNING]    Could not find a layer for device $15, class pfet_03v3, terminal G, net DAC_REF
[2026-09-09 23:02:49,783] [WARNING]    Could not find a layer for device $15, class pfet_03v3, terminal B, net VDD
[2026-09-09 23:02:49,786] [WARNING]    Could not find a layer for device $16, class pfet_03v3, terminal G, net DAC_REF
[2026-09-09 23:02:49,789] [WARNING]    Could not find a layer for device $16, class pfet_03v3, terminal B, net VDD
[2026-09-09 23:02:49,791] [WARNING]    Could not find a layer for device $17, class pfet_03v3, terminal G, net DAC_REF
[2026-09-09 23:02:49,793] [WARNING]    Could not find a layer for device $17, class pfet_03v3, terminal B, net VDD
[2026-09-09 23:02:49,795] [WARNING]    Could not find a layer for device $18, class pfet_03v3, terminal G, net DAC_REF
[2026-09-09 23:02:49,797] [WARNING]    Could not find a layer for device $18, class pfet_03v3, terminal B, net VDD
[2026-09-09 23:02:49,800] [WARNING]    Could not find a layer for device $19, class pfet_03v3, terminal G, net DAC_REF
[2026-09-09 23:02:49,803] [WARNING]    Could not find a layer for device $19, class pfet_03v3, terminal B, net VDD
[2026-09-09 23:02:49,805] [WARNING]    Could not find a layer for device $20, class pfet_03v3, terminal G, net DAC_REF
[2026-09-09 23:02:49,807] [WARNING]    Could not find a layer for device $20, class pfet_03v3, terminal B, net VDD
[2026-09-09 23:02:49,810] [WARNING]    Could not find a layer for device $21, class pfet_03v3, terminal G, net DAC_REF
[2026-09-09 23:02:49,812] [WARNING]    Could not find a layer for device $21, class pfet_03v3, terminal B, net VDD
[2026-09-09 23:02:49,814] [WARNING]    Could not find a layer for device $22, class pfet_03v3, terminal G, net DAC_REF
[2026-09-09 23:02:49,817] [WARNING]    Could not find a layer for device $22, class pfet_03v3, terminal B, net VDD
[2026-09-09 23:02:49,820] [WARNING]    Could not find a layer for device $23, class pfet_03v3, terminal G, net DAC_REF
[2026-09-09 23:02:49,823] [WARNING]    Could not find a layer for device $23, class pfet_03v3, terminal B, net VDD
[2026-09-09 23:02:49,826] [WARNING]    Could not find a layer for device $24, class pfet_03v3, terminal G, net DAC_REF
[2026-09-09 23:02:49,828] [WARNING]    Could not find a layer for device $24, class pfet_03v3, terminal B, net VDD
[2026-09-09 23:02:49,829] [WARNING]    Could not find a layer for device $25, class pfet_03v3, terminal G, net DAC_REF
[2026-09-09 23:02:49,831] [WARNING]    Could not find a layer for device $25, class pfet_03v3, terminal B, net VDD
[2026-09-09 23:02:49,834] [WARNING]    Could not find a layer for device $26, class pfet_03v3, terminal G, net DAC_REF
[2026-09-09 23:02:49,838] [WARNING]    Could not find a layer for device $26, class pfet_03v3, terminal B, net VDD
[2026-09-09 23:02:49,840] [WARNING]    Could not find a layer for device $27, class pfet_03v3, terminal G, net DAC_REF
[2026-09-09 23:02:49,842] [WARNING]    Could not find a layer for device $27, class pfet_03v3, terminal B, net VDD
[2026-09-09 23:02:49,844] [WARNING]    Could not find a layer for device $28, class pfet_03v3, terminal G, net DAC_REF
[2026-09-09 23:02:49,845] [WARNING]    Could not find a layer for device $28, class pfet_03v3, terminal B, net VDD
[2026-09-09 23:02:49,847] [WARNING]    Could not find a layer for device $29, class pfet_03v3, terminal G, net DAC_REF
[2026-09-09 23:02:49,850] [WARNING]    Could not find a layer for device $29, class pfet_03v3, terminal B, net VDD
[2026-09-09 23:02:49,852] [WARNING]    Could not find a layer for device $30, class pfet_03v3, terminal G, net DAC_REF
[2026-09-09 23:02:49,855] [WARNING]    Could not find a layer for device $30, class pfet_03v3, terminal B, net VDD
[2026-09-09 23:02:49,857] [WARNING]    Could not find a layer for device $31, class pfet_03v3, terminal G, net DAC_REF
[2026-09-09 23:02:49,859] [WARNING]    Could not find a layer for device $31, class pfet_03v3, terminal B, net VDD
[2026-09-09 23:02:49,860] [WARNING]    Could not find a layer for device $32, class pfet_03v3, terminal G, net DAC_REF
[2026-09-09 23:02:49,862] [WARNING]    Could not find a layer for device $32, class pfet_03v3, terminal B, net VDD
[2026-09-09 23:02:49,865] [WARNING]    Could not find a layer for device $33, class pfet_03v3, terminal G, net DAC_REF
[2026-09-09 23:02:49,868] [WARNING]    Could not find a layer for device $33, class pfet_03v3, terminal B, net VDD
[2026-09-09 23:02:49,871] [WARNING]    Could not find a layer for device $34, class pfet_03v3, terminal G, net DAC_REF
[2026-09-09 23:02:49,873] [WARNING]    Could not find a layer for device $34, class pfet_03v3, terminal B, net VDD
[2026-09-09 23:02:49,875] [WARNING]    Could not find a layer for device $35, class pfet_03v3, terminal G, net DAC_REF
[2026-09-09 23:02:49,877] [WARNING]    Could not find a layer for device $35, class pfet_03v3, terminal B, net VDD
[2026-09-09 23:02:49,879] [WARNING]    Could not find a layer for device $36, class pfet_03v3, terminal G, net DAC_REF
[2026-09-09 23:02:49,881] [WARNING]    Could not find a layer for device $36, class pfet_03v3, terminal B, net VDD
[2026-09-09 23:02:49,883] [WARNING]    Could not find a layer for device $37, class pfet_03v3, terminal G, net DAC_REF
[2026-09-09 23:02:49,886] [WARNING]    Could not find a layer for device $37, class pfet_03v3, terminal B, net VDD
[2026-09-09 23:02:49,888] [WARNING]    Could not find a layer for device $38, class pfet_03v3, terminal G, net DAC_REF
[2026-09-09 23:02:49,891] [WARNING]    Could not find a layer for device $38, class pfet_03v3, terminal B, net VDD
[2026-09-09 23:02:49,892] [WARNING]    Could not find a layer for device $39, class pfet_03v3, terminal G, net DAC_REF
[2026-09-09 23:02:49,894] [WARNING]    Could not find a layer for device $39, class pfet_03v3, terminal B, net VDD
[2026-09-09 23:02:49,896] [WARNING]    Could not find a layer for device $40, class pfet_03v3, terminal G, net DAC_REF
[2026-09-09 23:02:49,898] [WARNING]    Could not find a layer for device $40, class pfet_03v3, terminal B, net VDD
[2026-09-09 23:02:49,900] [WARNING]    Could not find a layer for device $41, class pfet_03v3, terminal G, net DAC_REF
[2026-09-09 23:02:49,904] [WARNING]    Could not find a layer for device $41, class pfet_03v3, terminal B, net VDD
[2026-09-09 23:02:49,907] [WARNING]    Could not find a layer for device $42, class pfet_03v3, terminal G, net DAC_REF
[2026-09-09 23:02:49,909] [WARNING]    Could not find a layer for device $42, class pfet_03v3, terminal B, net VDD
[2026-09-09 23:02:49,911] [WARNING]    Could not find a layer for device $43, class pfet_03v3, terminal G, net DAC_REF
[2026-09-09 23:02:49,913] [WARNING]    Could not find a layer for device $43, class pfet_03v3, terminal B, net VDD
[2026-09-09 23:02:49,915] [WARNING]    Could not find a layer for device $44, class pfet_03v3, terminal G, net DAC_REF
[2026-09-09 23:02:49,918] [WARNING]    Could not find a layer for device $44, class pfet_03v3, terminal B, net VDD
[2026-09-09 23:02:49,921] [WARNING]    Could not find a layer for device $45, class pfet_03v3, terminal G, net DAC_REF
[2026-09-09 23:02:49,924] [WARNING]    Could not find a layer for device $45, class pfet_03v3, terminal B, net VDD
[2026-09-09 23:02:49,925] [WARNING]    Could not find a layer for device $46, class pfet_03v3, terminal G, net DAC_REF
[2026-09-09 23:02:49,927] [WARNING]    Could not find a layer for device $46, class pfet_03v3, terminal B, net VDD
[2026-09-09 23:02:49,929] [WARNING]    Could not find a layer for device $47, class pfet_03v3, terminal G, net DAC_REF
[2026-09-09 23:02:49,931] [WARNING]    Could not find a layer for device $47, class pfet_03v3, terminal B, net VDD
[2026-09-09 23:02:49,932] [WARNING]    Could not find a layer for device $48, class pfet_03v3, terminal G, net DAC_REF
[2026-09-09 23:02:49,936] [WARNING]    Could not find a layer for device $48, class pfet_03v3, terminal B, net VDD
[2026-09-09 23:02:49,939] [WARNING]    Could not find a layer for device $49, class pfet_03v3, terminal G, net DAC_REF
[2026-09-09 23:02:49,942] [WARNING]    Could not find a layer for device $49, class pfet_03v3, terminal B, net VDD
[2026-09-09 23:02:49,944] [WARNING]    Could not find a layer for device $50, class pfet_03v3, terminal G, net DAC_REF
[2026-09-09 23:02:49,946] [WARNING]    Could not find a layer for device $50, class pfet_03v3, terminal B, net VDD
[2026-09-09 23:02:49,948] [WARNING]    Could not find a layer for device $51, class pfet_03v3, terminal G, net DAC_REF
[2026-09-09 23:02:49,950] [WARNING]    Could not find a layer for device $51, class pfet_03v3, terminal B, net VDD
[2026-09-09 23:02:49,952] [WARNING]    Could not find a layer for device $52, class pfet_03v3, terminal G, net DAC_REF
[2026-09-09 23:02:49,956] [WARNING]    Could not find a layer for device $52, class pfet_03v3, terminal B, net VDD
[2026-09-09 23:02:49,958] [WARNING]    Could not find a layer for device $53, class pfet_03v3, terminal G, net DAC_REF
[2026-09-09 23:02:49,960] [WARNING]    Could not find a layer for device $53, class pfet_03v3, terminal B, net VDD
[2026-09-09 23:02:49,961] [WARNING]    Could not find a layer for device $54, class pfet_03v3, terminal G, net DAC_REF
[2026-09-09 23:02:49,963] [WARNING]    Could not find a layer for device $54, class pfet_03v3, terminal B, net VDD
[2026-09-09 23:02:49,966] [WARNING]    Could not find a layer for device $55, class pfet_03v3, terminal G, net DAC_REF
[2026-09-09 23:02:49,969] [WARNING]    Could not find a layer for device $55, class pfet_03v3, terminal B, net VDD
[2026-09-09 23:02:49,972] [WARNING]    Could not find a layer for device $56, class pfet_03v3, terminal G, net DAC_REF
[2026-09-09 23:02:49,974] [WARNING]    Could not find a layer for device $56, class pfet_03v3, terminal B, net VDD
[2026-09-09 23:02:49,976] [WARNING]    Could not find a layer for device $57, class pfet_03v3, terminal G, net DAC_REF
[2026-09-09 23:02:49,978] [WARNING]    Could not find a layer for device $57, class pfet_03v3, terminal B, net VDD
[2026-09-09 23:02:49,980] [WARNING]    Could not find a layer for device $58, class pfet_03v3, terminal G, net DAC_REF
[2026-09-09 23:02:49,984] [WARNING]    Could not find a layer for device $58, class pfet_03v3, terminal B, net VDD
[2026-09-09 23:02:49,987] [WARNING]    Could not find a layer for device $59, class pfet_03v3, terminal G, net DAC_REF
[2026-09-09 23:02:49,990] [WARNING]    Could not find a layer for device $59, class pfet_03v3, terminal B, net VDD
[2026-09-09 23:02:49,991] [WARNING]    Could not find a layer for device $60, class pfet_03v3, terminal G, net DAC_REF
[2026-09-09 23:02:49,994] [WARNING]    Could not find a layer for device $60, class pfet_03v3, terminal B, net VDD
[2026-09-09 23:02:49,995] [WARNING]    Could not find a layer for device $61, class pfet_03v3, terminal G, net DAC_REF
[2026-09-09 23:02:49,998] [WARNING]    Could not find a layer for device $61, class pfet_03v3, terminal B, net VDD
[2026-09-09 23:02:50,001] [WARNING]    Could not find a layer for device $62, class pfet_03v3, terminal G, net DAC_REF
[2026-09-09 23:02:50,004] [WARNING]    Could not find a layer for device $62, class pfet_03v3, terminal B, net VDD
[2026-09-09 23:02:50,006] [WARNING]    Could not find a layer for device $63, class pfet_03v3, terminal G, net DAC_REF
[2026-09-09 23:02:50,008] [WARNING]    Could not find a layer for device $63, class pfet_03v3, terminal B, net VDD
[2026-09-09 23:02:50,010] [WARNING]    Could not find a layer for device $64, class pfet_03v3, terminal G, net b[4]
[2026-09-09 23:02:50,012] [WARNING]    Could not find a layer for device $64, class pfet_03v3, terminal B, net VDD
[2026-09-09 23:02:50,013] [WARNING]    Could not find a layer for device $65, class pfet_03v3, terminal G, net b[4]
[2026-09-09 23:02:50,016] [WARNING]    Could not find a layer for device $65, class pfet_03v3, terminal B, net VDD
[2026-09-09 23:02:50,018] [WARNING]    Could not find a layer for device $66, class pfet_03v3, terminal G, net b[4]
[2026-09-09 23:02:50,021] [WARNING]    Could not find a layer for device $66, class pfet_03v3, terminal B, net VDD
[2026-09-09 23:02:50,023] [WARNING]    Could not find a layer for device $67, class pfet_03v3, terminal G, net b[4]
[2026-09-09 23:02:50,025] [WARNING]    Could not find a layer for device $67, class pfet_03v3, terminal B, net VDD
[2026-09-09 23:02:50,027] [WARNING]    Could not find a layer for device $68, class pfet_03v3, terminal G, net b[3]
[2026-09-09 23:02:50,028] [WARNING]    Could not find a layer for device $68, class pfet_03v3, terminal B, net VDD
[2026-09-09 23:02:50,030] [WARNING]    Could not find a layer for device $69, class pfet_03v3, terminal G, net b[3]
[2026-09-09 23:02:50,032] [WARNING]    Could not find a layer for device $69, class pfet_03v3, terminal B, net VDD
[2026-09-09 23:02:50,034] [WARNING]    Could not find a layer for device $70, class pfet_03v3, terminal G, net b[2]
[2026-09-09 23:02:50,037] [WARNING]    Could not find a layer for device $70, class pfet_03v3, terminal B, net VDD
[2026-09-09 23:02:50,039] [WARNING]    Could not find a layer for device $71, class pfet_03v3, terminal G, net b[4]
[2026-09-09 23:02:50,041] [WARNING]    Could not find a layer for device $71, class pfet_03v3, terminal B, net VDD
[2026-09-09 23:02:50,042] [WARNING]    Could not find a layer for device $72, class pfet_03v3, terminal G, net b[4]
[2026-09-09 23:02:50,044] [WARNING]    Could not find a layer for device $72, class pfet_03v3, terminal B, net VDD
[2026-09-09 23:02:50,046] [WARNING]    Could not find a layer for device $73, class pfet_03v3, terminal G, net b[4]
[2026-09-09 23:02:50,047] [WARNING]    Could not find a layer for device $73, class pfet_03v3, terminal B, net VDD
[2026-09-09 23:02:50,049] [WARNING]    Could not find a layer for device $74, class pfet_03v3, terminal G, net b[4]
[2026-09-09 23:02:50,052] [WARNING]    Could not find a layer for device $74, class pfet_03v3, terminal B, net VDD
[2026-09-09 23:02:50,055] [WARNING]    Could not find a layer for device $75, class pfet_03v3, terminal G, net b[3]
[2026-09-09 23:02:50,057] [WARNING]    Could not find a layer for device $75, class pfet_03v3, terminal B, net VDD
[2026-09-09 23:02:50,058] [WARNING]    Could not find a layer for device $76, class pfet_03v3, terminal G, net b[3]
[2026-09-09 23:02:50,060] [WARNING]    Could not find a layer for device $76, class pfet_03v3, terminal B, net VDD
[2026-09-09 23:02:50,062] [WARNING]    Could not find a layer for device $77, class pfet_03v3, terminal G, net b[2]
[2026-09-09 23:02:50,064] [WARNING]    Could not find a layer for device $77, class pfet_03v3, terminal B, net VDD
[2026-09-09 23:02:50,066] [WARNING]    Could not find a layer for device $78, class pfet_03v3, terminal G, net b[1]
[2026-09-09 23:02:50,069] [WARNING]    Could not find a layer for device $78, class pfet_03v3, terminal B, net VDD
[2026-09-09 23:02:50,072] [WARNING]    Could not find a layer for device $79, class pfet_03v3, terminal G, net b[4]
[2026-09-09 23:02:50,074] [WARNING]    Could not find a layer for device $79, class pfet_03v3, terminal B, net VDD
[2026-09-09 23:02:50,075] [WARNING]    Could not find a layer for device $80, class pfet_03v3, terminal G, net b[4]
[2026-09-09 23:02:50,077] [WARNING]    Could not find a layer for device $80, class pfet_03v3, terminal B, net VDD
[2026-09-09 23:02:50,079] [WARNING]    Could not find a layer for device $81, class pfet_03v3, terminal G, net b[4]
[2026-09-09 23:02:50,080] [WARNING]    Could not find a layer for device $81, class pfet_03v3, terminal B, net VDD
[2026-09-09 23:02:50,082] [WARNING]    Could not find a layer for device $82, class pfet_03v3, terminal G, net b[4]
[2026-09-09 23:02:50,085] [WARNING]    Could not find a layer for device $82, class pfet_03v3, terminal B, net VDD
[2026-09-09 23:02:50,088] [WARNING]    Could not find a layer for device $83, class pfet_03v3, terminal G, net b[3]
[2026-09-09 23:02:50,090] [WARNING]    Could not find a layer for device $83, class pfet_03v3, terminal B, net VDD
[2026-09-09 23:02:50,091] [WARNING]    Could not find a layer for device $84, class pfet_03v3, terminal G, net b[3]
[2026-09-09 23:02:50,093] [WARNING]    Could not find a layer for device $84, class pfet_03v3, terminal B, net VDD
[2026-09-09 23:02:50,094] [WARNING]    Could not find a layer for device $85, class pfet_03v3, terminal G, net b[2]
[2026-09-09 23:02:50,096] [WARNING]    Could not find a layer for device $85, class pfet_03v3, terminal B, net VDD
[2026-09-09 23:02:50,098] [WARNING]    Could not find a layer for device $86, class pfet_03v3, terminal G, net b[1]
[2026-09-09 23:02:50,100] [WARNING]    Could not find a layer for device $86, class pfet_03v3, terminal B, net VDD
[2026-09-09 23:02:50,103] [WARNING]    Could not find a layer for device $87, class pfet_03v3, terminal G, net b[1]
[2026-09-09 23:02:50,106] [WARNING]    Could not find a layer for device $87, class pfet_03v3, terminal B, net VDD
[2026-09-09 23:02:50,108] [WARNING]    Could not find a layer for device $88, class pfet_03v3, terminal G, net b[4]
[2026-09-09 23:02:50,109] [WARNING]    Could not find a layer for device $88, class pfet_03v3, terminal B, net VDD
[2026-09-09 23:02:50,111] [WARNING]    Could not find a layer for device $89, class pfet_03v3, terminal G, net b[4]
[2026-09-09 23:02:50,113] [WARNING]    Could not find a layer for device $89, class pfet_03v3, terminal B, net VDD
[2026-09-09 23:02:50,114] [WARNING]    Could not find a layer for device $90, class pfet_03v3, terminal G, net b[4]
[2026-09-09 23:02:50,116] [WARNING]    Could not find a layer for device $90, class pfet_03v3, terminal B, net VDD
[2026-09-09 23:02:50,119] [WARNING]    Could not find a layer for device $91, class pfet_03v3, terminal G, net b[4]
[2026-09-09 23:02:50,122] [WARNING]    Could not find a layer for device $91, class pfet_03v3, terminal B, net VDD
[2026-09-09 23:02:50,124] [WARNING]    Could not find a layer for device $92, class pfet_03v3, terminal G, net b[3]
[2026-09-09 23:02:50,125] [WARNING]    Could not find a layer for device $92, class pfet_03v3, terminal B, net VDD
[2026-09-09 23:02:50,127] [WARNING]    Could not find a layer for device $93, class pfet_03v3, terminal G, net b[3]
[2026-09-09 23:02:50,128] [WARNING]    Could not find a layer for device $93, class pfet_03v3, terminal B, net VDD
[2026-09-09 23:02:50,130] [WARNING]    Could not find a layer for device $94, class pfet_03v3, terminal G, net b[2]
[2026-09-09 23:02:50,132] [WARNING]    Could not find a layer for device $94, class pfet_03v3, terminal B, net VDD
[2026-09-09 23:02:50,133] [WARNING]    Could not find a layer for device $95, class pfet_03v3, terminal G, net b[0]
[2026-09-09 23:02:50,136] [WARNING]    Could not find a layer for device $95, class pfet_03v3, terminal B, net VDD
[2026-09-09 23:02:50,838] [SUBPROCESS]    Device;Net1;Net2;Capacitance [fF];Resistance [Ω]
[2026-09-09 23:02:50,839] [SUBPROCESS]    C1;$10;$13;1.668;
[2026-09-09 23:02:50,839] [SUBPROCESS]    C2;$10;$14;0.249;
[2026-09-09 23:02:50,840] [SUBPROCESS]    C3;$10;$15;0.58;
[2026-09-09 23:02:50,840] [SUBPROCESS]    C4;$10;$27;3.266;
[2026-09-09 23:02:50,841] [SUBPROCESS]    C5;$10;b[0];0.003;
[2026-09-09 23:02:50,842] [SUBPROCESS]    C6;$10;b[2];0.439;
[2026-09-09 23:02:50,842] [SUBPROCESS]    C7;$10;b[3];2.105;
[2026-09-09 23:02:50,844] [SUBPROCESS]    C8;$10;b[4];0.012;
[2026-09-09 23:02:50,845] [SUBPROCESS]    C9;$10;DAC_REF;0.013;
[2026-09-09 23:02:50,845] [SUBPROCESS]    C10;$10;I_DAC;0.852;
[2026-09-09 23:02:50,845] [SUBPROCESS]    C11;$10;VDD;7.023;
[2026-09-09 23:02:50,846] [SUBPROCESS]    C12;$10;VSUBS;7.219;
[2026-09-09 23:02:50,846] [SUBPROCESS]    C13;$13;$14;2.935;
[2026-09-09 23:02:50,847] [SUBPROCESS]    C14;$13;$15;0.097;
[2026-09-09 23:02:50,847] [SUBPROCESS]    C15;$13;$27;0.491;
[2026-09-09 23:02:50,848] [SUBPROCESS]    C16;$13;b[0];0.117;
[2026-09-09 23:02:50,848] [SUBPROCESS]    C17;$13;b[1];0.326;
[2026-09-09 23:02:50,849] [SUBPROCESS]    C18;$13;b[2];0.525;
[2026-09-09 23:02:50,849] [SUBPROCESS]    C19;$13;I_DAC;0.382;
[2026-09-09 23:02:50,850] [SUBPROCESS]    C20;$13;VDD;3.839;
[2026-09-09 23:02:50,850] [SUBPROCESS]    C21;$13;VSUBS;3.194;
[2026-09-09 23:02:50,850] [SUBPROCESS]    C22;$14;$15;1.178;
[2026-09-09 23:02:50,851] [SUBPROCESS]    C23;$14;$27;0.351;
[2026-09-09 23:02:50,851] [SUBPROCESS]    C24;$14;b[0];0.14;
[2026-09-09 23:02:50,852] [SUBPROCESS]    C25;$14;b[1];0.126;
[2026-09-09 23:02:50,852] [SUBPROCESS]    C26;$14;I_DAC;0.343;
[2026-09-09 23:02:50,853] [SUBPROCESS]    C27;$14;VDD;2.038;
[2026-09-09 23:02:50,853] [SUBPROCESS]    C28;$14;VSUBS;1.826;
[2026-09-09 23:02:50,853] [SUBPROCESS]    C29;$15;$27;0.33;
[2026-09-09 23:02:50,854] [SUBPROCESS]    C30;$15;b[0];0.299;
[2026-09-09 23:02:50,854] [SUBPROCESS]    C31;$15;I_DAC;0.057;
[2026-09-09 23:02:50,855] [SUBPROCESS]    C32;$15;VDD;1.178;
[2026-09-09 23:02:50,855] [SUBPROCESS]    C33;$15;VSUBS;1.729;
[2026-09-09 23:02:50,855] [SUBPROCESS]    C34;$27;b[3];0.073;
[2026-09-09 23:02:50,856] [SUBPROCESS]    C35;$27;b[4];3.887;
[2026-09-09 23:02:50,857] [SUBPROCESS]    C36;$27;DAC_REF;0.062;
[2026-09-09 23:02:50,857] [SUBPROCESS]    C37;$27;I_DAC;1.387;
[2026-09-09 23:02:50,858] [SUBPROCESS]    C38;$27;VDD;10.237;
[2026-09-09 23:02:50,859] [SUBPROCESS]    C39;$27;VSUBS;9.875;
[2026-09-09 23:02:50,859] [SUBPROCESS]    C40;b[0];b[1];0.05;
[2026-09-09 23:02:50,859] [SUBPROCESS]    C41;b[0];b[2];0.016;
[2026-09-09 23:02:50,860] [SUBPROCESS]    C42;b[1];b[2];0.062;
[2026-09-09 23:02:50,860] [SUBPROCESS]    C43;b[1];b[3];0.0;
[2026-09-09 23:02:50,861] [SUBPROCESS]    C44;b[2];b[3];0.079;
[2026-09-09 23:02:50,861] [SUBPROCESS]    C45;b[3];b[4];0.252;
[2026-09-09 23:02:50,862] [SUBPROCESS]    C46;DAC_REF;VDD;1.307;
[2026-09-09 23:02:50,862] [SUBPROCESS]    C47;DAC_REF;VSUBS;0.553;
[2026-09-09 23:02:50,862] [SUBPROCESS]    C48;I_DAC;b[0];1.227;
[2026-09-09 23:02:50,863] [SUBPROCESS]    C49;I_DAC;b[1];0.862;
[2026-09-09 23:02:50,863] [SUBPROCESS]    C50;I_DAC;b[2];1.063;
[2026-09-09 23:02:50,864] [SUBPROCESS]    C51;I_DAC;b[3];2.166;
[2026-09-09 23:02:50,864] [SUBPROCESS]    C52;I_DAC;b[4];4.595;
[2026-09-09 23:02:50,864] [SUBPROCESS]    C53;I_DAC;VDD;1.197;
[2026-09-09 23:02:50,865] [SUBPROCESS]    C54;I_DAC;VSUBS;3.606;
[2026-09-09 23:02:50,865] [SUBPROCESS]    C55;VDD;b[0];2.273;
[2026-09-09 23:02:50,866] [SUBPROCESS]    C56;VDD;b[1];0.11;
[2026-09-09 23:02:50,866] [SUBPROCESS]    C57;VDD;b[2];0.137;
[2026-09-09 23:02:50,867] [SUBPROCESS]    C58;VDD;b[3];0.228;
[2026-09-09 23:02:50,867] [SUBPROCESS]    C59;VDD;b[4];0.778;
[2026-09-09 23:02:50,867] [SUBPROCESS]    C60;VDD;VSUBS;49.48;
[2026-09-09 23:02:50,868] [SUBPROCESS]    C61;VSUBS;b[0];0.688;
[2026-09-09 23:02:50,868] [SUBPROCESS]    C62;VSUBS;b[1];0.403;
[2026-09-09 23:02:50,869] [SUBPROCESS]    C63;VSUBS;b[2];0.438;
[2026-09-09 23:02:50,869] [SUBPROCESS]    C64;VSUBS;b[3];0.924;
[2026-09-09 23:02:50,870] [SUBPROCESS]    C65;VSUBS;b[4];2.009;
[2026-09-09 23:02:50,871] [SUBPROCESS]    /foss/designs/DAC_CORE_5bit/output/DAC_CORE_5bit__DAC_CORE_5bit/DAC_CORE_5bit_k25d_pex_netlist.csv
[2026-09-09 23:02:50,877] [SUBPROCESS]    Wrote expanded netlist to: /foss/designs/DAC_CORE_5bit/output/DAC_CORE_5bit__DAC_CORE_5bit/DAC_CORE_5bit_k25d_pex_netlist.spice
[2026-09-09 23:02:50,880] [INFO]    Copied expanded SPICE netlist to: DAC_CORE_5bit.pex.spice
