[2026-09-09 23:23:59,132] [INFO]    GDS input file passed, running in LVS mode
[2026-09-09 23:23:59,135] [INFO]    Found cell DAC_CORE_5bit in GDS DAC_CORE_5bit.klay.gds (only top cell)
[2026-09-09 23:23:59,136] [INFO]    LVS input schematic not specified (argument --schematic), using dummy schematic
[2026-09-09 23:23:59,140] [INFO]    Cache miss: extracted LVSDB is older than the input GDS
[2026-09-09 23:23:59,141] [SUBPROCESS]    output/.kpex_cache/gf180mcuD/foss/designs/DAC_CORE_5bit/DAC_CORE_5bit.klay.gds/DAC_CORE_5bit.lvsdb.gz
[2026-09-09 23:23:59,142] [SUBPROCESS]    klayout -b -r /usr/local/lib/python3.12/dist-packages/klayout_pex/pdk/gf180mcuD/libs.tech/kpex/gf180mcu.lvs -rd input=/foss/designs/DAC_CORE_5bit/DAC_CORE_5bit.klay.gds -rd report=/foss/designs/DAC_CORE_5bit/output/DAC_CORE_5bit__DAC_CORE_5bit/DAC_CORE_5bit.lvsdb.gz -rd schematic=/foss/designs/DAC_CORE_5bit/output/DAC_CORE_5bit__DAC_CORE_5bit/DAC_CORE_5bit_dummy_schematic.spice -rd thr=22 -rd run_mode=deep -rd spice_net_names=true -rd spice_comments=false -rd scale=false -rd verbose=false -rd schematic_simplify=false -rd net_only=false -rd top_lvl_pins=true -rd combine=false -rd combine_devices=false -rd purge=false -rd purge_nets=false -rd no_simplify=true
[2026-09-09 23:23:59,143] [SUBPROCESS]    output/DAC_CORE_5bit__DAC_CORE_5bit/DAC_CORE_5bit_lvs.log
[2026-09-09 23:24:01,276] [SUBPROCESS]    2026-09-09 23:24:01 +0200: Memory Usage (674564K) : Starting running GF180MCU Klayout LVS runset on /foss/designs/DAC_CORE_5bit/DAC_CORE_5bit.klay.gds
[2026-09-09 23:24:01,284] [SUBPROCESS]    2026-09-09 23:24:01 +0200: Memory Usage (674564K) : Ruby Version for klayout: 3.2.3
[2026-09-09 23:24:01,290] [SUBPROCESS]    2026-09-09 23:24:01 +0200: Memory Usage (674564K) : Loading database to memory is complete.
[2026-09-09 23:24:01,296] [SUBPROCESS]    2026-09-09 23:24:01 +0200: Memory Usage (674564K) : GF180MCU Klayout LVS runset output at: /foss/designs/DAC_CORE_5bit/output/DAC_CORE_5bit__DAC_CORE_5bit/DAC_CORE_5bit.lvsdb.gz
[2026-09-09 23:24:01,304] [SUBPROCESS]    2026-09-09 23:24:01 +0200: Memory Usage (674564K) : Evaluate switches.
[2026-09-09 23:24:01,310] [SUBPROCESS]    2026-09-09 23:24:01 +0200: Memory Usage (674564K) : Substrate name used: 
[2026-09-09 23:24:01,317] [SUBPROCESS]    2026-09-09 23:24:01 +0200: Memory Usage (674564K) : Extracted netlist with net names: true
[2026-09-09 23:24:01,325] [SUBPROCESS]    2026-09-09 23:24:01 +0200: Memory Usage (674564K) : Extracted netlist with comments in details: false
[2026-09-09 23:24:01,331] [SUBPROCESS]    2026-09-09 23:24:01 +0200: Memory Usage (674564K) : GF180MCU Klayout LVS extracted netlist file at: DAC_CORE_5bit_extracted.cir
[2026-09-09 23:24:01,337] [SUBPROCESS]    2026-09-09 23:24:01 +0200: Memory Usage (674564K) : LVS device_scaling option: false
[2026-09-09 23:24:01,343] [SUBPROCESS]    2026-09-09 23:24:01 +0200: Memory Usage (674564K) : Selected SCH_SIMPLE option: false
[2026-09-09 23:24:01,350] [SUBPROCESS]    2026-09-09 23:24:01 +0200: Memory Usage (674564K) : Selected NET_ONLY option: false
[2026-09-09 23:24:01,357] [SUBPROCESS]    2026-09-09 23:24:01 +0200: Memory Usage (674564K) : Selected TOP_LVL_PINS option: true
[2026-09-09 23:24:01,364] [SUBPROCESS]    2026-09-09 23:24:01 +0200: Memory Usage (674564K) : Selected COMBINE option: false
[2026-09-09 23:24:01,371] [SUBPROCESS]    2026-09-09 23:24:01 +0200: Memory Usage (674564K) : Selected PURGE option: false
[2026-09-09 23:24:01,376] [SUBPROCESS]    2026-09-09 23:24:01 +0200: Memory Usage (674564K) : Selected PURGE_NETS option: false
[2026-09-09 23:24:01,383] [SUBPROCESS]    2026-09-09 23:24:01 +0200: Memory Usage (674564K) : Selected SIMPLIFY option: false
[2026-09-09 23:24:01,390] [SUBPROCESS]    2026-09-09 23:24:01 +0200: Memory Usage (674564K) : Verbose mode: false
[2026-09-09 23:24:01,397] [SUBPROCESS]    2026-09-09 23:24:01 +0200: Memory Usage (674564K) : deep  mode is enabled.
[2026-09-09 23:24:01,405] [SUBPROCESS]    2026-09-09 23:24:01 +0200: Memory Usage (674564K) : METAL_TOP Selected is 9K
[2026-09-09 23:24:01,411] [SUBPROCESS]    2026-09-09 23:24:01 +0200: Memory Usage (674564K) : METAL_STACK Selected is 6LM
[2026-09-09 23:24:01,418] [SUBPROCESS]    2026-09-09 23:24:01 +0200: Memory Usage (674564K) : POLY_RES Selected is 1k
[2026-09-09 23:24:01,425] [SUBPROCESS]    2026-09-09 23:24:01 +0200: Memory Usage (674564K) : MIM Option selected: B
[2026-09-09 23:24:01,433] [SUBPROCESS]    2026-09-09 23:24:01 +0200: Memory Usage (674564K) : MIM CAP selected: 2
[2026-09-09 23:24:01,441] [SUBPROCESS]    2026-09-09 23:24:01 +0200: Memory Usage (674564K) : Netlist file: /foss/designs/DAC_CORE_5bit/output/DAC_CORE_5bit__DAC_CORE_5bit/DAC_CORE_5bit_dummy_schematic.spice
[2026-09-09 23:24:01,450] [SUBPROCESS]    2026-09-09 23:24:01 +0200: Memory Usage (674564K) : Read in polygons from layers.
[2026-09-09 23:24:01,457] [SUBPROCESS]    2026-09-09 23:24:01 +0200: Memory Usage (674564K) : comp has 649 polygons
[2026-09-09 23:24:01,466] [SUBPROCESS]    2026-09-09 23:24:01 +0200: Memory Usage (674564K) : dnwell has 0 polygons
[2026-09-09 23:24:01,474] [SUBPROCESS]    2026-09-09 23:24:01 +0200: Memory Usage (674564K) : nwell has 651 polygons
[2026-09-09 23:24:01,483] [SUBPROCESS]    2026-09-09 23:24:01 +0200: Memory Usage (674564K) : lvpwell has 0 polygons
[2026-09-09 23:24:01,491] [SUBPROCESS]    2026-09-09 23:24:01 +0200: Memory Usage (674564K) : dualgate has 0 polygons
[2026-09-09 23:24:01,497] [SUBPROCESS]    2026-09-09 23:24:01 +0200: Memory Usage (674564K) : poly2 has 231 polygons
[2026-09-09 23:24:01,506] [SUBPROCESS]    2026-09-09 23:24:01 +0200: Memory Usage (674564K) : nplus has 554 polygons
[2026-09-09 23:24:01,514] [SUBPROCESS]    2026-09-09 23:24:01 +0200: Memory Usage (674564K) : pplus has 95 polygons
[2026-09-09 23:24:01,523] [SUBPROCESS]    2026-09-09 23:24:01 +0200: Memory Usage (674564K) : sab has 0 polygons
[2026-09-09 23:24:01,530] [SUBPROCESS]    2026-09-09 23:24:01 +0200: Memory Usage (674564K) : esd has 0 polygons
[2026-09-09 23:24:01,539] [SUBPROCESS]    2026-09-09 23:24:01 +0200: Memory Usage (674564K) : resistor has 0 polygons
[2026-09-09 23:24:01,546] [SUBPROCESS]    2026-09-09 23:24:01 +0200: Memory Usage (674564K) : fhres has 0 polygons
[2026-09-09 23:24:01,556] [SUBPROCESS]    2026-09-09 23:24:01 +0200: Memory Usage (674564K) : fusetop has 0 polygons
[2026-09-09 23:24:01,563] [SUBPROCESS]    2026-09-09 23:24:01 +0200: Memory Usage (674564K) : fusewindow_d has 0 polygons
[2026-09-09 23:24:01,572] [SUBPROCESS]    2026-09-09 23:24:01 +0200: Memory Usage (674564K) : polyfuse has 0 polygons
[2026-09-09 23:24:01,580] [SUBPROCESS]    2026-09-09 23:24:01 +0200: Memory Usage (674564K) : mvsd has 0 polygons
[2026-09-09 23:24:01,588] [SUBPROCESS]    2026-09-09 23:24:01 +0200: Memory Usage (675080K) : mvpsd has 0 polygons
[2026-09-09 23:24:01,595] [SUBPROCESS]    2026-09-09 23:24:01 +0200: Memory Usage (675080K) : nat has 0 polygons
[2026-09-09 23:24:01,605] [SUBPROCESS]    2026-09-09 23:24:01 +0200: Memory Usage (675080K) : comp_dummy has 0 polygons
[2026-09-09 23:24:01,612] [SUBPROCESS]    2026-09-09 23:24:01 +0200: Memory Usage (675080K) : poly2_dummy has 0 polygons
[2026-09-09 23:24:01,620] [SUBPROCESS]    2026-09-09 23:24:01 +0200: Memory Usage (675080K) : schottky_diode has 0 polygons
[2026-09-09 23:24:01,627] [SUBPROCESS]    2026-09-09 23:24:01 +0200: Memory Usage (675080K) : zener has 0 polygons
[2026-09-09 23:24:01,636] [SUBPROCESS]    2026-09-09 23:24:01 +0200: Memory Usage (675080K) : res_mk has 0 polygons
[2026-09-09 23:24:01,644] [SUBPROCESS]    2026-09-09 23:24:01 +0200: Memory Usage (675080K) : opc_drc has 0 polygons
[2026-09-09 23:24:01,653] [SUBPROCESS]    2026-09-09 23:24:01 +0200: Memory Usage (675080K) : ndmy has 0 polygons
[2026-09-09 23:24:01,660] [SUBPROCESS]    2026-09-09 23:24:01 +0200: Memory Usage (675080K) : pmndmy has 0 polygons
[2026-09-09 23:24:01,667] [SUBPROCESS]    2026-09-09 23:24:01 +0200: Memory Usage (675480K) : v5_xtor has 0 polygons
[2026-09-09 23:24:01,675] [SUBPROCESS]    2026-09-09 23:24:01 +0200: Memory Usage (675480K) : cap_mk has 0 polygons
[2026-09-09 23:24:01,685] [SUBPROCESS]    2026-09-09 23:24:01 +0200: Memory Usage (675480K) : mos_cap_mk has 0 polygons
[2026-09-09 23:24:01,692] [SUBPROCESS]    2026-09-09 23:24:01 +0200: Memory Usage (675480K) : ind_mk has 0 polygons
[2026-09-09 23:24:01,700] [SUBPROCESS]    2026-09-09 23:24:01 +0200: Memory Usage (675480K) : diode_mk has 0 polygons
[2026-09-09 23:24:01,708] [SUBPROCESS]    2026-09-09 23:24:01 +0200: Memory Usage (675480K) : drc_bjt has 0 polygons
[2026-09-09 23:24:01,716] [SUBPROCESS]    2026-09-09 23:24:01 +0200: Memory Usage (675852K) : lvs_bjt has 0 polygons
[2026-09-09 23:24:01,725] [SUBPROCESS]    2026-09-09 23:24:01 +0200: Memory Usage (675852K) : mim_l_mk has 0 polygons
[2026-09-09 23:24:01,732] [SUBPROCESS]    2026-09-09 23:24:01 +0200: Memory Usage (675852K) : latchup_mk has 0 polygons
[2026-09-09 23:24:01,739] [SUBPROCESS]    2026-09-09 23:24:01 +0200: Memory Usage (675852K) : guard_ring_mk has 0 polygons
[2026-09-09 23:24:01,746] [SUBPROCESS]    2026-09-09 23:24:01 +0200: Memory Usage (675852K) : otp_mk has 0 polygons
[2026-09-09 23:24:01,775] [SUBPROCESS]    2026-09-09 23:24:01 +0200: Memory Usage (675852K) : mtpmark has 0 polygons
[2026-09-09 23:24:01,783] [SUBPROCESS]    2026-09-09 23:24:01 +0200: Memory Usage (676224K) : neo_ee_mk has 0 polygons
[2026-09-09 23:24:01,792] [SUBPROCESS]    2026-09-09 23:24:01 +0200: Memory Usage (676224K) : sramcore has 0 polygons
[2026-09-09 23:24:01,800] [SUBPROCESS]    2026-09-09 23:24:01 +0200: Memory Usage (676224K) : lvs_rf has 0 polygons
[2026-09-09 23:24:01,808] [SUBPROCESS]    2026-09-09 23:24:01 +0200: Memory Usage (676224K) : lvs_drain has 0 polygons
[2026-09-09 23:24:01,816] [SUBPROCESS]    2026-09-09 23:24:01 +0200: Memory Usage (676224K) : ind_mk has 0 polygons
[2026-09-09 23:24:01,823] [SUBPROCESS]    2026-09-09 23:24:01 +0200: Memory Usage (676224K) : hvpolyrs has 0 polygons
[2026-09-09 23:24:01,831] [SUBPROCESS]    2026-09-09 23:24:01 +0200: Memory Usage (676224K) : lvs_io has 0 polygons
[2026-09-09 23:24:01,842] [SUBPROCESS]    2026-09-09 23:24:01 +0200: Memory Usage (676224K) : probe_mk has 0 polygons
[2026-09-09 23:24:01,850] [SUBPROCESS]    2026-09-09 23:24:01 +0200: Memory Usage (676224K) : esd_mk has 0 polygons
[2026-09-09 23:24:01,858] [SUBPROCESS]    2026-09-09 23:24:01 +0200: Memory Usage (676224K) : lvs_source has 0 polygons
[2026-09-09 23:24:01,865] [SUBPROCESS]    2026-09-09 23:24:01 +0200: Memory Usage (676224K) : well_diode_mk has 0 polygons
[2026-09-09 23:24:01,873] [SUBPROCESS]    2026-09-09 23:24:01 +0200: Memory Usage (676224K) : ldmos_xtor has 0 polygons
[2026-09-09 23:24:01,882] [SUBPROCESS]    2026-09-09 23:24:01 +0200: Memory Usage (676224K) : plfuse has 0 polygons
[2026-09-09 23:24:01,890] [SUBPROCESS]    2026-09-09 23:24:01 +0200: Memory Usage (676224K) : efuse_mk has 0 polygons
[2026-09-09 23:24:01,898] [SUBPROCESS]    2026-09-09 23:24:01 +0200: Memory Usage (676224K) : mcell_feol_mk has 0 polygons
[2026-09-09 23:24:01,905] [SUBPROCESS]    2026-09-09 23:24:01 +0200: Memory Usage (676224K) : ymtp_mk has 0 polygons
[2026-09-09 23:24:01,912] [SUBPROCESS]    2026-09-09 23:24:01 +0200: Memory Usage (676224K) : dev_wf_mk has 0 polygons
[2026-09-09 23:24:01,921] [SUBPROCESS]    2026-09-09 23:24:01 +0200: Memory Usage (676224K) : comp_label has 0 polygons
[2026-09-09 23:24:01,928] [SUBPROCESS]    2026-09-09 23:24:01 +0200: Memory Usage (676224K) : poly2_label has 0 polygons
[2026-09-09 23:24:01,937] [SUBPROCESS]    2026-09-09 23:24:01 +0200: Memory Usage (676224K) : mdiode has 0 polygons
[2026-09-09 23:24:01,944] [SUBPROCESS]    2026-09-09 23:24:01 +0200: Memory Usage (676224K) : contact has 1034 polygons
[2026-09-09 23:24:01,952] [SUBPROCESS]    2026-09-09 23:24:01 +0200: Memory Usage (676224K) : metal1_drawn has 1055 polygons
[2026-09-09 23:24:01,963] [SUBPROCESS]    2026-09-09 23:24:01 +0200: Memory Usage (676224K) : metal1_dummy has 0 polygons
[2026-09-09 23:24:01,971] [SUBPROCESS]    2026-09-09 23:24:01 +0200: Memory Usage (676224K) : metal1_label has 1 polygons
[2026-09-09 23:24:01,977] [SUBPROCESS]    2026-09-09 23:24:01 +0200: Memory Usage (676224K) : metal1_slot has 0 polygons
[2026-09-09 23:24:01,987] [SUBPROCESS]    2026-09-09 23:24:01 +0200: Memory Usage (676224K) : metal1_blk has 0 polygons
[2026-09-09 23:24:01,995] [SUBPROCESS]    2026-09-09 23:24:01 +0200: Memory Usage (676224K) : metal1_res has 0 polygons
[2026-09-09 23:24:02,005] [SUBPROCESS]    2026-09-09 23:24:01 +0200: Memory Usage (676224K) : via1 has 106 polygons
[2026-09-09 23:24:02,011] [SUBPROCESS]    2026-09-09 23:24:02 +0200: Memory Usage (676224K) : metal2_drawn has 149 polygons
[2026-09-09 23:24:02,022] [SUBPROCESS]    2026-09-09 23:24:02 +0200: Memory Usage (676224K) : metal2_dummy has 0 polygons
[2026-09-09 23:24:02,028] [SUBPROCESS]    2026-09-09 23:24:02 +0200: Memory Usage (676224K) : metal2_label has 7 polygons
[2026-09-09 23:24:02,038] [SUBPROCESS]    2026-09-09 23:24:02 +0200: Memory Usage (676224K) : metal2_slot has 0 polygons
[2026-09-09 23:24:02,047] [SUBPROCESS]    2026-09-09 23:24:02 +0200: Memory Usage (676224K) : metal2_blk has 0 polygons
[2026-09-09 23:24:02,054] [SUBPROCESS]    2026-09-09 23:24:02 +0200: Memory Usage (676224K) : metal2_res has 0 polygons
[2026-09-09 23:24:02,061] [SUBPROCESS]    2026-09-09 23:24:02 +0200: Memory Usage (676224K) : via2 has 0 polygons
[2026-09-09 23:24:02,070] [SUBPROCESS]    2026-09-09 23:24:02 +0200: Memory Usage (676224K) : metal3_drawn has 0 polygons
[2026-09-09 23:24:02,080] [SUBPROCESS]    2026-09-09 23:24:02 +0200: Memory Usage (676224K) : metal3_dummy has 0 polygons
[2026-09-09 23:24:02,088] [SUBPROCESS]    2026-09-09 23:24:02 +0200: Memory Usage (676224K) : metal3_label has 0 polygons
[2026-09-09 23:24:02,095] [SUBPROCESS]    2026-09-09 23:24:02 +0200: Memory Usage (676224K) : metal3_slot has 0 polygons
[2026-09-09 23:24:02,103] [SUBPROCESS]    2026-09-09 23:24:02 +0200: Memory Usage (676224K) : metal3_blk has 0 polygons
[2026-09-09 23:24:02,110] [SUBPROCESS]    2026-09-09 23:24:02 +0200: Memory Usage (676224K) : metal3_res has 0 polygons
[2026-09-09 23:24:02,120] [SUBPROCESS]    2026-09-09 23:24:02 +0200: Memory Usage (676224K) : via3 has 0 polygons
[2026-09-09 23:24:02,128] [SUBPROCESS]    2026-09-09 23:24:02 +0200: Memory Usage (676224K) : metal4_drawn has 0 polygons
[2026-09-09 23:24:02,138] [SUBPROCESS]    2026-09-09 23:24:02 +0200: Memory Usage (676224K) : metal4_dummy has 0 polygons
[2026-09-09 23:24:02,144] [SUBPROCESS]    2026-09-09 23:24:02 +0200: Memory Usage (676224K) : metal4_label has 0 polygons
[2026-09-09 23:24:02,153] [SUBPROCESS]    2026-09-09 23:24:02 +0200: Memory Usage (676224K) : metal4_slot has 0 polygons
[2026-09-09 23:24:02,162] [SUBPROCESS]    2026-09-09 23:24:02 +0200: Memory Usage (676224K) : metal4_blk has 0 polygons
[2026-09-09 23:24:02,171] [SUBPROCESS]    2026-09-09 23:24:02 +0200: Memory Usage (676224K) : metal4_res has 0 polygons
[2026-09-09 23:24:02,178] [SUBPROCESS]    2026-09-09 23:24:02 +0200: Memory Usage (676224K) : via4 has 0 polygons
[2026-09-09 23:24:02,187] [SUBPROCESS]    2026-09-09 23:24:02 +0200: Memory Usage (676224K) : metal5_drawn has 0 polygons
[2026-09-09 23:24:02,195] [SUBPROCESS]    2026-09-09 23:24:02 +0200: Memory Usage (676224K) : metal5_dummy has 0 polygons
[2026-09-09 23:24:02,205] [SUBPROCESS]    2026-09-09 23:24:02 +0200: Memory Usage (676612K) : metal5_label has 0 polygons
[2026-09-09 23:24:02,211] [SUBPROCESS]    2026-09-09 23:24:02 +0200: Memory Usage (676612K) : metal5_slot has 0 polygons
[2026-09-09 23:24:02,220] [SUBPROCESS]    2026-09-09 23:24:02 +0200: Memory Usage (676612K) : metal5_blk has 0 polygons
[2026-09-09 23:24:02,227] [SUBPROCESS]    2026-09-09 23:24:02 +0200: Memory Usage (676612K) : metal5_res has 0 polygons
[2026-09-09 23:24:02,236] [SUBPROCESS]    2026-09-09 23:24:02 +0200: Memory Usage (676612K) : via5 has 0 polygons
[2026-09-09 23:24:02,244] [SUBPROCESS]    2026-09-09 23:24:02 +0200: Memory Usage (676612K) : metaltop_drawn has 0 polygons
[2026-09-09 23:24:02,254] [SUBPROCESS]    2026-09-09 23:24:02 +0200: Memory Usage (677028K) : metaltop_dummy has 0 polygons
[2026-09-09 23:24:02,261] [SUBPROCESS]    2026-09-09 23:24:02 +0200: Memory Usage (677028K) : metaltop_label has 0 polygons
[2026-09-09 23:24:02,269] [SUBPROCESS]    2026-09-09 23:24:02 +0200: Memory Usage (677028K) : metaltop_slot has 0 polygons
[2026-09-09 23:24:02,295] [SUBPROCESS]    2026-09-09 23:24:02 +0200: Memory Usage (677028K) : metaltop_blk has 0 polygons
[2026-09-09 23:24:02,303] [SUBPROCESS]    2026-09-09 23:24:02 +0200: Memory Usage (677028K) : metal6_res has 0 polygons
[2026-09-09 23:24:02,309] [SUBPROCESS]    2026-09-09 23:24:02 +0200: Memory Usage (677028K) : pad has 0 polygons
[2026-09-09 23:24:02,317] [SUBPROCESS]    2026-09-09 23:24:02 +0200: Memory Usage (677028K) : ubmpperi has 0 polygons
[2026-09-09 23:24:02,325] [SUBPROCESS]    2026-09-09 23:24:02 +0200: Memory Usage (677028K) : ubmparray has 0 polygons
[2026-09-09 23:24:02,332] [SUBPROCESS]    2026-09-09 23:24:02 +0200: Memory Usage (677028K) : ubmeplate has 0 polygons
[2026-09-09 23:24:02,340] [SUBPROCESS]    2026-09-09 23:24:02 +0200: Memory Usage (677028K) : pr_bndry has 0 polygons
[2026-09-09 23:24:02,346] [SUBPROCESS]    2026-09-09 23:24:02 +0200: Memory Usage (677028K) : border has 0 polygons
[2026-09-09 23:24:02,353] [SUBPROCESS]    2026-09-09 23:24:02 +0200: Memory Usage (677028K) : Total no. of polygons in the design is 4532
[2026-09-09 23:24:02,359] [SUBPROCESS]    2026-09-09 23:24:02 +0200: Memory Usage (677028K) : Starting deriving base layers.
[2026-09-09 23:24:02,366] [SUBPROCESS]    2026-09-09 23:24:02 +0200: Memory Usage (677028K) : Starting GF180MCU LVS runset
[2026-09-09 23:24:02,471] [SUBPROCESS]    2026-09-09 23:24:02 +0200: Memory Usage (677028K) : Starting base layers derivations
[2026-09-09 23:24:02,487] [SUBPROCESS]    2026-09-09 23:24:02 +0200: Memory Usage (825288K) : Starting MOSFET DERIVATIONS
[2026-09-09 23:24:02,524] [SUBPROCESS]    2026-09-09 23:24:02 +0200: Memory Usage (826044K) : Starting PMOS layers DERIVATIONS
[2026-09-09 23:24:02,568] [SUBPROCESS]    2026-09-09 23:24:02 +0200: Memory Usage (827936K) : Starting NMOS layers DERIVATIONS
[2026-09-09 23:24:02,574] [SUBPROCESS]    2026-09-09 23:24:02 +0200: Memory Usage (830224K) : Starting BJT DERIVATIONS
[2026-09-09 23:24:02,664] [SUBPROCESS]    2026-09-09 23:24:02 +0200: Memory Usage (830224K) : Starting vnpn layers DERIVATIONS
[2026-09-09 23:24:02,740] [SUBPROCESS]    2026-09-09 23:24:02 +0200: Memory Usage (835520K) : Starting vpnp layers DERIVATIONS
[2026-09-09 23:24:02,888] [SUBPROCESS]    2026-09-09 23:24:02 +0200: Memory Usage (837788K) : Starting DIODE DERIVATIONS
[2026-09-09 23:24:03,060] [SUBPROCESS]    2026-09-09 23:24:02 +0200: Memory Usage (837788K) : Starting RESISTOR DERIVATIONS
[2026-09-09 23:24:03,076] [SUBPROCESS]    2026-09-09 23:24:03 +0200: Memory Usage (837788K) : Starting MIMCAP DERIVATIONS
[2026-09-09 23:24:03,115] [SUBPROCESS]    2026-09-09 23:24:03 +0200: Memory Usage (837788K) : Starting MOSCAP DERIVATIONS
[2026-09-09 23:24:03,131] [SUBPROCESS]    2026-09-09 23:24:03 +0200: Memory Usage (837788K) : Starting MOS SAB DERIVATIONS
[2026-09-09 23:24:03,158] [SUBPROCESS]    2026-09-09 23:24:03 +0200: Memory Usage (837788K) : Starting PMOS SAB DERIVATIONS
[2026-09-09 23:24:03,185] [SUBPROCESS]    2026-09-09 23:24:03 +0200: Memory Usage (838576K) : Starting NMOS SAB DERIVATIONS
[2026-09-09 23:24:03,199] [SUBPROCESS]    2026-09-09 23:24:03 +0200: Memory Usage (839712K) : Starting NMOS EFUSE DERIVATIONS
[2026-09-09 23:24:03,205] [SUBPROCESS]    2026-09-09 23:24:03 +0200: Memory Usage (840088K) : Starting GF180 LVS connectivity setup
[2026-09-09 23:24:03,213] [SUBPROCESS]    2026-09-09 23:24:03 +0200: Memory Usage (840088K) : Starting GF180 LVS connectivity setup (Inter-layer)
[2026-09-09 23:24:03,220] [SUBPROCESS]    2026-09-09 23:24:03 +0200: Memory Usage (840088K) : Starting GF180 LVS connectivity setup (Global)
[2026-09-09 23:24:03,228] [SUBPROCESS]    2026-09-09 23:24:03 +0200: Memory Usage (840088K) : Starting GF180 LVS connectivity setup (Multifinger Devices)
[2026-09-09 23:24:03,233] [SUBPROCESS]    2026-09-09 23:24:03 +0200: Memory Usage (840088K) : Starting LVS MOSFET CONNECTIONS
[2026-09-09 23:24:03,241] [SUBPROCESS]    2026-09-09 23:24:03 +0200: Memory Usage (840088K) : Starting LVS BJT CONNECTIONS
[2026-09-09 23:24:03,247] [SUBPROCESS]    2026-09-09 23:24:03 +0200: Memory Usage (840152K) : Starting LVS DIODE CONNECTIONS
[2026-09-09 23:24:03,255] [SUBPROCESS]    2026-09-09 23:24:03 +0200: Memory Usage (840152K) : Starting LVS MIMCAP CONNECTIONS
[2026-09-09 23:24:03,262] [SUBPROCESS]    2026-09-09 23:24:03 +0200: Memory Usage (840152K) : Starting LVS RESISTOR CONNECTIONS
[2026-09-09 23:24:03,267] [SUBPROCESS]    2026-09-09 23:24:03 +0200: Memory Usage (840152K) : Starting LVS EFUSE CONNECTIONS
[2026-09-09 23:24:03,275] [SUBPROCESS]    2026-09-09 23:24:03 +0200: Memory Usage (840152K) : Starting GF180 LVS DEVICES EXTRACTION
[2026-09-09 23:24:03,280] [SUBPROCESS]    2026-09-09 23:24:03 +0200: Memory Usage (840152K) : Starting MOSFET EXTRACTION
[2026-09-09 23:24:03,286] [SUBPROCESS]    2026-09-09 23:24:03 +0200: Memory Usage (840152K) : Starting PMOS EXTRACTION
[2026-09-09 23:24:03,296] [SUBPROCESS]    2026-09-09 23:24:03 +0200: Memory Usage (840152K) : Extracting 3.3V PMOS transistor outside DNWEL
[2026-09-09 23:24:03,306] [SUBPROCESS]    2026-09-09 23:24:03 +0200: Memory Usage (840152K) : Extracting 5V PMOS transistor outside DNWELL
[2026-09-09 23:24:03,332] [SUBPROCESS]    2026-09-09 23:24:03 +0200: Memory Usage (840152K) : Extracting 6V PMOS transistor outside DNWELL
[2026-09-09 23:24:03,342] [SUBPROCESS]    2026-09-09 23:24:03 +0200: Memory Usage (840532K) : Extracting 3.3V PMOS transistor inside DNWELL
[2026-09-09 23:24:03,349] [SUBPROCESS]    2026-09-09 23:24:03 +0200: Memory Usage (840532K) : Extracting 5V PMOS transistor inside DNWELL
[2026-09-09 23:24:03,358] [SUBPROCESS]    2026-09-09 23:24:03 +0200: Memory Usage (840532K) : Extracting 6V PMOS transistor inside DNWELL
[2026-09-09 23:24:03,366] [SUBPROCESS]    2026-09-09 23:24:03 +0200: Memory Usage (840532K) : Extracting LDPMOS transistor
[2026-09-09 23:24:03,373] [SUBPROCESS]    2026-09-09 23:24:03 +0200: Memory Usage (840532K) : Starting NMOS EXTRACTION
[2026-09-09 23:24:03,381] [SUBPROCESS]    2026-09-09 23:24:03 +0200: Memory Usage (840532K) : 3.3V NMOS transistor outside DNWELL
[2026-09-09 23:24:03,390] [SUBPROCESS]    2026-09-09 23:24:03 +0200: Memory Usage (840532K) : 5V NMOS transistor outside DNWELL
[2026-09-09 23:24:03,398] [SUBPROCESS]    2026-09-09 23:24:03 +0200: Memory Usage (840532K) : 6V NMOS transistor outside DNWELL
[2026-09-09 23:24:03,406] [SUBPROCESS]    2026-09-09 23:24:03 +0200: Memory Usage (840532K) : 3.3V NMOS transistor inside DNWELL
[2026-09-09 23:24:03,415] [SUBPROCESS]    2026-09-09 23:24:03 +0200: Memory Usage (840532K) : 5V NMOS transistor inside DNWELL
[2026-09-09 23:24:03,425] [SUBPROCESS]    2026-09-09 23:24:03 +0200: Memory Usage (840532K) : 6V NMOS transistor inside DNWELL
[2026-09-09 23:24:03,432] [SUBPROCESS]    2026-09-09 23:24:03 +0200: Memory Usage (840532K) : Native Vt NMOS transistor
[2026-09-09 23:24:03,440] [SUBPROCESS]    2026-09-09 23:24:03 +0200: Memory Usage (840532K) : Extracting LDNMOS transistor
[2026-09-09 23:24:03,447] [SUBPROCESS]    2026-09-09 23:24:03 +0200: Memory Usage (840532K) : Starting BJT EXTRACTION
[2026-09-09 23:24:03,454] [SUBPROCESS]    2026-09-09 23:24:03 +0200: Memory Usage (840532K) : Starting vnpn BJT EXTRACTION
[2026-09-09 23:24:03,465] [SUBPROCESS]    2026-09-09 23:24:03 +0200: Memory Usage (840532K) : Extracting npn_10p00x10p00 BJT
[2026-09-09 23:24:03,476] [SUBPROCESS]    2026-09-09 23:24:03 +0200: Memory Usage (840532K) : Extracting npn_05p00x05p00 BJT
[2026-09-09 23:24:03,486] [SUBPROCESS]    2026-09-09 23:24:03 +0200: Memory Usage (840532K) : Extracting npn_00p54x16p00 BJT
[2026-09-09 23:24:03,498] [SUBPROCESS]    2026-09-09 23:24:03 +0200: Memory Usage (840532K) : Extracting npn_00p54x08p00 BJT
[2026-09-09 23:24:03,511] [SUBPROCESS]    2026-09-09 23:24:03 +0200: Memory Usage (840532K) : Extracting npn_00p54x04p00 BJT
[2026-09-09 23:24:03,523] [SUBPROCESS]    2026-09-09 23:24:03 +0200: Memory Usage (840532K) : Extracting npn_00p54x02p00 BJT
[2026-09-09 23:24:03,530] [SUBPROCESS]    2026-09-09 23:24:03 +0200: Memory Usage (840532K) : Starting vpnp BJT EXTRACTION
[2026-09-09 23:24:03,543] [SUBPROCESS]    2026-09-09 23:24:03 +0200: Memory Usage (840532K) : Extracting pnp_10p00x10p00 BJT
[2026-09-09 23:24:03,551] [SUBPROCESS]    2026-09-09 23:24:03 +0200: Memory Usage (840532K) : Extracting pnp_05p00x05p00 BJT
[2026-09-09 23:24:03,561] [SUBPROCESS]    2026-09-09 23:24:03 +0200: Memory Usage (840532K) : Extracting pnp_10p00x00p42 BJT
[2026-09-09 23:24:03,572] [SUBPROCESS]    2026-09-09 23:24:03 +0200: Memory Usage (840532K) : Extracting pnp_05p00x00p42 BJT
[2026-09-09 23:24:03,580] [SUBPROCESS]    2026-09-09 23:24:03 +0200: Memory Usage (840532K) : Starting DIODE EXTRACTION
[2026-09-09 23:24:03,589] [SUBPROCESS]    2026-09-09 23:24:03 +0200: Memory Usage (840532K) : Extracting diode_nd2ps_03v3 diode
[2026-09-09 23:24:03,596] [SUBPROCESS]    2026-09-09 23:24:03 +0200: Memory Usage (840532K) : Extracting diode_nd2ps_03v3_dn diode
[2026-09-09 23:24:03,604] [SUBPROCESS]    2026-09-09 23:24:03 +0200: Memory Usage (840532K) : Extracting diode_nd2ps_06v0 diode
[2026-09-09 23:24:03,613] [SUBPROCESS]    2026-09-09 23:24:03 +0200: Memory Usage (840532K) : Extracting diode_nd2ps_06v0_dn diode
[2026-09-09 23:24:03,621] [SUBPROCESS]    2026-09-09 23:24:03 +0200: Memory Usage (840532K) : Extracting diode_pd2nw_03v3 diode
[2026-09-09 23:24:03,629] [SUBPROCESS]    2026-09-09 23:24:03 +0200: Memory Usage (840532K) : Extractingdiode_pd2nw_03v3_dn diode
[2026-09-09 23:24:03,637] [SUBPROCESS]    2026-09-09 23:24:03 +0200: Memory Usage (840532K) : Extracting diode_pd2nw_06v0 diode
[2026-09-09 23:24:03,646] [SUBPROCESS]    2026-09-09 23:24:03 +0200: Memory Usage (840532K) : Extracting diode_pd2nw_06v0_dn diode
[2026-09-09 23:24:03,653] [SUBPROCESS]    2026-09-09 23:24:03 +0200: Memory Usage (840532K) : Extracting diode_nw2ps_03v3 diode
[2026-09-09 23:24:03,661] [SUBPROCESS]    2026-09-09 23:24:03 +0200: Memory Usage (840532K) : Extracting diode_nw2ps_06v0 diode
[2026-09-09 23:24:03,669] [SUBPROCESS]    2026-09-09 23:24:03 +0200: Memory Usage (840532K) : Extracting diode_pw2dw_03v3 diode
[2026-09-09 23:24:03,677] [SUBPROCESS]    2026-09-09 23:24:03 +0200: Memory Usage (840532K) : Extracting diode_pw2dw_06v0 diode
[2026-09-09 23:24:03,684] [SUBPROCESS]    2026-09-09 23:24:03 +0200: Memory Usage (840532K) : Extracting diode_dw2ps_03v3 diode
[2026-09-09 23:24:03,693] [SUBPROCESS]    2026-09-09 23:24:03 +0200: Memory Usage (840532K) : Extracting diode_dw2ps_06v0 diode
[2026-09-09 23:24:03,701] [SUBPROCESS]    2026-09-09 23:24:03 +0200: Memory Usage (840532K) : Extracting sc_diode diode
[2026-09-09 23:24:03,708] [SUBPROCESS]    2026-09-09 23:24:03 +0200: Memory Usage (840532K) : Starting RESISTOR EXTRACTION
[2026-09-09 23:24:03,716] [SUBPROCESS]    2026-09-09 23:24:03 +0200: Memory Usage (840532K) : Extracting NPLUS_U device
[2026-09-09 23:24:03,724] [SUBPROCESS]    2026-09-09 23:24:03 +0200: Memory Usage (840532K) : Extracting NPLUS_U_DW device
[2026-09-09 23:24:03,731] [SUBPROCESS]    2026-09-09 23:24:03 +0200: Memory Usage (840532K) : Extracting PPLUS_U device
[2026-09-09 23:24:03,741] [SUBPROCESS]    2026-09-09 23:24:03 +0200: Memory Usage (840532K) : Extracting PPLUS_U_DW device
[2026-09-09 23:24:03,748] [SUBPROCESS]    2026-09-09 23:24:03 +0200: Memory Usage (840532K) : Extracting NPLUS_S device
[2026-09-09 23:24:03,756] [SUBPROCESS]    2026-09-09 23:24:03 +0200: Memory Usage (840532K) : Extracting NPLUS_S_DW device
[2026-09-09 23:24:03,763] [SUBPROCESS]    2026-09-09 23:24:03 +0200: Memory Usage (840532K) : Extracting PPLUS_S device
[2026-09-09 23:24:03,771] [SUBPROCESS]    2026-09-09 23:24:03 +0200: Memory Usage (840532K) : Extracting PPLUS_S_DW device
[2026-09-09 23:24:03,780] [SUBPROCESS]    2026-09-09 23:24:03 +0200: Memory Usage (840532K) : Extracting NWELL device
[2026-09-09 23:24:03,789] [SUBPROCESS]    2026-09-09 23:24:03 +0200: Memory Usage (840532K) : Extracting PWELL device
[2026-09-09 23:24:03,797] [SUBPROCESS]    2026-09-09 23:24:03 +0200: Memory Usage (840532K) : Extracting NPOLYF_U device
[2026-09-09 23:24:03,805] [SUBPROCESS]    2026-09-09 23:24:03 +0200: Memory Usage (840532K) : Extracting NPOLYF_U_DW device
[2026-09-09 23:24:03,814] [SUBPROCESS]    2026-09-09 23:24:03 +0200: Memory Usage (840532K) : Extracting PPOLYF_U device
[2026-09-09 23:24:03,824] [SUBPROCESS]    2026-09-09 23:24:03 +0200: Memory Usage (840532K) : Extracting PPOLYF_U_DW device
[2026-09-09 23:24:03,832] [SUBPROCESS]    2026-09-09 23:24:03 +0200: Memory Usage (840532K) : Extracting NPOLYF_S device
[2026-09-09 23:24:03,856] [SUBPROCESS]    2026-09-09 23:24:03 +0200: Memory Usage (840532K) : Extracting NPOLYF_S_DW device
[2026-09-09 23:24:03,865] [SUBPROCESS]    2026-09-09 23:24:03 +0200: Memory Usage (840532K) : Extracting PPOLYF_S device
[2026-09-09 23:24:03,874] [SUBPROCESS]    2026-09-09 23:24:03 +0200: Memory Usage (840532K) : Extracting PPOLYF_S_DW device
[2026-09-09 23:24:03,881] [SUBPROCESS]    2026-09-09 23:24:03 +0200: Memory Usage (840532K) : Extracting PPOLYF_U_1K device
[2026-09-09 23:24:03,890] [SUBPROCESS]    2026-09-09 23:24:03 +0200: Memory Usage (840532K) : Extracting PPOLYF_U_DW_1 device
[2026-09-09 23:24:03,899] [SUBPROCESS]    2026-09-09 23:24:03 +0200: Memory Usage (840532K) : Extracting PPOLYF_U_1K_6p0 device
[2026-09-09 23:24:03,909] [SUBPROCESS]    2026-09-09 23:24:03 +0200: Memory Usage (840532K) : Extracting PPOLYF_U_DW_1K_6p0 device
[2026-09-09 23:24:03,920] [SUBPROCESS]    2026-09-09 23:24:03 +0200: Memory Usage (840532K) : Extracting RM1 device
[2026-09-09 23:24:03,930] [SUBPROCESS]    2026-09-09 23:24:03 +0200: Memory Usage (840532K) : Extracting RM2 device
[2026-09-09 23:24:03,939] [SUBPROCESS]    2026-09-09 23:24:03 +0200: Memory Usage (840532K) : Extracting RM3 device
[2026-09-09 23:24:03,947] [SUBPROCESS]    2026-09-09 23:24:03 +0200: Memory Usage (840532K) : Extracting TM9K device
[2026-09-09 23:24:03,953] [SUBPROCESS]    2026-09-09 23:24:03 +0200: Memory Usage (840532K) : Starting MIMCAP EXTRACTION
[2026-09-09 23:24:03,962] [SUBPROCESS]    2026-09-09 23:24:03 +0200: Memory Usage (840532K) : Extracting cap_mim2f0 device
[2026-09-09 23:24:03,967] [SUBPROCESS]    2026-09-09 23:24:03 +0200: Memory Usage (840532K) : Starting MOSCAP EXTRACTION
[2026-09-09 23:24:03,977] [SUBPROCESS]    2026-09-09 23:24:03 +0200: Memory Usage (840532K) : Extracting cap_nmos_03v3 device
[2026-09-09 23:24:03,985] [SUBPROCESS]    2026-09-09 23:24:03 +0200: Memory Usage (840532K) : Extracting cap_nmos_03v3_dn device
[2026-09-09 23:24:04,000] [SUBPROCESS]    2026-09-09 23:24:03 +0200: Memory Usage (840532K) : Extracting cap_pmos_03v3 device
[2026-09-09 23:24:04,009] [SUBPROCESS]    2026-09-09 23:24:04 +0200: Memory Usage (840532K) : Extracting cap_pmos_03v3_dn device
[2026-09-09 23:24:04,017] [SUBPROCESS]    2026-09-09 23:24:04 +0200: Memory Usage (840532K) : Extracting cap_nmos_06v0 device
[2026-09-09 23:24:04,027] [SUBPROCESS]    2026-09-09 23:24:04 +0200: Memory Usage (840532K) : Extracting cap_nmos_06v0_dn device
[2026-09-09 23:24:04,042] [SUBPROCESS]    2026-09-09 23:24:04 +0200: Memory Usage (840532K) : Extracting cap_pmos_06v0 device
[2026-09-09 23:24:04,059] [SUBPROCESS]    2026-09-09 23:24:04 +0200: Memory Usage (840532K) : Extracting cap_pmos_06v0 device
[2026-09-09 23:24:04,067] [SUBPROCESS]    2026-09-09 23:24:04 +0200: Memory Usage (840532K) : Extracting cap_pmos_03v3_b device
[2026-09-09 23:24:04,086] [SUBPROCESS]    2026-09-09 23:24:04 +0200: Memory Usage (840532K) : Extracting cap_nmos_06v0_b device
[2026-09-09 23:24:04,094] [SUBPROCESS]    2026-09-09 23:24:04 +0200: Memory Usage (840532K) : Extracting cap_pmos_06v0_b device
[2026-09-09 23:24:04,101] [SUBPROCESS]    2026-09-09 23:24:04 +0200: Memory Usage (840532K) : Starting MOS SAB EXTRACTION
[2026-09-09 23:24:04,108] [SUBPROCESS]    2026-09-09 23:24:04 +0200: Memory Usage (840532K) : Starting PMOS SAB EXTRACTION
[2026-09-09 23:24:04,115] [SUBPROCESS]    2026-09-09 23:24:04 +0200: Memory Usage (840532K) : Extracting 3.3V ESD PMOS transistor outside DNWELL device
[2026-09-09 23:24:04,124] [SUBPROCESS]    2026-09-09 23:24:04 +0200: Memory Usage (840532K) : Extracting 5V ESD PMOS transistor outside DNWELL device
[2026-09-09 23:24:04,131] [SUBPROCESS]    2026-09-09 23:24:04 +0200: Memory Usage (840532K) : Extracting 6V ESD PMOS transistor outside DNWELL device
[2026-09-09 23:24:04,139] [SUBPROCESS]    2026-09-09 23:24:04 +0200: Memory Usage (840532K) : Extracting 3.3V ESD PMOS transistor inside DNWELL device
[2026-09-09 23:24:04,147] [SUBPROCESS]    2026-09-09 23:24:04 +0200: Memory Usage (840532K) : Extracting 5V ESD PMOS transistor inside DNWELL device
[2026-09-09 23:24:04,156] [SUBPROCESS]    2026-09-09 23:24:04 +0200: Memory Usage (840532K) : Extracting 6V ESD PMOS transistor inside DNWELL device
[2026-09-09 23:24:04,161] [SUBPROCESS]    2026-09-09 23:24:04 +0200: Memory Usage (840532K) : Starting NMOS SAB EXTRACTION
[2026-09-09 23:24:04,169] [SUBPROCESS]    2026-09-09 23:24:04 +0200: Memory Usage (840532K) : Extracting 3.3V ESD NMOS transistor outside DNWELL device
[2026-09-09 23:24:04,178] [SUBPROCESS]    2026-09-09 23:24:04 +0200: Memory Usage (840532K) : Extracting 5V ESD NMOS transistor outside DNWELL device
[2026-09-09 23:24:04,188] [SUBPROCESS]    2026-09-09 23:24:04 +0200: Memory Usage (840532K) : Extracting 6V ESD NMOS transistor outside DNWELL device
[2026-09-09 23:24:04,197] [SUBPROCESS]    2026-09-09 23:24:04 +0200: Memory Usage (840532K) : Extracting 3.3V ESD NMOS transistor inside DNWELL device
[2026-09-09 23:24:04,206] [SUBPROCESS]    2026-09-09 23:24:04 +0200: Memory Usage (840532K) : Extracting 5V ESD NMOS transistor inside DNWELL device
[2026-09-09 23:24:04,212] [SUBPROCESS]    2026-09-09 23:24:04 +0200: Memory Usage (840532K) : Extracting 6V ESD NMOS transistor inside DNWELL device
[2026-09-09 23:24:04,224] [SUBPROCESS]    2026-09-09 23:24:04 +0200: Memory Usage (840532K) : Starting EFUSE EXTRACTION
[2026-09-09 23:24:04,259] [SUBPROCESS]    2026-09-09 23:24:04 +0200: Memory Usage (840532K) : Starting GF180 LVS comparison section
[2026-09-09 23:24:04,268] [SUBPROCESS]    2026-09-09 23:24:04 +0200: Memory Usage (840532K) : LVS Total Run time 2.988853 seconds
[2026-09-09 23:24:04,275] [SUBPROCESS]    2026-09-09 23:24:04 +0200: Memory Usage (840532K) : xxxxxxxxxxxxxxxxxxxxxxxxxxxxxxxxxxxxxxxxxx
[2026-09-09 23:24:04,280] [SUBPROCESS]    2026-09-09 23:24:04 +0200: Memory Usage (840532K) : ERROR : Netlists don't match
[2026-09-09 23:24:04,411] [SUBPROCESS]    2026-09-09 23:24:04 +0200: Memory Usage (840532K) : xxxxxxxxxxxxxxxxxxxxxxxxxxxxxxxxxxxxxxxxxx
[2026-09-09 23:24:04,535] [INFO]    klayout LVS succeeded after 5.391s
[2026-09-09 23:24:04,554] [WARNING]    Unable to find info about extracted LVS layer 'comp'
[2026-09-09 23:24:04,556] [WARNING]    Unable to find info about extracted LVS layer 'nwell'
[2026-09-09 23:24:04,557] [WARNING]    Unable to find info about extracted LVS layer 'contact'
[2026-09-09 23:24:04,559] [WARNING]    Unable to find info about extracted LVS layer 'via1'
[2026-09-09 23:24:04,560] [INFO]    (31, 20) -> (psd)
[2026-09-09 23:24:04,561] [INFO]    (34, 0) -> (metal1_con)
[2026-09-09 23:24:04,562] [INFO]    (36, 0) -> (metal2_con)
[2026-09-09 23:24:04,586] [WARNING]    Can't find GDS pair for layer M1-Poly
[2026-09-09 23:24:04,587] [WARNING]    Can't find GDS pair for layer Via1_con
[2026-09-09 23:24:04,588] [WARNING]    Can't find GDS pair for layer Via2_con
[2026-09-09 23:24:04,589] [WARNING]    Can't find GDS pair for layer Via3_con
[2026-09-09 23:24:04,590] [WARNING]    Can't find GDS pair for layer Via4_ncap
[2026-09-09 23:24:08,055] [INFO]    LVSDB: found 8pins
[2026-09-09 23:24:08,058] [WARNING]    Could not find a layer for device $1, class pfet_03v3, terminal G, net DAC_REF
[2026-09-09 23:24:08,062] [WARNING]    Could not find a layer for device $1, class pfet_03v3, terminal B, net VDD
[2026-09-09 23:24:08,065] [WARNING]    Could not find a layer for device $2, class pfet_03v3, terminal G, net DAC_REF
[2026-09-09 23:24:08,067] [WARNING]    Could not find a layer for device $2, class pfet_03v3, terminal B, net VDD
[2026-09-09 23:24:08,069] [WARNING]    Could not find a layer for device $3, class pfet_03v3, terminal G, net DAC_REF
[2026-09-09 23:24:08,071] [WARNING]    Could not find a layer for device $3, class pfet_03v3, terminal B, net VDD
[2026-09-09 23:24:08,073] [WARNING]    Could not find a layer for device $4, class pfet_03v3, terminal G, net DAC_REF
[2026-09-09 23:24:08,075] [WARNING]    Could not find a layer for device $4, class pfet_03v3, terminal B, net VDD
[2026-09-09 23:24:08,079] [WARNING]    Could not find a layer for device $5, class pfet_03v3, terminal G, net DAC_REF
[2026-09-09 23:24:08,081] [WARNING]    Could not find a layer for device $5, class pfet_03v3, terminal B, net VDD
[2026-09-09 23:24:08,083] [WARNING]    Could not find a layer for device $6, class pfet_03v3, terminal G, net DAC_REF
[2026-09-09 23:24:08,086] [WARNING]    Could not find a layer for device $6, class pfet_03v3, terminal B, net VDD
[2026-09-09 23:24:08,089] [WARNING]    Could not find a layer for device $7, class pfet_03v3, terminal G, net DAC_REF
[2026-09-09 23:24:08,092] [WARNING]    Could not find a layer for device $7, class pfet_03v3, terminal B, net VDD
[2026-09-09 23:24:08,095] [WARNING]    Could not find a layer for device $8, class pfet_03v3, terminal G, net DAC_REF
[2026-09-09 23:24:08,098] [WARNING]    Could not find a layer for device $8, class pfet_03v3, terminal B, net VDD
[2026-09-09 23:24:08,100] [WARNING]    Could not find a layer for device $9, class pfet_03v3, terminal G, net DAC_REF
[2026-09-09 23:24:08,102] [WARNING]    Could not find a layer for device $9, class pfet_03v3, terminal B, net VDD
[2026-09-09 23:24:08,105] [WARNING]    Could not find a layer for device $10, class pfet_03v3, terminal G, net DAC_REF
[2026-09-09 23:24:08,107] [WARNING]    Could not find a layer for device $10, class pfet_03v3, terminal B, net VDD
[2026-09-09 23:24:08,110] [WARNING]    Could not find a layer for device $11, class pfet_03v3, terminal G, net DAC_REF
[2026-09-09 23:24:08,112] [WARNING]    Could not find a layer for device $11, class pfet_03v3, terminal B, net VDD
[2026-09-09 23:24:08,115] [WARNING]    Could not find a layer for device $12, class pfet_03v3, terminal G, net DAC_REF
[2026-09-09 23:24:08,117] [WARNING]    Could not find a layer for device $12, class pfet_03v3, terminal B, net VDD
[2026-09-09 23:24:08,119] [WARNING]    Could not find a layer for device $13, class pfet_03v3, terminal G, net DAC_REF
[2026-09-09 23:24:08,122] [WARNING]    Could not find a layer for device $13, class pfet_03v3, terminal B, net VDD
[2026-09-09 23:24:08,125] [WARNING]    Could not find a layer for device $14, class pfet_03v3, terminal G, net DAC_REF
[2026-09-09 23:24:08,129] [WARNING]    Could not find a layer for device $14, class pfet_03v3, terminal B, net VDD
[2026-09-09 23:24:08,134] [WARNING]    Could not find a layer for device $15, class pfet_03v3, terminal G, net DAC_REF
[2026-09-09 23:24:08,137] [WARNING]    Could not find a layer for device $15, class pfet_03v3, terminal B, net VDD
[2026-09-09 23:24:08,139] [WARNING]    Could not find a layer for device $16, class pfet_03v3, terminal G, net DAC_REF
[2026-09-09 23:24:08,142] [WARNING]    Could not find a layer for device $16, class pfet_03v3, terminal B, net VDD
[2026-09-09 23:24:08,145] [WARNING]    Could not find a layer for device $17, class pfet_03v3, terminal G, net DAC_REF
[2026-09-09 23:24:08,147] [WARNING]    Could not find a layer for device $17, class pfet_03v3, terminal B, net VDD
[2026-09-09 23:24:08,149] [WARNING]    Could not find a layer for device $18, class pfet_03v3, terminal G, net DAC_REF
[2026-09-09 23:24:08,152] [WARNING]    Could not find a layer for device $18, class pfet_03v3, terminal B, net VDD
[2026-09-09 23:24:08,155] [WARNING]    Could not find a layer for device $19, class pfet_03v3, terminal G, net DAC_REF
[2026-09-09 23:24:08,157] [WARNING]    Could not find a layer for device $19, class pfet_03v3, terminal B, net VDD
[2026-09-09 23:24:08,159] [WARNING]    Could not find a layer for device $20, class pfet_03v3, terminal G, net DAC_REF
[2026-09-09 23:24:08,162] [WARNING]    Could not find a layer for device $20, class pfet_03v3, terminal B, net VDD
[2026-09-09 23:24:08,164] [WARNING]    Could not find a layer for device $21, class pfet_03v3, terminal G, net DAC_REF
[2026-09-09 23:24:08,166] [WARNING]    Could not find a layer for device $21, class pfet_03v3, terminal B, net VDD
[2026-09-09 23:24:08,169] [WARNING]    Could not find a layer for device $22, class pfet_03v3, terminal G, net DAC_REF
[2026-09-09 23:24:08,172] [WARNING]    Could not find a layer for device $22, class pfet_03v3, terminal B, net VDD
[2026-09-09 23:24:08,174] [WARNING]    Could not find a layer for device $23, class pfet_03v3, terminal G, net DAC_REF
[2026-09-09 23:24:08,178] [WARNING]    Could not find a layer for device $23, class pfet_03v3, terminal B, net VDD
[2026-09-09 23:24:08,180] [WARNING]    Could not find a layer for device $24, class pfet_03v3, terminal G, net DAC_REF
[2026-09-09 23:24:08,183] [WARNING]    Could not find a layer for device $24, class pfet_03v3, terminal B, net VDD
[2026-09-09 23:24:08,185] [WARNING]    Could not find a layer for device $25, class pfet_03v3, terminal G, net DAC_REF
[2026-09-09 23:24:08,188] [WARNING]    Could not find a layer for device $25, class pfet_03v3, terminal B, net VDD
[2026-09-09 23:24:08,191] [WARNING]    Could not find a layer for device $26, class pfet_03v3, terminal G, net DAC_REF
[2026-09-09 23:24:08,193] [WARNING]    Could not find a layer for device $26, class pfet_03v3, terminal B, net VDD
[2026-09-09 23:24:08,195] [WARNING]    Could not find a layer for device $27, class pfet_03v3, terminal G, net DAC_REF
[2026-09-09 23:24:08,198] [WARNING]    Could not find a layer for device $27, class pfet_03v3, terminal B, net VDD
[2026-09-09 23:24:08,200] [WARNING]    Could not find a layer for device $28, class pfet_03v3, terminal G, net DAC_REF
[2026-09-09 23:24:08,202] [WARNING]    Could not find a layer for device $28, class pfet_03v3, terminal B, net VDD
[2026-09-09 23:24:08,205] [WARNING]    Could not find a layer for device $29, class pfet_03v3, terminal G, net DAC_REF
[2026-09-09 23:24:08,207] [WARNING]    Could not find a layer for device $29, class pfet_03v3, terminal B, net VDD
[2026-09-09 23:24:08,210] [WARNING]    Could not find a layer for device $30, class pfet_03v3, terminal G, net DAC_REF
[2026-09-09 23:24:08,213] [WARNING]    Could not find a layer for device $30, class pfet_03v3, terminal B, net VDD
[2026-09-09 23:24:08,215] [WARNING]    Could not find a layer for device $31, class pfet_03v3, terminal G, net DAC_REF
[2026-09-09 23:24:08,217] [WARNING]    Could not find a layer for device $31, class pfet_03v3, terminal B, net VDD
[2026-09-09 23:24:08,219] [WARNING]    Could not find a layer for device $32, class pfet_03v3, terminal G, net DAC_REF
[2026-09-09 23:24:08,222] [WARNING]    Could not find a layer for device $32, class pfet_03v3, terminal B, net VDD
[2026-09-09 23:24:08,224] [WARNING]    Could not find a layer for device $33, class pfet_03v3, terminal G, net DAC_REF
[2026-09-09 23:24:08,226] [WARNING]    Could not find a layer for device $33, class pfet_03v3, terminal B, net VDD
[2026-09-09 23:24:08,228] [WARNING]    Could not find a layer for device $34, class pfet_03v3, terminal G, net DAC_REF
[2026-09-09 23:24:08,230] [WARNING]    Could not find a layer for device $34, class pfet_03v3, terminal B, net VDD
[2026-09-09 23:24:08,232] [WARNING]    Could not find a layer for device $35, class pfet_03v3, terminal G, net DAC_REF
[2026-09-09 23:24:08,234] [WARNING]    Could not find a layer for device $35, class pfet_03v3, terminal B, net VDD
[2026-09-09 23:24:08,237] [WARNING]    Could not find a layer for device $36, class pfet_03v3, terminal G, net DAC_REF
[2026-09-09 23:24:08,239] [WARNING]    Could not find a layer for device $36, class pfet_03v3, terminal B, net VDD
[2026-09-09 23:24:08,241] [WARNING]    Could not find a layer for device $37, class pfet_03v3, terminal G, net DAC_REF
[2026-09-09 23:24:08,244] [WARNING]    Could not find a layer for device $37, class pfet_03v3, terminal B, net VDD
[2026-09-09 23:24:08,246] [WARNING]    Could not find a layer for device $38, class pfet_03v3, terminal G, net DAC_REF
[2026-09-09 23:24:08,248] [WARNING]    Could not find a layer for device $38, class pfet_03v3, terminal B, net VDD
[2026-09-09 23:24:08,250] [WARNING]    Could not find a layer for device $39, class pfet_03v3, terminal G, net DAC_REF
[2026-09-09 23:24:08,252] [WARNING]    Could not find a layer for device $39, class pfet_03v3, terminal B, net VDD
[2026-09-09 23:24:08,255] [WARNING]    Could not find a layer for device $40, class pfet_03v3, terminal G, net DAC_REF
[2026-09-09 23:24:08,257] [WARNING]    Could not find a layer for device $40, class pfet_03v3, terminal B, net VDD
[2026-09-09 23:24:08,259] [WARNING]    Could not find a layer for device $41, class pfet_03v3, terminal G, net DAC_REF
[2026-09-09 23:24:08,262] [WARNING]    Could not find a layer for device $41, class pfet_03v3, terminal B, net VDD
[2026-09-09 23:24:08,264] [WARNING]    Could not find a layer for device $42, class pfet_03v3, terminal G, net DAC_REF
[2026-09-09 23:24:08,266] [WARNING]    Could not find a layer for device $42, class pfet_03v3, terminal B, net VDD
[2026-09-09 23:24:08,269] [WARNING]    Could not find a layer for device $43, class pfet_03v3, terminal G, net DAC_REF
[2026-09-09 23:24:08,271] [WARNING]    Could not find a layer for device $43, class pfet_03v3, terminal B, net VDD
[2026-09-09 23:24:08,273] [WARNING]    Could not find a layer for device $44, class pfet_03v3, terminal G, net DAC_REF
[2026-09-09 23:24:08,276] [WARNING]    Could not find a layer for device $44, class pfet_03v3, terminal B, net VDD
[2026-09-09 23:24:08,279] [WARNING]    Could not find a layer for device $45, class pfet_03v3, terminal G, net DAC_REF
[2026-09-09 23:24:08,281] [WARNING]    Could not find a layer for device $45, class pfet_03v3, terminal B, net VDD
[2026-09-09 23:24:08,283] [WARNING]    Could not find a layer for device $46, class pfet_03v3, terminal G, net DAC_REF
[2026-09-09 23:24:08,285] [WARNING]    Could not find a layer for device $46, class pfet_03v3, terminal B, net VDD
[2026-09-09 23:24:08,287] [WARNING]    Could not find a layer for device $47, class pfet_03v3, terminal G, net DAC_REF
[2026-09-09 23:24:08,289] [WARNING]    Could not find a layer for device $47, class pfet_03v3, terminal B, net VDD
[2026-09-09 23:24:08,291] [WARNING]    Could not find a layer for device $48, class pfet_03v3, terminal G, net DAC_REF
[2026-09-09 23:24:08,295] [WARNING]    Could not find a layer for device $48, class pfet_03v3, terminal B, net VDD
[2026-09-09 23:24:08,298] [WARNING]    Could not find a layer for device $49, class pfet_03v3, terminal G, net DAC_REF
[2026-09-09 23:24:08,300] [WARNING]    Could not find a layer for device $49, class pfet_03v3, terminal B, net VDD
[2026-09-09 23:24:08,302] [WARNING]    Could not find a layer for device $50, class pfet_03v3, terminal G, net DAC_REF
[2026-09-09 23:24:08,305] [WARNING]    Could not find a layer for device $50, class pfet_03v3, terminal B, net VDD
[2026-09-09 23:24:08,308] [WARNING]    Could not find a layer for device $51, class pfet_03v3, terminal G, net DAC_REF
[2026-09-09 23:24:08,311] [WARNING]    Could not find a layer for device $51, class pfet_03v3, terminal B, net VDD
[2026-09-09 23:24:08,313] [WARNING]    Could not find a layer for device $52, class pfet_03v3, terminal G, net DAC_REF
[2026-09-09 23:24:08,316] [WARNING]    Could not find a layer for device $52, class pfet_03v3, terminal B, net VDD
[2026-09-09 23:24:08,318] [WARNING]    Could not find a layer for device $53, class pfet_03v3, terminal G, net DAC_REF
[2026-09-09 23:24:08,320] [WARNING]    Could not find a layer for device $53, class pfet_03v3, terminal B, net VDD
[2026-09-09 23:24:08,323] [WARNING]    Could not find a layer for device $54, class pfet_03v3, terminal G, net DAC_REF
[2026-09-09 23:24:08,325] [WARNING]    Could not find a layer for device $54, class pfet_03v3, terminal B, net VDD
[2026-09-09 23:24:08,328] [WARNING]    Could not find a layer for device $55, class pfet_03v3, terminal G, net DAC_REF
[2026-09-09 23:24:08,331] [WARNING]    Could not find a layer for device $55, class pfet_03v3, terminal B, net VDD
[2026-09-09 23:24:08,333] [WARNING]    Could not find a layer for device $56, class pfet_03v3, terminal G, net DAC_REF
[2026-09-09 23:24:08,337] [WARNING]    Could not find a layer for device $56, class pfet_03v3, terminal B, net VDD
[2026-09-09 23:24:08,339] [WARNING]    Could not find a layer for device $57, class pfet_03v3, terminal G, net DAC_REF
[2026-09-09 23:24:08,341] [WARNING]    Could not find a layer for device $57, class pfet_03v3, terminal B, net VDD
[2026-09-09 23:24:08,344] [WARNING]    Could not find a layer for device $58, class pfet_03v3, terminal G, net DAC_REF
[2026-09-09 23:24:08,347] [WARNING]    Could not find a layer for device $58, class pfet_03v3, terminal B, net VDD
[2026-09-09 23:24:08,349] [WARNING]    Could not find a layer for device $59, class pfet_03v3, terminal G, net DAC_REF
[2026-09-09 23:24:08,351] [WARNING]    Could not find a layer for device $59, class pfet_03v3, terminal B, net VDD
[2026-09-09 23:24:08,354] [WARNING]    Could not find a layer for device $60, class pfet_03v3, terminal G, net DAC_REF
[2026-09-09 23:24:08,356] [WARNING]    Could not find a layer for device $60, class pfet_03v3, terminal B, net VDD
[2026-09-09 23:24:08,358] [WARNING]    Could not find a layer for device $61, class pfet_03v3, terminal G, net DAC_REF
[2026-09-09 23:24:08,361] [WARNING]    Could not find a layer for device $61, class pfet_03v3, terminal B, net VDD
[2026-09-09 23:24:08,363] [WARNING]    Could not find a layer for device $62, class pfet_03v3, terminal G, net DAC_REF
[2026-09-09 23:24:08,365] [WARNING]    Could not find a layer for device $62, class pfet_03v3, terminal B, net VDD
[2026-09-09 23:24:08,367] [WARNING]    Could not find a layer for device $63, class pfet_03v3, terminal G, net DAC_REF
[2026-09-09 23:24:08,369] [WARNING]    Could not find a layer for device $63, class pfet_03v3, terminal B, net VDD
[2026-09-09 23:24:08,372] [WARNING]    Could not find a layer for device $64, class pfet_03v3, terminal G, net b[4]
[2026-09-09 23:24:08,374] [WARNING]    Could not find a layer for device $64, class pfet_03v3, terminal B, net VDD
[2026-09-09 23:24:08,376] [WARNING]    Could not find a layer for device $65, class pfet_03v3, terminal G, net b[4]
[2026-09-09 23:24:08,378] [WARNING]    Could not find a layer for device $65, class pfet_03v3, terminal B, net VDD
[2026-09-09 23:24:08,380] [WARNING]    Could not find a layer for device $66, class pfet_03v3, terminal G, net b[4]
[2026-09-09 23:24:08,382] [WARNING]    Could not find a layer for device $66, class pfet_03v3, terminal B, net VDD
[2026-09-09 23:24:08,383] [WARNING]    Could not find a layer for device $67, class pfet_03v3, terminal G, net b[4]
[2026-09-09 23:24:08,386] [WARNING]    Could not find a layer for device $67, class pfet_03v3, terminal B, net VDD
[2026-09-09 23:24:08,388] [WARNING]    Could not find a layer for device $68, class pfet_03v3, terminal G, net b[3]
[2026-09-09 23:24:08,390] [WARNING]    Could not find a layer for device $68, class pfet_03v3, terminal B, net VDD
[2026-09-09 23:24:08,392] [WARNING]    Could not find a layer for device $69, class pfet_03v3, terminal G, net b[3]
[2026-09-09 23:24:08,394] [WARNING]    Could not find a layer for device $69, class pfet_03v3, terminal B, net VDD
[2026-09-09 23:24:08,396] [WARNING]    Could not find a layer for device $70, class pfet_03v3, terminal G, net b[2]
[2026-09-09 23:24:08,398] [WARNING]    Could not find a layer for device $70, class pfet_03v3, terminal B, net VDD
[2026-09-09 23:24:08,399] [WARNING]    Could not find a layer for device $71, class pfet_03v3, terminal G, net b[1]
[2026-09-09 23:24:08,401] [WARNING]    Could not find a layer for device $71, class pfet_03v3, terminal B, net VDD
[2026-09-09 23:24:08,404] [WARNING]    Could not find a layer for device $72, class pfet_03v3, terminal G, net b[4]
[2026-09-09 23:24:08,406] [WARNING]    Could not find a layer for device $72, class pfet_03v3, terminal B, net VDD
[2026-09-09 23:24:08,407] [WARNING]    Could not find a layer for device $73, class pfet_03v3, terminal G, net b[4]
[2026-09-09 23:24:08,409] [WARNING]    Could not find a layer for device $73, class pfet_03v3, terminal B, net VDD
[2026-09-09 23:24:08,411] [WARNING]    Could not find a layer for device $74, class pfet_03v3, terminal G, net b[4]
[2026-09-09 23:24:08,413] [WARNING]    Could not find a layer for device $74, class pfet_03v3, terminal B, net VDD
[2026-09-09 23:24:08,415] [WARNING]    Could not find a layer for device $75, class pfet_03v3, terminal G, net b[4]
[2026-09-09 23:24:08,417] [WARNING]    Could not find a layer for device $75, class pfet_03v3, terminal B, net VDD
[2026-09-09 23:24:08,420] [WARNING]    Could not find a layer for device $76, class pfet_03v3, terminal G, net b[3]
[2026-09-09 23:24:08,422] [WARNING]    Could not find a layer for device $76, class pfet_03v3, terminal B, net VDD
[2026-09-09 23:24:08,423] [WARNING]    Could not find a layer for device $77, class pfet_03v3, terminal G, net b[3]
[2026-09-09 23:24:08,425] [WARNING]    Could not find a layer for device $77, class pfet_03v3, terminal B, net VDD
[2026-09-09 23:24:08,427] [WARNING]    Could not find a layer for device $78, class pfet_03v3, terminal G, net b[2]
[2026-09-09 23:24:08,429] [WARNING]    Could not find a layer for device $78, class pfet_03v3, terminal B, net VDD
[2026-09-09 23:24:08,431] [WARNING]    Could not find a layer for device $79, class pfet_03v3, terminal G, net b[4]
[2026-09-09 23:24:08,433] [WARNING]    Could not find a layer for device $79, class pfet_03v3, terminal B, net VDD
[2026-09-09 23:24:08,435] [WARNING]    Could not find a layer for device $80, class pfet_03v3, terminal G, net b[4]
[2026-09-09 23:24:08,437] [WARNING]    Could not find a layer for device $80, class pfet_03v3, terminal B, net VDD
[2026-09-09 23:24:08,439] [WARNING]    Could not find a layer for device $81, class pfet_03v3, terminal G, net b[4]
[2026-09-09 23:24:08,441] [WARNING]    Could not find a layer for device $81, class pfet_03v3, terminal B, net VDD
[2026-09-09 23:24:08,442] [WARNING]    Could not find a layer for device $82, class pfet_03v3, terminal G, net b[4]
[2026-09-09 23:24:08,445] [WARNING]    Could not find a layer for device $82, class pfet_03v3, terminal B, net VDD
[2026-09-09 23:24:08,446] [WARNING]    Could not find a layer for device $83, class pfet_03v3, terminal G, net b[3]
[2026-09-09 23:24:08,448] [WARNING]    Could not find a layer for device $83, class pfet_03v3, terminal B, net VDD
[2026-09-09 23:24:08,450] [WARNING]    Could not find a layer for device $84, class pfet_03v3, terminal G, net b[3]
[2026-09-09 23:24:08,452] [WARNING]    Could not find a layer for device $84, class pfet_03v3, terminal B, net VDD
[2026-09-09 23:24:08,455] [WARNING]    Could not find a layer for device $85, class pfet_03v3, terminal G, net b[2]
[2026-09-09 23:24:08,457] [WARNING]    Could not find a layer for device $85, class pfet_03v3, terminal B, net VDD
[2026-09-09 23:24:08,458] [WARNING]    Could not find a layer for device $86, class pfet_03v3, terminal G, net b[1]
[2026-09-09 23:24:08,460] [WARNING]    Could not find a layer for device $86, class pfet_03v3, terminal B, net VDD
[2026-09-09 23:24:08,463] [WARNING]    Could not find a layer for device $87, class pfet_03v3, terminal G, net b[1]
[2026-09-09 23:24:08,465] [WARNING]    Could not find a layer for device $87, class pfet_03v3, terminal B, net VDD
[2026-09-09 23:24:08,466] [WARNING]    Could not find a layer for device $88, class pfet_03v3, terminal G, net b[4]
[2026-09-09 23:24:08,468] [WARNING]    Could not find a layer for device $88, class pfet_03v3, terminal B, net VDD
[2026-09-09 23:24:08,471] [WARNING]    Could not find a layer for device $89, class pfet_03v3, terminal G, net b[4]
[2026-09-09 23:24:08,473] [WARNING]    Could not find a layer for device $89, class pfet_03v3, terminal B, net VDD
[2026-09-09 23:24:08,474] [WARNING]    Could not find a layer for device $90, class pfet_03v3, terminal G, net b[4]
[2026-09-09 23:24:08,477] [WARNING]    Could not find a layer for device $90, class pfet_03v3, terminal B, net VDD
[2026-09-09 23:24:08,479] [WARNING]    Could not find a layer for device $91, class pfet_03v3, terminal G, net b[4]
[2026-09-09 23:24:08,481] [WARNING]    Could not find a layer for device $91, class pfet_03v3, terminal B, net VDD
[2026-09-09 23:24:08,482] [WARNING]    Could not find a layer for device $92, class pfet_03v3, terminal G, net b[3]
[2026-09-09 23:24:08,484] [WARNING]    Could not find a layer for device $92, class pfet_03v3, terminal B, net VDD
[2026-09-09 23:24:08,486] [WARNING]    Could not find a layer for device $93, class pfet_03v3, terminal G, net b[3]
[2026-09-09 23:24:08,489] [WARNING]    Could not find a layer for device $93, class pfet_03v3, terminal B, net VDD
[2026-09-09 23:24:08,490] [WARNING]    Could not find a layer for device $94, class pfet_03v3, terminal G, net b[2]
[2026-09-09 23:24:08,492] [WARNING]    Could not find a layer for device $94, class pfet_03v3, terminal B, net VDD
[2026-09-09 23:24:08,495] [WARNING]    Could not find a layer for device $95, class pfet_03v3, terminal G, net b[0]
[2026-09-09 23:24:08,497] [WARNING]    Could not find a layer for device $95, class pfet_03v3, terminal B, net VDD
[2026-09-09 23:24:09,179] [SUBPROCESS]    Device;Net1;Net2;Capacitance [fF];Resistance [Ω]
[2026-09-09 23:24:09,180] [SUBPROCESS]    C1;$10;$13;2.113;
[2026-09-09 23:24:09,180] [SUBPROCESS]    C2;$10;$14;0.253;
[2026-09-09 23:24:09,181] [SUBPROCESS]    C3;$10;$26;2.246;
[2026-09-09 23:24:09,182] [SUBPROCESS]    C4;$10;$7;0.616;
[2026-09-09 23:24:09,182] [SUBPROCESS]    C5;$10;b[0];0.003;
[2026-09-09 23:24:09,183] [SUBPROCESS]    C6;$10;b[2];0.439;
[2026-09-09 23:24:09,183] [SUBPROCESS]    C7;$10;b[3];2.104;
[2026-09-09 23:24:09,184] [SUBPROCESS]    C8;$10;b[4];0.011;
[2026-09-09 23:24:09,184] [SUBPROCESS]    C9;$10;DAC_REF;0.011;
[2026-09-09 23:24:09,185] [SUBPROCESS]    C10;$10;I_DAC;0.806;
[2026-09-09 23:24:09,186] [SUBPROCESS]    C11;$10;VDD;7.096;
[2026-09-09 23:24:09,186] [SUBPROCESS]    C12;$10;VSUBS;7.236;
[2026-09-09 23:24:09,187] [SUBPROCESS]    C13;$13;$14;2.935;
[2026-09-09 23:24:09,187] [SUBPROCESS]    C14;$13;$26;0.481;
[2026-09-09 23:24:09,188] [SUBPROCESS]    C15;$13;$7;0.097;
[2026-09-09 23:24:09,188] [SUBPROCESS]    C16;$13;b[0];0.117;
[2026-09-09 23:24:09,189] [SUBPROCESS]    C17;$13;b[1];0.326;
[2026-09-09 23:24:09,189] [SUBPROCESS]    C18;$13;b[2];0.525;
[2026-09-09 23:24:09,190] [SUBPROCESS]    C19;$13;I_DAC;0.361;
[2026-09-09 23:24:09,190] [SUBPROCESS]    C20;$13;VDD;3.753;
[2026-09-09 23:24:09,191] [SUBPROCESS]    C21;$13;VSUBS;3.06;
[2026-09-09 23:24:09,191] [SUBPROCESS]    C22;$14;$26;0.351;
[2026-09-09 23:24:09,191] [SUBPROCESS]    C23;$14;$7;1.178;
[2026-09-09 23:24:09,192] [SUBPROCESS]    C24;$14;b[0];0.14;
[2026-09-09 23:24:09,192] [SUBPROCESS]    C25;$14;b[1];0.126;
[2026-09-09 23:24:09,193] [SUBPROCESS]    C26;$14;I_DAC;0.329;
[2026-09-09 23:24:09,193] [SUBPROCESS]    C27;$14;VDD;2.038;
[2026-09-09 23:24:09,194] [SUBPROCESS]    C28;$14;VSUBS;1.825;
[2026-09-09 23:24:09,194] [SUBPROCESS]    C29;$26;$7;0.329;
[2026-09-09 23:24:09,194] [SUBPROCESS]    C30;$26;b[3];0.073;
[2026-09-09 23:24:09,195] [SUBPROCESS]    C31;$26;b[4];3.885;
[2026-09-09 23:24:09,195] [SUBPROCESS]    C32;$26;DAC_REF;0.062;
[2026-09-09 23:24:09,196] [SUBPROCESS]    C33;$26;I_DAC;1.341;
[2026-09-09 23:24:09,196] [SUBPROCESS]    C34;$26;VDD;10.407;
[2026-09-09 23:24:09,197] [SUBPROCESS]    C35;$26;VSUBS;10.05;
[2026-09-09 23:24:09,197] [SUBPROCESS]    C36;$7;b[0];0.299;
[2026-09-09 23:24:09,198] [SUBPROCESS]    C37;$7;I_DAC;0.054;
[2026-09-09 23:24:09,199] [SUBPROCESS]    C38;$7;VDD;1.174;
[2026-09-09 23:24:09,199] [SUBPROCESS]    C39;$7;VSUBS;1.687;
[2026-09-09 23:24:09,199] [SUBPROCESS]    C40;b[0];b[1];0.05;
[2026-09-09 23:24:09,200] [SUBPROCESS]    C41;b[0];b[2];0.016;
[2026-09-09 23:24:09,200] [SUBPROCESS]    C42;b[1];b[2];0.062;
[2026-09-09 23:24:09,201] [SUBPROCESS]    C43;b[1];b[3];0.0;
[2026-09-09 23:24:09,201] [SUBPROCESS]    C44;b[2];b[3];0.079;
[2026-09-09 23:24:09,202] [SUBPROCESS]    C45;b[3];b[4];0.252;
[2026-09-09 23:24:09,202] [SUBPROCESS]    C46;DAC_REF;VDD;1.307;
[2026-09-09 23:24:09,203] [SUBPROCESS]    C47;DAC_REF;VSUBS;0.554;
[2026-09-09 23:24:09,203] [SUBPROCESS]    C48;I_DAC;b[0];1.153;
[2026-09-09 23:24:09,204] [SUBPROCESS]    C49;I_DAC;b[1];0.66;
[2026-09-09 23:24:09,204] [SUBPROCESS]    C50;I_DAC;b[2];0.794;
[2026-09-09 23:24:09,205] [SUBPROCESS]    C51;I_DAC;b[3];1.625;
[2026-09-09 23:24:09,205] [SUBPROCESS]    C52;I_DAC;b[4];3.642;
[2026-09-09 23:24:09,206] [SUBPROCESS]    C53;I_DAC;VDD;1.189;
[2026-09-09 23:24:09,206] [SUBPROCESS]    C54;I_DAC;VSUBS;3.659;
[2026-09-09 23:24:09,206] [SUBPROCESS]    C55;VDD;b[0];2.273;
[2026-09-09 23:24:09,207] [SUBPROCESS]    C56;VDD;b[1];0.11;
[2026-09-09 23:24:09,207] [SUBPROCESS]    C57;VDD;b[2];0.137;
[2026-09-09 23:24:09,208] [SUBPROCESS]    C58;VDD;b[3];0.228;
[2026-09-09 23:24:09,208] [SUBPROCESS]    C59;VDD;b[4];0.78;
[2026-09-09 23:24:09,209] [SUBPROCESS]    C60;VDD;VSUBS;49.445;
[2026-09-09 23:24:09,209] [SUBPROCESS]    C61;VSUBS;b[0];0.693;
[2026-09-09 23:24:09,209] [SUBPROCESS]    C62;VSUBS;b[1];0.413;
[2026-09-09 23:24:09,210] [SUBPROCESS]    C63;VSUBS;b[2];0.45;
[2026-09-09 23:24:09,210] [SUBPROCESS]    C64;VSUBS;b[3];0.952;
[2026-09-09 23:24:09,211] [SUBPROCESS]    C65;VSUBS;b[4];2.055;
[2026-09-09 23:24:09,211] [SUBPROCESS]    /foss/designs/DAC_CORE_5bit/output/DAC_CORE_5bit__DAC_CORE_5bit/DAC_CORE_5bit_k25d_pex_netlist.csv
[2026-09-09 23:24:09,218] [SUBPROCESS]    Wrote expanded netlist to: /foss/designs/DAC_CORE_5bit/output/DAC_CORE_5bit__DAC_CORE_5bit/DAC_CORE_5bit_k25d_pex_netlist.spice
[2026-09-09 23:24:09,221] [INFO]    Copied expanded SPICE netlist to: DAC_CORE_5bit.pex.spice
