[2026-09-09 23:56:43,395] [INFO]    GDS input file passed, running in LVS mode
[2026-09-09 23:56:43,397] [INFO]    Found cell DAC_CORE_5bit in GDS DAC_CORE_5bit.klay.gds (only top cell)
[2026-09-09 23:56:43,398] [INFO]    LVS input schematic not specified (argument --schematic), using dummy schematic
[2026-09-09 23:56:43,403] [INFO]    Cache miss: extracted LVSDB is older than the input GDS
[2026-09-09 23:56:43,403] [SUBPROCESS]    output/.kpex_cache/gf180mcuD/foss/designs/DAC_CORE_5bit/DAC_CORE_5bit.klay.gds/DAC_CORE_5bit.lvsdb.gz
[2026-09-09 23:56:43,404] [SUBPROCESS]    klayout -b -r /usr/local/lib/python3.12/dist-packages/klayout_pex/pdk/gf180mcuD/libs.tech/kpex/gf180mcu.lvs -rd input=/foss/designs/DAC_CORE_5bit/DAC_CORE_5bit.klay.gds -rd report=/foss/designs/DAC_CORE_5bit/output/DAC_CORE_5bit__DAC_CORE_5bit/DAC_CORE_5bit.lvsdb.gz -rd schematic=/foss/designs/DAC_CORE_5bit/output/DAC_CORE_5bit__DAC_CORE_5bit/DAC_CORE_5bit_dummy_schematic.spice -rd thr=22 -rd run_mode=deep -rd spice_net_names=true -rd spice_comments=false -rd scale=false -rd verbose=false -rd schematic_simplify=false -rd net_only=false -rd top_lvl_pins=true -rd combine=false -rd combine_devices=false -rd purge=false -rd purge_nets=false -rd no_simplify=true
[2026-09-09 23:56:43,406] [SUBPROCESS]    output/DAC_CORE_5bit__DAC_CORE_5bit/DAC_CORE_5bit_lvs.log
[2026-09-09 23:56:45,522] [SUBPROCESS]    2026-09-09 23:56:45 +0200: Memory Usage (674580K) : Starting running GF180MCU Klayout LVS runset on /foss/designs/DAC_CORE_5bit/DAC_CORE_5bit.klay.gds
[2026-09-09 23:56:45,531] [SUBPROCESS]    2026-09-09 23:56:45 +0200: Memory Usage (674580K) : Ruby Version for klayout: 3.2.3
[2026-09-09 23:56:45,536] [SUBPROCESS]    2026-09-09 23:56:45 +0200: Memory Usage (674580K) : Loading database to memory is complete.
[2026-09-09 23:56:45,542] [SUBPROCESS]    2026-09-09 23:56:45 +0200: Memory Usage (674580K) : GF180MCU Klayout LVS runset output at: /foss/designs/DAC_CORE_5bit/output/DAC_CORE_5bit__DAC_CORE_5bit/DAC_CORE_5bit.lvsdb.gz
[2026-09-09 23:56:45,549] [SUBPROCESS]    2026-09-09 23:56:45 +0200: Memory Usage (674580K) : Evaluate switches.
[2026-09-09 23:56:45,556] [SUBPROCESS]    2026-09-09 23:56:45 +0200: Memory Usage (674580K) : Substrate name used: 
[2026-09-09 23:56:45,562] [SUBPROCESS]    2026-09-09 23:56:45 +0200: Memory Usage (674580K) : Extracted netlist with net names: true
[2026-09-09 23:56:45,568] [SUBPROCESS]    2026-09-09 23:56:45 +0200: Memory Usage (674580K) : Extracted netlist with comments in details: false
[2026-09-09 23:56:45,574] [SUBPROCESS]    2026-09-09 23:56:45 +0200: Memory Usage (674580K) : GF180MCU Klayout LVS extracted netlist file at: DAC_CORE_5bit_extracted.cir
[2026-09-09 23:56:45,582] [SUBPROCESS]    2026-09-09 23:56:45 +0200: Memory Usage (674580K) : LVS device_scaling option: false
[2026-09-09 23:56:45,587] [SUBPROCESS]    2026-09-09 23:56:45 +0200: Memory Usage (674580K) : Selected SCH_SIMPLE option: false
[2026-09-09 23:56:45,595] [SUBPROCESS]    2026-09-09 23:56:45 +0200: Memory Usage (674580K) : Selected NET_ONLY option: false
[2026-09-09 23:56:45,603] [SUBPROCESS]    2026-09-09 23:56:45 +0200: Memory Usage (674580K) : Selected TOP_LVL_PINS option: true
[2026-09-09 23:56:45,609] [SUBPROCESS]    2026-09-09 23:56:45 +0200: Memory Usage (674580K) : Selected COMBINE option: false
[2026-09-09 23:56:45,616] [SUBPROCESS]    2026-09-09 23:56:45 +0200: Memory Usage (674580K) : Selected PURGE option: false
[2026-09-09 23:56:45,621] [SUBPROCESS]    2026-09-09 23:56:45 +0200: Memory Usage (674580K) : Selected PURGE_NETS option: false
[2026-09-09 23:56:45,629] [SUBPROCESS]    2026-09-09 23:56:45 +0200: Memory Usage (674580K) : Selected SIMPLIFY option: false
[2026-09-09 23:56:45,636] [SUBPROCESS]    2026-09-09 23:56:45 +0200: Memory Usage (674580K) : Verbose mode: false
[2026-09-09 23:56:45,643] [SUBPROCESS]    2026-09-09 23:56:45 +0200: Memory Usage (674580K) : deep  mode is enabled.
[2026-09-09 23:56:45,650] [SUBPROCESS]    2026-09-09 23:56:45 +0200: Memory Usage (674580K) : METAL_TOP Selected is 9K
[2026-09-09 23:56:45,656] [SUBPROCESS]    2026-09-09 23:56:45 +0200: Memory Usage (674580K) : METAL_STACK Selected is 6LM
[2026-09-09 23:56:45,664] [SUBPROCESS]    2026-09-09 23:56:45 +0200: Memory Usage (674580K) : POLY_RES Selected is 1k
[2026-09-09 23:56:45,670] [SUBPROCESS]    2026-09-09 23:56:45 +0200: Memory Usage (674580K) : MIM Option selected: B
[2026-09-09 23:56:45,679] [SUBPROCESS]    2026-09-09 23:56:45 +0200: Memory Usage (674580K) : MIM CAP selected: 2
[2026-09-09 23:56:45,685] [SUBPROCESS]    2026-09-09 23:56:45 +0200: Memory Usage (674580K) : Netlist file: /foss/designs/DAC_CORE_5bit/output/DAC_CORE_5bit__DAC_CORE_5bit/DAC_CORE_5bit_dummy_schematic.spice
[2026-09-09 23:56:45,694] [SUBPROCESS]    2026-09-09 23:56:45 +0200: Memory Usage (674580K) : Read in polygons from layers.
[2026-09-09 23:56:45,701] [SUBPROCESS]    2026-09-09 23:56:45 +0200: Memory Usage (674580K) : comp has 649 polygons
[2026-09-09 23:56:45,710] [SUBPROCESS]    2026-09-09 23:56:45 +0200: Memory Usage (674580K) : dnwell has 0 polygons
[2026-09-09 23:56:45,719] [SUBPROCESS]    2026-09-09 23:56:45 +0200: Memory Usage (674580K) : nwell has 651 polygons
[2026-09-09 23:56:45,727] [SUBPROCESS]    2026-09-09 23:56:45 +0200: Memory Usage (674580K) : lvpwell has 0 polygons
[2026-09-09 23:56:45,733] [SUBPROCESS]    2026-09-09 23:56:45 +0200: Memory Usage (674580K) : dualgate has 0 polygons
[2026-09-09 23:56:45,743] [SUBPROCESS]    2026-09-09 23:56:45 +0200: Memory Usage (674580K) : poly2 has 231 polygons
[2026-09-09 23:56:45,750] [SUBPROCESS]    2026-09-09 23:56:45 +0200: Memory Usage (674580K) : nplus has 554 polygons
[2026-09-09 23:56:45,760] [SUBPROCESS]    2026-09-09 23:56:45 +0200: Memory Usage (674580K) : pplus has 95 polygons
[2026-09-09 23:56:45,769] [SUBPROCESS]    2026-09-09 23:56:45 +0200: Memory Usage (674580K) : sab has 0 polygons
[2026-09-09 23:56:45,777] [SUBPROCESS]    2026-09-09 23:56:45 +0200: Memory Usage (674580K) : esd has 0 polygons
[2026-09-09 23:56:45,785] [SUBPROCESS]    2026-09-09 23:56:45 +0200: Memory Usage (674580K) : resistor has 0 polygons
[2026-09-09 23:56:45,796] [SUBPROCESS]    2026-09-09 23:56:45 +0200: Memory Usage (674580K) : fhres has 0 polygons
[2026-09-09 23:56:45,804] [SUBPROCESS]    2026-09-09 23:56:45 +0200: Memory Usage (674580K) : fusetop has 0 polygons
[2026-09-09 23:56:45,814] [SUBPROCESS]    2026-09-09 23:56:45 +0200: Memory Usage (674580K) : fusewindow_d has 0 polygons
[2026-09-09 23:56:45,821] [SUBPROCESS]    2026-09-09 23:56:45 +0200: Memory Usage (674580K) : polyfuse has 0 polygons
[2026-09-09 23:56:45,830] [SUBPROCESS]    2026-09-09 23:56:45 +0200: Memory Usage (674580K) : mvsd has 0 polygons
[2026-09-09 23:56:45,838] [SUBPROCESS]    2026-09-09 23:56:45 +0200: Memory Usage (675096K) : mvpsd has 0 polygons
[2026-09-09 23:56:45,847] [SUBPROCESS]    2026-09-09 23:56:45 +0200: Memory Usage (675096K) : nat has 0 polygons
[2026-09-09 23:56:45,853] [SUBPROCESS]    2026-09-09 23:56:45 +0200: Memory Usage (675096K) : comp_dummy has 0 polygons
[2026-09-09 23:56:45,865] [SUBPROCESS]    2026-09-09 23:56:45 +0200: Memory Usage (675096K) : poly2_dummy has 0 polygons
[2026-09-09 23:56:45,875] [SUBPROCESS]    2026-09-09 23:56:45 +0200: Memory Usage (675096K) : schottky_diode has 0 polygons
[2026-09-09 23:56:45,887] [SUBPROCESS]    2026-09-09 23:56:45 +0200: Memory Usage (675096K) : zener has 0 polygons
[2026-09-09 23:56:45,897] [SUBPROCESS]    2026-09-09 23:56:45 +0200: Memory Usage (675096K) : res_mk has 0 polygons
[2026-09-09 23:56:45,918] [SUBPROCESS]    2026-09-09 23:56:45 +0200: Memory Usage (675096K) : opc_drc has 0 polygons
[2026-09-09 23:56:45,930] [SUBPROCESS]    2026-09-09 23:56:45 +0200: Memory Usage (675096K) : ndmy has 0 polygons
[2026-09-09 23:56:45,943] [SUBPROCESS]    2026-09-09 23:56:45 +0200: Memory Usage (675096K) : pmndmy has 0 polygons
[2026-09-09 23:56:45,950] [SUBPROCESS]    2026-09-09 23:56:45 +0200: Memory Usage (675500K) : v5_xtor has 0 polygons
[2026-09-09 23:56:45,960] [SUBPROCESS]    2026-09-09 23:56:45 +0200: Memory Usage (675500K) : cap_mk has 0 polygons
[2026-09-09 23:56:45,968] [SUBPROCESS]    2026-09-09 23:56:45 +0200: Memory Usage (675500K) : mos_cap_mk has 0 polygons
[2026-09-09 23:56:45,976] [SUBPROCESS]    2026-09-09 23:56:45 +0200: Memory Usage (675500K) : ind_mk has 0 polygons
[2026-09-09 23:56:45,984] [SUBPROCESS]    2026-09-09 23:56:45 +0200: Memory Usage (675500K) : diode_mk has 0 polygons
[2026-09-09 23:56:46,034] [SUBPROCESS]    2026-09-09 23:56:45 +0200: Memory Usage (675500K) : drc_bjt has 0 polygons
[2026-09-09 23:56:46,042] [SUBPROCESS]    2026-09-09 23:56:46 +0200: Memory Usage (675872K) : lvs_bjt has 0 polygons
[2026-09-09 23:56:46,049] [SUBPROCESS]    2026-09-09 23:56:46 +0200: Memory Usage (675872K) : mim_l_mk has 0 polygons
[2026-09-09 23:56:46,056] [SUBPROCESS]    2026-09-09 23:56:46 +0200: Memory Usage (675872K) : latchup_mk has 0 polygons
[2026-09-09 23:56:46,064] [SUBPROCESS]    2026-09-09 23:56:46 +0200: Memory Usage (675872K) : guard_ring_mk has 0 polygons
[2026-09-09 23:56:46,072] [SUBPROCESS]    2026-09-09 23:56:46 +0200: Memory Usage (675872K) : otp_mk has 0 polygons
[2026-09-09 23:56:46,081] [SUBPROCESS]    2026-09-09 23:56:46 +0200: Memory Usage (675872K) : mtpmark has 0 polygons
[2026-09-09 23:56:46,088] [SUBPROCESS]    2026-09-09 23:56:46 +0200: Memory Usage (675872K) : neo_ee_mk has 0 polygons
[2026-09-09 23:56:46,096] [SUBPROCESS]    2026-09-09 23:56:46 +0200: Memory Usage (675872K) : sramcore has 0 polygons
[2026-09-09 23:56:46,103] [SUBPROCESS]    2026-09-09 23:56:46 +0200: Memory Usage (675872K) : lvs_rf has 0 polygons
[2026-09-09 23:56:46,112] [SUBPROCESS]    2026-09-09 23:56:46 +0200: Memory Usage (675872K) : lvs_drain has 0 polygons
[2026-09-09 23:56:46,120] [SUBPROCESS]    2026-09-09 23:56:46 +0200: Memory Usage (675872K) : ind_mk has 0 polygons
[2026-09-09 23:56:46,129] [SUBPROCESS]    2026-09-09 23:56:46 +0200: Memory Usage (675872K) : hvpolyrs has 0 polygons
[2026-09-09 23:56:46,136] [SUBPROCESS]    2026-09-09 23:56:46 +0200: Memory Usage (675872K) : lvs_io has 0 polygons
[2026-09-09 23:56:46,146] [SUBPROCESS]    2026-09-09 23:56:46 +0200: Memory Usage (675872K) : probe_mk has 0 polygons
[2026-09-09 23:56:46,154] [SUBPROCESS]    2026-09-09 23:56:46 +0200: Memory Usage (675872K) : esd_mk has 0 polygons
[2026-09-09 23:56:46,162] [SUBPROCESS]    2026-09-09 23:56:46 +0200: Memory Usage (675872K) : lvs_source has 0 polygons
[2026-09-09 23:56:46,169] [SUBPROCESS]    2026-09-09 23:56:46 +0200: Memory Usage (675872K) : well_diode_mk has 0 polygons
[2026-09-09 23:56:46,177] [SUBPROCESS]    2026-09-09 23:56:46 +0200: Memory Usage (675872K) : ldmos_xtor has 0 polygons
[2026-09-09 23:56:46,184] [SUBPROCESS]    2026-09-09 23:56:46 +0200: Memory Usage (675872K) : plfuse has 0 polygons
[2026-09-09 23:56:46,191] [SUBPROCESS]    2026-09-09 23:56:46 +0200: Memory Usage (675872K) : efuse_mk has 0 polygons
[2026-09-09 23:56:46,200] [SUBPROCESS]    2026-09-09 23:56:46 +0200: Memory Usage (675872K) : mcell_feol_mk has 0 polygons
[2026-09-09 23:56:46,209] [SUBPROCESS]    2026-09-09 23:56:46 +0200: Memory Usage (675872K) : ymtp_mk has 0 polygons
[2026-09-09 23:56:46,216] [SUBPROCESS]    2026-09-09 23:56:46 +0200: Memory Usage (675872K) : dev_wf_mk has 0 polygons
[2026-09-09 23:56:46,226] [SUBPROCESS]    2026-09-09 23:56:46 +0200: Memory Usage (675872K) : comp_label has 0 polygons
[2026-09-09 23:56:46,234] [SUBPROCESS]    2026-09-09 23:56:46 +0200: Memory Usage (675872K) : poly2_label has 0 polygons
[2026-09-09 23:56:46,243] [SUBPROCESS]    2026-09-09 23:56:46 +0200: Memory Usage (675872K) : mdiode has 0 polygons
[2026-09-09 23:56:46,250] [SUBPROCESS]    2026-09-09 23:56:46 +0200: Memory Usage (675872K) : contact has 1034 polygons
[2026-09-09 23:56:46,259] [SUBPROCESS]    2026-09-09 23:56:46 +0200: Memory Usage (675872K) : metal1_drawn has 1058 polygons
[2026-09-09 23:56:46,267] [SUBPROCESS]    2026-09-09 23:56:46 +0200: Memory Usage (675872K) : metal1_dummy has 0 polygons
[2026-09-09 23:56:46,276] [SUBPROCESS]    2026-09-09 23:56:46 +0200: Memory Usage (675872K) : metal1_label has 1 polygons
[2026-09-09 23:56:46,284] [SUBPROCESS]    2026-09-09 23:56:46 +0200: Memory Usage (675872K) : metal1_slot has 0 polygons
[2026-09-09 23:56:46,293] [SUBPROCESS]    2026-09-09 23:56:46 +0200: Memory Usage (675872K) : metal1_blk has 0 polygons
[2026-09-09 23:56:46,300] [SUBPROCESS]    2026-09-09 23:56:46 +0200: Memory Usage (675872K) : metal1_res has 0 polygons
[2026-09-09 23:56:46,309] [SUBPROCESS]    2026-09-09 23:56:46 +0200: Memory Usage (675872K) : via1 has 109 polygons
[2026-09-09 23:56:46,317] [SUBPROCESS]    2026-09-09 23:56:46 +0200: Memory Usage (675872K) : metal2_drawn has 158 polygons
[2026-09-09 23:56:46,326] [SUBPROCESS]    2026-09-09 23:56:46 +0200: Memory Usage (675872K) : metal2_dummy has 0 polygons
[2026-09-09 23:56:46,333] [SUBPROCESS]    2026-09-09 23:56:46 +0200: Memory Usage (675872K) : metal2_label has 7 polygons
[2026-09-09 23:56:46,342] [SUBPROCESS]    2026-09-09 23:56:46 +0200: Memory Usage (675872K) : metal2_slot has 0 polygons
[2026-09-09 23:56:46,349] [SUBPROCESS]    2026-09-09 23:56:46 +0200: Memory Usage (675872K) : metal2_blk has 0 polygons
[2026-09-09 23:56:46,358] [SUBPROCESS]    2026-09-09 23:56:46 +0200: Memory Usage (675872K) : metal2_res has 0 polygons
[2026-09-09 23:56:46,365] [SUBPROCESS]    2026-09-09 23:56:46 +0200: Memory Usage (675872K) : via2 has 0 polygons
[2026-09-09 23:56:46,373] [SUBPROCESS]    2026-09-09 23:56:46 +0200: Memory Usage (675872K) : metal3_drawn has 0 polygons
[2026-09-09 23:56:46,382] [SUBPROCESS]    2026-09-09 23:56:46 +0200: Memory Usage (675872K) : metal3_dummy has 0 polygons
[2026-09-09 23:56:46,389] [SUBPROCESS]    2026-09-09 23:56:46 +0200: Memory Usage (675872K) : metal3_label has 0 polygons
[2026-09-09 23:56:46,399] [SUBPROCESS]    2026-09-09 23:56:46 +0200: Memory Usage (676276K) : metal3_slot has 0 polygons
[2026-09-09 23:56:46,405] [SUBPROCESS]    2026-09-09 23:56:46 +0200: Memory Usage (676276K) : metal3_blk has 0 polygons
[2026-09-09 23:56:46,414] [SUBPROCESS]    2026-09-09 23:56:46 +0200: Memory Usage (676276K) : metal3_res has 0 polygons
[2026-09-09 23:56:46,420] [SUBPROCESS]    2026-09-09 23:56:46 +0200: Memory Usage (676276K) : via3 has 0 polygons
[2026-09-09 23:56:46,429] [SUBPROCESS]    2026-09-09 23:56:46 +0200: Memory Usage (676276K) : metal4_drawn has 0 polygons
[2026-09-09 23:56:46,439] [SUBPROCESS]    2026-09-09 23:56:46 +0200: Memory Usage (676276K) : metal4_dummy has 0 polygons
[2026-09-09 23:56:46,447] [SUBPROCESS]    2026-09-09 23:56:46 +0200: Memory Usage (676684K) : metal4_label has 0 polygons
[2026-09-09 23:56:46,454] [SUBPROCESS]    2026-09-09 23:56:46 +0200: Memory Usage (676684K) : metal4_slot has 0 polygons
[2026-09-09 23:56:46,463] [SUBPROCESS]    2026-09-09 23:56:46 +0200: Memory Usage (676684K) : metal4_blk has 0 polygons
[2026-09-09 23:56:46,470] [SUBPROCESS]    2026-09-09 23:56:46 +0200: Memory Usage (676684K) : metal4_res has 0 polygons
[2026-09-09 23:56:46,480] [SUBPROCESS]    2026-09-09 23:56:46 +0200: Memory Usage (676684K) : via4 has 0 polygons
[2026-09-09 23:56:46,487] [SUBPROCESS]    2026-09-09 23:56:46 +0200: Memory Usage (676684K) : metal5_drawn has 0 polygons
[2026-09-09 23:56:46,496] [SUBPROCESS]    2026-09-09 23:56:46 +0200: Memory Usage (676684K) : metal5_dummy has 0 polygons
[2026-09-09 23:56:46,503] [SUBPROCESS]    2026-09-09 23:56:46 +0200: Memory Usage (677100K) : metal5_label has 0 polygons
[2026-09-09 23:56:46,512] [SUBPROCESS]    2026-09-09 23:56:46 +0200: Memory Usage (677100K) : metal5_slot has 0 polygons
[2026-09-09 23:56:46,520] [SUBPROCESS]    2026-09-09 23:56:46 +0200: Memory Usage (677100K) : metal5_blk has 0 polygons
[2026-09-09 23:56:46,529] [SUBPROCESS]    2026-09-09 23:56:46 +0200: Memory Usage (677100K) : metal5_res has 0 polygons
[2026-09-09 23:56:46,553] [SUBPROCESS]    2026-09-09 23:56:46 +0200: Memory Usage (677100K) : via5 has 0 polygons
[2026-09-09 23:56:46,561] [SUBPROCESS]    2026-09-09 23:56:46 +0200: Memory Usage (677100K) : metaltop_drawn has 0 polygons
[2026-09-09 23:56:46,568] [SUBPROCESS]    2026-09-09 23:56:46 +0200: Memory Usage (677100K) : metaltop_dummy has 0 polygons
[2026-09-09 23:56:46,576] [SUBPROCESS]    2026-09-09 23:56:46 +0200: Memory Usage (677100K) : metaltop_label has 0 polygons
[2026-09-09 23:56:46,583] [SUBPROCESS]    2026-09-09 23:56:46 +0200: Memory Usage (677100K) : metaltop_slot has 0 polygons
[2026-09-09 23:56:46,592] [SUBPROCESS]    2026-09-09 23:56:46 +0200: Memory Usage (677100K) : metaltop_blk has 0 polygons
[2026-09-09 23:56:46,602] [SUBPROCESS]    2026-09-09 23:56:46 +0200: Memory Usage (677100K) : metal6_res has 0 polygons
[2026-09-09 23:56:46,611] [SUBPROCESS]    2026-09-09 23:56:46 +0200: Memory Usage (677100K) : pad has 0 polygons
[2026-09-09 23:56:46,618] [SUBPROCESS]    2026-09-09 23:56:46 +0200: Memory Usage (677100K) : ubmpperi has 0 polygons
[2026-09-09 23:56:46,627] [SUBPROCESS]    2026-09-09 23:56:46 +0200: Memory Usage (677100K) : ubmparray has 0 polygons
[2026-09-09 23:56:46,634] [SUBPROCESS]    2026-09-09 23:56:46 +0200: Memory Usage (677100K) : ubmeplate has 0 polygons
[2026-09-09 23:56:46,643] [SUBPROCESS]    2026-09-09 23:56:46 +0200: Memory Usage (677100K) : pr_bndry has 0 polygons
[2026-09-09 23:56:46,649] [SUBPROCESS]    2026-09-09 23:56:46 +0200: Memory Usage (677100K) : border has 0 polygons
[2026-09-09 23:56:46,655] [SUBPROCESS]    2026-09-09 23:56:46 +0200: Memory Usage (677100K) : Total no. of polygons in the design is 4547
[2026-09-09 23:56:46,662] [SUBPROCESS]    2026-09-09 23:56:46 +0200: Memory Usage (677100K) : Starting deriving base layers.
[2026-09-09 23:56:46,667] [SUBPROCESS]    2026-09-09 23:56:46 +0200: Memory Usage (677100K) : Starting GF180MCU LVS runset
[2026-09-09 23:56:46,770] [SUBPROCESS]    2026-09-09 23:56:46 +0200: Memory Usage (677100K) : Starting base layers derivations
[2026-09-09 23:56:46,787] [SUBPROCESS]    2026-09-09 23:56:46 +0200: Memory Usage (825860K) : Starting MOSFET DERIVATIONS
[2026-09-09 23:56:46,823] [SUBPROCESS]    2026-09-09 23:56:46 +0200: Memory Usage (826616K) : Starting PMOS layers DERIVATIONS
[2026-09-09 23:56:46,868] [SUBPROCESS]    2026-09-09 23:56:46 +0200: Memory Usage (828504K) : Starting NMOS layers DERIVATIONS
[2026-09-09 23:56:46,875] [SUBPROCESS]    2026-09-09 23:56:46 +0200: Memory Usage (830796K) : Starting BJT DERIVATIONS
[2026-09-09 23:56:46,959] [SUBPROCESS]    2026-09-09 23:56:46 +0200: Memory Usage (830796K) : Starting vnpn layers DERIVATIONS
[2026-09-09 23:56:47,020] [SUBPROCESS]    2026-09-09 23:56:46 +0200: Memory Usage (836088K) : Starting vpnp layers DERIVATIONS
[2026-09-09 23:56:47,150] [SUBPROCESS]    2026-09-09 23:56:47 +0200: Memory Usage (837980K) : Starting DIODE DERIVATIONS
[2026-09-09 23:56:47,321] [SUBPROCESS]    2026-09-09 23:56:47 +0200: Memory Usage (837980K) : Starting RESISTOR DERIVATIONS
[2026-09-09 23:56:47,337] [SUBPROCESS]    2026-09-09 23:56:47 +0200: Memory Usage (837980K) : Starting MIMCAP DERIVATIONS
[2026-09-09 23:56:47,375] [SUBPROCESS]    2026-09-09 23:56:47 +0200: Memory Usage (837980K) : Starting MOSCAP DERIVATIONS
[2026-09-09 23:56:47,395] [SUBPROCESS]    2026-09-09 23:56:47 +0200: Memory Usage (837980K) : Starting MOS SAB DERIVATIONS
[2026-09-09 23:56:47,421] [SUBPROCESS]    2026-09-09 23:56:47 +0200: Memory Usage (837980K) : Starting PMOS SAB DERIVATIONS
[2026-09-09 23:56:47,449] [SUBPROCESS]    2026-09-09 23:56:47 +0200: Memory Usage (838748K) : Starting NMOS SAB DERIVATIONS
[2026-09-09 23:56:47,463] [SUBPROCESS]    2026-09-09 23:56:47 +0200: Memory Usage (839884K) : Starting NMOS EFUSE DERIVATIONS
[2026-09-09 23:56:47,471] [SUBPROCESS]    2026-09-09 23:56:47 +0200: Memory Usage (840640K) : Starting GF180 LVS connectivity setup
[2026-09-09 23:56:47,477] [SUBPROCESS]    2026-09-09 23:56:47 +0200: Memory Usage (840640K) : Starting GF180 LVS connectivity setup (Inter-layer)
[2026-09-09 23:56:47,484] [SUBPROCESS]    2026-09-09 23:56:47 +0200: Memory Usage (840640K) : Starting GF180 LVS connectivity setup (Global)
[2026-09-09 23:56:47,490] [SUBPROCESS]    2026-09-09 23:56:47 +0200: Memory Usage (840640K) : Starting GF180 LVS connectivity setup (Multifinger Devices)
[2026-09-09 23:56:47,497] [SUBPROCESS]    2026-09-09 23:56:47 +0200: Memory Usage (840640K) : Starting LVS MOSFET CONNECTIONS
[2026-09-09 23:56:47,503] [SUBPROCESS]    2026-09-09 23:56:47 +0200: Memory Usage (840640K) : Starting LVS BJT CONNECTIONS
[2026-09-09 23:56:47,510] [SUBPROCESS]    2026-09-09 23:56:47 +0200: Memory Usage (840704K) : Starting LVS DIODE CONNECTIONS
[2026-09-09 23:56:47,517] [SUBPROCESS]    2026-09-09 23:56:47 +0200: Memory Usage (840704K) : Starting LVS MIMCAP CONNECTIONS
[2026-09-09 23:56:47,523] [SUBPROCESS]    2026-09-09 23:56:47 +0200: Memory Usage (840704K) : Starting LVS RESISTOR CONNECTIONS
[2026-09-09 23:56:47,529] [SUBPROCESS]    2026-09-09 23:56:47 +0200: Memory Usage (840704K) : Starting LVS EFUSE CONNECTIONS
[2026-09-09 23:56:47,535] [SUBPROCESS]    2026-09-09 23:56:47 +0200: Memory Usage (840704K) : Starting GF180 LVS DEVICES EXTRACTION
[2026-09-09 23:56:47,541] [SUBPROCESS]    2026-09-09 23:56:47 +0200: Memory Usage (840704K) : Starting MOSFET EXTRACTION
[2026-09-09 23:56:47,549] [SUBPROCESS]    2026-09-09 23:56:47 +0200: Memory Usage (840704K) : Starting PMOS EXTRACTION
[2026-09-09 23:56:47,559] [SUBPROCESS]    2026-09-09 23:56:47 +0200: Memory Usage (840704K) : Extracting 3.3V PMOS transistor outside DNWEL
[2026-09-09 23:56:47,568] [SUBPROCESS]    2026-09-09 23:56:47 +0200: Memory Usage (840704K) : Extracting 5V PMOS transistor outside DNWELL
[2026-09-09 23:56:47,599] [SUBPROCESS]    2026-09-09 23:56:47 +0200: Memory Usage (840704K) : Extracting 6V PMOS transistor outside DNWELL
[2026-09-09 23:56:47,606] [SUBPROCESS]    2026-09-09 23:56:47 +0200: Memory Usage (840704K) : Extracting 3.3V PMOS transistor inside DNWELL
[2026-09-09 23:56:47,615] [SUBPROCESS]    2026-09-09 23:56:47 +0200: Memory Usage (840704K) : Extracting 5V PMOS transistor inside DNWELL
[2026-09-09 23:56:47,623] [SUBPROCESS]    2026-09-09 23:56:47 +0200: Memory Usage (840704K) : Extracting 6V PMOS transistor inside DNWELL
[2026-09-09 23:56:47,631] [SUBPROCESS]    2026-09-09 23:56:47 +0200: Memory Usage (840704K) : Extracting LDPMOS transistor
[2026-09-09 23:56:47,638] [SUBPROCESS]    2026-09-09 23:56:47 +0200: Memory Usage (840704K) : Starting NMOS EXTRACTION
[2026-09-09 23:56:47,646] [SUBPROCESS]    2026-09-09 23:56:47 +0200: Memory Usage (840704K) : 3.3V NMOS transistor outside DNWELL
[2026-09-09 23:56:47,654] [SUBPROCESS]    2026-09-09 23:56:47 +0200: Memory Usage (840704K) : 5V NMOS transistor outside DNWELL
[2026-09-09 23:56:47,661] [SUBPROCESS]    2026-09-09 23:56:47 +0200: Memory Usage (840704K) : 6V NMOS transistor outside DNWELL
[2026-09-09 23:56:47,670] [SUBPROCESS]    2026-09-09 23:56:47 +0200: Memory Usage (840704K) : 3.3V NMOS transistor inside DNWELL
[2026-09-09 23:56:47,680] [SUBPROCESS]    2026-09-09 23:56:47 +0200: Memory Usage (840704K) : 5V NMOS transistor inside DNWELL
[2026-09-09 23:56:47,687] [SUBPROCESS]    2026-09-09 23:56:47 +0200: Memory Usage (840704K) : 6V NMOS transistor inside DNWELL
[2026-09-09 23:56:47,696] [SUBPROCESS]    2026-09-09 23:56:47 +0200: Memory Usage (840704K) : Native Vt NMOS transistor
[2026-09-09 23:56:47,703] [SUBPROCESS]    2026-09-09 23:56:47 +0200: Memory Usage (840704K) : Extracting LDNMOS transistor
[2026-09-09 23:56:47,709] [SUBPROCESS]    2026-09-09 23:56:47 +0200: Memory Usage (840704K) : Starting BJT EXTRACTION
[2026-09-09 23:56:47,717] [SUBPROCESS]    2026-09-09 23:56:47 +0200: Memory Usage (840704K) : Starting vnpn BJT EXTRACTION
[2026-09-09 23:56:47,727] [SUBPROCESS]    2026-09-09 23:56:47 +0200: Memory Usage (840704K) : Extracting npn_10p00x10p00 BJT
[2026-09-09 23:56:47,739] [SUBPROCESS]    2026-09-09 23:56:47 +0200: Memory Usage (840704K) : Extracting npn_05p00x05p00 BJT
[2026-09-09 23:56:47,751] [SUBPROCESS]    2026-09-09 23:56:47 +0200: Memory Usage (840704K) : Extracting npn_00p54x16p00 BJT
[2026-09-09 23:56:47,762] [SUBPROCESS]    2026-09-09 23:56:47 +0200: Memory Usage (840704K) : Extracting npn_00p54x08p00 BJT
[2026-09-09 23:56:47,773] [SUBPROCESS]    2026-09-09 23:56:47 +0200: Memory Usage (840704K) : Extracting npn_00p54x04p00 BJT
[2026-09-09 23:56:47,784] [SUBPROCESS]    2026-09-09 23:56:47 +0200: Memory Usage (840704K) : Extracting npn_00p54x02p00 BJT
[2026-09-09 23:56:47,790] [SUBPROCESS]    2026-09-09 23:56:47 +0200: Memory Usage (840704K) : Starting vpnp BJT EXTRACTION
[2026-09-09 23:56:47,802] [SUBPROCESS]    2026-09-09 23:56:47 +0200: Memory Usage (840704K) : Extracting pnp_10p00x10p00 BJT
[2026-09-09 23:56:47,811] [SUBPROCESS]    2026-09-09 23:56:47 +0200: Memory Usage (840704K) : Extracting pnp_05p00x05p00 BJT
[2026-09-09 23:56:47,821] [SUBPROCESS]    2026-09-09 23:56:47 +0200: Memory Usage (840704K) : Extracting pnp_10p00x00p42 BJT
[2026-09-09 23:56:47,833] [SUBPROCESS]    2026-09-09 23:56:47 +0200: Memory Usage (840704K) : Extracting pnp_05p00x00p42 BJT
[2026-09-09 23:56:47,841] [SUBPROCESS]    2026-09-09 23:56:47 +0200: Memory Usage (840704K) : Starting DIODE EXTRACTION
[2026-09-09 23:56:47,849] [SUBPROCESS]    2026-09-09 23:56:47 +0200: Memory Usage (840704K) : Extracting diode_nd2ps_03v3 diode
[2026-09-09 23:56:47,857] [SUBPROCESS]    2026-09-09 23:56:47 +0200: Memory Usage (840704K) : Extracting diode_nd2ps_03v3_dn diode
[2026-09-09 23:56:47,865] [SUBPROCESS]    2026-09-09 23:56:47 +0200: Memory Usage (840704K) : Extracting diode_nd2ps_06v0 diode
[2026-09-09 23:56:47,874] [SUBPROCESS]    2026-09-09 23:56:47 +0200: Memory Usage (840704K) : Extracting diode_nd2ps_06v0_dn diode
[2026-09-09 23:56:47,883] [SUBPROCESS]    2026-09-09 23:56:47 +0200: Memory Usage (840704K) : Extracting diode_pd2nw_03v3 diode
[2026-09-09 23:56:47,890] [SUBPROCESS]    2026-09-09 23:56:47 +0200: Memory Usage (840704K) : Extractingdiode_pd2nw_03v3_dn diode
[2026-09-09 23:56:47,898] [SUBPROCESS]    2026-09-09 23:56:47 +0200: Memory Usage (840704K) : Extracting diode_pd2nw_06v0 diode
[2026-09-09 23:56:47,905] [SUBPROCESS]    2026-09-09 23:56:47 +0200: Memory Usage (840704K) : Extracting diode_pd2nw_06v0_dn diode
[2026-09-09 23:56:47,917] [SUBPROCESS]    2026-09-09 23:56:47 +0200: Memory Usage (840704K) : Extracting diode_nw2ps_03v3 diode
[2026-09-09 23:56:47,924] [SUBPROCESS]    2026-09-09 23:56:47 +0200: Memory Usage (840704K) : Extracting diode_nw2ps_06v0 diode
[2026-09-09 23:56:47,932] [SUBPROCESS]    2026-09-09 23:56:47 +0200: Memory Usage (840704K) : Extracting diode_pw2dw_03v3 diode
[2026-09-09 23:56:47,938] [SUBPROCESS]    2026-09-09 23:56:47 +0200: Memory Usage (840704K) : Extracting diode_pw2dw_06v0 diode
[2026-09-09 23:56:47,946] [SUBPROCESS]    2026-09-09 23:56:47 +0200: Memory Usage (840704K) : Extracting diode_dw2ps_03v3 diode
[2026-09-09 23:56:47,955] [SUBPROCESS]    2026-09-09 23:56:47 +0200: Memory Usage (840704K) : Extracting diode_dw2ps_06v0 diode
[2026-09-09 23:56:47,964] [SUBPROCESS]    2026-09-09 23:56:47 +0200: Memory Usage (840704K) : Extracting sc_diode diode
[2026-09-09 23:56:47,970] [SUBPROCESS]    2026-09-09 23:56:47 +0200: Memory Usage (840704K) : Starting RESISTOR EXTRACTION
[2026-09-09 23:56:47,978] [SUBPROCESS]    2026-09-09 23:56:47 +0200: Memory Usage (840704K) : Extracting NPLUS_U device
[2026-09-09 23:56:47,986] [SUBPROCESS]    2026-09-09 23:56:47 +0200: Memory Usage (840704K) : Extracting NPLUS_U_DW device
[2026-09-09 23:56:47,995] [SUBPROCESS]    2026-09-09 23:56:47 +0200: Memory Usage (840704K) : Extracting PPLUS_U device
[2026-09-09 23:56:48,004] [SUBPROCESS]    2026-09-09 23:56:47 +0200: Memory Usage (840704K) : Extracting PPLUS_U_DW device
[2026-09-09 23:56:48,012] [SUBPROCESS]    2026-09-09 23:56:48 +0200: Memory Usage (840704K) : Extracting NPLUS_S device
[2026-09-09 23:56:48,020] [SUBPROCESS]    2026-09-09 23:56:48 +0200: Memory Usage (840704K) : Extracting NPLUS_S_DW device
[2026-09-09 23:56:48,027] [SUBPROCESS]    2026-09-09 23:56:48 +0200: Memory Usage (840704K) : Extracting PPLUS_S device
[2026-09-09 23:56:48,036] [SUBPROCESS]    2026-09-09 23:56:48 +0200: Memory Usage (840704K) : Extracting PPLUS_S_DW device
[2026-09-09 23:56:48,046] [SUBPROCESS]    2026-09-09 23:56:48 +0200: Memory Usage (840704K) : Extracting NWELL device
[2026-09-09 23:56:48,054] [SUBPROCESS]    2026-09-09 23:56:48 +0200: Memory Usage (840704K) : Extracting PWELL device
[2026-09-09 23:56:48,061] [SUBPROCESS]    2026-09-09 23:56:48 +0200: Memory Usage (840704K) : Extracting NPOLYF_U device
[2026-09-09 23:56:48,070] [SUBPROCESS]    2026-09-09 23:56:48 +0200: Memory Usage (840704K) : Extracting NPOLYF_U_DW device
[2026-09-09 23:56:48,079] [SUBPROCESS]    2026-09-09 23:56:48 +0200: Memory Usage (840704K) : Extracting PPOLYF_U device
[2026-09-09 23:56:48,088] [SUBPROCESS]    2026-09-09 23:56:48 +0200: Memory Usage (840704K) : Extracting PPOLYF_U_DW device
[2026-09-09 23:56:48,098] [SUBPROCESS]    2026-09-09 23:56:48 +0200: Memory Usage (840704K) : Extracting NPOLYF_S device
[2026-09-09 23:56:48,124] [SUBPROCESS]    2026-09-09 23:56:48 +0200: Memory Usage (840704K) : Extracting NPOLYF_S_DW device
[2026-09-09 23:56:48,132] [SUBPROCESS]    2026-09-09 23:56:48 +0200: Memory Usage (840704K) : Extracting PPOLYF_S device
[2026-09-09 23:56:48,139] [SUBPROCESS]    2026-09-09 23:56:48 +0200: Memory Usage (840704K) : Extracting PPOLYF_S_DW device
[2026-09-09 23:56:48,149] [SUBPROCESS]    2026-09-09 23:56:48 +0200: Memory Usage (840704K) : Extracting PPOLYF_U_1K device
[2026-09-09 23:56:48,156] [SUBPROCESS]    2026-09-09 23:56:48 +0200: Memory Usage (840704K) : Extracting PPOLYF_U_DW_1 device
[2026-09-09 23:56:48,165] [SUBPROCESS]    2026-09-09 23:56:48 +0200: Memory Usage (840704K) : Extracting PPOLYF_U_1K_6p0 device
[2026-09-09 23:56:48,172] [SUBPROCESS]    2026-09-09 23:56:48 +0200: Memory Usage (840704K) : Extracting PPOLYF_U_DW_1K_6p0 device
[2026-09-09 23:56:48,185] [SUBPROCESS]    2026-09-09 23:56:48 +0200: Memory Usage (840704K) : Extracting RM1 device
[2026-09-09 23:56:48,197] [SUBPROCESS]    2026-09-09 23:56:48 +0200: Memory Usage (840704K) : Extracting RM2 device
[2026-09-09 23:56:48,204] [SUBPROCESS]    2026-09-09 23:56:48 +0200: Memory Usage (840704K) : Extracting RM3 device
[2026-09-09 23:56:48,211] [SUBPROCESS]    2026-09-09 23:56:48 +0200: Memory Usage (840704K) : Extracting TM9K device
[2026-09-09 23:56:48,218] [SUBPROCESS]    2026-09-09 23:56:48 +0200: Memory Usage (840704K) : Starting MIMCAP EXTRACTION
[2026-09-09 23:56:48,226] [SUBPROCESS]    2026-09-09 23:56:48 +0200: Memory Usage (840704K) : Extracting cap_mim2f0 device
[2026-09-09 23:56:48,233] [SUBPROCESS]    2026-09-09 23:56:48 +0200: Memory Usage (840704K) : Starting MOSCAP EXTRACTION
[2026-09-09 23:56:48,241] [SUBPROCESS]    2026-09-09 23:56:48 +0200: Memory Usage (840704K) : Extracting cap_nmos_03v3 device
[2026-09-09 23:56:48,249] [SUBPROCESS]    2026-09-09 23:56:48 +0200: Memory Usage (840704K) : Extracting cap_nmos_03v3_dn device
[2026-09-09 23:56:48,264] [SUBPROCESS]    2026-09-09 23:56:48 +0200: Memory Usage (840704K) : Extracting cap_pmos_03v3 device
[2026-09-09 23:56:48,272] [SUBPROCESS]    2026-09-09 23:56:48 +0200: Memory Usage (840704K) : Extracting cap_pmos_03v3_dn device
[2026-09-09 23:56:48,281] [SUBPROCESS]    2026-09-09 23:56:48 +0200: Memory Usage (840704K) : Extracting cap_nmos_06v0 device
[2026-09-09 23:56:48,290] [SUBPROCESS]    2026-09-09 23:56:48 +0200: Memory Usage (840704K) : Extracting cap_nmos_06v0_dn device
[2026-09-09 23:56:48,305] [SUBPROCESS]    2026-09-09 23:56:48 +0200: Memory Usage (840704K) : Extracting cap_pmos_06v0 device
[2026-09-09 23:56:48,322] [SUBPROCESS]    2026-09-09 23:56:48 +0200: Memory Usage (840704K) : Extracting cap_pmos_06v0 device
[2026-09-09 23:56:48,331] [SUBPROCESS]    2026-09-09 23:56:48 +0200: Memory Usage (840704K) : Extracting cap_pmos_03v3_b device
[2026-09-09 23:56:48,345] [SUBPROCESS]    2026-09-09 23:56:48 +0200: Memory Usage (840704K) : Extracting cap_nmos_06v0_b device
[2026-09-09 23:56:48,354] [SUBPROCESS]    2026-09-09 23:56:48 +0200: Memory Usage (840704K) : Extracting cap_pmos_06v0_b device
[2026-09-09 23:56:48,360] [SUBPROCESS]    2026-09-09 23:56:48 +0200: Memory Usage (840704K) : Starting MOS SAB EXTRACTION
[2026-09-09 23:56:48,367] [SUBPROCESS]    2026-09-09 23:56:48 +0200: Memory Usage (840704K) : Starting PMOS SAB EXTRACTION
[2026-09-09 23:56:48,375] [SUBPROCESS]    2026-09-09 23:56:48 +0200: Memory Usage (840704K) : Extracting 3.3V ESD PMOS transistor outside DNWELL device
[2026-09-09 23:56:48,382] [SUBPROCESS]    2026-09-09 23:56:48 +0200: Memory Usage (840704K) : Extracting 5V ESD PMOS transistor outside DNWELL device
[2026-09-09 23:56:48,390] [SUBPROCESS]    2026-09-09 23:56:48 +0200: Memory Usage (840704K) : Extracting 6V ESD PMOS transistor outside DNWELL device
[2026-09-09 23:56:48,399] [SUBPROCESS]    2026-09-09 23:56:48 +0200: Memory Usage (840704K) : Extracting 3.3V ESD PMOS transistor inside DNWELL device
[2026-09-09 23:56:48,406] [SUBPROCESS]    2026-09-09 23:56:48 +0200: Memory Usage (840704K) : Extracting 5V ESD PMOS transistor inside DNWELL device
[2026-09-09 23:56:48,416] [SUBPROCESS]    2026-09-09 23:56:48 +0200: Memory Usage (840704K) : Extracting 6V ESD PMOS transistor inside DNWELL device
[2026-09-09 23:56:48,421] [SUBPROCESS]    2026-09-09 23:56:48 +0200: Memory Usage (840704K) : Starting NMOS SAB EXTRACTION
[2026-09-09 23:56:48,429] [SUBPROCESS]    2026-09-09 23:56:48 +0200: Memory Usage (840704K) : Extracting 3.3V ESD NMOS transistor outside DNWELL device
[2026-09-09 23:56:48,439] [SUBPROCESS]    2026-09-09 23:56:48 +0200: Memory Usage (840704K) : Extracting 5V ESD NMOS transistor outside DNWELL device
[2026-09-09 23:56:48,448] [SUBPROCESS]    2026-09-09 23:56:48 +0200: Memory Usage (840704K) : Extracting 6V ESD NMOS transistor outside DNWELL device
[2026-09-09 23:56:48,455] [SUBPROCESS]    2026-09-09 23:56:48 +0200: Memory Usage (840704K) : Extracting 3.3V ESD NMOS transistor inside DNWELL device
[2026-09-09 23:56:48,463] [SUBPROCESS]    2026-09-09 23:56:48 +0200: Memory Usage (840704K) : Extracting 5V ESD NMOS transistor inside DNWELL device
[2026-09-09 23:56:48,471] [SUBPROCESS]    2026-09-09 23:56:48 +0200: Memory Usage (840704K) : Extracting 6V ESD NMOS transistor inside DNWELL device
[2026-09-09 23:56:48,482] [SUBPROCESS]    2026-09-09 23:56:48 +0200: Memory Usage (840704K) : Starting EFUSE EXTRACTION
[2026-09-09 23:56:48,516] [SUBPROCESS]    2026-09-09 23:56:48 +0200: Memory Usage (840704K) : Starting GF180 LVS comparison section
[2026-09-09 23:56:48,524] [SUBPROCESS]    2026-09-09 23:56:48 +0200: Memory Usage (840704K) : LVS Total Run time 2.999557 seconds
[2026-09-09 23:56:48,529] [SUBPROCESS]    2026-09-09 23:56:48 +0200: Memory Usage (840704K) : xxxxxxxxxxxxxxxxxxxxxxxxxxxxxxxxxxxxxxxxxx
[2026-09-09 23:56:48,536] [SUBPROCESS]    2026-09-09 23:56:48 +0200: Memory Usage (840704K) : ERROR : Netlists don't match
[2026-09-09 23:56:48,659] [SUBPROCESS]    2026-09-09 23:56:48 +0200: Memory Usage (840704K) : xxxxxxxxxxxxxxxxxxxxxxxxxxxxxxxxxxxxxxxxxx
[2026-09-09 23:56:48,780] [INFO]    klayout LVS succeeded after 5.373s
[2026-09-09 23:56:48,798] [WARNING]    Unable to find info about extracted LVS layer 'comp'
[2026-09-09 23:56:48,800] [WARNING]    Unable to find info about extracted LVS layer 'nwell'
[2026-09-09 23:56:48,801] [WARNING]    Unable to find info about extracted LVS layer 'contact'
[2026-09-09 23:56:48,802] [WARNING]    Unable to find info about extracted LVS layer 'via1'
[2026-09-09 23:56:48,803] [INFO]    (31, 20) -> (psd)
[2026-09-09 23:56:48,804] [INFO]    (34, 0) -> (metal1_con)
[2026-09-09 23:56:48,805] [INFO]    (36, 0) -> (metal2_con)
[2026-09-09 23:56:48,831] [WARNING]    Can't find GDS pair for layer M1-Poly
[2026-09-09 23:56:48,832] [WARNING]    Can't find GDS pair for layer Via1_con
[2026-09-09 23:56:48,833] [WARNING]    Can't find GDS pair for layer Via2_con
[2026-09-09 23:56:48,834] [WARNING]    Can't find GDS pair for layer Via3_con
[2026-09-09 23:56:48,835] [WARNING]    Can't find GDS pair for layer Via4_ncap
[2026-09-09 23:56:52,423] [INFO]    LVSDB: found 8pins
[2026-09-09 23:56:52,425] [WARNING]    Could not find a layer for device $1, class pfet_03v3, terminal G, net DAC_REF
[2026-09-09 23:56:52,428] [WARNING]    Could not find a layer for device $1, class pfet_03v3, terminal B, net VDD
[2026-09-09 23:56:52,431] [WARNING]    Could not find a layer for device $2, class pfet_03v3, terminal G, net DAC_REF
[2026-09-09 23:56:52,433] [WARNING]    Could not find a layer for device $2, class pfet_03v3, terminal B, net VDD
[2026-09-09 23:56:52,435] [WARNING]    Could not find a layer for device $3, class pfet_03v3, terminal G, net DAC_REF
[2026-09-09 23:56:52,437] [WARNING]    Could not find a layer for device $3, class pfet_03v3, terminal B, net VDD
[2026-09-09 23:56:52,440] [WARNING]    Could not find a layer for device $4, class pfet_03v3, terminal G, net DAC_REF
[2026-09-09 23:56:52,442] [WARNING]    Could not find a layer for device $4, class pfet_03v3, terminal B, net VDD
[2026-09-09 23:56:52,444] [WARNING]    Could not find a layer for device $5, class pfet_03v3, terminal G, net DAC_REF
[2026-09-09 23:56:52,448] [WARNING]    Could not find a layer for device $5, class pfet_03v3, terminal B, net VDD
[2026-09-09 23:56:52,451] [WARNING]    Could not find a layer for device $6, class pfet_03v3, terminal G, net DAC_REF
[2026-09-09 23:56:52,453] [WARNING]    Could not find a layer for device $6, class pfet_03v3, terminal B, net VDD
[2026-09-09 23:56:52,455] [WARNING]    Could not find a layer for device $7, class pfet_03v3, terminal G, net DAC_REF
[2026-09-09 23:56:52,457] [WARNING]    Could not find a layer for device $7, class pfet_03v3, terminal B, net VDD
[2026-09-09 23:56:52,460] [WARNING]    Could not find a layer for device $8, class pfet_03v3, terminal G, net DAC_REF
[2026-09-09 23:56:52,463] [WARNING]    Could not find a layer for device $8, class pfet_03v3, terminal B, net VDD
[2026-09-09 23:56:52,465] [WARNING]    Could not find a layer for device $9, class pfet_03v3, terminal G, net DAC_REF
[2026-09-09 23:56:52,467] [WARNING]    Could not find a layer for device $9, class pfet_03v3, terminal B, net VDD
[2026-09-09 23:56:52,469] [WARNING]    Could not find a layer for device $10, class pfet_03v3, terminal G, net DAC_REF
[2026-09-09 23:56:52,471] [WARNING]    Could not find a layer for device $10, class pfet_03v3, terminal B, net VDD
[2026-09-09 23:56:52,473] [WARNING]    Could not find a layer for device $11, class pfet_03v3, terminal G, net DAC_REF
[2026-09-09 23:56:52,476] [WARNING]    Could not find a layer for device $11, class pfet_03v3, terminal B, net VDD
[2026-09-09 23:56:52,479] [WARNING]    Could not find a layer for device $12, class pfet_03v3, terminal G, net DAC_REF
[2026-09-09 23:56:52,481] [WARNING]    Could not find a layer for device $12, class pfet_03v3, terminal B, net VDD
[2026-09-09 23:56:52,483] [WARNING]    Could not find a layer for device $13, class pfet_03v3, terminal G, net DAC_REF
[2026-09-09 23:56:52,486] [WARNING]    Could not find a layer for device $13, class pfet_03v3, terminal B, net VDD
[2026-09-09 23:56:52,488] [WARNING]    Could not find a layer for device $14, class pfet_03v3, terminal G, net DAC_REF
[2026-09-09 23:56:52,492] [WARNING]    Could not find a layer for device $14, class pfet_03v3, terminal B, net VDD
[2026-09-09 23:56:52,495] [WARNING]    Could not find a layer for device $15, class pfet_03v3, terminal G, net DAC_REF
[2026-09-09 23:56:52,498] [WARNING]    Could not find a layer for device $15, class pfet_03v3, terminal B, net VDD
[2026-09-09 23:56:52,500] [WARNING]    Could not find a layer for device $16, class pfet_03v3, terminal G, net DAC_REF
[2026-09-09 23:56:52,502] [WARNING]    Could not find a layer for device $16, class pfet_03v3, terminal B, net VDD
[2026-09-09 23:56:52,504] [WARNING]    Could not find a layer for device $17, class pfet_03v3, terminal G, net DAC_REF
[2026-09-09 23:56:52,506] [WARNING]    Could not find a layer for device $17, class pfet_03v3, terminal B, net VDD
[2026-09-09 23:56:52,509] [WARNING]    Could not find a layer for device $18, class pfet_03v3, terminal G, net DAC_REF
[2026-09-09 23:56:52,512] [WARNING]    Could not find a layer for device $18, class pfet_03v3, terminal B, net VDD
[2026-09-09 23:56:52,515] [WARNING]    Could not find a layer for device $19, class pfet_03v3, terminal G, net DAC_REF
[2026-09-09 23:56:52,517] [WARNING]    Could not find a layer for device $19, class pfet_03v3, terminal B, net VDD
[2026-09-09 23:56:52,518] [WARNING]    Could not find a layer for device $20, class pfet_03v3, terminal G, net DAC_REF
[2026-09-09 23:56:52,520] [WARNING]    Could not find a layer for device $20, class pfet_03v3, terminal B, net VDD
[2026-09-09 23:56:52,523] [WARNING]    Could not find a layer for device $21, class pfet_03v3, terminal G, net DAC_REF
[2026-09-09 23:56:52,527] [WARNING]    Could not find a layer for device $21, class pfet_03v3, terminal B, net VDD
[2026-09-09 23:56:52,529] [WARNING]    Could not find a layer for device $22, class pfet_03v3, terminal G, net DAC_REF
[2026-09-09 23:56:52,532] [WARNING]    Could not find a layer for device $22, class pfet_03v3, terminal B, net VDD
[2026-09-09 23:56:52,534] [WARNING]    Could not find a layer for device $23, class pfet_03v3, terminal G, net DAC_REF
[2026-09-09 23:56:52,536] [WARNING]    Could not find a layer for device $23, class pfet_03v3, terminal B, net VDD
[2026-09-09 23:56:52,538] [WARNING]    Could not find a layer for device $24, class pfet_03v3, terminal G, net DAC_REF
[2026-09-09 23:56:52,540] [WARNING]    Could not find a layer for device $24, class pfet_03v3, terminal B, net VDD
[2026-09-09 23:56:52,543] [WARNING]    Could not find a layer for device $25, class pfet_03v3, terminal G, net DAC_REF
[2026-09-09 23:56:52,546] [WARNING]    Could not find a layer for device $25, class pfet_03v3, terminal B, net VDD
[2026-09-09 23:56:52,547] [WARNING]    Could not find a layer for device $26, class pfet_03v3, terminal G, net DAC_REF
[2026-09-09 23:56:52,550] [WARNING]    Could not find a layer for device $26, class pfet_03v3, terminal B, net VDD
[2026-09-09 23:56:52,552] [WARNING]    Could not find a layer for device $27, class pfet_03v3, terminal G, net DAC_REF
[2026-09-09 23:56:52,554] [WARNING]    Could not find a layer for device $27, class pfet_03v3, terminal B, net VDD
[2026-09-09 23:56:52,556] [WARNING]    Could not find a layer for device $28, class pfet_03v3, terminal G, net DAC_REF
[2026-09-09 23:56:52,559] [WARNING]    Could not find a layer for device $28, class pfet_03v3, terminal B, net VDD
[2026-09-09 23:56:52,561] [WARNING]    Could not find a layer for device $29, class pfet_03v3, terminal G, net DAC_REF
[2026-09-09 23:56:52,564] [WARNING]    Could not find a layer for device $29, class pfet_03v3, terminal B, net VDD
[2026-09-09 23:56:52,566] [WARNING]    Could not find a layer for device $30, class pfet_03v3, terminal G, net DAC_REF
[2026-09-09 23:56:52,568] [WARNING]    Could not find a layer for device $30, class pfet_03v3, terminal B, net VDD
[2026-09-09 23:56:52,570] [WARNING]    Could not find a layer for device $31, class pfet_03v3, terminal G, net DAC_REF
[2026-09-09 23:56:52,572] [WARNING]    Could not find a layer for device $31, class pfet_03v3, terminal B, net VDD
[2026-09-09 23:56:52,575] [WARNING]    Could not find a layer for device $32, class pfet_03v3, terminal G, net DAC_REF
[2026-09-09 23:56:52,577] [WARNING]    Could not find a layer for device $32, class pfet_03v3, terminal B, net VDD
[2026-09-09 23:56:52,580] [WARNING]    Could not find a layer for device $33, class pfet_03v3, terminal G, net DAC_REF
[2026-09-09 23:56:52,582] [WARNING]    Could not find a layer for device $33, class pfet_03v3, terminal B, net VDD
[2026-09-09 23:56:52,584] [WARNING]    Could not find a layer for device $34, class pfet_03v3, terminal G, net DAC_REF
[2026-09-09 23:56:52,586] [WARNING]    Could not find a layer for device $34, class pfet_03v3, terminal B, net VDD
[2026-09-09 23:56:52,588] [WARNING]    Could not find a layer for device $35, class pfet_03v3, terminal G, net DAC_REF
[2026-09-09 23:56:52,591] [WARNING]    Could not find a layer for device $35, class pfet_03v3, terminal B, net VDD
[2026-09-09 23:56:52,594] [WARNING]    Could not find a layer for device $36, class pfet_03v3, terminal G, net DAC_REF
[2026-09-09 23:56:52,596] [WARNING]    Could not find a layer for device $36, class pfet_03v3, terminal B, net VDD
[2026-09-09 23:56:52,598] [WARNING]    Could not find a layer for device $37, class pfet_03v3, terminal G, net DAC_REF
[2026-09-09 23:56:52,600] [WARNING]    Could not find a layer for device $37, class pfet_03v3, terminal B, net VDD
[2026-09-09 23:56:52,602] [WARNING]    Could not find a layer for device $38, class pfet_03v3, terminal G, net DAC_REF
[2026-09-09 23:56:52,604] [WARNING]    Could not find a layer for device $38, class pfet_03v3, terminal B, net VDD
[2026-09-09 23:56:52,606] [WARNING]    Could not find a layer for device $39, class pfet_03v3, terminal G, net DAC_REF
[2026-09-09 23:56:52,610] [WARNING]    Could not find a layer for device $39, class pfet_03v3, terminal B, net VDD
[2026-09-09 23:56:52,612] [WARNING]    Could not find a layer for device $40, class pfet_03v3, terminal G, net DAC_REF
[2026-09-09 23:56:52,615] [WARNING]    Could not find a layer for device $40, class pfet_03v3, terminal B, net VDD
[2026-09-09 23:56:52,616] [WARNING]    Could not find a layer for device $41, class pfet_03v3, terminal G, net DAC_REF
[2026-09-09 23:56:52,618] [WARNING]    Could not find a layer for device $41, class pfet_03v3, terminal B, net VDD
[2026-09-09 23:56:52,620] [WARNING]    Could not find a layer for device $42, class pfet_03v3, terminal G, net DAC_REF
[2026-09-09 23:56:52,623] [WARNING]    Could not find a layer for device $42, class pfet_03v3, terminal B, net VDD
[2026-09-09 23:56:52,626] [WARNING]    Could not find a layer for device $43, class pfet_03v3, terminal G, net DAC_REF
[2026-09-09 23:56:52,628] [WARNING]    Could not find a layer for device $43, class pfet_03v3, terminal B, net VDD
[2026-09-09 23:56:52,630] [WARNING]    Could not find a layer for device $44, class pfet_03v3, terminal G, net DAC_REF
[2026-09-09 23:56:52,633] [WARNING]    Could not find a layer for device $44, class pfet_03v3, terminal B, net VDD
[2026-09-09 23:56:52,634] [WARNING]    Could not find a layer for device $45, class pfet_03v3, terminal G, net DAC_REF
[2026-09-09 23:56:52,636] [WARNING]    Could not find a layer for device $45, class pfet_03v3, terminal B, net VDD
[2026-09-09 23:56:52,638] [WARNING]    Could not find a layer for device $46, class pfet_03v3, terminal G, net DAC_REF
[2026-09-09 23:56:52,641] [WARNING]    Could not find a layer for device $46, class pfet_03v3, terminal B, net VDD
[2026-09-09 23:56:52,644] [WARNING]    Could not find a layer for device $47, class pfet_03v3, terminal G, net DAC_REF
[2026-09-09 23:56:52,646] [WARNING]    Could not find a layer for device $47, class pfet_03v3, terminal B, net VDD
[2026-09-09 23:56:52,648] [WARNING]    Could not find a layer for device $48, class pfet_03v3, terminal G, net DAC_REF
[2026-09-09 23:56:52,650] [WARNING]    Could not find a layer for device $48, class pfet_03v3, terminal B, net VDD
[2026-09-09 23:56:52,652] [WARNING]    Could not find a layer for device $49, class pfet_03v3, terminal G, net DAC_REF
[2026-09-09 23:56:52,655] [WARNING]    Could not find a layer for device $49, class pfet_03v3, terminal B, net VDD
[2026-09-09 23:56:52,657] [WARNING]    Could not find a layer for device $50, class pfet_03v3, terminal G, net DAC_REF
[2026-09-09 23:56:52,660] [WARNING]    Could not find a layer for device $50, class pfet_03v3, terminal B, net VDD
[2026-09-09 23:56:52,663] [WARNING]    Could not find a layer for device $51, class pfet_03v3, terminal G, net DAC_REF
[2026-09-09 23:56:52,665] [WARNING]    Could not find a layer for device $51, class pfet_03v3, terminal B, net VDD
[2026-09-09 23:56:52,667] [WARNING]    Could not find a layer for device $52, class pfet_03v3, terminal G, net DAC_REF
[2026-09-09 23:56:52,669] [WARNING]    Could not find a layer for device $52, class pfet_03v3, terminal B, net VDD
[2026-09-09 23:56:52,671] [WARNING]    Could not find a layer for device $53, class pfet_03v3, terminal G, net DAC_REF
[2026-09-09 23:56:52,673] [WARNING]    Could not find a layer for device $53, class pfet_03v3, terminal B, net VDD
[2026-09-09 23:56:52,676] [WARNING]    Could not find a layer for device $54, class pfet_03v3, terminal G, net DAC_REF
[2026-09-09 23:56:52,678] [WARNING]    Could not find a layer for device $54, class pfet_03v3, terminal B, net VDD
[2026-09-09 23:56:52,681] [WARNING]    Could not find a layer for device $55, class pfet_03v3, terminal G, net DAC_REF
[2026-09-09 23:56:52,683] [WARNING]    Could not find a layer for device $55, class pfet_03v3, terminal B, net VDD
[2026-09-09 23:56:52,685] [WARNING]    Could not find a layer for device $56, class pfet_03v3, terminal G, net DAC_REF
[2026-09-09 23:56:52,687] [WARNING]    Could not find a layer for device $56, class pfet_03v3, terminal B, net VDD
[2026-09-09 23:56:52,690] [WARNING]    Could not find a layer for device $57, class pfet_03v3, terminal G, net DAC_REF
[2026-09-09 23:56:52,693] [WARNING]    Could not find a layer for device $57, class pfet_03v3, terminal B, net VDD
[2026-09-09 23:56:52,696] [WARNING]    Could not find a layer for device $58, class pfet_03v3, terminal G, net DAC_REF
[2026-09-09 23:56:52,698] [WARNING]    Could not find a layer for device $58, class pfet_03v3, terminal B, net VDD
[2026-09-09 23:56:52,700] [WARNING]    Could not find a layer for device $59, class pfet_03v3, terminal G, net DAC_REF
[2026-09-09 23:56:52,702] [WARNING]    Could not find a layer for device $59, class pfet_03v3, terminal B, net VDD
[2026-09-09 23:56:52,705] [WARNING]    Could not find a layer for device $60, class pfet_03v3, terminal G, net DAC_REF
[2026-09-09 23:56:52,708] [WARNING]    Could not find a layer for device $60, class pfet_03v3, terminal B, net VDD
[2026-09-09 23:56:52,710] [WARNING]    Could not find a layer for device $61, class pfet_03v3, terminal G, net DAC_REF
[2026-09-09 23:56:52,713] [WARNING]    Could not find a layer for device $61, class pfet_03v3, terminal B, net VDD
[2026-09-09 23:56:52,715] [WARNING]    Could not find a layer for device $62, class pfet_03v3, terminal G, net DAC_REF
[2026-09-09 23:56:52,717] [WARNING]    Could not find a layer for device $62, class pfet_03v3, terminal B, net VDD
[2026-09-09 23:56:52,719] [WARNING]    Could not find a layer for device $63, class pfet_03v3, terminal G, net DAC_REF
[2026-09-09 23:56:52,721] [WARNING]    Could not find a layer for device $63, class pfet_03v3, terminal B, net VDD
[2026-09-09 23:56:52,723] [WARNING]    Could not find a layer for device $64, class pfet_03v3, terminal G, net b[4]
[2026-09-09 23:56:52,725] [WARNING]    Could not find a layer for device $64, class pfet_03v3, terminal B, net VDD
[2026-09-09 23:56:52,728] [WARNING]    Could not find a layer for device $65, class pfet_03v3, terminal G, net b[4]
[2026-09-09 23:56:52,731] [WARNING]    Could not find a layer for device $65, class pfet_03v3, terminal B, net VDD
[2026-09-09 23:56:52,732] [WARNING]    Could not find a layer for device $66, class pfet_03v3, terminal G, net b[4]
[2026-09-09 23:56:52,734] [WARNING]    Could not find a layer for device $66, class pfet_03v3, terminal B, net VDD
[2026-09-09 23:56:52,736] [WARNING]    Could not find a layer for device $67, class pfet_03v3, terminal G, net b[4]
[2026-09-09 23:56:52,738] [WARNING]    Could not find a layer for device $67, class pfet_03v3, terminal B, net VDD
[2026-09-09 23:56:52,739] [WARNING]    Could not find a layer for device $68, class pfet_03v3, terminal G, net b[3]
[2026-09-09 23:56:52,742] [WARNING]    Could not find a layer for device $68, class pfet_03v3, terminal B, net VDD
[2026-09-09 23:56:52,744] [WARNING]    Could not find a layer for device $69, class pfet_03v3, terminal G, net b[3]
[2026-09-09 23:56:52,746] [WARNING]    Could not find a layer for device $69, class pfet_03v3, terminal B, net VDD
[2026-09-09 23:56:52,748] [WARNING]    Could not find a layer for device $70, class pfet_03v3, terminal G, net b[2]
[2026-09-09 23:56:52,750] [WARNING]    Could not find a layer for device $70, class pfet_03v3, terminal B, net VDD
[2026-09-09 23:56:52,751] [WARNING]    Could not find a layer for device $71, class pfet_03v3, terminal G, net b[1]
[2026-09-09 23:56:52,753] [WARNING]    Could not find a layer for device $71, class pfet_03v3, terminal B, net VDD
[2026-09-09 23:56:52,755] [WARNING]    Could not find a layer for device $72, class pfet_03v3, terminal G, net b[4]
[2026-09-09 23:56:52,757] [WARNING]    Could not find a layer for device $72, class pfet_03v3, terminal B, net VDD
[2026-09-09 23:56:52,759] [WARNING]    Could not find a layer for device $73, class pfet_03v3, terminal G, net b[4]
[2026-09-09 23:56:52,762] [WARNING]    Could not find a layer for device $73, class pfet_03v3, terminal B, net VDD
[2026-09-09 23:56:52,764] [WARNING]    Could not find a layer for device $74, class pfet_03v3, terminal G, net b[4]
[2026-09-09 23:56:52,766] [WARNING]    Could not find a layer for device $74, class pfet_03v3, terminal B, net VDD
[2026-09-09 23:56:52,768] [WARNING]    Could not find a layer for device $75, class pfet_03v3, terminal G, net b[4]
[2026-09-09 23:56:52,770] [WARNING]    Could not find a layer for device $75, class pfet_03v3, terminal B, net VDD
[2026-09-09 23:56:52,772] [WARNING]    Could not find a layer for device $76, class pfet_03v3, terminal G, net b[3]
[2026-09-09 23:56:52,774] [WARNING]    Could not find a layer for device $76, class pfet_03v3, terminal B, net VDD
[2026-09-09 23:56:52,776] [WARNING]    Could not find a layer for device $77, class pfet_03v3, terminal G, net b[3]
[2026-09-09 23:56:52,779] [WARNING]    Could not find a layer for device $77, class pfet_03v3, terminal B, net VDD
[2026-09-09 23:56:52,781] [WARNING]    Could not find a layer for device $78, class pfet_03v3, terminal G, net b[2]
[2026-09-09 23:56:52,783] [WARNING]    Could not find a layer for device $78, class pfet_03v3, terminal B, net VDD
[2026-09-09 23:56:52,784] [WARNING]    Could not find a layer for device $79, class pfet_03v3, terminal G, net b[4]
[2026-09-09 23:56:52,786] [WARNING]    Could not find a layer for device $79, class pfet_03v3, terminal B, net VDD
[2026-09-09 23:56:52,788] [WARNING]    Could not find a layer for device $80, class pfet_03v3, terminal G, net b[4]
[2026-09-09 23:56:52,790] [WARNING]    Could not find a layer for device $80, class pfet_03v3, terminal B, net VDD
[2026-09-09 23:56:52,793] [WARNING]    Could not find a layer for device $81, class pfet_03v3, terminal G, net b[4]
[2026-09-09 23:56:52,796] [WARNING]    Could not find a layer for device $81, class pfet_03v3, terminal B, net VDD
[2026-09-09 23:56:52,798] [WARNING]    Could not find a layer for device $82, class pfet_03v3, terminal G, net b[4]
[2026-09-09 23:56:52,799] [WARNING]    Could not find a layer for device $82, class pfet_03v3, terminal B, net VDD
[2026-09-09 23:56:52,801] [WARNING]    Could not find a layer for device $83, class pfet_03v3, terminal G, net b[3]
[2026-09-09 23:56:52,803] [WARNING]    Could not find a layer for device $83, class pfet_03v3, terminal B, net VDD
[2026-09-09 23:56:52,804] [WARNING]    Could not find a layer for device $84, class pfet_03v3, terminal G, net b[3]
[2026-09-09 23:56:52,807] [WARNING]    Could not find a layer for device $84, class pfet_03v3, terminal B, net VDD
[2026-09-09 23:56:52,810] [WARNING]    Could not find a layer for device $85, class pfet_03v3, terminal G, net b[2]
[2026-09-09 23:56:52,812] [WARNING]    Could not find a layer for device $85, class pfet_03v3, terminal B, net VDD
[2026-09-09 23:56:52,814] [WARNING]    Could not find a layer for device $86, class pfet_03v3, terminal G, net b[0]
[2026-09-09 23:56:52,816] [WARNING]    Could not find a layer for device $86, class pfet_03v3, terminal B, net VDD
[2026-09-09 23:56:52,817] [WARNING]    Could not find a layer for device $87, class pfet_03v3, terminal G, net b[4]
[2026-09-09 23:56:52,819] [WARNING]    Could not find a layer for device $87, class pfet_03v3, terminal B, net VDD
[2026-09-09 23:56:52,820] [WARNING]    Could not find a layer for device $88, class pfet_03v3, terminal G, net b[4]
[2026-09-09 23:56:52,823] [WARNING]    Could not find a layer for device $88, class pfet_03v3, terminal B, net VDD
[2026-09-09 23:56:52,826] [WARNING]    Could not find a layer for device $89, class pfet_03v3, terminal G, net b[4]
[2026-09-09 23:56:52,829] [WARNING]    Could not find a layer for device $89, class pfet_03v3, terminal B, net VDD
[2026-09-09 23:56:52,830] [WARNING]    Could not find a layer for device $90, class pfet_03v3, terminal G, net b[4]
[2026-09-09 23:56:52,832] [WARNING]    Could not find a layer for device $90, class pfet_03v3, terminal B, net VDD
[2026-09-09 23:56:52,834] [WARNING]    Could not find a layer for device $91, class pfet_03v3, terminal G, net b[3]
[2026-09-09 23:56:52,835] [WARNING]    Could not find a layer for device $91, class pfet_03v3, terminal B, net VDD
[2026-09-09 23:56:52,837] [WARNING]    Could not find a layer for device $92, class pfet_03v3, terminal G, net b[3]
[2026-09-09 23:56:52,839] [WARNING]    Could not find a layer for device $92, class pfet_03v3, terminal B, net VDD
[2026-09-09 23:56:52,841] [WARNING]    Could not find a layer for device $93, class pfet_03v3, terminal G, net b[2]
[2026-09-09 23:56:52,844] [WARNING]    Could not find a layer for device $93, class pfet_03v3, terminal B, net VDD
[2026-09-09 23:56:52,847] [WARNING]    Could not find a layer for device $94, class pfet_03v3, terminal G, net b[1]
[2026-09-09 23:56:52,850] [WARNING]    Could not find a layer for device $94, class pfet_03v3, terminal B, net VDD
[2026-09-09 23:56:52,851] [WARNING]    Could not find a layer for device $95, class pfet_03v3, terminal G, net b[1]
[2026-09-09 23:56:52,853] [WARNING]    Could not find a layer for device $95, class pfet_03v3, terminal B, net VDD
[2026-09-09 23:56:53,558] [SUBPROCESS]    Device;Net1;Net2;Capacitance [fF];Resistance [Ω]
[2026-09-09 23:56:53,558] [SUBPROCESS]    C1;$10;$13;1.691;
[2026-09-09 23:56:53,559] [SUBPROCESS]    C2;$10;$14;0.264;
[2026-09-09 23:56:53,559] [SUBPROCESS]    C3;$10;$27;3.312;
[2026-09-09 23:56:53,560] [SUBPROCESS]    C4;$10;$7;0.721;
[2026-09-09 23:56:53,560] [SUBPROCESS]    C5;$10;b[0];0.003;
[2026-09-09 23:56:53,561] [SUBPROCESS]    C6;$10;b[2];0.439;
[2026-09-09 23:56:53,562] [SUBPROCESS]    C7;$10;b[3];2.105;
[2026-09-09 23:56:53,562] [SUBPROCESS]    C8;$10;b[4];0.012;
[2026-09-09 23:56:53,563] [SUBPROCESS]    C9;$10;DAC_REF;0.013;
[2026-09-09 23:56:53,564] [SUBPROCESS]    C10;$10;I_DAC;0.807;
[2026-09-09 23:56:53,564] [SUBPROCESS]    C11;$10;VDD;7.027;
[2026-09-09 23:56:53,564] [SUBPROCESS]    C12;$10;VSUBS;7.312;
[2026-09-09 23:56:53,565] [SUBPROCESS]    C13;$13;$14;3.407;
[2026-09-09 23:56:53,565] [SUBPROCESS]    C14;$13;$27;0.489;
[2026-09-09 23:56:53,566] [SUBPROCESS]    C15;$13;$7;0.137;
[2026-09-09 23:56:53,566] [SUBPROCESS]    C16;$13;b[0];0.117;
[2026-09-09 23:56:53,566] [SUBPROCESS]    C17;$13;b[1];0.326;
[2026-09-09 23:56:53,567] [SUBPROCESS]    C18;$13;b[2];0.525;
[2026-09-09 23:56:53,567] [SUBPROCESS]    C19;$13;I_DAC;0.361;
[2026-09-09 23:56:53,568] [SUBPROCESS]    C20;$13;VDD;3.82;
[2026-09-09 23:56:53,568] [SUBPROCESS]    C21;$13;VSUBS;3.239;
[2026-09-09 23:56:53,568] [SUBPROCESS]    C22;$14;$27;0.376;
[2026-09-09 23:56:53,569] [SUBPROCESS]    C23;$14;$7;1.374;
[2026-09-09 23:56:53,569] [SUBPROCESS]    C24;$14;b[0];0.151;
[2026-09-09 23:56:53,570] [SUBPROCESS]    C25;$14;b[1];0.133;
[2026-09-09 23:56:53,570] [SUBPROCESS]    C26;$14;I_DAC;0.348;
[2026-09-09 23:56:53,570] [SUBPROCESS]    C27;$14;VDD;2.278;
[2026-09-09 23:56:53,571] [SUBPROCESS]    C28;$14;VSUBS;1.94;
[2026-09-09 23:56:53,571] [SUBPROCESS]    C29;$27;$7;0.426;
[2026-09-09 23:56:53,572] [SUBPROCESS]    C30;$27;b[3];0.073;
[2026-09-09 23:56:53,573] [SUBPROCESS]    C31;$27;b[4];3.887;
[2026-09-09 23:56:53,573] [SUBPROCESS]    C32;$27;DAC_REF;0.062;
[2026-09-09 23:56:53,573] [SUBPROCESS]    C33;$27;I_DAC;1.326;
[2026-09-09 23:56:53,574] [SUBPROCESS]    C34;$27;VDD;10.241;
[2026-09-09 23:56:53,574] [SUBPROCESS]    C35;$27;VSUBS;9.939;
[2026-09-09 23:56:53,575] [SUBPROCESS]    C36;$7;b[0];0.318;
[2026-09-09 23:56:53,575] [SUBPROCESS]    C37;$7;I_DAC;0.066;
[2026-09-09 23:56:53,575] [SUBPROCESS]    C38;$7;VDD;1.541;
[2026-09-09 23:56:53,576] [SUBPROCESS]    C39;$7;VSUBS;1.96;
[2026-09-09 23:56:53,577] [SUBPROCESS]    C40;b[0];b[1];0.05;
[2026-09-09 23:56:53,578] [SUBPROCESS]    C41;b[0];b[2];0.016;
[2026-09-09 23:56:53,578] [SUBPROCESS]    C42;b[1];b[2];0.062;
[2026-09-09 23:56:53,579] [SUBPROCESS]    C43;b[1];b[3];0.0;
[2026-09-09 23:56:53,580] [SUBPROCESS]    C44;b[2];b[3];0.079;
[2026-09-09 23:56:53,580] [SUBPROCESS]    C45;b[3];b[4];0.252;
[2026-09-09 23:56:53,581] [SUBPROCESS]    C46;DAC_REF;VDD;1.307;
[2026-09-09 23:56:53,581] [SUBPROCESS]    C47;DAC_REF;VSUBS;0.553;
[2026-09-09 23:56:53,582] [SUBPROCESS]    C48;I_DAC;b[0];1.152;
[2026-09-09 23:56:53,582] [SUBPROCESS]    C49;I_DAC;b[1];0.66;
[2026-09-09 23:56:53,582] [SUBPROCESS]    C50;I_DAC;b[2];0.794;
[2026-09-09 23:56:53,583] [SUBPROCESS]    C51;I_DAC;b[3];1.625;
[2026-09-09 23:56:53,584] [SUBPROCESS]    C52;I_DAC;b[4];3.571;
[2026-09-09 23:56:53,584] [SUBPROCESS]    C53;I_DAC;VDD;1.185;
[2026-09-09 23:56:53,585] [SUBPROCESS]    C54;I_DAC;VSUBS;3.644;
[2026-09-09 23:56:53,585] [SUBPROCESS]    C55;VDD;b[0];2.273;
[2026-09-09 23:56:53,585] [SUBPROCESS]    C56;VDD;b[1];0.11;
[2026-09-09 23:56:53,586] [SUBPROCESS]    C57;VDD;b[2];0.137;
[2026-09-09 23:56:53,586] [SUBPROCESS]    C58;VDD;b[3];0.228;
[2026-09-09 23:56:53,587] [SUBPROCESS]    C59;VDD;b[4];0.779;
[2026-09-09 23:56:53,587] [SUBPROCESS]    C60;VDD;VSUBS;49.476;
[2026-09-09 23:56:53,588] [SUBPROCESS]    C61;VSUBS;b[0];0.693;
[2026-09-09 23:56:53,588] [SUBPROCESS]    C62;VSUBS;b[1];0.412;
[2026-09-09 23:56:53,589] [SUBPROCESS]    C63;VSUBS;b[2];0.45;
[2026-09-09 23:56:53,590] [SUBPROCESS]    C64;VSUBS;b[3];0.952;
[2026-09-09 23:56:53,590] [SUBPROCESS]    C65;VSUBS;b[4];2.063;
[2026-09-09 23:56:53,591] [SUBPROCESS]    /foss/designs/DAC_CORE_5bit/output/DAC_CORE_5bit__DAC_CORE_5bit/DAC_CORE_5bit_k25d_pex_netlist.csv
[2026-09-09 23:56:53,598] [SUBPROCESS]    Wrote expanded netlist to: /foss/designs/DAC_CORE_5bit/output/DAC_CORE_5bit__DAC_CORE_5bit/DAC_CORE_5bit_k25d_pex_netlist.spice
[2026-09-09 23:56:53,601] [INFO]    Copied expanded SPICE netlist to: DAC_CORE_5bit.pex.spice
