[2026-09-09 23:15:37,490] [INFO]    GDS input file passed, running in LVS mode
[2026-09-09 23:15:37,492] [INFO]    Found cell DAC_CORE_5bit in GDS DAC_CORE_5bit.klay.gds (only top cell)
[2026-09-09 23:15:37,493] [INFO]    LVS input schematic not specified (argument --schematic), using dummy schematic
[2026-09-09 23:15:37,498] [INFO]    Cache miss: extracted LVSDB is older than the input GDS
[2026-09-09 23:15:37,499] [SUBPROCESS]    output/.kpex_cache/gf180mcuD/foss/designs/DAC_CORE_5bit/DAC_CORE_5bit.klay.gds/DAC_CORE_5bit.lvsdb.gz
[2026-09-09 23:15:37,500] [SUBPROCESS]    klayout -b -r /usr/local/lib/python3.12/dist-packages/klayout_pex/pdk/gf180mcuD/libs.tech/kpex/gf180mcu.lvs -rd input=/foss/designs/DAC_CORE_5bit/DAC_CORE_5bit.klay.gds -rd report=/foss/designs/DAC_CORE_5bit/output/DAC_CORE_5bit__DAC_CORE_5bit/DAC_CORE_5bit.lvsdb.gz -rd schematic=/foss/designs/DAC_CORE_5bit/output/DAC_CORE_5bit__DAC_CORE_5bit/DAC_CORE_5bit_dummy_schematic.spice -rd thr=22 -rd run_mode=deep -rd spice_net_names=true -rd spice_comments=false -rd scale=false -rd verbose=false -rd schematic_simplify=false -rd net_only=false -rd top_lvl_pins=true -rd combine=false -rd combine_devices=false -rd purge=false -rd purge_nets=false -rd no_simplify=true
[2026-09-09 23:15:37,501] [SUBPROCESS]    output/DAC_CORE_5bit__DAC_CORE_5bit/DAC_CORE_5bit_lvs.log
[2026-09-09 23:15:39,617] [SUBPROCESS]    2026-09-09 23:15:39 +0200: Memory Usage (674568K) : Starting running GF180MCU Klayout LVS runset on /foss/designs/DAC_CORE_5bit/DAC_CORE_5bit.klay.gds
[2026-09-09 23:15:39,625] [SUBPROCESS]    2026-09-09 23:15:39 +0200: Memory Usage (674568K) : Ruby Version for klayout: 3.2.3
[2026-09-09 23:15:39,634] [SUBPROCESS]    2026-09-09 23:15:39 +0200: Memory Usage (674568K) : Loading database to memory is complete.
[2026-09-09 23:15:39,643] [SUBPROCESS]    2026-09-09 23:15:39 +0200: Memory Usage (674568K) : GF180MCU Klayout LVS runset output at: /foss/designs/DAC_CORE_5bit/output/DAC_CORE_5bit__DAC_CORE_5bit/DAC_CORE_5bit.lvsdb.gz
[2026-09-09 23:15:39,647] [SUBPROCESS]    2026-09-09 23:15:39 +0200: Memory Usage (674568K) : Evaluate switches.
[2026-09-09 23:15:39,663] [SUBPROCESS]    2026-09-09 23:15:39 +0200: Memory Usage (674568K) : Substrate name used: 
[2026-09-09 23:15:39,670] [SUBPROCESS]    2026-09-09 23:15:39 +0200: Memory Usage (674568K) : Extracted netlist with net names: true
[2026-09-09 23:15:39,677] [SUBPROCESS]    2026-09-09 23:15:39 +0200: Memory Usage (674568K) : Extracted netlist with comments in details: false
[2026-09-09 23:15:39,683] [SUBPROCESS]    2026-09-09 23:15:39 +0200: Memory Usage (674568K) : GF180MCU Klayout LVS extracted netlist file at: DAC_CORE_5bit_extracted.cir
[2026-09-09 23:15:39,691] [SUBPROCESS]    2026-09-09 23:15:39 +0200: Memory Usage (674568K) : LVS device_scaling option: false
[2026-09-09 23:15:39,699] [SUBPROCESS]    2026-09-09 23:15:39 +0200: Memory Usage (674568K) : Selected SCH_SIMPLE option: false
[2026-09-09 23:15:39,705] [SUBPROCESS]    2026-09-09 23:15:39 +0200: Memory Usage (674568K) : Selected NET_ONLY option: false
[2026-09-09 23:15:39,712] [SUBPROCESS]    2026-09-09 23:15:39 +0200: Memory Usage (674568K) : Selected TOP_LVL_PINS option: true
[2026-09-09 23:15:39,718] [SUBPROCESS]    2026-09-09 23:15:39 +0200: Memory Usage (674568K) : Selected COMBINE option: false
[2026-09-09 23:15:39,729] [SUBPROCESS]    2026-09-09 23:15:39 +0200: Memory Usage (674568K) : Selected PURGE option: false
[2026-09-09 23:15:39,742] [SUBPROCESS]    2026-09-09 23:15:39 +0200: Memory Usage (674568K) : Selected PURGE_NETS option: false
[2026-09-09 23:15:39,749] [SUBPROCESS]    2026-09-09 23:15:39 +0200: Memory Usage (674568K) : Selected SIMPLIFY option: false
[2026-09-09 23:15:39,754] [SUBPROCESS]    2026-09-09 23:15:39 +0200: Memory Usage (674568K) : Verbose mode: false
[2026-09-09 23:15:39,763] [SUBPROCESS]    2026-09-09 23:15:39 +0200: Memory Usage (674568K) : deep  mode is enabled.
[2026-09-09 23:15:39,770] [SUBPROCESS]    2026-09-09 23:15:39 +0200: Memory Usage (674568K) : METAL_TOP Selected is 9K
[2026-09-09 23:15:39,779] [SUBPROCESS]    2026-09-09 23:15:39 +0200: Memory Usage (674568K) : METAL_STACK Selected is 6LM
[2026-09-09 23:15:39,784] [SUBPROCESS]    2026-09-09 23:15:39 +0200: Memory Usage (674568K) : POLY_RES Selected is 1k
[2026-09-09 23:15:39,791] [SUBPROCESS]    2026-09-09 23:15:39 +0200: Memory Usage (674568K) : MIM Option selected: B
[2026-09-09 23:15:39,798] [SUBPROCESS]    2026-09-09 23:15:39 +0200: Memory Usage (674568K) : MIM CAP selected: 2
[2026-09-09 23:15:39,804] [SUBPROCESS]    2026-09-09 23:15:39 +0200: Memory Usage (674568K) : Netlist file: /foss/designs/DAC_CORE_5bit/output/DAC_CORE_5bit__DAC_CORE_5bit/DAC_CORE_5bit_dummy_schematic.spice
[2026-09-09 23:15:39,813] [SUBPROCESS]    2026-09-09 23:15:39 +0200: Memory Usage (674568K) : Read in polygons from layers.
[2026-09-09 23:15:39,822] [SUBPROCESS]    2026-09-09 23:15:39 +0200: Memory Usage (674568K) : comp has 649 polygons
[2026-09-09 23:15:39,830] [SUBPROCESS]    2026-09-09 23:15:39 +0200: Memory Usage (674568K) : dnwell has 0 polygons
[2026-09-09 23:15:39,837] [SUBPROCESS]    2026-09-09 23:15:39 +0200: Memory Usage (674568K) : nwell has 651 polygons
[2026-09-09 23:15:39,845] [SUBPROCESS]    2026-09-09 23:15:39 +0200: Memory Usage (674568K) : lvpwell has 0 polygons
[2026-09-09 23:15:39,852] [SUBPROCESS]    2026-09-09 23:15:39 +0200: Memory Usage (674568K) : dualgate has 0 polygons
[2026-09-09 23:15:39,861] [SUBPROCESS]    2026-09-09 23:15:39 +0200: Memory Usage (674568K) : poly2 has 231 polygons
[2026-09-09 23:15:39,868] [SUBPROCESS]    2026-09-09 23:15:39 +0200: Memory Usage (674568K) : nplus has 554 polygons
[2026-09-09 23:15:39,877] [SUBPROCESS]    2026-09-09 23:15:39 +0200: Memory Usage (674568K) : pplus has 95 polygons
[2026-09-09 23:15:39,884] [SUBPROCESS]    2026-09-09 23:15:39 +0200: Memory Usage (674568K) : sab has 0 polygons
[2026-09-09 23:15:39,894] [SUBPROCESS]    2026-09-09 23:15:39 +0200: Memory Usage (674568K) : esd has 0 polygons
[2026-09-09 23:15:39,901] [SUBPROCESS]    2026-09-09 23:15:39 +0200: Memory Usage (674568K) : resistor has 0 polygons
[2026-09-09 23:15:39,909] [SUBPROCESS]    2026-09-09 23:15:39 +0200: Memory Usage (674568K) : fhres has 0 polygons
[2026-09-09 23:15:39,916] [SUBPROCESS]    2026-09-09 23:15:39 +0200: Memory Usage (674568K) : fusetop has 0 polygons
[2026-09-09 23:15:39,923] [SUBPROCESS]    2026-09-09 23:15:39 +0200: Memory Usage (674568K) : fusewindow_d has 0 polygons
[2026-09-09 23:15:39,932] [SUBPROCESS]    2026-09-09 23:15:39 +0200: Memory Usage (674568K) : polyfuse has 0 polygons
[2026-09-09 23:15:39,940] [SUBPROCESS]    2026-09-09 23:15:39 +0200: Memory Usage (674568K) : mvsd has 0 polygons
[2026-09-09 23:15:39,947] [SUBPROCESS]    2026-09-09 23:15:39 +0200: Memory Usage (675088K) : mvpsd has 0 polygons
[2026-09-09 23:15:39,954] [SUBPROCESS]    2026-09-09 23:15:39 +0200: Memory Usage (675088K) : nat has 0 polygons
[2026-09-09 23:15:39,963] [SUBPROCESS]    2026-09-09 23:15:39 +0200: Memory Usage (675088K) : comp_dummy has 0 polygons
[2026-09-09 23:15:39,970] [SUBPROCESS]    2026-09-09 23:15:39 +0200: Memory Usage (675088K) : poly2_dummy has 0 polygons
[2026-09-09 23:15:39,979] [SUBPROCESS]    2026-09-09 23:15:39 +0200: Memory Usage (675088K) : schottky_diode has 0 polygons
[2026-09-09 23:15:39,986] [SUBPROCESS]    2026-09-09 23:15:39 +0200: Memory Usage (675088K) : zener has 0 polygons
[2026-09-09 23:15:39,994] [SUBPROCESS]    2026-09-09 23:15:39 +0200: Memory Usage (675088K) : res_mk has 0 polygons
[2026-09-09 23:15:40,001] [SUBPROCESS]    2026-09-09 23:15:39 +0200: Memory Usage (675088K) : opc_drc has 0 polygons
[2026-09-09 23:15:40,009] [SUBPROCESS]    2026-09-09 23:15:40 +0200: Memory Usage (675088K) : ndmy has 0 polygons
[2026-09-09 23:15:40,018] [SUBPROCESS]    2026-09-09 23:15:40 +0200: Memory Usage (675088K) : pmndmy has 0 polygons
[2026-09-09 23:15:40,025] [SUBPROCESS]    2026-09-09 23:15:40 +0200: Memory Usage (675500K) : v5_xtor has 0 polygons
[2026-09-09 23:15:40,033] [SUBPROCESS]    2026-09-09 23:15:40 +0200: Memory Usage (675500K) : cap_mk has 0 polygons
[2026-09-09 23:15:40,041] [SUBPROCESS]    2026-09-09 23:15:40 +0200: Memory Usage (675500K) : mos_cap_mk has 0 polygons
[2026-09-09 23:15:40,048] [SUBPROCESS]    2026-09-09 23:15:40 +0200: Memory Usage (675500K) : ind_mk has 0 polygons
[2026-09-09 23:15:40,058] [SUBPROCESS]    2026-09-09 23:15:40 +0200: Memory Usage (675500K) : diode_mk has 0 polygons
[2026-09-09 23:15:40,066] [SUBPROCESS]    2026-09-09 23:15:40 +0200: Memory Usage (675500K) : drc_bjt has 0 polygons
[2026-09-09 23:15:40,074] [SUBPROCESS]    2026-09-09 23:15:40 +0200: Memory Usage (675500K) : lvs_bjt has 0 polygons
[2026-09-09 23:15:40,082] [SUBPROCESS]    2026-09-09 23:15:40 +0200: Memory Usage (675928K) : mim_l_mk has 0 polygons
[2026-09-09 23:15:40,091] [SUBPROCESS]    2026-09-09 23:15:40 +0200: Memory Usage (675928K) : latchup_mk has 0 polygons
[2026-09-09 23:15:40,117] [SUBPROCESS]    2026-09-09 23:15:40 +0200: Memory Usage (675928K) : guard_ring_mk has 0 polygons
[2026-09-09 23:15:40,126] [SUBPROCESS]    2026-09-09 23:15:40 +0200: Memory Usage (675928K) : otp_mk has 0 polygons
[2026-09-09 23:15:40,135] [SUBPROCESS]    2026-09-09 23:15:40 +0200: Memory Usage (675928K) : mtpmark has 0 polygons
[2026-09-09 23:15:40,142] [SUBPROCESS]    2026-09-09 23:15:40 +0200: Memory Usage (675928K) : neo_ee_mk has 0 polygons
[2026-09-09 23:15:40,148] [SUBPROCESS]    2026-09-09 23:15:40 +0200: Memory Usage (675928K) : sramcore has 0 polygons
[2026-09-09 23:15:40,158] [SUBPROCESS]    2026-09-09 23:15:40 +0200: Memory Usage (675928K) : lvs_rf has 0 polygons
[2026-09-09 23:15:40,166] [SUBPROCESS]    2026-09-09 23:15:40 +0200: Memory Usage (675928K) : lvs_drain has 0 polygons
[2026-09-09 23:15:40,176] [SUBPROCESS]    2026-09-09 23:15:40 +0200: Memory Usage (675928K) : ind_mk has 0 polygons
[2026-09-09 23:15:40,183] [SUBPROCESS]    2026-09-09 23:15:40 +0200: Memory Usage (675928K) : hvpolyrs has 0 polygons
[2026-09-09 23:15:40,191] [SUBPROCESS]    2026-09-09 23:15:40 +0200: Memory Usage (675928K) : lvs_io has 0 polygons
[2026-09-09 23:15:40,198] [SUBPROCESS]    2026-09-09 23:15:40 +0200: Memory Usage (675928K) : probe_mk has 0 polygons
[2026-09-09 23:15:40,206] [SUBPROCESS]    2026-09-09 23:15:40 +0200: Memory Usage (675928K) : esd_mk has 0 polygons
[2026-09-09 23:15:40,214] [SUBPROCESS]    2026-09-09 23:15:40 +0200: Memory Usage (675928K) : lvs_source has 0 polygons
[2026-09-09 23:15:40,223] [SUBPROCESS]    2026-09-09 23:15:40 +0200: Memory Usage (675928K) : well_diode_mk has 0 polygons
[2026-09-09 23:15:40,231] [SUBPROCESS]    2026-09-09 23:15:40 +0200: Memory Usage (675928K) : ldmos_xtor has 0 polygons
[2026-09-09 23:15:40,238] [SUBPROCESS]    2026-09-09 23:15:40 +0200: Memory Usage (675928K) : plfuse has 0 polygons
[2026-09-09 23:15:40,247] [SUBPROCESS]    2026-09-09 23:15:40 +0200: Memory Usage (675928K) : efuse_mk has 0 polygons
[2026-09-09 23:15:40,254] [SUBPROCESS]    2026-09-09 23:15:40 +0200: Memory Usage (675928K) : mcell_feol_mk has 0 polygons
[2026-09-09 23:15:40,263] [SUBPROCESS]    2026-09-09 23:15:40 +0200: Memory Usage (675928K) : ymtp_mk has 0 polygons
[2026-09-09 23:15:40,270] [SUBPROCESS]    2026-09-09 23:15:40 +0200: Memory Usage (675928K) : dev_wf_mk has 0 polygons
[2026-09-09 23:15:40,279] [SUBPROCESS]    2026-09-09 23:15:40 +0200: Memory Usage (675928K) : comp_label has 0 polygons
[2026-09-09 23:15:40,285] [SUBPROCESS]    2026-09-09 23:15:40 +0200: Memory Usage (675928K) : poly2_label has 0 polygons
[2026-09-09 23:15:40,294] [SUBPROCESS]    2026-09-09 23:15:40 +0200: Memory Usage (675928K) : mdiode has 0 polygons
[2026-09-09 23:15:40,302] [SUBPROCESS]    2026-09-09 23:15:40 +0200: Memory Usage (675928K) : contact has 1034 polygons
[2026-09-09 23:15:40,312] [SUBPROCESS]    2026-09-09 23:15:40 +0200: Memory Usage (675928K) : metal1_drawn has 1055 polygons
[2026-09-09 23:15:40,319] [SUBPROCESS]    2026-09-09 23:15:40 +0200: Memory Usage (675928K) : metal1_dummy has 0 polygons
[2026-09-09 23:15:40,328] [SUBPROCESS]    2026-09-09 23:15:40 +0200: Memory Usage (675928K) : metal1_label has 1 polygons
[2026-09-09 23:15:40,337] [SUBPROCESS]    2026-09-09 23:15:40 +0200: Memory Usage (675928K) : metal1_slot has 0 polygons
[2026-09-09 23:15:40,346] [SUBPROCESS]    2026-09-09 23:15:40 +0200: Memory Usage (675928K) : metal1_blk has 0 polygons
[2026-09-09 23:15:40,353] [SUBPROCESS]    2026-09-09 23:15:40 +0200: Memory Usage (675928K) : metal1_res has 0 polygons
[2026-09-09 23:15:40,362] [SUBPROCESS]    2026-09-09 23:15:40 +0200: Memory Usage (675928K) : via1 has 106 polygons
[2026-09-09 23:15:40,369] [SUBPROCESS]    2026-09-09 23:15:40 +0200: Memory Usage (675928K) : metal2_drawn has 149 polygons
[2026-09-09 23:15:40,381] [SUBPROCESS]    2026-09-09 23:15:40 +0200: Memory Usage (675928K) : metal2_dummy has 0 polygons
[2026-09-09 23:15:40,389] [SUBPROCESS]    2026-09-09 23:15:40 +0200: Memory Usage (675928K) : metal2_label has 7 polygons
[2026-09-09 23:15:40,398] [SUBPROCESS]    2026-09-09 23:15:40 +0200: Memory Usage (675928K) : metal2_slot has 0 polygons
[2026-09-09 23:15:40,405] [SUBPROCESS]    2026-09-09 23:15:40 +0200: Memory Usage (675928K) : metal2_blk has 0 polygons
[2026-09-09 23:15:40,413] [SUBPROCESS]    2026-09-09 23:15:40 +0200: Memory Usage (675928K) : metal2_res has 0 polygons
[2026-09-09 23:15:40,422] [SUBPROCESS]    2026-09-09 23:15:40 +0200: Memory Usage (675928K) : via2 has 0 polygons
[2026-09-09 23:15:40,431] [SUBPROCESS]    2026-09-09 23:15:40 +0200: Memory Usage (675928K) : metal3_drawn has 0 polygons
[2026-09-09 23:15:40,438] [SUBPROCESS]    2026-09-09 23:15:40 +0200: Memory Usage (675928K) : metal3_dummy has 0 polygons
[2026-09-09 23:15:40,447] [SUBPROCESS]    2026-09-09 23:15:40 +0200: Memory Usage (675928K) : metal3_label has 0 polygons
[2026-09-09 23:15:40,454] [SUBPROCESS]    2026-09-09 23:15:40 +0200: Memory Usage (675928K) : metal3_slot has 0 polygons
[2026-09-09 23:15:40,464] [SUBPROCESS]    2026-09-09 23:15:40 +0200: Memory Usage (675928K) : metal3_blk has 0 polygons
[2026-09-09 23:15:40,472] [SUBPROCESS]    2026-09-09 23:15:40 +0200: Memory Usage (675928K) : metal3_res has 0 polygons
[2026-09-09 23:15:40,482] [SUBPROCESS]    2026-09-09 23:15:40 +0200: Memory Usage (675928K) : via3 has 0 polygons
[2026-09-09 23:15:40,489] [SUBPROCESS]    2026-09-09 23:15:40 +0200: Memory Usage (676332K) : metal4_drawn has 0 polygons
[2026-09-09 23:15:40,500] [SUBPROCESS]    2026-09-09 23:15:40 +0200: Memory Usage (676332K) : metal4_dummy has 0 polygons
[2026-09-09 23:15:40,508] [SUBPROCESS]    2026-09-09 23:15:40 +0200: Memory Usage (676332K) : metal4_label has 0 polygons
[2026-09-09 23:15:40,516] [SUBPROCESS]    2026-09-09 23:15:40 +0200: Memory Usage (676332K) : metal4_slot has 0 polygons
[2026-09-09 23:15:40,524] [SUBPROCESS]    2026-09-09 23:15:40 +0200: Memory Usage (676332K) : metal4_blk has 0 polygons
[2026-09-09 23:15:40,531] [SUBPROCESS]    2026-09-09 23:15:40 +0200: Memory Usage (676332K) : metal4_res has 0 polygons
[2026-09-09 23:15:40,540] [SUBPROCESS]    2026-09-09 23:15:40 +0200: Memory Usage (676740K) : via4 has 0 polygons
[2026-09-09 23:15:40,549] [SUBPROCESS]    2026-09-09 23:15:40 +0200: Memory Usage (676740K) : metal5_drawn has 0 polygons
[2026-09-09 23:15:40,558] [SUBPROCESS]    2026-09-09 23:15:40 +0200: Memory Usage (676740K) : metal5_dummy has 0 polygons
[2026-09-09 23:15:40,565] [SUBPROCESS]    2026-09-09 23:15:40 +0200: Memory Usage (676740K) : metal5_label has 0 polygons
[2026-09-09 23:15:40,572] [SUBPROCESS]    2026-09-09 23:15:40 +0200: Memory Usage (676740K) : metal5_slot has 0 polygons
[2026-09-09 23:15:40,583] [SUBPROCESS]    2026-09-09 23:15:40 +0200: Memory Usage (676740K) : metal5_blk has 0 polygons
[2026-09-09 23:15:40,591] [SUBPROCESS]    2026-09-09 23:15:40 +0200: Memory Usage (677152K) : metal5_res has 0 polygons
[2026-09-09 23:15:40,599] [SUBPROCESS]    2026-09-09 23:15:40 +0200: Memory Usage (677152K) : via5 has 0 polygons
[2026-09-09 23:15:40,607] [SUBPROCESS]    2026-09-09 23:15:40 +0200: Memory Usage (677152K) : metaltop_drawn has 0 polygons
[2026-09-09 23:15:40,615] [SUBPROCESS]    2026-09-09 23:15:40 +0200: Memory Usage (677152K) : metaltop_dummy has 0 polygons
[2026-09-09 23:15:40,640] [SUBPROCESS]    2026-09-09 23:15:40 +0200: Memory Usage (677152K) : metaltop_label has 0 polygons
[2026-09-09 23:15:40,647] [SUBPROCESS]    2026-09-09 23:15:40 +0200: Memory Usage (677152K) : metaltop_slot has 0 polygons
[2026-09-09 23:15:40,654] [SUBPROCESS]    2026-09-09 23:15:40 +0200: Memory Usage (677152K) : metaltop_blk has 0 polygons
[2026-09-09 23:15:40,664] [SUBPROCESS]    2026-09-09 23:15:40 +0200: Memory Usage (677152K) : metal6_res has 0 polygons
[2026-09-09 23:15:40,670] [SUBPROCESS]    2026-09-09 23:15:40 +0200: Memory Usage (677152K) : pad has 0 polygons
[2026-09-09 23:15:40,679] [SUBPROCESS]    2026-09-09 23:15:40 +0200: Memory Usage (677152K) : ubmpperi has 0 polygons
[2026-09-09 23:15:40,686] [SUBPROCESS]    2026-09-09 23:15:40 +0200: Memory Usage (677152K) : ubmparray has 0 polygons
[2026-09-09 23:15:40,695] [SUBPROCESS]    2026-09-09 23:15:40 +0200: Memory Usage (677152K) : ubmeplate has 0 polygons
[2026-09-09 23:15:40,703] [SUBPROCESS]    2026-09-09 23:15:40 +0200: Memory Usage (677152K) : pr_bndry has 0 polygons
[2026-09-09 23:15:40,710] [SUBPROCESS]    2026-09-09 23:15:40 +0200: Memory Usage (677152K) : border has 0 polygons
[2026-09-09 23:15:40,716] [SUBPROCESS]    2026-09-09 23:15:40 +0200: Memory Usage (677152K) : Total no. of polygons in the design is 4532
[2026-09-09 23:15:40,721] [SUBPROCESS]    2026-09-09 23:15:40 +0200: Memory Usage (677152K) : Starting deriving base layers.
[2026-09-09 23:15:40,729] [SUBPROCESS]    2026-09-09 23:15:40 +0200: Memory Usage (677152K) : Starting GF180MCU LVS runset
[2026-09-09 23:15:40,832] [SUBPROCESS]    2026-09-09 23:15:40 +0200: Memory Usage (677152K) : Starting base layers derivations
[2026-09-09 23:15:40,849] [SUBPROCESS]    2026-09-09 23:15:40 +0200: Memory Usage (825544K) : Starting MOSFET DERIVATIONS
[2026-09-09 23:15:40,888] [SUBPROCESS]    2026-09-09 23:15:40 +0200: Memory Usage (826300K) : Starting PMOS layers DERIVATIONS
[2026-09-09 23:15:40,932] [SUBPROCESS]    2026-09-09 23:15:40 +0200: Memory Usage (828192K) : Starting NMOS layers DERIVATIONS
[2026-09-09 23:15:40,939] [SUBPROCESS]    2026-09-09 23:15:40 +0200: Memory Usage (830480K) : Starting BJT DERIVATIONS
[2026-09-09 23:15:41,026] [SUBPROCESS]    2026-09-09 23:15:40 +0200: Memory Usage (830480K) : Starting vnpn layers DERIVATIONS
[2026-09-09 23:15:41,088] [SUBPROCESS]    2026-09-09 23:15:41 +0200: Memory Usage (835772K) : Starting vpnp layers DERIVATIONS
[2026-09-09 23:15:41,215] [SUBPROCESS]    2026-09-09 23:15:41 +0200: Memory Usage (838040K) : Starting DIODE DERIVATIONS
[2026-09-09 23:15:41,388] [SUBPROCESS]    2026-09-09 23:15:41 +0200: Memory Usage (838836K) : Starting RESISTOR DERIVATIONS
[2026-09-09 23:15:41,404] [SUBPROCESS]    2026-09-09 23:15:41 +0200: Memory Usage (838836K) : Starting MIMCAP DERIVATIONS
[2026-09-09 23:15:41,442] [SUBPROCESS]    2026-09-09 23:15:41 +0200: Memory Usage (838836K) : Starting MOSCAP DERIVATIONS
[2026-09-09 23:15:41,462] [SUBPROCESS]    2026-09-09 23:15:41 +0200: Memory Usage (838836K) : Starting MOS SAB DERIVATIONS
[2026-09-09 23:15:41,486] [SUBPROCESS]    2026-09-09 23:15:41 +0200: Memory Usage (838836K) : Starting PMOS SAB DERIVATIONS
[2026-09-09 23:15:41,513] [SUBPROCESS]    2026-09-09 23:15:41 +0200: Memory Usage (838836K) : Starting NMOS SAB DERIVATIONS
[2026-09-09 23:15:41,527] [SUBPROCESS]    2026-09-09 23:15:41 +0200: Memory Usage (838836K) : Starting NMOS EFUSE DERIVATIONS
[2026-09-09 23:15:41,534] [SUBPROCESS]    2026-09-09 23:15:41 +0200: Memory Usage (839212K) : Starting GF180 LVS connectivity setup
[2026-09-09 23:15:41,541] [SUBPROCESS]    2026-09-09 23:15:41 +0200: Memory Usage (839212K) : Starting GF180 LVS connectivity setup (Inter-layer)
[2026-09-09 23:15:41,548] [SUBPROCESS]    2026-09-09 23:15:41 +0200: Memory Usage (839212K) : Starting GF180 LVS connectivity setup (Global)
[2026-09-09 23:15:41,553] [SUBPROCESS]    2026-09-09 23:15:41 +0200: Memory Usage (839212K) : Starting GF180 LVS connectivity setup (Multifinger Devices)
[2026-09-09 23:15:41,561] [SUBPROCESS]    2026-09-09 23:15:41 +0200: Memory Usage (839212K) : Starting LVS MOSFET CONNECTIONS
[2026-09-09 23:15:41,568] [SUBPROCESS]    2026-09-09 23:15:41 +0200: Memory Usage (839212K) : Starting LVS BJT CONNECTIONS
[2026-09-09 23:15:41,574] [SUBPROCESS]    2026-09-09 23:15:41 +0200: Memory Usage (839212K) : Starting LVS DIODE CONNECTIONS
[2026-09-09 23:15:41,582] [SUBPROCESS]    2026-09-09 23:15:41 +0200: Memory Usage (839212K) : Starting LVS MIMCAP CONNECTIONS
[2026-09-09 23:15:41,589] [SUBPROCESS]    2026-09-09 23:15:41 +0200: Memory Usage (839212K) : Starting LVS RESISTOR CONNECTIONS
[2026-09-09 23:15:41,595] [SUBPROCESS]    2026-09-09 23:15:41 +0200: Memory Usage (839276K) : Starting LVS EFUSE CONNECTIONS
[2026-09-09 23:15:41,602] [SUBPROCESS]    2026-09-09 23:15:41 +0200: Memory Usage (839276K) : Starting GF180 LVS DEVICES EXTRACTION
[2026-09-09 23:15:41,608] [SUBPROCESS]    2026-09-09 23:15:41 +0200: Memory Usage (839276K) : Starting MOSFET EXTRACTION
[2026-09-09 23:15:41,615] [SUBPROCESS]    2026-09-09 23:15:41 +0200: Memory Usage (839276K) : Starting PMOS EXTRACTION
[2026-09-09 23:15:41,625] [SUBPROCESS]    2026-09-09 23:15:41 +0200: Memory Usage (839276K) : Extracting 3.3V PMOS transistor outside DNWEL
[2026-09-09 23:15:41,633] [SUBPROCESS]    2026-09-09 23:15:41 +0200: Memory Usage (839652K) : Extracting 5V PMOS transistor outside DNWELL
[2026-09-09 23:15:41,641] [SUBPROCESS]    2026-09-09 23:15:41 +0200: Memory Usage (839652K) : Extracting 6V PMOS transistor outside DNWELL
[2026-09-09 23:15:41,648] [SUBPROCESS]    2026-09-09 23:15:41 +0200: Memory Usage (839652K) : Extracting 3.3V PMOS transistor inside DNWELL
[2026-09-09 23:15:41,656] [SUBPROCESS]    2026-09-09 23:15:41 +0200: Memory Usage (839652K) : Extracting 5V PMOS transistor inside DNWELL
[2026-09-09 23:15:41,683] [SUBPROCESS]    2026-09-09 23:15:41 +0200: Memory Usage (839652K) : Extracting 6V PMOS transistor inside DNWELL
[2026-09-09 23:15:41,691] [SUBPROCESS]    2026-09-09 23:15:41 +0200: Memory Usage (839652K) : Extracting LDPMOS transistor
[2026-09-09 23:15:41,698] [SUBPROCESS]    2026-09-09 23:15:41 +0200: Memory Usage (839652K) : Starting NMOS EXTRACTION
[2026-09-09 23:15:41,706] [SUBPROCESS]    2026-09-09 23:15:41 +0200: Memory Usage (839652K) : 3.3V NMOS transistor outside DNWELL
[2026-09-09 23:15:41,713] [SUBPROCESS]    2026-09-09 23:15:41 +0200: Memory Usage (839652K) : 5V NMOS transistor outside DNWELL
[2026-09-09 23:15:41,722] [SUBPROCESS]    2026-09-09 23:15:41 +0200: Memory Usage (839652K) : 6V NMOS transistor outside DNWELL
[2026-09-09 23:15:41,729] [SUBPROCESS]    2026-09-09 23:15:41 +0200: Memory Usage (839652K) : 3.3V NMOS transistor inside DNWELL
[2026-09-09 23:15:41,737] [SUBPROCESS]    2026-09-09 23:15:41 +0200: Memory Usage (839652K) : 5V NMOS transistor inside DNWELL
[2026-09-09 23:15:41,747] [SUBPROCESS]    2026-09-09 23:15:41 +0200: Memory Usage (839652K) : 6V NMOS transistor inside DNWELL
[2026-09-09 23:15:41,755] [SUBPROCESS]    2026-09-09 23:15:41 +0200: Memory Usage (839652K) : Native Vt NMOS transistor
[2026-09-09 23:15:41,763] [SUBPROCESS]    2026-09-09 23:15:41 +0200: Memory Usage (839652K) : Extracting LDNMOS transistor
[2026-09-09 23:15:41,770] [SUBPROCESS]    2026-09-09 23:15:41 +0200: Memory Usage (839652K) : Starting BJT EXTRACTION
[2026-09-09 23:15:41,777] [SUBPROCESS]    2026-09-09 23:15:41 +0200: Memory Usage (839652K) : Starting vnpn BJT EXTRACTION
[2026-09-09 23:15:41,788] [SUBPROCESS]    2026-09-09 23:15:41 +0200: Memory Usage (839652K) : Extracting npn_10p00x10p00 BJT
[2026-09-09 23:15:41,798] [SUBPROCESS]    2026-09-09 23:15:41 +0200: Memory Usage (839652K) : Extracting npn_05p00x05p00 BJT
[2026-09-09 23:15:41,810] [SUBPROCESS]    2026-09-09 23:15:41 +0200: Memory Usage (839652K) : Extracting npn_00p54x16p00 BJT
[2026-09-09 23:15:41,821] [SUBPROCESS]    2026-09-09 23:15:41 +0200: Memory Usage (839652K) : Extracting npn_00p54x08p00 BJT
[2026-09-09 23:15:41,834] [SUBPROCESS]    2026-09-09 23:15:41 +0200: Memory Usage (839652K) : Extracting npn_00p54x04p00 BJT
[2026-09-09 23:15:41,845] [SUBPROCESS]    2026-09-09 23:15:41 +0200: Memory Usage (839652K) : Extracting npn_00p54x02p00 BJT
[2026-09-09 23:15:41,851] [SUBPROCESS]    2026-09-09 23:15:41 +0200: Memory Usage (839652K) : Starting vpnp BJT EXTRACTION
[2026-09-09 23:15:41,864] [SUBPROCESS]    2026-09-09 23:15:41 +0200: Memory Usage (839652K) : Extracting pnp_10p00x10p00 BJT
[2026-09-09 23:15:41,875] [SUBPROCESS]    2026-09-09 23:15:41 +0200: Memory Usage (839652K) : Extracting pnp_05p00x05p00 BJT
[2026-09-09 23:15:41,884] [SUBPROCESS]    2026-09-09 23:15:41 +0200: Memory Usage (839652K) : Extracting pnp_10p00x00p42 BJT
[2026-09-09 23:15:41,894] [SUBPROCESS]    2026-09-09 23:15:41 +0200: Memory Usage (839652K) : Extracting pnp_05p00x00p42 BJT
[2026-09-09 23:15:41,901] [SUBPROCESS]    2026-09-09 23:15:41 +0200: Memory Usage (839652K) : Starting DIODE EXTRACTION
[2026-09-09 23:15:41,909] [SUBPROCESS]    2026-09-09 23:15:41 +0200: Memory Usage (839652K) : Extracting diode_nd2ps_03v3 diode
[2026-09-09 23:15:41,917] [SUBPROCESS]    2026-09-09 23:15:41 +0200: Memory Usage (839652K) : Extracting diode_nd2ps_03v3_dn diode
[2026-09-09 23:15:41,925] [SUBPROCESS]    2026-09-09 23:15:41 +0200: Memory Usage (839652K) : Extracting diode_nd2ps_06v0 diode
[2026-09-09 23:15:41,933] [SUBPROCESS]    2026-09-09 23:15:41 +0200: Memory Usage (839652K) : Extracting diode_nd2ps_06v0_dn diode
[2026-09-09 23:15:41,943] [SUBPROCESS]    2026-09-09 23:15:41 +0200: Memory Usage (839652K) : Extracting diode_pd2nw_03v3 diode
[2026-09-09 23:15:41,951] [SUBPROCESS]    2026-09-09 23:15:41 +0200: Memory Usage (839652K) : Extractingdiode_pd2nw_03v3_dn diode
[2026-09-09 23:15:41,958] [SUBPROCESS]    2026-09-09 23:15:41 +0200: Memory Usage (839652K) : Extracting diode_pd2nw_06v0 diode
[2026-09-09 23:15:41,966] [SUBPROCESS]    2026-09-09 23:15:41 +0200: Memory Usage (839652K) : Extracting diode_pd2nw_06v0_dn diode
[2026-09-09 23:15:41,973] [SUBPROCESS]    2026-09-09 23:15:41 +0200: Memory Usage (839652K) : Extracting diode_nw2ps_03v3 diode
[2026-09-09 23:15:41,983] [SUBPROCESS]    2026-09-09 23:15:41 +0200: Memory Usage (839652K) : Extracting diode_nw2ps_06v0 diode
[2026-09-09 23:15:41,990] [SUBPROCESS]    2026-09-09 23:15:41 +0200: Memory Usage (839652K) : Extracting diode_pw2dw_03v3 diode
[2026-09-09 23:15:41,998] [SUBPROCESS]    2026-09-09 23:15:41 +0200: Memory Usage (839652K) : Extracting diode_pw2dw_06v0 diode
[2026-09-09 23:15:42,006] [SUBPROCESS]    2026-09-09 23:15:41 +0200: Memory Usage (839652K) : Extracting diode_dw2ps_03v3 diode
[2026-09-09 23:15:42,014] [SUBPROCESS]    2026-09-09 23:15:42 +0200: Memory Usage (839652K) : Extracting diode_dw2ps_06v0 diode
[2026-09-09 23:15:42,024] [SUBPROCESS]    2026-09-09 23:15:42 +0200: Memory Usage (839652K) : Extracting sc_diode diode
[2026-09-09 23:15:42,030] [SUBPROCESS]    2026-09-09 23:15:42 +0200: Memory Usage (839652K) : Starting RESISTOR EXTRACTION
[2026-09-09 23:15:42,039] [SUBPROCESS]    2026-09-09 23:15:42 +0200: Memory Usage (839652K) : Extracting NPLUS_U device
[2026-09-09 23:15:42,047] [SUBPROCESS]    2026-09-09 23:15:42 +0200: Memory Usage (839652K) : Extracting NPLUS_U_DW device
[2026-09-09 23:15:42,055] [SUBPROCESS]    2026-09-09 23:15:42 +0200: Memory Usage (839652K) : Extracting PPLUS_U device
[2026-09-09 23:15:42,065] [SUBPROCESS]    2026-09-09 23:15:42 +0200: Memory Usage (839652K) : Extracting PPLUS_U_DW device
[2026-09-09 23:15:42,073] [SUBPROCESS]    2026-09-09 23:15:42 +0200: Memory Usage (839652K) : Extracting NPLUS_S device
[2026-09-09 23:15:42,081] [SUBPROCESS]    2026-09-09 23:15:42 +0200: Memory Usage (839652K) : Extracting NPLUS_S_DW device
[2026-09-09 23:15:42,089] [SUBPROCESS]    2026-09-09 23:15:42 +0200: Memory Usage (839652K) : Extracting PPLUS_S device
[2026-09-09 23:15:42,098] [SUBPROCESS]    2026-09-09 23:15:42 +0200: Memory Usage (839652K) : Extracting PPLUS_S_DW device
[2026-09-09 23:15:42,109] [SUBPROCESS]    2026-09-09 23:15:42 +0200: Memory Usage (839652K) : Extracting NWELL device
[2026-09-09 23:15:42,116] [SUBPROCESS]    2026-09-09 23:15:42 +0200: Memory Usage (839652K) : Extracting PWELL device
[2026-09-09 23:15:42,125] [SUBPROCESS]    2026-09-09 23:15:42 +0200: Memory Usage (839652K) : Extracting NPOLYF_U device
[2026-09-09 23:15:42,134] [SUBPROCESS]    2026-09-09 23:15:42 +0200: Memory Usage (839652K) : Extracting NPOLYF_U_DW device
[2026-09-09 23:15:42,143] [SUBPROCESS]    2026-09-09 23:15:42 +0200: Memory Usage (839652K) : Extracting PPOLYF_U device
[2026-09-09 23:15:42,152] [SUBPROCESS]    2026-09-09 23:15:42 +0200: Memory Usage (839652K) : Extracting PPOLYF_U_DW device
[2026-09-09 23:15:42,160] [SUBPROCESS]    2026-09-09 23:15:42 +0200: Memory Usage (839652K) : Extracting NPOLYF_S device
[2026-09-09 23:15:42,168] [SUBPROCESS]    2026-09-09 23:15:42 +0200: Memory Usage (839652K) : Extracting NPOLYF_S_DW device
[2026-09-09 23:15:42,178] [SUBPROCESS]    2026-09-09 23:15:42 +0200: Memory Usage (839652K) : Extracting PPOLYF_S device
[2026-09-09 23:15:42,206] [SUBPROCESS]    2026-09-09 23:15:42 +0200: Memory Usage (839652K) : Extracting PPOLYF_S_DW device
[2026-09-09 23:15:42,214] [SUBPROCESS]    2026-09-09 23:15:42 +0200: Memory Usage (839652K) : Extracting PPOLYF_U_1K device
[2026-09-09 23:15:42,224] [SUBPROCESS]    2026-09-09 23:15:42 +0200: Memory Usage (839652K) : Extracting PPOLYF_U_DW_1 device
[2026-09-09 23:15:42,232] [SUBPROCESS]    2026-09-09 23:15:42 +0200: Memory Usage (839652K) : Extracting PPOLYF_U_1K_6p0 device
[2026-09-09 23:15:42,240] [SUBPROCESS]    2026-09-09 23:15:42 +0200: Memory Usage (839652K) : Extracting PPOLYF_U_DW_1K_6p0 device
[2026-09-09 23:15:42,252] [SUBPROCESS]    2026-09-09 23:15:42 +0200: Memory Usage (839652K) : Extracting RM1 device
[2026-09-09 23:15:42,263] [SUBPROCESS]    2026-09-09 23:15:42 +0200: Memory Usage (839652K) : Extracting RM2 device
[2026-09-09 23:15:42,271] [SUBPROCESS]    2026-09-09 23:15:42 +0200: Memory Usage (839652K) : Extracting RM3 device
[2026-09-09 23:15:42,279] [SUBPROCESS]    2026-09-09 23:15:42 +0200: Memory Usage (839652K) : Extracting TM9K device
[2026-09-09 23:15:42,286] [SUBPROCESS]    2026-09-09 23:15:42 +0200: Memory Usage (839652K) : Starting MIMCAP EXTRACTION
[2026-09-09 23:15:42,295] [SUBPROCESS]    2026-09-09 23:15:42 +0200: Memory Usage (839652K) : Extracting cap_mim2f0 device
[2026-09-09 23:15:42,303] [SUBPROCESS]    2026-09-09 23:15:42 +0200: Memory Usage (839652K) : Starting MOSCAP EXTRACTION
[2026-09-09 23:15:42,311] [SUBPROCESS]    2026-09-09 23:15:42 +0200: Memory Usage (839652K) : Extracting cap_nmos_03v3 device
[2026-09-09 23:15:42,318] [SUBPROCESS]    2026-09-09 23:15:42 +0200: Memory Usage (839652K) : Extracting cap_nmos_03v3_dn device
[2026-09-09 23:15:42,334] [SUBPROCESS]    2026-09-09 23:15:42 +0200: Memory Usage (839652K) : Extracting cap_pmos_03v3 device
[2026-09-09 23:15:42,343] [SUBPROCESS]    2026-09-09 23:15:42 +0200: Memory Usage (839652K) : Extracting cap_pmos_03v3_dn device
[2026-09-09 23:15:42,350] [SUBPROCESS]    2026-09-09 23:15:42 +0200: Memory Usage (839652K) : Extracting cap_nmos_06v0 device
[2026-09-09 23:15:42,358] [SUBPROCESS]    2026-09-09 23:15:42 +0200: Memory Usage (839652K) : Extracting cap_nmos_06v0_dn device
[2026-09-09 23:15:42,373] [SUBPROCESS]    2026-09-09 23:15:42 +0200: Memory Usage (839652K) : Extracting cap_pmos_06v0 device
[2026-09-09 23:15:42,390] [SUBPROCESS]    2026-09-09 23:15:42 +0200: Memory Usage (839652K) : Extracting cap_pmos_06v0 device
[2026-09-09 23:15:42,398] [SUBPROCESS]    2026-09-09 23:15:42 +0200: Memory Usage (839652K) : Extracting cap_pmos_03v3_b device
[2026-09-09 23:15:42,413] [SUBPROCESS]    2026-09-09 23:15:42 +0200: Memory Usage (839652K) : Extracting cap_nmos_06v0_b device
[2026-09-09 23:15:42,424] [SUBPROCESS]    2026-09-09 23:15:42 +0200: Memory Usage (839652K) : Extracting cap_pmos_06v0_b device
[2026-09-09 23:15:42,430] [SUBPROCESS]    2026-09-09 23:15:42 +0200: Memory Usage (839652K) : Starting MOS SAB EXTRACTION
[2026-09-09 23:15:42,437] [SUBPROCESS]    2026-09-09 23:15:42 +0200: Memory Usage (839652K) : Starting PMOS SAB EXTRACTION
[2026-09-09 23:15:42,445] [SUBPROCESS]    2026-09-09 23:15:42 +0200: Memory Usage (839652K) : Extracting 3.3V ESD PMOS transistor outside DNWELL device
[2026-09-09 23:15:42,453] [SUBPROCESS]    2026-09-09 23:15:42 +0200: Memory Usage (839652K) : Extracting 5V ESD PMOS transistor outside DNWELL device
[2026-09-09 23:15:42,461] [SUBPROCESS]    2026-09-09 23:15:42 +0200: Memory Usage (839652K) : Extracting 6V ESD PMOS transistor outside DNWELL device
[2026-09-09 23:15:42,469] [SUBPROCESS]    2026-09-09 23:15:42 +0200: Memory Usage (839652K) : Extracting 3.3V ESD PMOS transistor inside DNWELL device
[2026-09-09 23:15:42,477] [SUBPROCESS]    2026-09-09 23:15:42 +0200: Memory Usage (839652K) : Extracting 5V ESD PMOS transistor inside DNWELL device
[2026-09-09 23:15:42,486] [SUBPROCESS]    2026-09-09 23:15:42 +0200: Memory Usage (839652K) : Extracting 6V ESD PMOS transistor inside DNWELL device
[2026-09-09 23:15:42,492] [SUBPROCESS]    2026-09-09 23:15:42 +0200: Memory Usage (839652K) : Starting NMOS SAB EXTRACTION
[2026-09-09 23:15:42,505] [SUBPROCESS]    2026-09-09 23:15:42 +0200: Memory Usage (839652K) : Extracting 3.3V ESD NMOS transistor outside DNWELL device
[2026-09-09 23:15:42,510] [SUBPROCESS]    2026-09-09 23:15:42 +0200: Memory Usage (839652K) : Extracting 5V ESD NMOS transistor outside DNWELL device
[2026-09-09 23:15:42,517] [SUBPROCESS]    2026-09-09 23:15:42 +0200: Memory Usage (839652K) : Extracting 6V ESD NMOS transistor outside DNWELL device
[2026-09-09 23:15:42,525] [SUBPROCESS]    2026-09-09 23:15:42 +0200: Memory Usage (839652K) : Extracting 3.3V ESD NMOS transistor inside DNWELL device
[2026-09-09 23:15:42,533] [SUBPROCESS]    2026-09-09 23:15:42 +0200: Memory Usage (839652K) : Extracting 5V ESD NMOS transistor inside DNWELL device
[2026-09-09 23:15:42,542] [SUBPROCESS]    2026-09-09 23:15:42 +0200: Memory Usage (839652K) : Extracting 6V ESD NMOS transistor inside DNWELL device
[2026-09-09 23:15:42,550] [SUBPROCESS]    2026-09-09 23:15:42 +0200: Memory Usage (839652K) : Starting EFUSE EXTRACTION
[2026-09-09 23:15:42,584] [SUBPROCESS]    2026-09-09 23:15:42 +0200: Memory Usage (839652K) : Starting GF180 LVS comparison section
[2026-09-09 23:15:42,591] [SUBPROCESS]    2026-09-09 23:15:42 +0200: Memory Usage (839652K) : LVS Total Run time 2.973288 seconds
[2026-09-09 23:15:42,597] [SUBPROCESS]    2026-09-09 23:15:42 +0200: Memory Usage (839652K) : xxxxxxxxxxxxxxxxxxxxxxxxxxxxxxxxxxxxxxxxxx
[2026-09-09 23:15:42,603] [SUBPROCESS]    2026-09-09 23:15:42 +0200: Memory Usage (839652K) : ERROR : Netlists don't match
[2026-09-09 23:15:42,725] [SUBPROCESS]    2026-09-09 23:15:42 +0200: Memory Usage (839652K) : xxxxxxxxxxxxxxxxxxxxxxxxxxxxxxxxxxxxxxxxxx
[2026-09-09 23:15:42,847] [INFO]    klayout LVS succeeded after 5.345s
[2026-09-09 23:15:42,866] [WARNING]    Unable to find info about extracted LVS layer 'comp'
[2026-09-09 23:15:42,867] [WARNING]    Unable to find info about extracted LVS layer 'nwell'
[2026-09-09 23:15:42,868] [WARNING]    Unable to find info about extracted LVS layer 'contact'
[2026-09-09 23:15:42,869] [WARNING]    Unable to find info about extracted LVS layer 'via1'
[2026-09-09 23:15:42,870] [INFO]    (31, 20) -> (psd)
[2026-09-09 23:15:42,872] [INFO]    (34, 0) -> (metal1_con)
[2026-09-09 23:15:42,872] [INFO]    (36, 0) -> (metal2_con)
[2026-09-09 23:15:42,897] [WARNING]    Can't find GDS pair for layer M1-Poly
[2026-09-09 23:15:42,898] [WARNING]    Can't find GDS pair for layer Via1_con
[2026-09-09 23:15:42,899] [WARNING]    Can't find GDS pair for layer Via2_con
[2026-09-09 23:15:42,900] [WARNING]    Can't find GDS pair for layer Via3_con
[2026-09-09 23:15:42,901] [WARNING]    Can't find GDS pair for layer Via4_ncap
[2026-09-09 23:15:46,375] [INFO]    LVSDB: found 8pins
[2026-09-09 23:15:46,378] [WARNING]    Could not find a layer for device $1, class pfet_03v3, terminal G, net DAC_REF
[2026-09-09 23:15:46,381] [WARNING]    Could not find a layer for device $1, class pfet_03v3, terminal B, net VDD
[2026-09-09 23:15:46,384] [WARNING]    Could not find a layer for device $2, class pfet_03v3, terminal G, net DAC_REF
[2026-09-09 23:15:46,386] [WARNING]    Could not find a layer for device $2, class pfet_03v3, terminal B, net VDD
[2026-09-09 23:15:46,388] [WARNING]    Could not find a layer for device $3, class pfet_03v3, terminal G, net DAC_REF
[2026-09-09 23:15:46,390] [WARNING]    Could not find a layer for device $3, class pfet_03v3, terminal B, net VDD
[2026-09-09 23:15:46,392] [WARNING]    Could not find a layer for device $4, class pfet_03v3, terminal G, net DAC_REF
[2026-09-09 23:15:46,394] [WARNING]    Could not find a layer for device $4, class pfet_03v3, terminal B, net VDD
[2026-09-09 23:15:46,398] [WARNING]    Could not find a layer for device $5, class pfet_03v3, terminal G, net DAC_REF
[2026-09-09 23:15:46,400] [WARNING]    Could not find a layer for device $5, class pfet_03v3, terminal B, net VDD
[2026-09-09 23:15:46,403] [WARNING]    Could not find a layer for device $6, class pfet_03v3, terminal G, net DAC_REF
[2026-09-09 23:15:46,405] [WARNING]    Could not find a layer for device $6, class pfet_03v3, terminal B, net VDD
[2026-09-09 23:15:46,408] [WARNING]    Could not find a layer for device $7, class pfet_03v3, terminal G, net DAC_REF
[2026-09-09 23:15:46,410] [WARNING]    Could not find a layer for device $7, class pfet_03v3, terminal B, net VDD
[2026-09-09 23:15:46,413] [WARNING]    Could not find a layer for device $8, class pfet_03v3, terminal G, net DAC_REF
[2026-09-09 23:15:46,416] [WARNING]    Could not find a layer for device $8, class pfet_03v3, terminal B, net VDD
[2026-09-09 23:15:46,418] [WARNING]    Could not find a layer for device $9, class pfet_03v3, terminal G, net DAC_REF
[2026-09-09 23:15:46,421] [WARNING]    Could not find a layer for device $9, class pfet_03v3, terminal B, net VDD
[2026-09-09 23:15:46,424] [WARNING]    Could not find a layer for device $10, class pfet_03v3, terminal G, net DAC_REF
[2026-09-09 23:15:46,426] [WARNING]    Could not find a layer for device $10, class pfet_03v3, terminal B, net VDD
[2026-09-09 23:15:46,428] [WARNING]    Could not find a layer for device $11, class pfet_03v3, terminal G, net DAC_REF
[2026-09-09 23:15:46,430] [WARNING]    Could not find a layer for device $11, class pfet_03v3, terminal B, net VDD
[2026-09-09 23:15:46,433] [WARNING]    Could not find a layer for device $12, class pfet_03v3, terminal G, net DAC_REF
[2026-09-09 23:15:46,435] [WARNING]    Could not find a layer for device $12, class pfet_03v3, terminal B, net VDD
[2026-09-09 23:15:46,437] [WARNING]    Could not find a layer for device $13, class pfet_03v3, terminal G, net DAC_REF
[2026-09-09 23:15:46,440] [WARNING]    Could not find a layer for device $13, class pfet_03v3, terminal B, net VDD
[2026-09-09 23:15:46,442] [WARNING]    Could not find a layer for device $14, class pfet_03v3, terminal G, net DAC_REF
[2026-09-09 23:15:46,445] [WARNING]    Could not find a layer for device $14, class pfet_03v3, terminal B, net VDD
[2026-09-09 23:15:46,448] [WARNING]    Could not find a layer for device $15, class pfet_03v3, terminal G, net DAC_REF
[2026-09-09 23:15:46,451] [WARNING]    Could not find a layer for device $15, class pfet_03v3, terminal B, net VDD
[2026-09-09 23:15:46,453] [WARNING]    Could not find a layer for device $16, class pfet_03v3, terminal G, net DAC_REF
[2026-09-09 23:15:46,455] [WARNING]    Could not find a layer for device $16, class pfet_03v3, terminal B, net VDD
[2026-09-09 23:15:46,457] [WARNING]    Could not find a layer for device $17, class pfet_03v3, terminal G, net DAC_REF
[2026-09-09 23:15:46,460] [WARNING]    Could not find a layer for device $17, class pfet_03v3, terminal B, net VDD
[2026-09-09 23:15:46,463] [WARNING]    Could not find a layer for device $18, class pfet_03v3, terminal G, net DAC_REF
[2026-09-09 23:15:46,466] [WARNING]    Could not find a layer for device $18, class pfet_03v3, terminal B, net VDD
[2026-09-09 23:15:46,467] [WARNING]    Could not find a layer for device $19, class pfet_03v3, terminal G, net DAC_REF
[2026-09-09 23:15:46,469] [WARNING]    Could not find a layer for device $19, class pfet_03v3, terminal B, net VDD
[2026-09-09 23:15:46,471] [WARNING]    Could not find a layer for device $20, class pfet_03v3, terminal G, net DAC_REF
[2026-09-09 23:15:46,474] [WARNING]    Could not find a layer for device $20, class pfet_03v3, terminal B, net VDD
[2026-09-09 23:15:46,476] [WARNING]    Could not find a layer for device $21, class pfet_03v3, terminal G, net DAC_REF
[2026-09-09 23:15:46,479] [WARNING]    Could not find a layer for device $21, class pfet_03v3, terminal B, net VDD
[2026-09-09 23:15:46,482] [WARNING]    Could not find a layer for device $22, class pfet_03v3, terminal G, net DAC_REF
[2026-09-09 23:15:46,484] [WARNING]    Could not find a layer for device $22, class pfet_03v3, terminal B, net VDD
[2026-09-09 23:15:46,486] [WARNING]    Could not find a layer for device $23, class pfet_03v3, terminal G, net DAC_REF
[2026-09-09 23:15:46,488] [WARNING]    Could not find a layer for device $23, class pfet_03v3, terminal B, net VDD
[2026-09-09 23:15:46,490] [WARNING]    Could not find a layer for device $24, class pfet_03v3, terminal G, net DAC_REF
[2026-09-09 23:15:46,493] [WARNING]    Could not find a layer for device $24, class pfet_03v3, terminal B, net VDD
[2026-09-09 23:15:46,495] [WARNING]    Could not find a layer for device $25, class pfet_03v3, terminal G, net DAC_REF
[2026-09-09 23:15:46,498] [WARNING]    Could not find a layer for device $25, class pfet_03v3, terminal B, net VDD
[2026-09-09 23:15:46,500] [WARNING]    Could not find a layer for device $26, class pfet_03v3, terminal G, net DAC_REF
[2026-09-09 23:15:46,502] [WARNING]    Could not find a layer for device $26, class pfet_03v3, terminal B, net VDD
[2026-09-09 23:15:46,505] [WARNING]    Could not find a layer for device $27, class pfet_03v3, terminal G, net DAC_REF
[2026-09-09 23:15:46,508] [WARNING]    Could not find a layer for device $27, class pfet_03v3, terminal B, net VDD
[2026-09-09 23:15:46,510] [WARNING]    Could not find a layer for device $28, class pfet_03v3, terminal G, net DAC_REF
[2026-09-09 23:15:46,512] [WARNING]    Could not find a layer for device $28, class pfet_03v3, terminal B, net VDD
[2026-09-09 23:15:46,515] [WARNING]    Could not find a layer for device $29, class pfet_03v3, terminal G, net DAC_REF
[2026-09-09 23:15:46,517] [WARNING]    Could not find a layer for device $29, class pfet_03v3, terminal B, net VDD
[2026-09-09 23:15:46,519] [WARNING]    Could not find a layer for device $30, class pfet_03v3, terminal G, net DAC_REF
[2026-09-09 23:15:46,521] [WARNING]    Could not find a layer for device $30, class pfet_03v3, terminal B, net VDD
[2026-09-09 23:15:46,523] [WARNING]    Could not find a layer for device $31, class pfet_03v3, terminal G, net DAC_REF
[2026-09-09 23:15:46,525] [WARNING]    Could not find a layer for device $31, class pfet_03v3, terminal B, net VDD
[2026-09-09 23:15:46,527] [WARNING]    Could not find a layer for device $32, class pfet_03v3, terminal G, net DAC_REF
[2026-09-09 23:15:46,530] [WARNING]    Could not find a layer for device $32, class pfet_03v3, terminal B, net VDD
[2026-09-09 23:15:46,532] [WARNING]    Could not find a layer for device $33, class pfet_03v3, terminal G, net DAC_REF
[2026-09-09 23:15:46,534] [WARNING]    Could not find a layer for device $33, class pfet_03v3, terminal B, net VDD
[2026-09-09 23:15:46,536] [WARNING]    Could not find a layer for device $34, class pfet_03v3, terminal G, net DAC_REF
[2026-09-09 23:15:46,538] [WARNING]    Could not find a layer for device $34, class pfet_03v3, terminal B, net VDD
[2026-09-09 23:15:46,541] [WARNING]    Could not find a layer for device $35, class pfet_03v3, terminal G, net DAC_REF
[2026-09-09 23:15:46,543] [WARNING]    Could not find a layer for device $35, class pfet_03v3, terminal B, net VDD
[2026-09-09 23:15:46,545] [WARNING]    Could not find a layer for device $36, class pfet_03v3, terminal G, net DAC_REF
[2026-09-09 23:15:46,548] [WARNING]    Could not find a layer for device $36, class pfet_03v3, terminal B, net VDD
[2026-09-09 23:15:46,550] [WARNING]    Could not find a layer for device $37, class pfet_03v3, terminal G, net DAC_REF
[2026-09-09 23:15:46,552] [WARNING]    Could not find a layer for device $37, class pfet_03v3, terminal B, net VDD
[2026-09-09 23:15:46,554] [WARNING]    Could not find a layer for device $38, class pfet_03v3, terminal G, net DAC_REF
[2026-09-09 23:15:46,557] [WARNING]    Could not find a layer for device $38, class pfet_03v3, terminal B, net VDD
[2026-09-09 23:15:46,559] [WARNING]    Could not find a layer for device $39, class pfet_03v3, terminal G, net DAC_REF
[2026-09-09 23:15:46,561] [WARNING]    Could not find a layer for device $39, class pfet_03v3, terminal B, net VDD
[2026-09-09 23:15:46,563] [WARNING]    Could not find a layer for device $40, class pfet_03v3, terminal G, net DAC_REF
[2026-09-09 23:15:46,566] [WARNING]    Could not find a layer for device $40, class pfet_03v3, terminal B, net VDD
[2026-09-09 23:15:46,567] [WARNING]    Could not find a layer for device $41, class pfet_03v3, terminal G, net DAC_REF
[2026-09-09 23:15:46,569] [WARNING]    Could not find a layer for device $41, class pfet_03v3, terminal B, net VDD
[2026-09-09 23:15:46,572] [WARNING]    Could not find a layer for device $42, class pfet_03v3, terminal G, net DAC_REF
[2026-09-09 23:15:46,575] [WARNING]    Could not find a layer for device $42, class pfet_03v3, terminal B, net VDD
[2026-09-09 23:15:46,577] [WARNING]    Could not find a layer for device $43, class pfet_03v3, terminal G, net DAC_REF
[2026-09-09 23:15:46,580] [WARNING]    Could not find a layer for device $43, class pfet_03v3, terminal B, net VDD
[2026-09-09 23:15:46,582] [WARNING]    Could not find a layer for device $44, class pfet_03v3, terminal G, net DAC_REF
[2026-09-09 23:15:46,584] [WARNING]    Could not find a layer for device $44, class pfet_03v3, terminal B, net VDD
[2026-09-09 23:15:46,586] [WARNING]    Could not find a layer for device $45, class pfet_03v3, terminal G, net DAC_REF
[2026-09-09 23:15:46,588] [WARNING]    Could not find a layer for device $45, class pfet_03v3, terminal B, net VDD
[2026-09-09 23:15:46,591] [WARNING]    Could not find a layer for device $46, class pfet_03v3, terminal G, net DAC_REF
[2026-09-09 23:15:46,593] [WARNING]    Could not find a layer for device $46, class pfet_03v3, terminal B, net VDD
[2026-09-09 23:15:46,595] [WARNING]    Could not find a layer for device $47, class pfet_03v3, terminal G, net DAC_REF
[2026-09-09 23:15:46,598] [WARNING]    Could not find a layer for device $47, class pfet_03v3, terminal B, net VDD
[2026-09-09 23:15:46,600] [WARNING]    Could not find a layer for device $48, class pfet_03v3, terminal G, net DAC_REF
[2026-09-09 23:15:46,602] [WARNING]    Could not find a layer for device $48, class pfet_03v3, terminal B, net VDD
[2026-09-09 23:15:46,604] [WARNING]    Could not find a layer for device $49, class pfet_03v3, terminal G, net DAC_REF
[2026-09-09 23:15:46,607] [WARNING]    Could not find a layer for device $49, class pfet_03v3, terminal B, net VDD
[2026-09-09 23:15:46,609] [WARNING]    Could not find a layer for device $50, class pfet_03v3, terminal G, net DAC_REF
[2026-09-09 23:15:46,612] [WARNING]    Could not find a layer for device $50, class pfet_03v3, terminal B, net VDD
[2026-09-09 23:15:46,615] [WARNING]    Could not find a layer for device $51, class pfet_03v3, terminal G, net DAC_REF
[2026-09-09 23:15:46,617] [WARNING]    Could not find a layer for device $51, class pfet_03v3, terminal B, net VDD
[2026-09-09 23:15:46,619] [WARNING]    Could not find a layer for device $52, class pfet_03v3, terminal G, net DAC_REF
[2026-09-09 23:15:46,622] [WARNING]    Could not find a layer for device $52, class pfet_03v3, terminal B, net VDD
[2026-09-09 23:15:46,625] [WARNING]    Could not find a layer for device $53, class pfet_03v3, terminal G, net DAC_REF
[2026-09-09 23:15:46,627] [WARNING]    Could not find a layer for device $53, class pfet_03v3, terminal B, net VDD
[2026-09-09 23:15:46,628] [WARNING]    Could not find a layer for device $54, class pfet_03v3, terminal G, net DAC_REF
[2026-09-09 23:15:46,631] [WARNING]    Could not find a layer for device $54, class pfet_03v3, terminal B, net VDD
[2026-09-09 23:15:46,633] [WARNING]    Could not find a layer for device $55, class pfet_03v3, terminal G, net DAC_REF
[2026-09-09 23:15:46,635] [WARNING]    Could not find a layer for device $55, class pfet_03v3, terminal B, net VDD
[2026-09-09 23:15:46,637] [WARNING]    Could not find a layer for device $56, class pfet_03v3, terminal G, net DAC_REF
[2026-09-09 23:15:46,640] [WARNING]    Could not find a layer for device $56, class pfet_03v3, terminal B, net VDD
[2026-09-09 23:15:46,642] [WARNING]    Could not find a layer for device $57, class pfet_03v3, terminal G, net DAC_REF
[2026-09-09 23:15:46,645] [WARNING]    Could not find a layer for device $57, class pfet_03v3, terminal B, net VDD
[2026-09-09 23:15:46,648] [WARNING]    Could not find a layer for device $58, class pfet_03v3, terminal G, net DAC_REF
[2026-09-09 23:15:46,651] [WARNING]    Could not find a layer for device $58, class pfet_03v3, terminal B, net VDD
[2026-09-09 23:15:46,653] [WARNING]    Could not find a layer for device $59, class pfet_03v3, terminal G, net DAC_REF
[2026-09-09 23:15:46,655] [WARNING]    Could not find a layer for device $59, class pfet_03v3, terminal B, net VDD
[2026-09-09 23:15:46,658] [WARNING]    Could not find a layer for device $60, class pfet_03v3, terminal G, net DAC_REF
[2026-09-09 23:15:46,660] [WARNING]    Could not find a layer for device $60, class pfet_03v3, terminal B, net VDD
[2026-09-09 23:15:46,663] [WARNING]    Could not find a layer for device $61, class pfet_03v3, terminal G, net DAC_REF
[2026-09-09 23:15:46,666] [WARNING]    Could not find a layer for device $61, class pfet_03v3, terminal B, net VDD
[2026-09-09 23:15:46,668] [WARNING]    Could not find a layer for device $62, class pfet_03v3, terminal G, net DAC_REF
[2026-09-09 23:15:46,670] [WARNING]    Could not find a layer for device $62, class pfet_03v3, terminal B, net VDD
[2026-09-09 23:15:46,673] [WARNING]    Could not find a layer for device $63, class pfet_03v3, terminal G, net DAC_REF
[2026-09-09 23:15:46,675] [WARNING]    Could not find a layer for device $63, class pfet_03v3, terminal B, net VDD
[2026-09-09 23:15:46,677] [WARNING]    Could not find a layer for device $64, class pfet_03v3, terminal G, net b[4]
[2026-09-09 23:15:46,680] [WARNING]    Could not find a layer for device $64, class pfet_03v3, terminal B, net VDD
[2026-09-09 23:15:46,682] [WARNING]    Could not find a layer for device $65, class pfet_03v3, terminal G, net b[4]
[2026-09-09 23:15:46,684] [WARNING]    Could not find a layer for device $65, class pfet_03v3, terminal B, net VDD
[2026-09-09 23:15:46,686] [WARNING]    Could not find a layer for device $66, class pfet_03v3, terminal G, net b[4]
[2026-09-09 23:15:46,688] [WARNING]    Could not find a layer for device $66, class pfet_03v3, terminal B, net VDD
[2026-09-09 23:15:46,690] [WARNING]    Could not find a layer for device $67, class pfet_03v3, terminal G, net b[4]
[2026-09-09 23:15:46,692] [WARNING]    Could not find a layer for device $67, class pfet_03v3, terminal B, net VDD
[2026-09-09 23:15:46,695] [WARNING]    Could not find a layer for device $68, class pfet_03v3, terminal G, net b[3]
[2026-09-09 23:15:46,698] [WARNING]    Could not find a layer for device $68, class pfet_03v3, terminal B, net VDD
[2026-09-09 23:15:46,700] [WARNING]    Could not find a layer for device $69, class pfet_03v3, terminal G, net b[3]
[2026-09-09 23:15:46,702] [WARNING]    Could not find a layer for device $69, class pfet_03v3, terminal B, net VDD
[2026-09-09 23:15:46,703] [WARNING]    Could not find a layer for device $70, class pfet_03v3, terminal G, net b[2]
[2026-09-09 23:15:46,706] [WARNING]    Could not find a layer for device $70, class pfet_03v3, terminal B, net VDD
[2026-09-09 23:15:46,708] [WARNING]    Could not find a layer for device $71, class pfet_03v3, terminal G, net b[1]
[2026-09-09 23:15:46,710] [WARNING]    Could not find a layer for device $71, class pfet_03v3, terminal B, net VDD
[2026-09-09 23:15:46,712] [WARNING]    Could not find a layer for device $72, class pfet_03v3, terminal G, net b[4]
[2026-09-09 23:15:46,715] [WARNING]    Could not find a layer for device $72, class pfet_03v3, terminal B, net VDD
[2026-09-09 23:15:46,716] [WARNING]    Could not find a layer for device $73, class pfet_03v3, terminal G, net b[4]
[2026-09-09 23:15:46,718] [WARNING]    Could not find a layer for device $73, class pfet_03v3, terminal B, net VDD
[2026-09-09 23:15:46,720] [WARNING]    Could not find a layer for device $74, class pfet_03v3, terminal G, net b[4]
[2026-09-09 23:15:46,722] [WARNING]    Could not find a layer for device $74, class pfet_03v3, terminal B, net VDD
[2026-09-09 23:15:46,725] [WARNING]    Could not find a layer for device $75, class pfet_03v3, terminal G, net b[4]
[2026-09-09 23:15:46,727] [WARNING]    Could not find a layer for device $75, class pfet_03v3, terminal B, net VDD
[2026-09-09 23:15:46,729] [WARNING]    Could not find a layer for device $76, class pfet_03v3, terminal G, net b[3]
[2026-09-09 23:15:46,732] [WARNING]    Could not find a layer for device $76, class pfet_03v3, terminal B, net VDD
[2026-09-09 23:15:46,734] [WARNING]    Could not find a layer for device $77, class pfet_03v3, terminal G, net b[3]
[2026-09-09 23:15:46,735] [WARNING]    Could not find a layer for device $77, class pfet_03v3, terminal B, net VDD
[2026-09-09 23:15:46,737] [WARNING]    Could not find a layer for device $78, class pfet_03v3, terminal G, net b[2]
[2026-09-09 23:15:46,739] [WARNING]    Could not find a layer for device $78, class pfet_03v3, terminal B, net VDD
[2026-09-09 23:15:46,742] [WARNING]    Could not find a layer for device $79, class pfet_03v3, terminal G, net b[4]
[2026-09-09 23:15:46,744] [WARNING]    Could not find a layer for device $79, class pfet_03v3, terminal B, net VDD
[2026-09-09 23:15:46,746] [WARNING]    Could not find a layer for device $80, class pfet_03v3, terminal G, net b[4]
[2026-09-09 23:15:46,749] [WARNING]    Could not find a layer for device $80, class pfet_03v3, terminal B, net VDD
[2026-09-09 23:15:46,750] [WARNING]    Could not find a layer for device $81, class pfet_03v3, terminal G, net b[4]
[2026-09-09 23:15:46,752] [WARNING]    Could not find a layer for device $81, class pfet_03v3, terminal B, net VDD
[2026-09-09 23:15:46,754] [WARNING]    Could not find a layer for device $82, class pfet_03v3, terminal G, net b[4]
[2026-09-09 23:15:46,756] [WARNING]    Could not find a layer for device $82, class pfet_03v3, terminal B, net VDD
[2026-09-09 23:15:46,758] [WARNING]    Could not find a layer for device $83, class pfet_03v3, terminal G, net b[3]
[2026-09-09 23:15:46,760] [WARNING]    Could not find a layer for device $83, class pfet_03v3, terminal B, net VDD
[2026-09-09 23:15:46,762] [WARNING]    Could not find a layer for device $84, class pfet_03v3, terminal G, net b[3]
[2026-09-09 23:15:46,765] [WARNING]    Could not find a layer for device $84, class pfet_03v3, terminal B, net VDD
[2026-09-09 23:15:46,767] [WARNING]    Could not find a layer for device $85, class pfet_03v3, terminal G, net b[2]
[2026-09-09 23:15:46,769] [WARNING]    Could not find a layer for device $85, class pfet_03v3, terminal B, net VDD
[2026-09-09 23:15:46,770] [WARNING]    Could not find a layer for device $86, class pfet_03v3, terminal G, net b[1]
[2026-09-09 23:15:46,773] [WARNING]    Could not find a layer for device $86, class pfet_03v3, terminal B, net VDD
[2026-09-09 23:15:46,775] [WARNING]    Could not find a layer for device $87, class pfet_03v3, terminal G, net b[1]
[2026-09-09 23:15:46,777] [WARNING]    Could not find a layer for device $87, class pfet_03v3, terminal B, net VDD
[2026-09-09 23:15:46,779] [WARNING]    Could not find a layer for device $88, class pfet_03v3, terminal G, net b[4]
[2026-09-09 23:15:46,782] [WARNING]    Could not find a layer for device $88, class pfet_03v3, terminal B, net VDD
[2026-09-09 23:15:46,784] [WARNING]    Could not find a layer for device $89, class pfet_03v3, terminal G, net b[4]
[2026-09-09 23:15:46,786] [WARNING]    Could not find a layer for device $89, class pfet_03v3, terminal B, net VDD
[2026-09-09 23:15:46,788] [WARNING]    Could not find a layer for device $90, class pfet_03v3, terminal G, net b[4]
[2026-09-09 23:15:46,790] [WARNING]    Could not find a layer for device $90, class pfet_03v3, terminal B, net VDD
[2026-09-09 23:15:46,792] [WARNING]    Could not find a layer for device $91, class pfet_03v3, terminal G, net b[4]
[2026-09-09 23:15:46,794] [WARNING]    Could not find a layer for device $91, class pfet_03v3, terminal B, net VDD
[2026-09-09 23:15:46,797] [WARNING]    Could not find a layer for device $92, class pfet_03v3, terminal G, net b[3]
[2026-09-09 23:15:46,799] [WARNING]    Could not find a layer for device $92, class pfet_03v3, terminal B, net VDD
[2026-09-09 23:15:46,801] [WARNING]    Could not find a layer for device $93, class pfet_03v3, terminal G, net b[3]
[2026-09-09 23:15:46,803] [WARNING]    Could not find a layer for device $93, class pfet_03v3, terminal B, net VDD
[2026-09-09 23:15:46,805] [WARNING]    Could not find a layer for device $94, class pfet_03v3, terminal G, net b[2]
[2026-09-09 23:15:46,807] [WARNING]    Could not find a layer for device $94, class pfet_03v3, terminal B, net VDD
[2026-09-09 23:15:46,809] [WARNING]    Could not find a layer for device $95, class pfet_03v3, terminal G, net b[0]
[2026-09-09 23:15:46,812] [WARNING]    Could not find a layer for device $95, class pfet_03v3, terminal B, net VDD
[2026-09-09 23:15:47,508] [SUBPROCESS]    Device;Net1;Net2;Capacitance [fF];Resistance [Ω]
[2026-09-09 23:15:47,509] [SUBPROCESS]    C1;$10;$13;2.113;
[2026-09-09 23:15:47,509] [SUBPROCESS]    C2;$10;$14;0.253;
[2026-09-09 23:15:47,510] [SUBPROCESS]    C3;$10;$26;2.246;
[2026-09-09 23:15:47,511] [SUBPROCESS]    C4;$10;$7;0.616;
[2026-09-09 23:15:47,511] [SUBPROCESS]    C5;$10;b[0];0.003;
[2026-09-09 23:15:47,512] [SUBPROCESS]    C6;$10;b[2];0.439;
[2026-09-09 23:15:47,513] [SUBPROCESS]    C7;$10;b[3];2.104;
[2026-09-09 23:15:47,513] [SUBPROCESS]    C8;$10;b[4];0.011;
[2026-09-09 23:15:47,514] [SUBPROCESS]    C9;$10;DAC_REF;0.011;
[2026-09-09 23:15:47,514] [SUBPROCESS]    C10;$10;I_DAC;0.806;
[2026-09-09 23:15:47,515] [SUBPROCESS]    C11;$10;VDD;7.096;
[2026-09-09 23:15:47,515] [SUBPROCESS]    C12;$10;VSUBS;7.236;
[2026-09-09 23:15:47,516] [SUBPROCESS]    C13;$13;$14;2.935;
[2026-09-09 23:15:47,516] [SUBPROCESS]    C14;$13;$26;0.481;
[2026-09-09 23:15:47,516] [SUBPROCESS]    C15;$13;$7;0.097;
[2026-09-09 23:15:47,517] [SUBPROCESS]    C16;$13;b[0];0.117;
[2026-09-09 23:15:47,517] [SUBPROCESS]    C17;$13;b[1];0.326;
[2026-09-09 23:15:47,518] [SUBPROCESS]    C18;$13;b[2];0.525;
[2026-09-09 23:15:47,518] [SUBPROCESS]    C19;$13;I_DAC;0.361;
[2026-09-09 23:15:47,518] [SUBPROCESS]    C20;$13;VDD;3.753;
[2026-09-09 23:15:47,519] [SUBPROCESS]    C21;$13;VSUBS;3.06;
[2026-09-09 23:15:47,519] [SUBPROCESS]    C22;$14;$26;0.351;
[2026-09-09 23:15:47,520] [SUBPROCESS]    C23;$14;$7;1.178;
[2026-09-09 23:15:47,520] [SUBPROCESS]    C24;$14;b[0];0.14;
[2026-09-09 23:15:47,521] [SUBPROCESS]    C25;$14;b[1];0.126;
[2026-09-09 23:15:47,521] [SUBPROCESS]    C26;$14;I_DAC;0.329;
[2026-09-09 23:15:47,522] [SUBPROCESS]    C27;$14;VDD;2.038;
[2026-09-09 23:15:47,522] [SUBPROCESS]    C28;$14;VSUBS;1.825;
[2026-09-09 23:15:47,522] [SUBPROCESS]    C29;$26;$7;0.329;
[2026-09-09 23:15:47,523] [SUBPROCESS]    C30;$26;b[3];0.073;
[2026-09-09 23:15:47,523] [SUBPROCESS]    C31;$26;b[4];3.887;
[2026-09-09 23:15:47,524] [SUBPROCESS]    C32;$26;DAC_REF;0.062;
[2026-09-09 23:15:47,524] [SUBPROCESS]    C33;$26;I_DAC;1.326;
[2026-09-09 23:15:47,525] [SUBPROCESS]    C34;$26;VDD;10.407;
[2026-09-09 23:15:47,525] [SUBPROCESS]    C35;$26;VSUBS;10.05;
[2026-09-09 23:15:47,525] [SUBPROCESS]    C36;$7;b[0];0.299;
[2026-09-09 23:15:47,526] [SUBPROCESS]    C37;$7;I_DAC;0.054;
[2026-09-09 23:15:47,526] [SUBPROCESS]    C38;$7;VDD;1.174;
[2026-09-09 23:15:47,527] [SUBPROCESS]    C39;$7;VSUBS;1.687;
[2026-09-09 23:15:47,528] [SUBPROCESS]    C40;b[0];b[1];0.05;
[2026-09-09 23:15:47,528] [SUBPROCESS]    C41;b[0];b[2];0.016;
[2026-09-09 23:15:47,529] [SUBPROCESS]    C42;b[1];b[2];0.062;
[2026-09-09 23:15:47,529] [SUBPROCESS]    C43;b[1];b[3];0.0;
[2026-09-09 23:15:47,529] [SUBPROCESS]    C44;b[2];b[3];0.079;
[2026-09-09 23:15:47,530] [SUBPROCESS]    C45;b[3];b[4];0.252;
[2026-09-09 23:15:47,530] [SUBPROCESS]    C46;DAC_REF;VDD;1.307;
[2026-09-09 23:15:47,531] [SUBPROCESS]    C47;DAC_REF;VSUBS;0.554;
[2026-09-09 23:15:47,531] [SUBPROCESS]    C48;I_DAC;b[0];1.153;
[2026-09-09 23:15:47,532] [SUBPROCESS]    C49;I_DAC;b[1];0.66;
[2026-09-09 23:15:47,532] [SUBPROCESS]    C50;I_DAC;b[2];0.794;
[2026-09-09 23:15:47,532] [SUBPROCESS]    C51;I_DAC;b[3];1.625;
[2026-09-09 23:15:47,533] [SUBPROCESS]    C52;I_DAC;b[4];3.571;
[2026-09-09 23:15:47,533] [SUBPROCESS]    C53;I_DAC;VDD;1.187;
[2026-09-09 23:15:47,534] [SUBPROCESS]    C54;I_DAC;VSUBS;3.647;
[2026-09-09 23:15:47,534] [SUBPROCESS]    C55;VDD;b[0];2.273;
[2026-09-09 23:15:47,534] [SUBPROCESS]    C56;VDD;b[1];0.11;
[2026-09-09 23:15:47,535] [SUBPROCESS]    C57;VDD;b[2];0.137;
[2026-09-09 23:15:47,535] [SUBPROCESS]    C58;VDD;b[3];0.228;
[2026-09-09 23:15:47,536] [SUBPROCESS]    C59;VDD;b[4];0.78;
[2026-09-09 23:15:47,536] [SUBPROCESS]    C60;VDD;VSUBS;49.445;
[2026-09-09 23:15:47,536] [SUBPROCESS]    C61;VSUBS;b[0];0.693;
[2026-09-09 23:15:47,537] [SUBPROCESS]    C62;VSUBS;b[1];0.413;
[2026-09-09 23:15:47,537] [SUBPROCESS]    C63;VSUBS;b[2];0.45;
[2026-09-09 23:15:47,538] [SUBPROCESS]    C64;VSUBS;b[3];0.952;
[2026-09-09 23:15:47,538] [SUBPROCESS]    C65;VSUBS;b[4];2.063;
[2026-09-09 23:15:47,539] [SUBPROCESS]    /foss/designs/DAC_CORE_5bit/output/DAC_CORE_5bit__DAC_CORE_5bit/DAC_CORE_5bit_k25d_pex_netlist.csv
[2026-09-09 23:15:47,547] [SUBPROCESS]    Wrote expanded netlist to: /foss/designs/DAC_CORE_5bit/output/DAC_CORE_5bit__DAC_CORE_5bit/DAC_CORE_5bit_k25d_pex_netlist.spice
[2026-09-09 23:15:47,549] [INFO]    Copied expanded SPICE netlist to: DAC_CORE_5bit.pex.spice
