[2026-09-09 20:43:58,557] [INFO]    GDS input file passed, running in LVS mode
[2026-09-09 20:43:58,580] [INFO]    Found cell DAC_CORE_5bit in GDS DAC_CORE_5bit.klay.gds (only top cell)
[2026-09-09 20:43:58,582] [INFO]    LVS input schematic not specified (argument --schematic), using dummy schematic
[2026-09-09 20:43:58,592] [INFO]    Cache miss: extracted LVSDB does not exist
[2026-09-09 20:43:58,592] [SUBPROCESS]    output/.kpex_cache/gf180mcuD/foss/designs/DAC_CORE_5bit/DAC_CORE_5bit.klay.gds/DAC_CORE_5bit.lvsdb.gz
[2026-09-09 20:43:58,593] [SUBPROCESS]    klayout -b -r /usr/local/lib/python3.12/dist-packages/klayout_pex/pdk/gf180mcuD/libs.tech/kpex/gf180mcu.lvs -rd input=/foss/designs/DAC_CORE_5bit/DAC_CORE_5bit.klay.gds -rd report=/foss/designs/DAC_CORE_5bit/output/DAC_CORE_5bit__DAC_CORE_5bit/DAC_CORE_5bit.lvsdb.gz -rd schematic=/foss/designs/DAC_CORE_5bit/output/DAC_CORE_5bit__DAC_CORE_5bit/DAC_CORE_5bit_dummy_schematic.spice -rd thr=22 -rd run_mode=deep -rd spice_net_names=true -rd spice_comments=false -rd scale=false -rd verbose=false -rd schematic_simplify=false -rd net_only=false -rd top_lvl_pins=true -rd combine=false -rd combine_devices=false -rd purge=false -rd purge_nets=false -rd no_simplify=true
[2026-09-09 20:43:58,596] [SUBPROCESS]    output/DAC_CORE_5bit__DAC_CORE_5bit/DAC_CORE_5bit_lvs.log
[2026-09-09 20:44:00,798] [SUBPROCESS]    2026-09-09 20:44:00 +0200: Memory Usage (674576K) : Starting running GF180MCU Klayout LVS runset on /foss/designs/DAC_CORE_5bit/DAC_CORE_5bit.klay.gds
[2026-09-09 20:44:00,806] [SUBPROCESS]    2026-09-09 20:44:00 +0200: Memory Usage (674576K) : Ruby Version for klayout: 3.2.3
[2026-09-09 20:44:00,811] [SUBPROCESS]    2026-09-09 20:44:00 +0200: Memory Usage (674576K) : Loading database to memory is complete.
[2026-09-09 20:44:00,817] [SUBPROCESS]    2026-09-09 20:44:00 +0200: Memory Usage (674576K) : GF180MCU Klayout LVS runset output at: /foss/designs/DAC_CORE_5bit/output/DAC_CORE_5bit__DAC_CORE_5bit/DAC_CORE_5bit.lvsdb.gz
[2026-09-09 20:44:00,824] [SUBPROCESS]    2026-09-09 20:44:00 +0200: Memory Usage (674576K) : Evaluate switches.
[2026-09-09 20:44:00,832] [SUBPROCESS]    2026-09-09 20:44:00 +0200: Memory Usage (674576K) : Substrate name used: 
[2026-09-09 20:44:00,841] [SUBPROCESS]    2026-09-09 20:44:00 +0200: Memory Usage (674576K) : Extracted netlist with net names: true
[2026-09-09 20:44:00,847] [SUBPROCESS]    2026-09-09 20:44:00 +0200: Memory Usage (674576K) : Extracted netlist with comments in details: false
[2026-09-09 20:44:00,854] [SUBPROCESS]    2026-09-09 20:44:00 +0200: Memory Usage (674576K) : GF180MCU Klayout LVS extracted netlist file at: DAC_CORE_5bit_extracted.cir
[2026-09-09 20:44:00,861] [SUBPROCESS]    2026-09-09 20:44:00 +0200: Memory Usage (674576K) : LVS device_scaling option: false
[2026-09-09 20:44:00,867] [SUBPROCESS]    2026-09-09 20:44:00 +0200: Memory Usage (674576K) : Selected SCH_SIMPLE option: false
[2026-09-09 20:44:00,875] [SUBPROCESS]    2026-09-09 20:44:00 +0200: Memory Usage (674576K) : Selected NET_ONLY option: false
[2026-09-09 20:44:00,882] [SUBPROCESS]    2026-09-09 20:44:00 +0200: Memory Usage (674576K) : Selected TOP_LVL_PINS option: true
[2026-09-09 20:44:00,889] [SUBPROCESS]    2026-09-09 20:44:00 +0200: Memory Usage (674576K) : Selected COMBINE option: false
[2026-09-09 20:44:00,894] [SUBPROCESS]    2026-09-09 20:44:00 +0200: Memory Usage (674576K) : Selected PURGE option: false
[2026-09-09 20:44:00,900] [SUBPROCESS]    2026-09-09 20:44:00 +0200: Memory Usage (674576K) : Selected PURGE_NETS option: false
[2026-09-09 20:44:00,908] [SUBPROCESS]    2026-09-09 20:44:00 +0200: Memory Usage (674576K) : Selected SIMPLIFY option: false
[2026-09-09 20:44:00,915] [SUBPROCESS]    2026-09-09 20:44:00 +0200: Memory Usage (674576K) : Verbose mode: false
[2026-09-09 20:44:00,924] [SUBPROCESS]    2026-09-09 20:44:00 +0200: Memory Usage (674576K) : deep  mode is enabled.
[2026-09-09 20:44:00,929] [SUBPROCESS]    2026-09-09 20:44:00 +0200: Memory Usage (674576K) : METAL_TOP Selected is 9K
[2026-09-09 20:44:00,936] [SUBPROCESS]    2026-09-09 20:44:00 +0200: Memory Usage (674576K) : METAL_STACK Selected is 6LM
[2026-09-09 20:44:00,944] [SUBPROCESS]    2026-09-09 20:44:00 +0200: Memory Usage (674576K) : POLY_RES Selected is 1k
[2026-09-09 20:44:00,950] [SUBPROCESS]    2026-09-09 20:44:00 +0200: Memory Usage (674576K) : MIM Option selected: B
[2026-09-09 20:44:00,960] [SUBPROCESS]    2026-09-09 20:44:00 +0200: Memory Usage (674576K) : MIM CAP selected: 2
[2026-09-09 20:44:00,967] [SUBPROCESS]    2026-09-09 20:44:00 +0200: Memory Usage (674576K) : Netlist file: /foss/designs/DAC_CORE_5bit/output/DAC_CORE_5bit__DAC_CORE_5bit/DAC_CORE_5bit_dummy_schematic.spice
[2026-09-09 20:44:00,975] [SUBPROCESS]    2026-09-09 20:44:00 +0200: Memory Usage (674576K) : Read in polygons from layers.
[2026-09-09 20:44:00,982] [SUBPROCESS]    2026-09-09 20:44:00 +0200: Memory Usage (674576K) : comp has 649 polygons
[2026-09-09 20:44:00,991] [SUBPROCESS]    2026-09-09 20:44:00 +0200: Memory Usage (674576K) : dnwell has 0 polygons
[2026-09-09 20:44:01,000] [SUBPROCESS]    2026-09-09 20:44:00 +0200: Memory Usage (674576K) : nwell has 651 polygons
[2026-09-09 20:44:01,009] [SUBPROCESS]    2026-09-09 20:44:00 +0200: Memory Usage (674576K) : lvpwell has 0 polygons
[2026-09-09 20:44:01,017] [SUBPROCESS]    2026-09-09 20:44:01 +0200: Memory Usage (674576K) : dualgate has 0 polygons
[2026-09-09 20:44:01,025] [SUBPROCESS]    2026-09-09 20:44:01 +0200: Memory Usage (674576K) : poly2 has 231 polygons
[2026-09-09 20:44:01,033] [SUBPROCESS]    2026-09-09 20:44:01 +0200: Memory Usage (674576K) : nplus has 554 polygons
[2026-09-09 20:44:01,043] [SUBPROCESS]    2026-09-09 20:44:01 +0200: Memory Usage (674576K) : pplus has 95 polygons
[2026-09-09 20:44:01,050] [SUBPROCESS]    2026-09-09 20:44:01 +0200: Memory Usage (674576K) : sab has 0 polygons
[2026-09-09 20:44:01,058] [SUBPROCESS]    2026-09-09 20:44:01 +0200: Memory Usage (674576K) : esd has 0 polygons
[2026-09-09 20:44:01,065] [SUBPROCESS]    2026-09-09 20:44:01 +0200: Memory Usage (674576K) : resistor has 0 polygons
[2026-09-09 20:44:01,075] [SUBPROCESS]    2026-09-09 20:44:01 +0200: Memory Usage (674576K) : fhres has 0 polygons
[2026-09-09 20:44:01,083] [SUBPROCESS]    2026-09-09 20:44:01 +0200: Memory Usage (674576K) : fusetop has 0 polygons
[2026-09-09 20:44:01,092] [SUBPROCESS]    2026-09-09 20:44:01 +0200: Memory Usage (674576K) : fusewindow_d has 0 polygons
[2026-09-09 20:44:01,099] [SUBPROCESS]    2026-09-09 20:44:01 +0200: Memory Usage (674576K) : polyfuse has 0 polygons
[2026-09-09 20:44:01,108] [SUBPROCESS]    2026-09-09 20:44:01 +0200: Memory Usage (674576K) : mvsd has 0 polygons
[2026-09-09 20:44:01,116] [SUBPROCESS]    2026-09-09 20:44:01 +0200: Memory Usage (675096K) : mvpsd has 0 polygons
[2026-09-09 20:44:01,125] [SUBPROCESS]    2026-09-09 20:44:01 +0200: Memory Usage (675096K) : nat has 0 polygons
[2026-09-09 20:44:01,132] [SUBPROCESS]    2026-09-09 20:44:01 +0200: Memory Usage (675096K) : comp_dummy has 0 polygons
[2026-09-09 20:44:01,140] [SUBPROCESS]    2026-09-09 20:44:01 +0200: Memory Usage (675096K) : poly2_dummy has 0 polygons
[2026-09-09 20:44:01,148] [SUBPROCESS]    2026-09-09 20:44:01 +0200: Memory Usage (675096K) : schottky_diode has 0 polygons
[2026-09-09 20:44:01,156] [SUBPROCESS]    2026-09-09 20:44:01 +0200: Memory Usage (675096K) : zener has 0 polygons
[2026-09-09 20:44:01,163] [SUBPROCESS]    2026-09-09 20:44:01 +0200: Memory Usage (675096K) : res_mk has 0 polygons
[2026-09-09 20:44:01,171] [SUBPROCESS]    2026-09-09 20:44:01 +0200: Memory Usage (675096K) : opc_drc has 0 polygons
[2026-09-09 20:44:01,178] [SUBPROCESS]    2026-09-09 20:44:01 +0200: Memory Usage (675096K) : ndmy has 0 polygons
[2026-09-09 20:44:01,185] [SUBPROCESS]    2026-09-09 20:44:01 +0200: Memory Usage (675096K) : pmndmy has 0 polygons
[2026-09-09 20:44:01,194] [SUBPROCESS]    2026-09-09 20:44:01 +0200: Memory Usage (675500K) : v5_xtor has 0 polygons
[2026-09-09 20:44:01,203] [SUBPROCESS]    2026-09-09 20:44:01 +0200: Memory Usage (675500K) : cap_mk has 0 polygons
[2026-09-09 20:44:01,211] [SUBPROCESS]    2026-09-09 20:44:01 +0200: Memory Usage (675500K) : mos_cap_mk has 0 polygons
[2026-09-09 20:44:01,218] [SUBPROCESS]    2026-09-09 20:44:01 +0200: Memory Usage (675500K) : ind_mk has 0 polygons
[2026-09-09 20:44:01,226] [SUBPROCESS]    2026-09-09 20:44:01 +0200: Memory Usage (675500K) : diode_mk has 0 polygons
[2026-09-09 20:44:01,234] [SUBPROCESS]    2026-09-09 20:44:01 +0200: Memory Usage (675500K) : drc_bjt has 0 polygons
[2026-09-09 20:44:01,244] [SUBPROCESS]    2026-09-09 20:44:01 +0200: Memory Usage (675872K) : lvs_bjt has 0 polygons
[2026-09-09 20:44:01,251] [SUBPROCESS]    2026-09-09 20:44:01 +0200: Memory Usage (675872K) : mim_l_mk has 0 polygons
[2026-09-09 20:44:01,260] [SUBPROCESS]    2026-09-09 20:44:01 +0200: Memory Usage (675872K) : latchup_mk has 0 polygons
[2026-09-09 20:44:01,266] [SUBPROCESS]    2026-09-09 20:44:01 +0200: Memory Usage (675872K) : guard_ring_mk has 0 polygons
[2026-09-09 20:44:01,298] [SUBPROCESS]    2026-09-09 20:44:01 +0200: Memory Usage (675872K) : otp_mk has 0 polygons
[2026-09-09 20:44:01,307] [SUBPROCESS]    2026-09-09 20:44:01 +0200: Memory Usage (675872K) : mtpmark has 0 polygons
[2026-09-09 20:44:01,315] [SUBPROCESS]    2026-09-09 20:44:01 +0200: Memory Usage (675872K) : neo_ee_mk has 0 polygons
[2026-09-09 20:44:01,324] [SUBPROCESS]    2026-09-09 20:44:01 +0200: Memory Usage (675872K) : sramcore has 0 polygons
[2026-09-09 20:44:01,331] [SUBPROCESS]    2026-09-09 20:44:01 +0200: Memory Usage (675872K) : lvs_rf has 0 polygons
[2026-09-09 20:44:01,339] [SUBPROCESS]    2026-09-09 20:44:01 +0200: Memory Usage (675872K) : lvs_drain has 0 polygons
[2026-09-09 20:44:01,346] [SUBPROCESS]    2026-09-09 20:44:01 +0200: Memory Usage (675872K) : ind_mk has 0 polygons
[2026-09-09 20:44:01,356] [SUBPROCESS]    2026-09-09 20:44:01 +0200: Memory Usage (675872K) : hvpolyrs has 0 polygons
[2026-09-09 20:44:01,364] [SUBPROCESS]    2026-09-09 20:44:01 +0200: Memory Usage (675872K) : lvs_io has 0 polygons
[2026-09-09 20:44:01,372] [SUBPROCESS]    2026-09-09 20:44:01 +0200: Memory Usage (675872K) : probe_mk has 0 polygons
[2026-09-09 20:44:01,380] [SUBPROCESS]    2026-09-09 20:44:01 +0200: Memory Usage (675872K) : esd_mk has 0 polygons
[2026-09-09 20:44:01,388] [SUBPROCESS]    2026-09-09 20:44:01 +0200: Memory Usage (675872K) : lvs_source has 0 polygons
[2026-09-09 20:44:01,396] [SUBPROCESS]    2026-09-09 20:44:01 +0200: Memory Usage (675872K) : well_diode_mk has 0 polygons
[2026-09-09 20:44:01,405] [SUBPROCESS]    2026-09-09 20:44:01 +0200: Memory Usage (675872K) : ldmos_xtor has 0 polygons
[2026-09-09 20:44:01,412] [SUBPROCESS]    2026-09-09 20:44:01 +0200: Memory Usage (675872K) : plfuse has 0 polygons
[2026-09-09 20:44:01,420] [SUBPROCESS]    2026-09-09 20:44:01 +0200: Memory Usage (675872K) : efuse_mk has 0 polygons
[2026-09-09 20:44:01,429] [SUBPROCESS]    2026-09-09 20:44:01 +0200: Memory Usage (675872K) : mcell_feol_mk has 0 polygons
[2026-09-09 20:44:01,436] [SUBPROCESS]    2026-09-09 20:44:01 +0200: Memory Usage (675872K) : ymtp_mk has 0 polygons
[2026-09-09 20:44:01,445] [SUBPROCESS]    2026-09-09 20:44:01 +0200: Memory Usage (675872K) : dev_wf_mk has 0 polygons
[2026-09-09 20:44:01,452] [SUBPROCESS]    2026-09-09 20:44:01 +0200: Memory Usage (675872K) : comp_label has 0 polygons
[2026-09-09 20:44:01,460] [SUBPROCESS]    2026-09-09 20:44:01 +0200: Memory Usage (675872K) : poly2_label has 0 polygons
[2026-09-09 20:44:01,467] [SUBPROCESS]    2026-09-09 20:44:01 +0200: Memory Usage (675872K) : mdiode has 0 polygons
[2026-09-09 20:44:01,477] [SUBPROCESS]    2026-09-09 20:44:01 +0200: Memory Usage (675872K) : contact has 1034 polygons
[2026-09-09 20:44:01,486] [SUBPROCESS]    2026-09-09 20:44:01 +0200: Memory Usage (675872K) : metal1_drawn has 1055 polygons
[2026-09-09 20:44:01,495] [SUBPROCESS]    2026-09-09 20:44:01 +0200: Memory Usage (675872K) : metal1_dummy has 0 polygons
[2026-09-09 20:44:01,503] [SUBPROCESS]    2026-09-09 20:44:01 +0200: Memory Usage (675872K) : metal1_label has 1 polygons
[2026-09-09 20:44:01,511] [SUBPROCESS]    2026-09-09 20:44:01 +0200: Memory Usage (675872K) : metal1_slot has 0 polygons
[2026-09-09 20:44:01,519] [SUBPROCESS]    2026-09-09 20:44:01 +0200: Memory Usage (675872K) : metal1_blk has 0 polygons
[2026-09-09 20:44:01,528] [SUBPROCESS]    2026-09-09 20:44:01 +0200: Memory Usage (675872K) : metal1_res has 0 polygons
[2026-09-09 20:44:01,536] [SUBPROCESS]    2026-09-09 20:44:01 +0200: Memory Usage (675872K) : via1 has 106 polygons
[2026-09-09 20:44:01,544] [SUBPROCESS]    2026-09-09 20:44:01 +0200: Memory Usage (675872K) : metal2_drawn has 149 polygons
[2026-09-09 20:44:01,552] [SUBPROCESS]    2026-09-09 20:44:01 +0200: Memory Usage (675872K) : metal2_dummy has 0 polygons
[2026-09-09 20:44:01,562] [SUBPROCESS]    2026-09-09 20:44:01 +0200: Memory Usage (675872K) : metal2_label has 7 polygons
[2026-09-09 20:44:01,569] [SUBPROCESS]    2026-09-09 20:44:01 +0200: Memory Usage (675872K) : metal2_slot has 0 polygons
[2026-09-09 20:44:01,577] [SUBPROCESS]    2026-09-09 20:44:01 +0200: Memory Usage (675872K) : metal2_blk has 0 polygons
[2026-09-09 20:44:01,584] [SUBPROCESS]    2026-09-09 20:44:01 +0200: Memory Usage (675872K) : metal2_res has 0 polygons
[2026-09-09 20:44:01,593] [SUBPROCESS]    2026-09-09 20:44:01 +0200: Memory Usage (675872K) : via2 has 0 polygons
[2026-09-09 20:44:01,601] [SUBPROCESS]    2026-09-09 20:44:01 +0200: Memory Usage (675872K) : metal3_drawn has 0 polygons
[2026-09-09 20:44:01,610] [SUBPROCESS]    2026-09-09 20:44:01 +0200: Memory Usage (675872K) : metal3_dummy has 0 polygons
[2026-09-09 20:44:01,617] [SUBPROCESS]    2026-09-09 20:44:01 +0200: Memory Usage (675872K) : metal3_label has 0 polygons
[2026-09-09 20:44:01,626] [SUBPROCESS]    2026-09-09 20:44:01 +0200: Memory Usage (675872K) : metal3_slot has 0 polygons
[2026-09-09 20:44:01,632] [SUBPROCESS]    2026-09-09 20:44:01 +0200: Memory Usage (675872K) : metal3_blk has 0 polygons
[2026-09-09 20:44:01,641] [SUBPROCESS]    2026-09-09 20:44:01 +0200: Memory Usage (675872K) : metal3_res has 0 polygons
[2026-09-09 20:44:01,648] [SUBPROCESS]    2026-09-09 20:44:01 +0200: Memory Usage (675872K) : via3 has 0 polygons
[2026-09-09 20:44:01,657] [SUBPROCESS]    2026-09-09 20:44:01 +0200: Memory Usage (675872K) : metal4_drawn has 0 polygons
[2026-09-09 20:44:01,665] [SUBPROCESS]    2026-09-09 20:44:01 +0200: Memory Usage (676256K) : metal4_dummy has 0 polygons
[2026-09-09 20:44:01,674] [SUBPROCESS]    2026-09-09 20:44:01 +0200: Memory Usage (676256K) : metal4_label has 0 polygons
[2026-09-09 20:44:01,681] [SUBPROCESS]    2026-09-09 20:44:01 +0200: Memory Usage (676256K) : metal4_slot has 0 polygons
[2026-09-09 20:44:01,689] [SUBPROCESS]    2026-09-09 20:44:01 +0200: Memory Usage (676256K) : metal4_blk has 0 polygons
[2026-09-09 20:44:01,698] [SUBPROCESS]    2026-09-09 20:44:01 +0200: Memory Usage (676256K) : metal4_res has 0 polygons
[2026-09-09 20:44:01,706] [SUBPROCESS]    2026-09-09 20:44:01 +0200: Memory Usage (676256K) : via4 has 0 polygons
[2026-09-09 20:44:01,713] [SUBPROCESS]    2026-09-09 20:44:01 +0200: Memory Usage (676664K) : metal5_drawn has 0 polygons
[2026-09-09 20:44:01,724] [SUBPROCESS]    2026-09-09 20:44:01 +0200: Memory Usage (676664K) : metal5_dummy has 0 polygons
[2026-09-09 20:44:01,732] [SUBPROCESS]    2026-09-09 20:44:01 +0200: Memory Usage (676664K) : metal5_label has 0 polygons
[2026-09-09 20:44:01,741] [SUBPROCESS]    2026-09-09 20:44:01 +0200: Memory Usage (676664K) : metal5_slot has 0 polygons
[2026-09-09 20:44:01,748] [SUBPROCESS]    2026-09-09 20:44:01 +0200: Memory Usage (676664K) : metal5_blk has 0 polygons
[2026-09-09 20:44:01,756] [SUBPROCESS]    2026-09-09 20:44:01 +0200: Memory Usage (676664K) : metal5_res has 0 polygons
[2026-09-09 20:44:01,766] [SUBPROCESS]    2026-09-09 20:44:01 +0200: Memory Usage (677072K) : via5 has 0 polygons
[2026-09-09 20:44:01,774] [SUBPROCESS]    2026-09-09 20:44:01 +0200: Memory Usage (677072K) : metaltop_drawn has 0 polygons
[2026-09-09 20:44:01,782] [SUBPROCESS]    2026-09-09 20:44:01 +0200: Memory Usage (677072K) : metaltop_dummy has 0 polygons
[2026-09-09 20:44:01,790] [SUBPROCESS]    2026-09-09 20:44:01 +0200: Memory Usage (677072K) : metaltop_label has 0 polygons
[2026-09-09 20:44:01,797] [SUBPROCESS]    2026-09-09 20:44:01 +0200: Memory Usage (677072K) : metaltop_slot has 0 polygons
[2026-09-09 20:44:01,821] [SUBPROCESS]    2026-09-09 20:44:01 +0200: Memory Usage (677072K) : metaltop_blk has 0 polygons
[2026-09-09 20:44:01,829] [SUBPROCESS]    2026-09-09 20:44:01 +0200: Memory Usage (677484K) : metal6_res has 0 polygons
[2026-09-09 20:44:01,835] [SUBPROCESS]    2026-09-09 20:44:01 +0200: Memory Usage (677484K) : pad has 0 polygons
[2026-09-09 20:44:01,845] [SUBPROCESS]    2026-09-09 20:44:01 +0200: Memory Usage (677484K) : ubmpperi has 0 polygons
[2026-09-09 20:44:01,852] [SUBPROCESS]    2026-09-09 20:44:01 +0200: Memory Usage (677484K) : ubmparray has 0 polygons
[2026-09-09 20:44:01,861] [SUBPROCESS]    2026-09-09 20:44:01 +0200: Memory Usage (677484K) : ubmeplate has 0 polygons
[2026-09-09 20:44:01,867] [SUBPROCESS]    2026-09-09 20:44:01 +0200: Memory Usage (677484K) : pr_bndry has 0 polygons
[2026-09-09 20:44:01,875] [SUBPROCESS]    2026-09-09 20:44:01 +0200: Memory Usage (677484K) : border has 0 polygons
[2026-09-09 20:44:01,882] [SUBPROCESS]    2026-09-09 20:44:01 +0200: Memory Usage (677484K) : Total no. of polygons in the design is 4532
[2026-09-09 20:44:01,889] [SUBPROCESS]    2026-09-09 20:44:01 +0200: Memory Usage (677484K) : Starting deriving base layers.
[2026-09-09 20:44:01,895] [SUBPROCESS]    2026-09-09 20:44:01 +0200: Memory Usage (677484K) : Starting GF180MCU LVS runset
[2026-09-09 20:44:01,998] [SUBPROCESS]    2026-09-09 20:44:01 +0200: Memory Usage (677484K) : Starting base layers derivations
[2026-09-09 20:44:02,014] [SUBPROCESS]    2026-09-09 20:44:01 +0200: Memory Usage (825708K) : Starting MOSFET DERIVATIONS
[2026-09-09 20:44:02,051] [SUBPROCESS]    2026-09-09 20:44:02 +0200: Memory Usage (826088K) : Starting PMOS layers DERIVATIONS
[2026-09-09 20:44:02,093] [SUBPROCESS]    2026-09-09 20:44:02 +0200: Memory Usage (828356K) : Starting NMOS layers DERIVATIONS
[2026-09-09 20:44:02,100] [SUBPROCESS]    2026-09-09 20:44:02 +0200: Memory Usage (830644K) : Starting BJT DERIVATIONS
[2026-09-09 20:44:02,190] [SUBPROCESS]    2026-09-09 20:44:02 +0200: Memory Usage (830644K) : Starting vnpn layers DERIVATIONS
[2026-09-09 20:44:02,252] [SUBPROCESS]    2026-09-09 20:44:02 +0200: Memory Usage (835560K) : Starting vpnp layers DERIVATIONS
[2026-09-09 20:44:02,382] [SUBPROCESS]    2026-09-09 20:44:02 +0200: Memory Usage (837828K) : Starting DIODE DERIVATIONS
[2026-09-09 20:44:02,556] [SUBPROCESS]    2026-09-09 20:44:02 +0200: Memory Usage (838620K) : Starting RESISTOR DERIVATIONS
[2026-09-09 20:44:02,572] [SUBPROCESS]    2026-09-09 20:44:02 +0200: Memory Usage (838620K) : Starting MIMCAP DERIVATIONS
[2026-09-09 20:44:02,611] [SUBPROCESS]    2026-09-09 20:44:02 +0200: Memory Usage (838620K) : Starting MOSCAP DERIVATIONS
[2026-09-09 20:44:02,628] [SUBPROCESS]    2026-09-09 20:44:02 +0200: Memory Usage (838620K) : Starting MOS SAB DERIVATIONS
[2026-09-09 20:44:02,655] [SUBPROCESS]    2026-09-09 20:44:02 +0200: Memory Usage (838620K) : Starting PMOS SAB DERIVATIONS
[2026-09-09 20:44:02,684] [SUBPROCESS]    2026-09-09 20:44:02 +0200: Memory Usage (838620K) : Starting NMOS SAB DERIVATIONS
[2026-09-09 20:44:02,698] [SUBPROCESS]    2026-09-09 20:44:02 +0200: Memory Usage (838620K) : Starting NMOS EFUSE DERIVATIONS
[2026-09-09 20:44:02,705] [SUBPROCESS]    2026-09-09 20:44:02 +0200: Memory Usage (839036K) : Starting GF180 LVS connectivity setup
[2026-09-09 20:44:02,711] [SUBPROCESS]    2026-09-09 20:44:02 +0200: Memory Usage (839036K) : Starting GF180 LVS connectivity setup (Inter-layer)
[2026-09-09 20:44:02,719] [SUBPROCESS]    2026-09-09 20:44:02 +0200: Memory Usage (839036K) : Starting GF180 LVS connectivity setup (Global)
[2026-09-09 20:44:02,725] [SUBPROCESS]    2026-09-09 20:44:02 +0200: Memory Usage (839036K) : Starting GF180 LVS connectivity setup (Multifinger Devices)
[2026-09-09 20:44:02,731] [SUBPROCESS]    2026-09-09 20:44:02 +0200: Memory Usage (839036K) : Starting LVS MOSFET CONNECTIONS
[2026-09-09 20:44:02,738] [SUBPROCESS]    2026-09-09 20:44:02 +0200: Memory Usage (839036K) : Starting LVS BJT CONNECTIONS
[2026-09-09 20:44:02,744] [SUBPROCESS]    2026-09-09 20:44:02 +0200: Memory Usage (839036K) : Starting LVS DIODE CONNECTIONS
[2026-09-09 20:44:02,751] [SUBPROCESS]    2026-09-09 20:44:02 +0200: Memory Usage (839036K) : Starting LVS MIMCAP CONNECTIONS
[2026-09-09 20:44:02,758] [SUBPROCESS]    2026-09-09 20:44:02 +0200: Memory Usage (839036K) : Starting LVS RESISTOR CONNECTIONS
[2026-09-09 20:44:02,767] [SUBPROCESS]    2026-09-09 20:44:02 +0200: Memory Usage (839036K) : Starting LVS EFUSE CONNECTIONS
[2026-09-09 20:44:02,773] [SUBPROCESS]    2026-09-09 20:44:02 +0200: Memory Usage (839036K) : Starting GF180 LVS DEVICES EXTRACTION
[2026-09-09 20:44:02,779] [SUBPROCESS]    2026-09-09 20:44:02 +0200: Memory Usage (839036K) : Starting MOSFET EXTRACTION
[2026-09-09 20:44:02,785] [SUBPROCESS]    2026-09-09 20:44:02 +0200: Memory Usage (839036K) : Starting PMOS EXTRACTION
[2026-09-09 20:44:02,794] [SUBPROCESS]    2026-09-09 20:44:02 +0200: Memory Usage (839036K) : Extracting 3.3V PMOS transistor outside DNWEL
[2026-09-09 20:44:02,807] [SUBPROCESS]    2026-09-09 20:44:02 +0200: Memory Usage (839036K) : Extracting 5V PMOS transistor outside DNWELL
[2026-09-09 20:44:02,813] [SUBPROCESS]    2026-09-09 20:44:02 +0200: Memory Usage (839100K) : Extracting 6V PMOS transistor outside DNWELL
[2026-09-09 20:44:02,822] [SUBPROCESS]    2026-09-09 20:44:02 +0200: Memory Usage (839100K) : Extracting 3.3V PMOS transistor inside DNWELL
[2026-09-09 20:44:02,829] [SUBPROCESS]    2026-09-09 20:44:02 +0200: Memory Usage (839480K) : Extracting 5V PMOS transistor inside DNWELL
[2026-09-09 20:44:02,859] [SUBPROCESS]    2026-09-09 20:44:02 +0200: Memory Usage (839480K) : Extracting 6V PMOS transistor inside DNWELL
[2026-09-09 20:44:02,866] [SUBPROCESS]    2026-09-09 20:44:02 +0200: Memory Usage (839480K) : Extracting LDPMOS transistor
[2026-09-09 20:44:02,873] [SUBPROCESS]    2026-09-09 20:44:02 +0200: Memory Usage (839480K) : Starting NMOS EXTRACTION
[2026-09-09 20:44:02,883] [SUBPROCESS]    2026-09-09 20:44:02 +0200: Memory Usage (839480K) : 3.3V NMOS transistor outside DNWELL
[2026-09-09 20:44:02,891] [SUBPROCESS]    2026-09-09 20:44:02 +0200: Memory Usage (839480K) : 5V NMOS transistor outside DNWELL
[2026-09-09 20:44:02,899] [SUBPROCESS]    2026-09-09 20:44:02 +0200: Memory Usage (839480K) : 6V NMOS transistor outside DNWELL
[2026-09-09 20:44:02,907] [SUBPROCESS]    2026-09-09 20:44:02 +0200: Memory Usage (839480K) : 3.3V NMOS transistor inside DNWELL
[2026-09-09 20:44:02,915] [SUBPROCESS]    2026-09-09 20:44:02 +0200: Memory Usage (839480K) : 5V NMOS transistor inside DNWELL
[2026-09-09 20:44:02,925] [SUBPROCESS]    2026-09-09 20:44:02 +0200: Memory Usage (839480K) : 6V NMOS transistor inside DNWELL
[2026-09-09 20:44:02,933] [SUBPROCESS]    2026-09-09 20:44:02 +0200: Memory Usage (839480K) : Native Vt NMOS transistor
[2026-09-09 20:44:02,941] [SUBPROCESS]    2026-09-09 20:44:02 +0200: Memory Usage (839480K) : Extracting LDNMOS transistor
[2026-09-09 20:44:02,947] [SUBPROCESS]    2026-09-09 20:44:02 +0200: Memory Usage (839480K) : Starting BJT EXTRACTION
[2026-09-09 20:44:02,955] [SUBPROCESS]    2026-09-09 20:44:02 +0200: Memory Usage (839480K) : Starting vnpn BJT EXTRACTION
[2026-09-09 20:44:02,969] [SUBPROCESS]    2026-09-09 20:44:02 +0200: Memory Usage (839480K) : Extracting npn_10p00x10p00 BJT
[2026-09-09 20:44:02,979] [SUBPROCESS]    2026-09-09 20:44:02 +0200: Memory Usage (839480K) : Extracting npn_05p00x05p00 BJT
[2026-09-09 20:44:02,991] [SUBPROCESS]    2026-09-09 20:44:02 +0200: Memory Usage (839480K) : Extracting npn_00p54x16p00 BJT
[2026-09-09 20:44:03,005] [SUBPROCESS]    2026-09-09 20:44:02 +0200: Memory Usage (839480K) : Extracting npn_00p54x08p00 BJT
[2026-09-09 20:44:03,014] [SUBPROCESS]    2026-09-09 20:44:03 +0200: Memory Usage (839480K) : Extracting npn_00p54x04p00 BJT
[2026-09-09 20:44:03,027] [SUBPROCESS]    2026-09-09 20:44:03 +0200: Memory Usage (839480K) : Extracting npn_00p54x02p00 BJT
[2026-09-09 20:44:03,034] [SUBPROCESS]    2026-09-09 20:44:03 +0200: Memory Usage (839480K) : Starting vpnp BJT EXTRACTION
[2026-09-09 20:44:03,047] [SUBPROCESS]    2026-09-09 20:44:03 +0200: Memory Usage (839480K) : Extracting pnp_10p00x10p00 BJT
[2026-09-09 20:44:03,058] [SUBPROCESS]    2026-09-09 20:44:03 +0200: Memory Usage (839480K) : Extracting pnp_05p00x05p00 BJT
[2026-09-09 20:44:03,067] [SUBPROCESS]    2026-09-09 20:44:03 +0200: Memory Usage (839480K) : Extracting pnp_10p00x00p42 BJT
[2026-09-09 20:44:03,079] [SUBPROCESS]    2026-09-09 20:44:03 +0200: Memory Usage (839480K) : Extracting pnp_05p00x00p42 BJT
[2026-09-09 20:44:03,088] [SUBPROCESS]    2026-09-09 20:44:03 +0200: Memory Usage (839480K) : Starting DIODE EXTRACTION
[2026-09-09 20:44:03,095] [SUBPROCESS]    2026-09-09 20:44:03 +0200: Memory Usage (839480K) : Extracting diode_nd2ps_03v3 diode
[2026-09-09 20:44:03,104] [SUBPROCESS]    2026-09-09 20:44:03 +0200: Memory Usage (839480K) : Extracting diode_nd2ps_03v3_dn diode
[2026-09-09 20:44:03,113] [SUBPROCESS]    2026-09-09 20:44:03 +0200: Memory Usage (839480K) : Extracting diode_nd2ps_06v0 diode
[2026-09-09 20:44:03,123] [SUBPROCESS]    2026-09-09 20:44:03 +0200: Memory Usage (839480K) : Extracting diode_nd2ps_06v0_dn diode
[2026-09-09 20:44:03,130] [SUBPROCESS]    2026-09-09 20:44:03 +0200: Memory Usage (839480K) : Extracting diode_pd2nw_03v3 diode
[2026-09-09 20:44:03,138] [SUBPROCESS]    2026-09-09 20:44:03 +0200: Memory Usage (839480K) : Extractingdiode_pd2nw_03v3_dn diode
[2026-09-09 20:44:03,145] [SUBPROCESS]    2026-09-09 20:44:03 +0200: Memory Usage (839480K) : Extracting diode_pd2nw_06v0 diode
[2026-09-09 20:44:03,154] [SUBPROCESS]    2026-09-09 20:44:03 +0200: Memory Usage (839480K) : Extracting diode_pd2nw_06v0_dn diode
[2026-09-09 20:44:03,163] [SUBPROCESS]    2026-09-09 20:44:03 +0200: Memory Usage (839480K) : Extracting diode_nw2ps_03v3 diode
[2026-09-09 20:44:03,172] [SUBPROCESS]    2026-09-09 20:44:03 +0200: Memory Usage (839480K) : Extracting diode_nw2ps_06v0 diode
[2026-09-09 20:44:03,178] [SUBPROCESS]    2026-09-09 20:44:03 +0200: Memory Usage (839480K) : Extracting diode_pw2dw_03v3 diode
[2026-09-09 20:44:03,188] [SUBPROCESS]    2026-09-09 20:44:03 +0200: Memory Usage (839480K) : Extracting diode_pw2dw_06v0 diode
[2026-09-09 20:44:03,196] [SUBPROCESS]    2026-09-09 20:44:03 +0200: Memory Usage (839480K) : Extracting diode_dw2ps_03v3 diode
[2026-09-09 20:44:03,206] [SUBPROCESS]    2026-09-09 20:44:03 +0200: Memory Usage (839480K) : Extracting diode_dw2ps_06v0 diode
[2026-09-09 20:44:03,212] [SUBPROCESS]    2026-09-09 20:44:03 +0200: Memory Usage (839480K) : Extracting sc_diode diode
[2026-09-09 20:44:03,219] [SUBPROCESS]    2026-09-09 20:44:03 +0200: Memory Usage (839480K) : Starting RESISTOR EXTRACTION
[2026-09-09 20:44:03,226] [SUBPROCESS]    2026-09-09 20:44:03 +0200: Memory Usage (839480K) : Extracting NPLUS_U device
[2026-09-09 20:44:03,235] [SUBPROCESS]    2026-09-09 20:44:03 +0200: Memory Usage (839480K) : Extracting NPLUS_U_DW device
[2026-09-09 20:44:03,244] [SUBPROCESS]    2026-09-09 20:44:03 +0200: Memory Usage (839480K) : Extracting PPLUS_U device
[2026-09-09 20:44:03,253] [SUBPROCESS]    2026-09-09 20:44:03 +0200: Memory Usage (839480K) : Extracting PPLUS_U_DW device
[2026-09-09 20:44:03,260] [SUBPROCESS]    2026-09-09 20:44:03 +0200: Memory Usage (839480K) : Extracting NPLUS_S device
[2026-09-09 20:44:03,268] [SUBPROCESS]    2026-09-09 20:44:03 +0200: Memory Usage (839480K) : Extracting NPLUS_S_DW device
[2026-09-09 20:44:03,276] [SUBPROCESS]    2026-09-09 20:44:03 +0200: Memory Usage (839480K) : Extracting PPLUS_S device
[2026-09-09 20:44:03,286] [SUBPROCESS]    2026-09-09 20:44:03 +0200: Memory Usage (839480K) : Extracting PPLUS_S_DW device
[2026-09-09 20:44:03,294] [SUBPROCESS]    2026-09-09 20:44:03 +0200: Memory Usage (839480K) : Extracting NWELL device
[2026-09-09 20:44:03,303] [SUBPROCESS]    2026-09-09 20:44:03 +0200: Memory Usage (839480K) : Extracting PWELL device
[2026-09-09 20:44:03,311] [SUBPROCESS]    2026-09-09 20:44:03 +0200: Memory Usage (839480K) : Extracting NPOLYF_U device
[2026-09-09 20:44:03,322] [SUBPROCESS]    2026-09-09 20:44:03 +0200: Memory Usage (839480K) : Extracting NPOLYF_U_DW device
[2026-09-09 20:44:03,329] [SUBPROCESS]    2026-09-09 20:44:03 +0200: Memory Usage (839480K) : Extracting PPOLYF_U device
[2026-09-09 20:44:03,338] [SUBPROCESS]    2026-09-09 20:44:03 +0200: Memory Usage (839480K) : Extracting PPOLYF_U_DW device
[2026-09-09 20:44:03,345] [SUBPROCESS]    2026-09-09 20:44:03 +0200: Memory Usage (839480K) : Extracting NPOLYF_S device
[2026-09-09 20:44:03,355] [SUBPROCESS]    2026-09-09 20:44:03 +0200: Memory Usage (839480K) : Extracting NPOLYF_S_DW device
[2026-09-09 20:44:03,380] [SUBPROCESS]    2026-09-09 20:44:03 +0200: Memory Usage (839480K) : Extracting PPOLYF_S device
[2026-09-09 20:44:03,387] [SUBPROCESS]    2026-09-09 20:44:03 +0200: Memory Usage (839480K) : Extracting PPOLYF_S_DW device
[2026-09-09 20:44:03,395] [SUBPROCESS]    2026-09-09 20:44:03 +0200: Memory Usage (839480K) : Extracting PPOLYF_U_1K device
[2026-09-09 20:44:03,404] [SUBPROCESS]    2026-09-09 20:44:03 +0200: Memory Usage (839480K) : Extracting PPOLYF_U_DW_1 device
[2026-09-09 20:44:03,411] [SUBPROCESS]    2026-09-09 20:44:03 +0200: Memory Usage (839480K) : Extracting PPOLYF_U_1K_6p0 device
[2026-09-09 20:44:03,420] [SUBPROCESS]    2026-09-09 20:44:03 +0200: Memory Usage (839480K) : Extracting PPOLYF_U_DW_1K_6p0 device
[2026-09-09 20:44:03,431] [SUBPROCESS]    2026-09-09 20:44:03 +0200: Memory Usage (839480K) : Extracting RM1 device
[2026-09-09 20:44:03,443] [SUBPROCESS]    2026-09-09 20:44:03 +0200: Memory Usage (839480K) : Extracting RM2 device
[2026-09-09 20:44:03,450] [SUBPROCESS]    2026-09-09 20:44:03 +0200: Memory Usage (839480K) : Extracting RM3 device
[2026-09-09 20:44:03,459] [SUBPROCESS]    2026-09-09 20:44:03 +0200: Memory Usage (839480K) : Extracting TM9K device
[2026-09-09 20:44:03,464] [SUBPROCESS]    2026-09-09 20:44:03 +0200: Memory Usage (839480K) : Starting MIMCAP EXTRACTION
[2026-09-09 20:44:03,474] [SUBPROCESS]    2026-09-09 20:44:03 +0200: Memory Usage (839480K) : Extracting cap_mim2f0 device
[2026-09-09 20:44:03,480] [SUBPROCESS]    2026-09-09 20:44:03 +0200: Memory Usage (839480K) : Starting MOSCAP EXTRACTION
[2026-09-09 20:44:03,490] [SUBPROCESS]    2026-09-09 20:44:03 +0200: Memory Usage (839480K) : Extracting cap_nmos_03v3 device
[2026-09-09 20:44:03,496] [SUBPROCESS]    2026-09-09 20:44:03 +0200: Memory Usage (839480K) : Extracting cap_nmos_03v3_dn device
[2026-09-09 20:44:03,512] [SUBPROCESS]    2026-09-09 20:44:03 +0200: Memory Usage (839480K) : Extracting cap_pmos_03v3 device
[2026-09-09 20:44:03,522] [SUBPROCESS]    2026-09-09 20:44:03 +0200: Memory Usage (839480K) : Extracting cap_pmos_03v3_dn device
[2026-09-09 20:44:03,529] [SUBPROCESS]    2026-09-09 20:44:03 +0200: Memory Usage (839480K) : Extracting cap_nmos_06v0 device
[2026-09-09 20:44:03,538] [SUBPROCESS]    2026-09-09 20:44:03 +0200: Memory Usage (839480K) : Extracting cap_nmos_06v0_dn device
[2026-09-09 20:44:03,555] [SUBPROCESS]    2026-09-09 20:44:03 +0200: Memory Usage (839480K) : Extracting cap_pmos_06v0 device
[2026-09-09 20:44:03,571] [SUBPROCESS]    2026-09-09 20:44:03 +0200: Memory Usage (839480K) : Extracting cap_pmos_06v0 device
[2026-09-09 20:44:03,578] [SUBPROCESS]    2026-09-09 20:44:03 +0200: Memory Usage (839480K) : Extracting cap_pmos_03v3_b device
[2026-09-09 20:44:03,594] [SUBPROCESS]    2026-09-09 20:44:03 +0200: Memory Usage (839480K) : Extracting cap_nmos_06v0_b device
[2026-09-09 20:44:03,604] [SUBPROCESS]    2026-09-09 20:44:03 +0200: Memory Usage (839480K) : Extracting cap_pmos_06v0_b device
[2026-09-09 20:44:03,611] [SUBPROCESS]    2026-09-09 20:44:03 +0200: Memory Usage (839480K) : Starting MOS SAB EXTRACTION
[2026-09-09 20:44:03,616] [SUBPROCESS]    2026-09-09 20:44:03 +0200: Memory Usage (839480K) : Starting PMOS SAB EXTRACTION
[2026-09-09 20:44:03,625] [SUBPROCESS]    2026-09-09 20:44:03 +0200: Memory Usage (839480K) : Extracting 3.3V ESD PMOS transistor outside DNWELL device
[2026-09-09 20:44:03,633] [SUBPROCESS]    2026-09-09 20:44:03 +0200: Memory Usage (839480K) : Extracting 5V ESD PMOS transistor outside DNWELL device
[2026-09-09 20:44:03,644] [SUBPROCESS]    2026-09-09 20:44:03 +0200: Memory Usage (839480K) : Extracting 6V ESD PMOS transistor outside DNWELL device
[2026-09-09 20:44:03,651] [SUBPROCESS]    2026-09-09 20:44:03 +0200: Memory Usage (839480K) : Extracting 3.3V ESD PMOS transistor inside DNWELL device
[2026-09-09 20:44:03,660] [SUBPROCESS]    2026-09-09 20:44:03 +0200: Memory Usage (839480K) : Extracting 5V ESD PMOS transistor inside DNWELL device
[2026-09-09 20:44:03,668] [SUBPROCESS]    2026-09-09 20:44:03 +0200: Memory Usage (839480K) : Extracting 6V ESD PMOS transistor inside DNWELL device
[2026-09-09 20:44:03,676] [SUBPROCESS]    2026-09-09 20:44:03 +0200: Memory Usage (839480K) : Starting NMOS SAB EXTRACTION
[2026-09-09 20:44:03,686] [SUBPROCESS]    2026-09-09 20:44:03 +0200: Memory Usage (839480K) : Extracting 3.3V ESD NMOS transistor outside DNWELL device
[2026-09-09 20:44:03,694] [SUBPROCESS]    2026-09-09 20:44:03 +0200: Memory Usage (839480K) : Extracting 5V ESD NMOS transistor outside DNWELL device
[2026-09-09 20:44:03,703] [SUBPROCESS]    2026-09-09 20:44:03 +0200: Memory Usage (839480K) : Extracting 6V ESD NMOS transistor outside DNWELL device
[2026-09-09 20:44:03,712] [SUBPROCESS]    2026-09-09 20:44:03 +0200: Memory Usage (839480K) : Extracting 3.3V ESD NMOS transistor inside DNWELL device
[2026-09-09 20:44:03,723] [SUBPROCESS]    2026-09-09 20:44:03 +0200: Memory Usage (839480K) : Extracting 5V ESD NMOS transistor inside DNWELL device
[2026-09-09 20:44:03,729] [SUBPROCESS]    2026-09-09 20:44:03 +0200: Memory Usage (839480K) : Extracting 6V ESD NMOS transistor inside DNWELL device
[2026-09-09 20:44:03,738] [SUBPROCESS]    2026-09-09 20:44:03 +0200: Memory Usage (839480K) : Starting EFUSE EXTRACTION
[2026-09-09 20:44:03,785] [SUBPROCESS]    2026-09-09 20:44:03 +0200: Memory Usage (839480K) : Starting GF180 LVS comparison section
[2026-09-09 20:44:03,794] [SUBPROCESS]    2026-09-09 20:44:03 +0200: Memory Usage (839480K) : LVS Total Run time 2.992641 seconds
[2026-09-09 20:44:03,801] [SUBPROCESS]    2026-09-09 20:44:03 +0200: Memory Usage (839480K) : xxxxxxxxxxxxxxxxxxxxxxxxxxxxxxxxxxxxxxxxxx
[2026-09-09 20:44:03,808] [SUBPROCESS]    2026-09-09 20:44:03 +0200: Memory Usage (839480K) : ERROR : Netlists don't match
[2026-09-09 20:44:03,933] [SUBPROCESS]    2026-09-09 20:44:03 +0200: Memory Usage (839480K) : xxxxxxxxxxxxxxxxxxxxxxxxxxxxxxxxxxxxxxxxxx
[2026-09-09 20:44:04,058] [INFO]    klayout LVS succeeded after 5.46s
[2026-09-09 20:44:04,104] [WARNING]    Unable to find info about extracted LVS layer 'comp'
[2026-09-09 20:44:04,105] [WARNING]    Unable to find info about extracted LVS layer 'nwell'
[2026-09-09 20:44:04,106] [WARNING]    Unable to find info about extracted LVS layer 'contact'
[2026-09-09 20:44:04,107] [WARNING]    Unable to find info about extracted LVS layer 'via1'
[2026-09-09 20:44:04,109] [INFO]    (31, 20) -> (psd)
[2026-09-09 20:44:04,109] [INFO]    (34, 0) -> (metal1_con)
[2026-09-09 20:44:04,110] [INFO]    (36, 0) -> (metal2_con)
[2026-09-09 20:44:04,148] [WARNING]    Can't find GDS pair for layer M1-Poly
[2026-09-09 20:44:04,149] [WARNING]    Can't find GDS pair for layer Via1_con
[2026-09-09 20:44:04,151] [WARNING]    Can't find GDS pair for layer Via2_con
[2026-09-09 20:44:04,152] [WARNING]    Can't find GDS pair for layer Via3_con
[2026-09-09 20:44:04,153] [WARNING]    Can't find GDS pair for layer Via4_ncap
[2026-09-09 20:44:07,672] [INFO]    LVSDB: found 8pins
[2026-09-09 20:44:07,686] [WARNING]    Could not find a layer for device $1, class pfet_03v3, terminal G, net DAC_REF
[2026-09-09 20:44:07,688] [WARNING]    Could not find a layer for device $1, class pfet_03v3, terminal B, net VDD
[2026-09-09 20:44:07,690] [WARNING]    Could not find a layer for device $2, class pfet_03v3, terminal G, net DAC_REF
[2026-09-09 20:44:07,694] [WARNING]    Could not find a layer for device $2, class pfet_03v3, terminal B, net VDD
[2026-09-09 20:44:07,697] [WARNING]    Could not find a layer for device $3, class pfet_03v3, terminal G, net DAC_REF
[2026-09-09 20:44:07,699] [WARNING]    Could not find a layer for device $3, class pfet_03v3, terminal B, net VDD
[2026-09-09 20:44:07,701] [WARNING]    Could not find a layer for device $4, class pfet_03v3, terminal G, net DAC_REF
[2026-09-09 20:44:07,703] [WARNING]    Could not find a layer for device $4, class pfet_03v3, terminal B, net VDD
[2026-09-09 20:44:07,706] [WARNING]    Could not find a layer for device $5, class pfet_03v3, terminal G, net DAC_REF
[2026-09-09 20:44:07,709] [WARNING]    Could not find a layer for device $5, class pfet_03v3, terminal B, net VDD
[2026-09-09 20:44:07,712] [WARNING]    Could not find a layer for device $6, class pfet_03v3, terminal G, net DAC_REF
[2026-09-09 20:44:07,715] [WARNING]    Could not find a layer for device $6, class pfet_03v3, terminal B, net VDD
[2026-09-09 20:44:07,719] [WARNING]    Could not find a layer for device $7, class pfet_03v3, terminal G, net DAC_REF
[2026-09-09 20:44:07,723] [WARNING]    Could not find a layer for device $7, class pfet_03v3, terminal B, net VDD
[2026-09-09 20:44:07,725] [WARNING]    Could not find a layer for device $8, class pfet_03v3, terminal G, net DAC_REF
[2026-09-09 20:44:07,728] [WARNING]    Could not find a layer for device $8, class pfet_03v3, terminal B, net VDD
[2026-09-09 20:44:07,730] [WARNING]    Could not find a layer for device $9, class pfet_03v3, terminal G, net DAC_REF
[2026-09-09 20:44:07,733] [WARNING]    Could not find a layer for device $9, class pfet_03v3, terminal B, net VDD
[2026-09-09 20:44:07,735] [WARNING]    Could not find a layer for device $10, class pfet_03v3, terminal G, net DAC_REF
[2026-09-09 20:44:07,738] [WARNING]    Could not find a layer for device $10, class pfet_03v3, terminal B, net VDD
[2026-09-09 20:44:07,740] [WARNING]    Could not find a layer for device $11, class pfet_03v3, terminal G, net DAC_REF
[2026-09-09 20:44:07,742] [WARNING]    Could not find a layer for device $11, class pfet_03v3, terminal B, net VDD
[2026-09-09 20:44:07,745] [WARNING]    Could not find a layer for device $12, class pfet_03v3, terminal G, net DAC_REF
[2026-09-09 20:44:07,747] [WARNING]    Could not find a layer for device $12, class pfet_03v3, terminal B, net VDD
[2026-09-09 20:44:07,750] [WARNING]    Could not find a layer for device $13, class pfet_03v3, terminal G, net DAC_REF
[2026-09-09 20:44:07,752] [WARNING]    Could not find a layer for device $13, class pfet_03v3, terminal B, net VDD
[2026-09-09 20:44:07,756] [WARNING]    Could not find a layer for device $14, class pfet_03v3, terminal G, net DAC_REF
[2026-09-09 20:44:07,758] [WARNING]    Could not find a layer for device $14, class pfet_03v3, terminal B, net VDD
[2026-09-09 20:44:07,762] [WARNING]    Could not find a layer for device $15, class pfet_03v3, terminal G, net DAC_REF
[2026-09-09 20:44:07,764] [WARNING]    Could not find a layer for device $15, class pfet_03v3, terminal B, net VDD
[2026-09-09 20:44:07,766] [WARNING]    Could not find a layer for device $16, class pfet_03v3, terminal G, net DAC_REF
[2026-09-09 20:44:07,768] [WARNING]    Could not find a layer for device $16, class pfet_03v3, terminal B, net VDD
[2026-09-09 20:44:07,770] [WARNING]    Could not find a layer for device $17, class pfet_03v3, terminal G, net DAC_REF
[2026-09-09 20:44:07,773] [WARNING]    Could not find a layer for device $17, class pfet_03v3, terminal B, net VDD
[2026-09-09 20:44:07,775] [WARNING]    Could not find a layer for device $18, class pfet_03v3, terminal G, net DAC_REF
[2026-09-09 20:44:07,778] [WARNING]    Could not find a layer for device $18, class pfet_03v3, terminal B, net VDD
[2026-09-09 20:44:07,780] [WARNING]    Could not find a layer for device $19, class pfet_03v3, terminal G, net DAC_REF
[2026-09-09 20:44:07,782] [WARNING]    Could not find a layer for device $19, class pfet_03v3, terminal B, net VDD
[2026-09-09 20:44:07,784] [WARNING]    Could not find a layer for device $20, class pfet_03v3, terminal G, net DAC_REF
[2026-09-09 20:44:07,786] [WARNING]    Could not find a layer for device $20, class pfet_03v3, terminal B, net VDD
[2026-09-09 20:44:07,789] [WARNING]    Could not find a layer for device $21, class pfet_03v3, terminal G, net DAC_REF
[2026-09-09 20:44:07,791] [WARNING]    Could not find a layer for device $21, class pfet_03v3, terminal B, net VDD
[2026-09-09 20:44:07,794] [WARNING]    Could not find a layer for device $22, class pfet_03v3, terminal G, net DAC_REF
[2026-09-09 20:44:07,797] [WARNING]    Could not find a layer for device $22, class pfet_03v3, terminal B, net VDD
[2026-09-09 20:44:07,799] [WARNING]    Could not find a layer for device $23, class pfet_03v3, terminal G, net DAC_REF
[2026-09-09 20:44:07,801] [WARNING]    Could not find a layer for device $23, class pfet_03v3, terminal B, net VDD
[2026-09-09 20:44:07,803] [WARNING]    Could not find a layer for device $24, class pfet_03v3, terminal G, net DAC_REF
[2026-09-09 20:44:07,806] [WARNING]    Could not find a layer for device $24, class pfet_03v3, terminal B, net VDD
[2026-09-09 20:44:07,809] [WARNING]    Could not find a layer for device $25, class pfet_03v3, terminal G, net DAC_REF
[2026-09-09 20:44:07,812] [WARNING]    Could not find a layer for device $25, class pfet_03v3, terminal B, net VDD
[2026-09-09 20:44:07,814] [WARNING]    Could not find a layer for device $26, class pfet_03v3, terminal G, net DAC_REF
[2026-09-09 20:44:07,816] [WARNING]    Could not find a layer for device $26, class pfet_03v3, terminal B, net VDD
[2026-09-09 20:44:07,818] [WARNING]    Could not find a layer for device $27, class pfet_03v3, terminal G, net DAC_REF
[2026-09-09 20:44:07,821] [WARNING]    Could not find a layer for device $27, class pfet_03v3, terminal B, net VDD
[2026-09-09 20:44:07,823] [WARNING]    Could not find a layer for device $28, class pfet_03v3, terminal G, net DAC_REF
[2026-09-09 20:44:07,825] [WARNING]    Could not find a layer for device $28, class pfet_03v3, terminal B, net VDD
[2026-09-09 20:44:07,828] [WARNING]    Could not find a layer for device $29, class pfet_03v3, terminal G, net DAC_REF
[2026-09-09 20:44:07,831] [WARNING]    Could not find a layer for device $29, class pfet_03v3, terminal B, net VDD
[2026-09-09 20:44:07,832] [WARNING]    Could not find a layer for device $30, class pfet_03v3, terminal G, net DAC_REF
[2026-09-09 20:44:07,834] [WARNING]    Could not find a layer for device $30, class pfet_03v3, terminal B, net VDD
[2026-09-09 20:44:07,838] [WARNING]    Could not find a layer for device $31, class pfet_03v3, terminal G, net DAC_REF
[2026-09-09 20:44:07,840] [WARNING]    Could not find a layer for device $31, class pfet_03v3, terminal B, net VDD
[2026-09-09 20:44:07,842] [WARNING]    Could not find a layer for device $32, class pfet_03v3, terminal G, net DAC_REF
[2026-09-09 20:44:07,845] [WARNING]    Could not find a layer for device $32, class pfet_03v3, terminal B, net VDD
[2026-09-09 20:44:07,846] [WARNING]    Could not find a layer for device $33, class pfet_03v3, terminal G, net DAC_REF
[2026-09-09 20:44:07,849] [WARNING]    Could not find a layer for device $33, class pfet_03v3, terminal B, net VDD
[2026-09-09 20:44:07,851] [WARNING]    Could not find a layer for device $34, class pfet_03v3, terminal G, net DAC_REF
[2026-09-09 20:44:07,853] [WARNING]    Could not find a layer for device $34, class pfet_03v3, terminal B, net VDD
[2026-09-09 20:44:07,856] [WARNING]    Could not find a layer for device $35, class pfet_03v3, terminal G, net DAC_REF
[2026-09-09 20:44:07,858] [WARNING]    Could not find a layer for device $35, class pfet_03v3, terminal B, net VDD
[2026-09-09 20:44:07,861] [WARNING]    Could not find a layer for device $36, class pfet_03v3, terminal G, net DAC_REF
[2026-09-09 20:44:07,863] [WARNING]    Could not find a layer for device $36, class pfet_03v3, terminal B, net VDD
[2026-09-09 20:44:07,865] [WARNING]    Could not find a layer for device $37, class pfet_03v3, terminal G, net DAC_REF
[2026-09-09 20:44:07,867] [WARNING]    Could not find a layer for device $37, class pfet_03v3, terminal B, net VDD
[2026-09-09 20:44:07,868] [WARNING]    Could not find a layer for device $38, class pfet_03v3, terminal G, net DAC_REF
[2026-09-09 20:44:07,872] [WARNING]    Could not find a layer for device $38, class pfet_03v3, terminal B, net VDD
[2026-09-09 20:44:07,874] [WARNING]    Could not find a layer for device $39, class pfet_03v3, terminal G, net DAC_REF
[2026-09-09 20:44:07,878] [WARNING]    Could not find a layer for device $39, class pfet_03v3, terminal B, net VDD
[2026-09-09 20:44:07,880] [WARNING]    Could not find a layer for device $40, class pfet_03v3, terminal G, net DAC_REF
[2026-09-09 20:44:07,882] [WARNING]    Could not find a layer for device $40, class pfet_03v3, terminal B, net VDD
[2026-09-09 20:44:07,883] [WARNING]    Could not find a layer for device $41, class pfet_03v3, terminal G, net DAC_REF
[2026-09-09 20:44:07,886] [WARNING]    Could not find a layer for device $41, class pfet_03v3, terminal B, net VDD
[2026-09-09 20:44:07,889] [WARNING]    Could not find a layer for device $42, class pfet_03v3, terminal G, net DAC_REF
[2026-09-09 20:44:07,891] [WARNING]    Could not find a layer for device $42, class pfet_03v3, terminal B, net VDD
[2026-09-09 20:44:07,895] [WARNING]    Could not find a layer for device $43, class pfet_03v3, terminal G, net DAC_REF
[2026-09-09 20:44:07,897] [WARNING]    Could not find a layer for device $43, class pfet_03v3, terminal B, net VDD
[2026-09-09 20:44:07,898] [WARNING]    Could not find a layer for device $44, class pfet_03v3, terminal G, net DAC_REF
[2026-09-09 20:44:07,900] [WARNING]    Could not find a layer for device $44, class pfet_03v3, terminal B, net VDD
[2026-09-09 20:44:07,903] [WARNING]    Could not find a layer for device $45, class pfet_03v3, terminal G, net DAC_REF
[2026-09-09 20:44:07,906] [WARNING]    Could not find a layer for device $45, class pfet_03v3, terminal B, net VDD
[2026-09-09 20:44:07,908] [WARNING]    Could not find a layer for device $46, class pfet_03v3, terminal G, net DAC_REF
[2026-09-09 20:44:07,912] [WARNING]    Could not find a layer for device $46, class pfet_03v3, terminal B, net VDD
[2026-09-09 20:44:07,914] [WARNING]    Could not find a layer for device $47, class pfet_03v3, terminal G, net DAC_REF
[2026-09-09 20:44:07,917] [WARNING]    Could not find a layer for device $47, class pfet_03v3, terminal B, net VDD
[2026-09-09 20:44:07,919] [WARNING]    Could not find a layer for device $48, class pfet_03v3, terminal G, net DAC_REF
[2026-09-09 20:44:07,922] [WARNING]    Could not find a layer for device $48, class pfet_03v3, terminal B, net VDD
[2026-09-09 20:44:07,924] [WARNING]    Could not find a layer for device $49, class pfet_03v3, terminal G, net DAC_REF
[2026-09-09 20:44:07,928] [WARNING]    Could not find a layer for device $49, class pfet_03v3, terminal B, net VDD
[2026-09-09 20:44:07,930] [WARNING]    Could not find a layer for device $50, class pfet_03v3, terminal G, net DAC_REF
[2026-09-09 20:44:07,932] [WARNING]    Could not find a layer for device $50, class pfet_03v3, terminal B, net VDD
[2026-09-09 20:44:07,934] [WARNING]    Could not find a layer for device $51, class pfet_03v3, terminal G, net DAC_REF
[2026-09-09 20:44:07,936] [WARNING]    Could not find a layer for device $51, class pfet_03v3, terminal B, net VDD
[2026-09-09 20:44:07,939] [WARNING]    Could not find a layer for device $52, class pfet_03v3, terminal G, net DAC_REF
[2026-09-09 20:44:07,941] [WARNING]    Could not find a layer for device $52, class pfet_03v3, terminal B, net VDD
[2026-09-09 20:44:07,944] [WARNING]    Could not find a layer for device $53, class pfet_03v3, terminal G, net DAC_REF
[2026-09-09 20:44:07,946] [WARNING]    Could not find a layer for device $53, class pfet_03v3, terminal B, net VDD
[2026-09-09 20:44:07,948] [WARNING]    Could not find a layer for device $54, class pfet_03v3, terminal G, net DAC_REF
[2026-09-09 20:44:07,951] [WARNING]    Could not find a layer for device $54, class pfet_03v3, terminal B, net VDD
[2026-09-09 20:44:07,953] [WARNING]    Could not find a layer for device $55, class pfet_03v3, terminal G, net DAC_REF
[2026-09-09 20:44:07,956] [WARNING]    Could not find a layer for device $55, class pfet_03v3, terminal B, net VDD
[2026-09-09 20:44:07,959] [WARNING]    Could not find a layer for device $56, class pfet_03v3, terminal G, net DAC_REF
[2026-09-09 20:44:07,962] [WARNING]    Could not find a layer for device $56, class pfet_03v3, terminal B, net VDD
[2026-09-09 20:44:07,964] [WARNING]    Could not find a layer for device $57, class pfet_03v3, terminal G, net DAC_REF
[2026-09-09 20:44:07,966] [WARNING]    Could not find a layer for device $57, class pfet_03v3, terminal B, net VDD
[2026-09-09 20:44:07,968] [WARNING]    Could not find a layer for device $58, class pfet_03v3, terminal G, net DAC_REF
[2026-09-09 20:44:07,971] [WARNING]    Could not find a layer for device $58, class pfet_03v3, terminal B, net VDD
[2026-09-09 20:44:07,974] [WARNING]    Could not find a layer for device $59, class pfet_03v3, terminal G, net DAC_REF
[2026-09-09 20:44:07,977] [WARNING]    Could not find a layer for device $59, class pfet_03v3, terminal B, net VDD
[2026-09-09 20:44:07,980] [WARNING]    Could not find a layer for device $60, class pfet_03v3, terminal G, net DAC_REF
[2026-09-09 20:44:07,982] [WARNING]    Could not find a layer for device $60, class pfet_03v3, terminal B, net VDD
[2026-09-09 20:44:07,984] [WARNING]    Could not find a layer for device $61, class pfet_03v3, terminal G, net DAC_REF
[2026-09-09 20:44:07,986] [WARNING]    Could not find a layer for device $61, class pfet_03v3, terminal B, net VDD
[2026-09-09 20:44:07,990] [WARNING]    Could not find a layer for device $62, class pfet_03v3, terminal G, net DAC_REF
[2026-09-09 20:44:07,992] [WARNING]    Could not find a layer for device $62, class pfet_03v3, terminal B, net VDD
[2026-09-09 20:44:07,996] [WARNING]    Could not find a layer for device $63, class pfet_03v3, terminal G, net DAC_REF
[2026-09-09 20:44:07,998] [WARNING]    Could not find a layer for device $63, class pfet_03v3, terminal B, net VDD
[2026-09-09 20:44:07,999] [WARNING]    Could not find a layer for device $64, class pfet_03v3, terminal G, net b[4]
[2026-09-09 20:44:08,001] [WARNING]    Could not find a layer for device $64, class pfet_03v3, terminal B, net VDD
[2026-09-09 20:44:08,003] [WARNING]    Could not find a layer for device $65, class pfet_03v3, terminal G, net b[4]
[2026-09-09 20:44:08,006] [WARNING]    Could not find a layer for device $65, class pfet_03v3, terminal B, net VDD
[2026-09-09 20:44:08,007] [WARNING]    Could not find a layer for device $66, class pfet_03v3, terminal G, net b[4]
[2026-09-09 20:44:08,010] [WARNING]    Could not find a layer for device $66, class pfet_03v3, terminal B, net VDD
[2026-09-09 20:44:08,012] [WARNING]    Could not find a layer for device $67, class pfet_03v3, terminal G, net b[4]
[2026-09-09 20:44:08,014] [WARNING]    Could not find a layer for device $67, class pfet_03v3, terminal B, net VDD
[2026-09-09 20:44:08,016] [WARNING]    Could not find a layer for device $68, class pfet_03v3, terminal G, net b[3]
[2026-09-09 20:44:08,017] [WARNING]    Could not find a layer for device $68, class pfet_03v3, terminal B, net VDD
[2026-09-09 20:44:08,020] [WARNING]    Could not find a layer for device $69, class pfet_03v3, terminal G, net b[3]
[2026-09-09 20:44:08,022] [WARNING]    Could not find a layer for device $69, class pfet_03v3, terminal B, net VDD
[2026-09-09 20:44:08,024] [WARNING]    Could not find a layer for device $70, class pfet_03v3, terminal G, net b[2]
[2026-09-09 20:44:08,026] [WARNING]    Could not find a layer for device $70, class pfet_03v3, terminal B, net VDD
[2026-09-09 20:44:08,029] [WARNING]    Could not find a layer for device $71, class pfet_03v3, terminal G, net b[4]
[2026-09-09 20:44:08,031] [WARNING]    Could not find a layer for device $71, class pfet_03v3, terminal B, net VDD
[2026-09-09 20:44:08,033] [WARNING]    Could not find a layer for device $72, class pfet_03v3, terminal G, net b[4]
[2026-09-09 20:44:08,035] [WARNING]    Could not find a layer for device $72, class pfet_03v3, terminal B, net VDD
[2026-09-09 20:44:08,037] [WARNING]    Could not find a layer for device $73, class pfet_03v3, terminal G, net b[4]
[2026-09-09 20:44:08,039] [WARNING]    Could not find a layer for device $73, class pfet_03v3, terminal B, net VDD
[2026-09-09 20:44:08,041] [WARNING]    Could not find a layer for device $74, class pfet_03v3, terminal G, net b[4]
[2026-09-09 20:44:08,043] [WARNING]    Could not find a layer for device $74, class pfet_03v3, terminal B, net VDD
[2026-09-09 20:44:08,045] [WARNING]    Could not find a layer for device $75, class pfet_03v3, terminal G, net b[3]
[2026-09-09 20:44:08,047] [WARNING]    Could not find a layer for device $75, class pfet_03v3, terminal B, net VDD
[2026-09-09 20:44:08,049] [WARNING]    Could not find a layer for device $76, class pfet_03v3, terminal G, net b[3]
[2026-09-09 20:44:08,050] [WARNING]    Could not find a layer for device $76, class pfet_03v3, terminal B, net VDD
[2026-09-09 20:44:08,052] [WARNING]    Could not find a layer for device $77, class pfet_03v3, terminal G, net b[2]
[2026-09-09 20:44:08,055] [WARNING]    Could not find a layer for device $77, class pfet_03v3, terminal B, net VDD
[2026-09-09 20:44:08,056] [WARNING]    Could not find a layer for device $78, class pfet_03v3, terminal G, net b[1]
[2026-09-09 20:44:08,058] [WARNING]    Could not find a layer for device $78, class pfet_03v3, terminal B, net VDD
[2026-09-09 20:44:08,060] [WARNING]    Could not find a layer for device $79, class pfet_03v3, terminal G, net b[4]
[2026-09-09 20:44:08,061] [WARNING]    Could not find a layer for device $79, class pfet_03v3, terminal B, net VDD
[2026-09-09 20:44:08,063] [WARNING]    Could not find a layer for device $80, class pfet_03v3, terminal G, net b[4]
[2026-09-09 20:44:08,065] [WARNING]    Could not find a layer for device $80, class pfet_03v3, terminal B, net VDD
[2026-09-09 20:44:08,066] [WARNING]    Could not find a layer for device $81, class pfet_03v3, terminal G, net b[4]
[2026-09-09 20:44:08,068] [WARNING]    Could not find a layer for device $81, class pfet_03v3, terminal B, net VDD
[2026-09-09 20:44:08,070] [WARNING]    Could not find a layer for device $82, class pfet_03v3, terminal G, net b[4]
[2026-09-09 20:44:08,073] [WARNING]    Could not find a layer for device $82, class pfet_03v3, terminal B, net VDD
[2026-09-09 20:44:08,077] [WARNING]    Could not find a layer for device $83, class pfet_03v3, terminal G, net b[3]
[2026-09-09 20:44:08,080] [WARNING]    Could not find a layer for device $83, class pfet_03v3, terminal B, net VDD
[2026-09-09 20:44:08,081] [WARNING]    Could not find a layer for device $84, class pfet_03v3, terminal G, net b[3]
[2026-09-09 20:44:08,083] [WARNING]    Could not find a layer for device $84, class pfet_03v3, terminal B, net VDD
[2026-09-09 20:44:08,085] [WARNING]    Could not find a layer for device $85, class pfet_03v3, terminal G, net b[2]
[2026-09-09 20:44:08,086] [WARNING]    Could not find a layer for device $85, class pfet_03v3, terminal B, net VDD
[2026-09-09 20:44:08,088] [WARNING]    Could not find a layer for device $86, class pfet_03v3, terminal G, net b[1]
[2026-09-09 20:44:08,090] [WARNING]    Could not find a layer for device $86, class pfet_03v3, terminal B, net VDD
[2026-09-09 20:44:08,091] [WARNING]    Could not find a layer for device $87, class pfet_03v3, terminal G, net b[1]
[2026-09-09 20:44:08,094] [WARNING]    Could not find a layer for device $87, class pfet_03v3, terminal B, net VDD
[2026-09-09 20:44:08,096] [WARNING]    Could not find a layer for device $88, class pfet_03v3, terminal G, net b[4]
[2026-09-09 20:44:08,098] [WARNING]    Could not find a layer for device $88, class pfet_03v3, terminal B, net VDD
[2026-09-09 20:44:08,099] [WARNING]    Could not find a layer for device $89, class pfet_03v3, terminal G, net b[4]
[2026-09-09 20:44:08,101] [WARNING]    Could not find a layer for device $89, class pfet_03v3, terminal B, net VDD
[2026-09-09 20:44:08,103] [WARNING]    Could not find a layer for device $90, class pfet_03v3, terminal G, net b[4]
[2026-09-09 20:44:08,106] [WARNING]    Could not find a layer for device $90, class pfet_03v3, terminal B, net VDD
[2026-09-09 20:44:08,108] [WARNING]    Could not find a layer for device $91, class pfet_03v3, terminal G, net b[4]
[2026-09-09 20:44:08,111] [WARNING]    Could not find a layer for device $91, class pfet_03v3, terminal B, net VDD
[2026-09-09 20:44:08,113] [WARNING]    Could not find a layer for device $92, class pfet_03v3, terminal G, net b[3]
[2026-09-09 20:44:08,115] [WARNING]    Could not find a layer for device $92, class pfet_03v3, terminal B, net VDD
[2026-09-09 20:44:08,117] [WARNING]    Could not find a layer for device $93, class pfet_03v3, terminal G, net b[3]
[2026-09-09 20:44:08,120] [WARNING]    Could not find a layer for device $93, class pfet_03v3, terminal B, net VDD
[2026-09-09 20:44:08,121] [WARNING]    Could not find a layer for device $94, class pfet_03v3, terminal G, net b[2]
[2026-09-09 20:44:08,123] [WARNING]    Could not find a layer for device $94, class pfet_03v3, terminal B, net VDD
[2026-09-09 20:44:08,125] [WARNING]    Could not find a layer for device $95, class pfet_03v3, terminal G, net b[0]
[2026-09-09 20:44:08,128] [WARNING]    Could not find a layer for device $95, class pfet_03v3, terminal B, net VDD
[2026-09-09 20:44:08,820] [SUBPROCESS]    Device;Net1;Net2;Capacitance [fF];Resistance [Ω]
[2026-09-09 20:44:08,821] [SUBPROCESS]    C1;$10;$13;1.668;
[2026-09-09 20:44:08,821] [SUBPROCESS]    C2;$10;$14;0.249;
[2026-09-09 20:44:08,822] [SUBPROCESS]    C3;$10;$26;3.266;
[2026-09-09 20:44:08,822] [SUBPROCESS]    C4;$10;$7;0.58;
[2026-09-09 20:44:08,823] [SUBPROCESS]    C5;$10;b[0];0.003;
[2026-09-09 20:44:08,824] [SUBPROCESS]    C6;$10;b[2];0.439;
[2026-09-09 20:44:08,825] [SUBPROCESS]    C7;$10;b[3];2.105;
[2026-09-09 20:44:08,825] [SUBPROCESS]    C8;$10;b[4];0.012;
[2026-09-09 20:44:08,826] [SUBPROCESS]    C9;$10;DAC_REF;0.013;
[2026-09-09 20:44:08,826] [SUBPROCESS]    C10;$10;I_DAC;0.807;
[2026-09-09 20:44:08,827] [SUBPROCESS]    C11;$10;VDD;7.023;
[2026-09-09 20:44:08,827] [SUBPROCESS]    C12;$10;VSUBS;7.237;
[2026-09-09 20:44:08,828] [SUBPROCESS]    C13;$13;$14;2.935;
[2026-09-09 20:44:08,828] [SUBPROCESS]    C14;$13;$26;0.491;
[2026-09-09 20:44:08,828] [SUBPROCESS]    C15;$13;$7;0.097;
[2026-09-09 20:44:08,829] [SUBPROCESS]    C16;$13;b[0];0.117;
[2026-09-09 20:44:08,829] [SUBPROCESS]    C17;$13;b[1];0.326;
[2026-09-09 20:44:08,830] [SUBPROCESS]    C18;$13;b[2];0.525;
[2026-09-09 20:44:08,830] [SUBPROCESS]    C19;$13;I_DAC;0.361;
[2026-09-09 20:44:08,831] [SUBPROCESS]    C20;$13;VDD;3.839;
[2026-09-09 20:44:08,831] [SUBPROCESS]    C21;$13;VSUBS;3.202;
[2026-09-09 20:44:08,831] [SUBPROCESS]    C22;$14;$26;0.351;
[2026-09-09 20:44:08,832] [SUBPROCESS]    C23;$14;$7;1.178;
[2026-09-09 20:44:08,832] [SUBPROCESS]    C24;$14;b[0];0.14;
[2026-09-09 20:44:08,833] [SUBPROCESS]    C25;$14;b[1];0.126;
[2026-09-09 20:44:08,833] [SUBPROCESS]    C26;$14;I_DAC;0.329;
[2026-09-09 20:44:08,834] [SUBPROCESS]    C27;$14;VDD;2.038;
[2026-09-09 20:44:08,834] [SUBPROCESS]    C28;$14;VSUBS;1.832;
[2026-09-09 20:44:08,835] [SUBPROCESS]    C29;$26;$7;0.33;
[2026-09-09 20:44:08,835] [SUBPROCESS]    C30;$26;b[3];0.073;
[2026-09-09 20:44:08,836] [SUBPROCESS]    C31;$26;b[4];3.887;
[2026-09-09 20:44:08,836] [SUBPROCESS]    C32;$26;DAC_REF;0.062;
[2026-09-09 20:44:08,836] [SUBPROCESS]    C33;$26;I_DAC;1.326;
[2026-09-09 20:44:08,837] [SUBPROCESS]    C34;$26;VDD;10.237;
[2026-09-09 20:44:08,837] [SUBPROCESS]    C35;$26;VSUBS;9.899;
[2026-09-09 20:44:08,838] [SUBPROCESS]    C36;$7;b[0];0.299;
[2026-09-09 20:44:08,838] [SUBPROCESS]    C37;$7;I_DAC;0.054;
[2026-09-09 20:44:08,839] [SUBPROCESS]    C38;$7;VDD;1.178;
[2026-09-09 20:44:08,839] [SUBPROCESS]    C39;$7;VSUBS;1.73;
[2026-09-09 20:44:08,840] [SUBPROCESS]    C40;b[0];b[1];0.05;
[2026-09-09 20:44:08,841] [SUBPROCESS]    C41;b[0];b[2];0.016;
[2026-09-09 20:44:08,841] [SUBPROCESS]    C42;b[1];b[2];0.062;
[2026-09-09 20:44:08,842] [SUBPROCESS]    C43;b[1];b[3];0.0;
[2026-09-09 20:44:08,842] [SUBPROCESS]    C44;b[2];b[3];0.079;
[2026-09-09 20:44:08,843] [SUBPROCESS]    C45;b[3];b[4];0.252;
[2026-09-09 20:44:08,843] [SUBPROCESS]    C46;DAC_REF;VDD;1.307;
[2026-09-09 20:44:08,844] [SUBPROCESS]    C47;DAC_REF;VSUBS;0.553;
[2026-09-09 20:44:08,844] [SUBPROCESS]    C48;I_DAC;b[0];1.153;
[2026-09-09 20:44:08,844] [SUBPROCESS]    C49;I_DAC;b[1];0.66;
[2026-09-09 20:44:08,845] [SUBPROCESS]    C50;I_DAC;b[2];0.794;
[2026-09-09 20:44:08,846] [SUBPROCESS]    C51;I_DAC;b[3];1.625;
[2026-09-09 20:44:08,846] [SUBPROCESS]    C52;I_DAC;b[4];3.571;
[2026-09-09 20:44:08,846] [SUBPROCESS]    C53;I_DAC;VDD;1.187;
[2026-09-09 20:44:08,847] [SUBPROCESS]    C54;I_DAC;VSUBS;3.647;
[2026-09-09 20:44:08,847] [SUBPROCESS]    C55;VDD;b[0];2.273;
[2026-09-09 20:44:08,848] [SUBPROCESS]    C56;VDD;b[1];0.11;
[2026-09-09 20:44:08,848] [SUBPROCESS]    C57;VDD;b[2];0.137;
[2026-09-09 20:44:08,848] [SUBPROCESS]    C58;VDD;b[3];0.228;
[2026-09-09 20:44:08,849] [SUBPROCESS]    C59;VDD;b[4];0.779;
[2026-09-09 20:44:08,849] [SUBPROCESS]    C60;VDD;VSUBS;49.487;
[2026-09-09 20:44:08,850] [SUBPROCESS]    C61;VSUBS;b[0];0.693;
[2026-09-09 20:44:08,851] [SUBPROCESS]    C62;VSUBS;b[1];0.413;
[2026-09-09 20:44:08,851] [SUBPROCESS]    C63;VSUBS;b[2];0.45;
[2026-09-09 20:44:08,852] [SUBPROCESS]    C64;VSUBS;b[3];0.952;
[2026-09-09 20:44:08,852] [SUBPROCESS]    C65;VSUBS;b[4];2.063;
[2026-09-09 20:44:08,853] [SUBPROCESS]    /foss/designs/DAC_CORE_5bit/output/DAC_CORE_5bit__DAC_CORE_5bit/DAC_CORE_5bit_k25d_pex_netlist.csv
[2026-09-09 20:44:08,873] [SUBPROCESS]    Wrote expanded netlist to: /foss/designs/DAC_CORE_5bit/output/DAC_CORE_5bit__DAC_CORE_5bit/DAC_CORE_5bit_k25d_pex_netlist.spice
[2026-09-09 20:44:08,877] [INFO]    Copied expanded SPICE netlist to: DAC_CORE_5bit.pex.spice
