[2026-09-09 23:32:10,896] [INFO]    GDS input file passed, running in LVS mode
[2026-09-09 23:32:10,898] [INFO]    Found cell DAC_CORE_5bit in GDS DAC_CORE_5bit.klay.gds (only top cell)
[2026-09-09 23:32:10,899] [INFO]    LVS input schematic not specified (argument --schematic), using dummy schematic
[2026-09-09 23:32:10,904] [INFO]    Cache miss: extracted LVSDB is older than the input GDS
[2026-09-09 23:32:10,904] [SUBPROCESS]    output/.kpex_cache/gf180mcuD/foss/designs/DAC_CORE_5bit/DAC_CORE_5bit.klay.gds/DAC_CORE_5bit.lvsdb.gz
[2026-09-09 23:32:10,905] [SUBPROCESS]    klayout -b -r /usr/local/lib/python3.12/dist-packages/klayout_pex/pdk/gf180mcuD/libs.tech/kpex/gf180mcu.lvs -rd input=/foss/designs/DAC_CORE_5bit/DAC_CORE_5bit.klay.gds -rd report=/foss/designs/DAC_CORE_5bit/output/DAC_CORE_5bit__DAC_CORE_5bit/DAC_CORE_5bit.lvsdb.gz -rd schematic=/foss/designs/DAC_CORE_5bit/output/DAC_CORE_5bit__DAC_CORE_5bit/DAC_CORE_5bit_dummy_schematic.spice -rd thr=22 -rd run_mode=deep -rd spice_net_names=true -rd spice_comments=false -rd scale=false -rd verbose=false -rd schematic_simplify=false -rd net_only=false -rd top_lvl_pins=true -rd combine=false -rd combine_devices=false -rd purge=false -rd purge_nets=false -rd no_simplify=true
[2026-09-09 23:32:10,907] [SUBPROCESS]    output/DAC_CORE_5bit__DAC_CORE_5bit/DAC_CORE_5bit_lvs.log
[2026-09-09 23:32:13,010] [SUBPROCESS]    2026-09-09 23:32:13 +0200: Memory Usage (674564K) : Starting running GF180MCU Klayout LVS runset on /foss/designs/DAC_CORE_5bit/DAC_CORE_5bit.klay.gds
[2026-09-09 23:32:13,018] [SUBPROCESS]    2026-09-09 23:32:13 +0200: Memory Usage (674564K) : Ruby Version for klayout: 3.2.3
[2026-09-09 23:32:13,024] [SUBPROCESS]    2026-09-09 23:32:13 +0200: Memory Usage (674564K) : Loading database to memory is complete.
[2026-09-09 23:32:13,029] [SUBPROCESS]    2026-09-09 23:32:13 +0200: Memory Usage (674564K) : GF180MCU Klayout LVS runset output at: /foss/designs/DAC_CORE_5bit/output/DAC_CORE_5bit__DAC_CORE_5bit/DAC_CORE_5bit.lvsdb.gz
[2026-09-09 23:32:13,037] [SUBPROCESS]    2026-09-09 23:32:13 +0200: Memory Usage (674564K) : Evaluate switches.
[2026-09-09 23:32:13,044] [SUBPROCESS]    2026-09-09 23:32:13 +0200: Memory Usage (674564K) : Substrate name used: 
[2026-09-09 23:32:13,051] [SUBPROCESS]    2026-09-09 23:32:13 +0200: Memory Usage (674564K) : Extracted netlist with net names: true
[2026-09-09 23:32:13,059] [SUBPROCESS]    2026-09-09 23:32:13 +0200: Memory Usage (674564K) : Extracted netlist with comments in details: false
[2026-09-09 23:32:13,064] [SUBPROCESS]    2026-09-09 23:32:13 +0200: Memory Usage (674564K) : GF180MCU Klayout LVS extracted netlist file at: DAC_CORE_5bit_extracted.cir
[2026-09-09 23:32:13,072] [SUBPROCESS]    2026-09-09 23:32:13 +0200: Memory Usage (674564K) : LVS device_scaling option: false
[2026-09-09 23:32:13,077] [SUBPROCESS]    2026-09-09 23:32:13 +0200: Memory Usage (674564K) : Selected SCH_SIMPLE option: false
[2026-09-09 23:32:13,086] [SUBPROCESS]    2026-09-09 23:32:13 +0200: Memory Usage (674564K) : Selected NET_ONLY option: false
[2026-09-09 23:32:13,093] [SUBPROCESS]    2026-09-09 23:32:13 +0200: Memory Usage (674564K) : Selected TOP_LVL_PINS option: true
[2026-09-09 23:32:13,100] [SUBPROCESS]    2026-09-09 23:32:13 +0200: Memory Usage (674564K) : Selected COMBINE option: false
[2026-09-09 23:32:13,106] [SUBPROCESS]    2026-09-09 23:32:13 +0200: Memory Usage (674564K) : Selected PURGE option: false
[2026-09-09 23:32:13,113] [SUBPROCESS]    2026-09-09 23:32:13 +0200: Memory Usage (674564K) : Selected PURGE_NETS option: false
[2026-09-09 23:32:13,120] [SUBPROCESS]    2026-09-09 23:32:13 +0200: Memory Usage (674564K) : Selected SIMPLIFY option: false
[2026-09-09 23:32:13,127] [SUBPROCESS]    2026-09-09 23:32:13 +0200: Memory Usage (674564K) : Verbose mode: false
[2026-09-09 23:32:13,133] [SUBPROCESS]    2026-09-09 23:32:13 +0200: Memory Usage (674564K) : deep  mode is enabled.
[2026-09-09 23:32:13,140] [SUBPROCESS]    2026-09-09 23:32:13 +0200: Memory Usage (674564K) : METAL_TOP Selected is 9K
[2026-09-09 23:32:13,146] [SUBPROCESS]    2026-09-09 23:32:13 +0200: Memory Usage (674564K) : METAL_STACK Selected is 6LM
[2026-09-09 23:32:13,153] [SUBPROCESS]    2026-09-09 23:32:13 +0200: Memory Usage (674564K) : POLY_RES Selected is 1k
[2026-09-09 23:32:13,159] [SUBPROCESS]    2026-09-09 23:32:13 +0200: Memory Usage (674564K) : MIM Option selected: B
[2026-09-09 23:32:13,168] [SUBPROCESS]    2026-09-09 23:32:13 +0200: Memory Usage (674564K) : MIM CAP selected: 2
[2026-09-09 23:32:13,175] [SUBPROCESS]    2026-09-09 23:32:13 +0200: Memory Usage (674564K) : Netlist file: /foss/designs/DAC_CORE_5bit/output/DAC_CORE_5bit__DAC_CORE_5bit/DAC_CORE_5bit_dummy_schematic.spice
[2026-09-09 23:32:13,183] [SUBPROCESS]    2026-09-09 23:32:13 +0200: Memory Usage (674564K) : Read in polygons from layers.
[2026-09-09 23:32:13,190] [SUBPROCESS]    2026-09-09 23:32:13 +0200: Memory Usage (674564K) : comp has 649 polygons
[2026-09-09 23:32:13,199] [SUBPROCESS]    2026-09-09 23:32:13 +0200: Memory Usage (674564K) : dnwell has 0 polygons
[2026-09-09 23:32:13,207] [SUBPROCESS]    2026-09-09 23:32:13 +0200: Memory Usage (674564K) : nwell has 651 polygons
[2026-09-09 23:32:13,216] [SUBPROCESS]    2026-09-09 23:32:13 +0200: Memory Usage (674564K) : lvpwell has 0 polygons
[2026-09-09 23:32:13,224] [SUBPROCESS]    2026-09-09 23:32:13 +0200: Memory Usage (674564K) : dualgate has 0 polygons
[2026-09-09 23:32:13,232] [SUBPROCESS]    2026-09-09 23:32:13 +0200: Memory Usage (674564K) : poly2 has 231 polygons
[2026-09-09 23:32:13,240] [SUBPROCESS]    2026-09-09 23:32:13 +0200: Memory Usage (674564K) : nplus has 554 polygons
[2026-09-09 23:32:13,249] [SUBPROCESS]    2026-09-09 23:32:13 +0200: Memory Usage (674564K) : pplus has 95 polygons
[2026-09-09 23:32:13,256] [SUBPROCESS]    2026-09-09 23:32:13 +0200: Memory Usage (674564K) : sab has 0 polygons
[2026-09-09 23:32:13,263] [SUBPROCESS]    2026-09-09 23:32:13 +0200: Memory Usage (674564K) : esd has 0 polygons
[2026-09-09 23:32:13,272] [SUBPROCESS]    2026-09-09 23:32:13 +0200: Memory Usage (674564K) : resistor has 0 polygons
[2026-09-09 23:32:13,279] [SUBPROCESS]    2026-09-09 23:32:13 +0200: Memory Usage (674564K) : fhres has 0 polygons
[2026-09-09 23:32:13,288] [SUBPROCESS]    2026-09-09 23:32:13 +0200: Memory Usage (674564K) : fusetop has 0 polygons
[2026-09-09 23:32:13,295] [SUBPROCESS]    2026-09-09 23:32:13 +0200: Memory Usage (674564K) : fusewindow_d has 0 polygons
[2026-09-09 23:32:13,304] [SUBPROCESS]    2026-09-09 23:32:13 +0200: Memory Usage (674564K) : polyfuse has 0 polygons
[2026-09-09 23:32:13,310] [SUBPROCESS]    2026-09-09 23:32:13 +0200: Memory Usage (674564K) : mvsd has 0 polygons
[2026-09-09 23:32:13,319] [SUBPROCESS]    2026-09-09 23:32:13 +0200: Memory Usage (675080K) : mvpsd has 0 polygons
[2026-09-09 23:32:13,328] [SUBPROCESS]    2026-09-09 23:32:13 +0200: Memory Usage (675080K) : nat has 0 polygons
[2026-09-09 23:32:13,337] [SUBPROCESS]    2026-09-09 23:32:13 +0200: Memory Usage (675080K) : comp_dummy has 0 polygons
[2026-09-09 23:32:13,343] [SUBPROCESS]    2026-09-09 23:32:13 +0200: Memory Usage (675080K) : poly2_dummy has 0 polygons
[2026-09-09 23:32:13,351] [SUBPROCESS]    2026-09-09 23:32:13 +0200: Memory Usage (675080K) : schottky_diode has 0 polygons
[2026-09-09 23:32:13,358] [SUBPROCESS]    2026-09-09 23:32:13 +0200: Memory Usage (675080K) : zener has 0 polygons
[2026-09-09 23:32:13,367] [SUBPROCESS]    2026-09-09 23:32:13 +0200: Memory Usage (675080K) : res_mk has 0 polygons
[2026-09-09 23:32:13,374] [SUBPROCESS]    2026-09-09 23:32:13 +0200: Memory Usage (675080K) : opc_drc has 0 polygons
[2026-09-09 23:32:13,382] [SUBPROCESS]    2026-09-09 23:32:13 +0200: Memory Usage (675080K) : ndmy has 0 polygons
[2026-09-09 23:32:13,390] [SUBPROCESS]    2026-09-09 23:32:13 +0200: Memory Usage (675080K) : pmndmy has 0 polygons
[2026-09-09 23:32:13,396] [SUBPROCESS]    2026-09-09 23:32:13 +0200: Memory Usage (675480K) : v5_xtor has 0 polygons
[2026-09-09 23:32:13,406] [SUBPROCESS]    2026-09-09 23:32:13 +0200: Memory Usage (675480K) : cap_mk has 0 polygons
[2026-09-09 23:32:13,413] [SUBPROCESS]    2026-09-09 23:32:13 +0200: Memory Usage (675480K) : mos_cap_mk has 0 polygons
[2026-09-09 23:32:13,422] [SUBPROCESS]    2026-09-09 23:32:13 +0200: Memory Usage (675480K) : ind_mk has 0 polygons
[2026-09-09 23:32:13,428] [SUBPROCESS]    2026-09-09 23:32:13 +0200: Memory Usage (675480K) : diode_mk has 0 polygons
[2026-09-09 23:32:13,437] [SUBPROCESS]    2026-09-09 23:32:13 +0200: Memory Usage (675480K) : drc_bjt has 0 polygons
[2026-09-09 23:32:13,444] [SUBPROCESS]    2026-09-09 23:32:13 +0200: Memory Usage (675480K) : lvs_bjt has 0 polygons
[2026-09-09 23:32:13,453] [SUBPROCESS]    2026-09-09 23:32:13 +0200: Memory Usage (675912K) : mim_l_mk has 0 polygons
[2026-09-09 23:32:13,460] [SUBPROCESS]    2026-09-09 23:32:13 +0200: Memory Usage (675912K) : latchup_mk has 0 polygons
[2026-09-09 23:32:13,469] [SUBPROCESS]    2026-09-09 23:32:13 +0200: Memory Usage (675912K) : guard_ring_mk has 0 polygons
[2026-09-09 23:32:13,475] [SUBPROCESS]    2026-09-09 23:32:13 +0200: Memory Usage (675912K) : otp_mk has 0 polygons
[2026-09-09 23:32:13,482] [SUBPROCESS]    2026-09-09 23:32:13 +0200: Memory Usage (675912K) : mtpmark has 0 polygons
[2026-09-09 23:32:13,509] [SUBPROCESS]    2026-09-09 23:32:13 +0200: Memory Usage (675912K) : neo_ee_mk has 0 polygons
[2026-09-09 23:32:13,518] [SUBPROCESS]    2026-09-09 23:32:13 +0200: Memory Usage (675912K) : sramcore has 0 polygons
[2026-09-09 23:32:13,525] [SUBPROCESS]    2026-09-09 23:32:13 +0200: Memory Usage (676340K) : lvs_rf has 0 polygons
[2026-09-09 23:32:13,534] [SUBPROCESS]    2026-09-09 23:32:13 +0200: Memory Usage (676340K) : lvs_drain has 0 polygons
[2026-09-09 23:32:13,541] [SUBPROCESS]    2026-09-09 23:32:13 +0200: Memory Usage (676340K) : ind_mk has 0 polygons
[2026-09-09 23:32:13,549] [SUBPROCESS]    2026-09-09 23:32:13 +0200: Memory Usage (676340K) : hvpolyrs has 0 polygons
[2026-09-09 23:32:13,557] [SUBPROCESS]    2026-09-09 23:32:13 +0200: Memory Usage (676340K) : lvs_io has 0 polygons
[2026-09-09 23:32:13,565] [SUBPROCESS]    2026-09-09 23:32:13 +0200: Memory Usage (676340K) : probe_mk has 0 polygons
[2026-09-09 23:32:13,574] [SUBPROCESS]    2026-09-09 23:32:13 +0200: Memory Usage (676340K) : esd_mk has 0 polygons
[2026-09-09 23:32:13,581] [SUBPROCESS]    2026-09-09 23:32:13 +0200: Memory Usage (676340K) : lvs_source has 0 polygons
[2026-09-09 23:32:13,589] [SUBPROCESS]    2026-09-09 23:32:13 +0200: Memory Usage (676340K) : well_diode_mk has 0 polygons
[2026-09-09 23:32:13,596] [SUBPROCESS]    2026-09-09 23:32:13 +0200: Memory Usage (676340K) : ldmos_xtor has 0 polygons
[2026-09-09 23:32:13,605] [SUBPROCESS]    2026-09-09 23:32:13 +0200: Memory Usage (676340K) : plfuse has 0 polygons
[2026-09-09 23:32:13,613] [SUBPROCESS]    2026-09-09 23:32:13 +0200: Memory Usage (676340K) : efuse_mk has 0 polygons
[2026-09-09 23:32:13,621] [SUBPROCESS]    2026-09-09 23:32:13 +0200: Memory Usage (676340K) : mcell_feol_mk has 0 polygons
[2026-09-09 23:32:13,628] [SUBPROCESS]    2026-09-09 23:32:13 +0200: Memory Usage (676340K) : ymtp_mk has 0 polygons
[2026-09-09 23:32:13,637] [SUBPROCESS]    2026-09-09 23:32:13 +0200: Memory Usage (676340K) : dev_wf_mk has 0 polygons
[2026-09-09 23:32:13,644] [SUBPROCESS]    2026-09-09 23:32:13 +0200: Memory Usage (676340K) : comp_label has 0 polygons
[2026-09-09 23:32:13,653] [SUBPROCESS]    2026-09-09 23:32:13 +0200: Memory Usage (676340K) : poly2_label has 0 polygons
[2026-09-09 23:32:13,660] [SUBPROCESS]    2026-09-09 23:32:13 +0200: Memory Usage (676340K) : mdiode has 0 polygons
[2026-09-09 23:32:13,669] [SUBPROCESS]    2026-09-09 23:32:13 +0200: Memory Usage (676340K) : contact has 1034 polygons
[2026-09-09 23:32:13,676] [SUBPROCESS]    2026-09-09 23:32:13 +0200: Memory Usage (676340K) : metal1_drawn has 1055 polygons
[2026-09-09 23:32:13,687] [SUBPROCESS]    2026-09-09 23:32:13 +0200: Memory Usage (676340K) : metal1_dummy has 0 polygons
[2026-09-09 23:32:13,694] [SUBPROCESS]    2026-09-09 23:32:13 +0200: Memory Usage (676340K) : metal1_label has 1 polygons
[2026-09-09 23:32:13,702] [SUBPROCESS]    2026-09-09 23:32:13 +0200: Memory Usage (676340K) : metal1_slot has 0 polygons
[2026-09-09 23:32:13,709] [SUBPROCESS]    2026-09-09 23:32:13 +0200: Memory Usage (676340K) : metal1_blk has 0 polygons
[2026-09-09 23:32:13,717] [SUBPROCESS]    2026-09-09 23:32:13 +0200: Memory Usage (676340K) : metal1_res has 0 polygons
[2026-09-09 23:32:13,725] [SUBPROCESS]    2026-09-09 23:32:13 +0200: Memory Usage (676340K) : via1 has 106 polygons
[2026-09-09 23:32:13,733] [SUBPROCESS]    2026-09-09 23:32:13 +0200: Memory Usage (676340K) : metal2_drawn has 149 polygons
[2026-09-09 23:32:13,742] [SUBPROCESS]    2026-09-09 23:32:13 +0200: Memory Usage (676340K) : metal2_dummy has 0 polygons
[2026-09-09 23:32:13,750] [SUBPROCESS]    2026-09-09 23:32:13 +0200: Memory Usage (676340K) : metal2_label has 7 polygons
[2026-09-09 23:32:13,758] [SUBPROCESS]    2026-09-09 23:32:13 +0200: Memory Usage (676340K) : metal2_slot has 0 polygons
[2026-09-09 23:32:13,768] [SUBPROCESS]    2026-09-09 23:32:13 +0200: Memory Usage (676340K) : metal2_blk has 0 polygons
[2026-09-09 23:32:13,776] [SUBPROCESS]    2026-09-09 23:32:13 +0200: Memory Usage (676340K) : metal2_res has 0 polygons
[2026-09-09 23:32:13,784] [SUBPROCESS]    2026-09-09 23:32:13 +0200: Memory Usage (676340K) : via2 has 0 polygons
[2026-09-09 23:32:13,792] [SUBPROCESS]    2026-09-09 23:32:13 +0200: Memory Usage (676340K) : metal3_drawn has 0 polygons
[2026-09-09 23:32:13,801] [SUBPROCESS]    2026-09-09 23:32:13 +0200: Memory Usage (676340K) : metal3_dummy has 0 polygons
[2026-09-09 23:32:13,809] [SUBPROCESS]    2026-09-09 23:32:13 +0200: Memory Usage (676340K) : metal3_label has 0 polygons
[2026-09-09 23:32:13,817] [SUBPROCESS]    2026-09-09 23:32:13 +0200: Memory Usage (676340K) : metal3_slot has 0 polygons
[2026-09-09 23:32:13,825] [SUBPROCESS]    2026-09-09 23:32:13 +0200: Memory Usage (676340K) : metal3_blk has 0 polygons
[2026-09-09 23:32:13,833] [SUBPROCESS]    2026-09-09 23:32:13 +0200: Memory Usage (676340K) : metal3_res has 0 polygons
[2026-09-09 23:32:13,842] [SUBPROCESS]    2026-09-09 23:32:13 +0200: Memory Usage (676340K) : via3 has 0 polygons
[2026-09-09 23:32:13,850] [SUBPROCESS]    2026-09-09 23:32:13 +0200: Memory Usage (676340K) : metal4_drawn has 0 polygons
[2026-09-09 23:32:13,859] [SUBPROCESS]    2026-09-09 23:32:13 +0200: Memory Usage (676340K) : metal4_dummy has 0 polygons
[2026-09-09 23:32:13,867] [SUBPROCESS]    2026-09-09 23:32:13 +0200: Memory Usage (676340K) : metal4_label has 0 polygons
[2026-09-09 23:32:13,874] [SUBPROCESS]    2026-09-09 23:32:13 +0200: Memory Usage (676340K) : metal4_slot has 0 polygons
[2026-09-09 23:32:13,883] [SUBPROCESS]    2026-09-09 23:32:13 +0200: Memory Usage (676340K) : metal4_blk has 0 polygons
[2026-09-09 23:32:13,891] [SUBPROCESS]    2026-09-09 23:32:13 +0200: Memory Usage (676340K) : metal4_res has 0 polygons
[2026-09-09 23:32:13,900] [SUBPROCESS]    2026-09-09 23:32:13 +0200: Memory Usage (676340K) : via4 has 0 polygons
[2026-09-09 23:32:13,907] [SUBPROCESS]    2026-09-09 23:32:13 +0200: Memory Usage (676340K) : metal5_drawn has 0 polygons
[2026-09-09 23:32:13,915] [SUBPROCESS]    2026-09-09 23:32:13 +0200: Memory Usage (676340K) : metal5_dummy has 0 polygons
[2026-09-09 23:32:13,924] [SUBPROCESS]    2026-09-09 23:32:13 +0200: Memory Usage (676712K) : metal5_label has 0 polygons
[2026-09-09 23:32:13,931] [SUBPROCESS]    2026-09-09 23:32:13 +0200: Memory Usage (676712K) : metal5_slot has 0 polygons
[2026-09-09 23:32:13,939] [SUBPROCESS]    2026-09-09 23:32:13 +0200: Memory Usage (676712K) : metal5_blk has 0 polygons
[2026-09-09 23:32:13,946] [SUBPROCESS]    2026-09-09 23:32:13 +0200: Memory Usage (676712K) : metal5_res has 0 polygons
[2026-09-09 23:32:13,954] [SUBPROCESS]    2026-09-09 23:32:13 +0200: Memory Usage (676712K) : via5 has 0 polygons
[2026-09-09 23:32:13,961] [SUBPROCESS]    2026-09-09 23:32:13 +0200: Memory Usage (676712K) : metaltop_drawn has 0 polygons
[2026-09-09 23:32:13,971] [SUBPROCESS]    2026-09-09 23:32:13 +0200: Memory Usage (676712K) : metaltop_dummy has 0 polygons
[2026-09-09 23:32:13,978] [SUBPROCESS]    2026-09-09 23:32:13 +0200: Memory Usage (677128K) : metaltop_label has 0 polygons
[2026-09-09 23:32:13,987] [SUBPROCESS]    2026-09-09 23:32:13 +0200: Memory Usage (677128K) : metaltop_slot has 0 polygons
[2026-09-09 23:32:13,993] [SUBPROCESS]    2026-09-09 23:32:13 +0200: Memory Usage (677128K) : metaltop_blk has 0 polygons
[2026-09-09 23:32:14,004] [SUBPROCESS]    2026-09-09 23:32:13 +0200: Memory Usage (677128K) : metal6_res has 0 polygons
[2026-09-09 23:32:14,029] [SUBPROCESS]    2026-09-09 23:32:14 +0200: Memory Usage (677128K) : pad has 0 polygons
[2026-09-09 23:32:14,036] [SUBPROCESS]    2026-09-09 23:32:14 +0200: Memory Usage (677540K) : ubmpperi has 0 polygons
[2026-09-09 23:32:14,043] [SUBPROCESS]    2026-09-09 23:32:14 +0200: Memory Usage (677540K) : ubmparray has 0 polygons
[2026-09-09 23:32:14,052] [SUBPROCESS]    2026-09-09 23:32:14 +0200: Memory Usage (677540K) : ubmeplate has 0 polygons
[2026-09-09 23:32:14,059] [SUBPROCESS]    2026-09-09 23:32:14 +0200: Memory Usage (677540K) : pr_bndry has 0 polygons
[2026-09-09 23:32:14,066] [SUBPROCESS]    2026-09-09 23:32:14 +0200: Memory Usage (677540K) : border has 0 polygons
[2026-09-09 23:32:14,073] [SUBPROCESS]    2026-09-09 23:32:14 +0200: Memory Usage (677540K) : Total no. of polygons in the design is 4532
[2026-09-09 23:32:14,078] [SUBPROCESS]    2026-09-09 23:32:14 +0200: Memory Usage (677540K) : Starting deriving base layers.
[2026-09-09 23:32:14,085] [SUBPROCESS]    2026-09-09 23:32:14 +0200: Memory Usage (677540K) : Starting GF180MCU LVS runset
[2026-09-09 23:32:14,189] [SUBPROCESS]    2026-09-09 23:32:14 +0200: Memory Usage (677540K) : Starting base layers derivations
[2026-09-09 23:32:14,205] [SUBPROCESS]    2026-09-09 23:32:14 +0200: Memory Usage (825400K) : Starting MOSFET DERIVATIONS
[2026-09-09 23:32:14,244] [SUBPROCESS]    2026-09-09 23:32:14 +0200: Memory Usage (826156K) : Starting PMOS layers DERIVATIONS
[2026-09-09 23:32:14,291] [SUBPROCESS]    2026-09-09 23:32:14 +0200: Memory Usage (828048K) : Starting NMOS layers DERIVATIONS
[2026-09-09 23:32:14,298] [SUBPROCESS]    2026-09-09 23:32:14 +0200: Memory Usage (830336K) : Starting BJT DERIVATIONS
[2026-09-09 23:32:14,387] [SUBPROCESS]    2026-09-09 23:32:14 +0200: Memory Usage (830336K) : Starting vnpn layers DERIVATIONS
[2026-09-09 23:32:14,451] [SUBPROCESS]    2026-09-09 23:32:14 +0200: Memory Usage (835628K) : Starting vpnp layers DERIVATIONS
[2026-09-09 23:32:14,581] [SUBPROCESS]    2026-09-09 23:32:14 +0200: Memory Usage (837896K) : Starting DIODE DERIVATIONS
[2026-09-09 23:32:14,756] [SUBPROCESS]    2026-09-09 23:32:14 +0200: Memory Usage (838688K) : Starting RESISTOR DERIVATIONS
[2026-09-09 23:32:14,772] [SUBPROCESS]    2026-09-09 23:32:14 +0200: Memory Usage (838688K) : Starting MIMCAP DERIVATIONS
[2026-09-09 23:32:14,811] [SUBPROCESS]    2026-09-09 23:32:14 +0200: Memory Usage (838688K) : Starting MOSCAP DERIVATIONS
[2026-09-09 23:32:14,828] [SUBPROCESS]    2026-09-09 23:32:14 +0200: Memory Usage (838688K) : Starting MOS SAB DERIVATIONS
[2026-09-09 23:32:14,855] [SUBPROCESS]    2026-09-09 23:32:14 +0200: Memory Usage (838688K) : Starting PMOS SAB DERIVATIONS
[2026-09-09 23:32:14,884] [SUBPROCESS]    2026-09-09 23:32:14 +0200: Memory Usage (838688K) : Starting NMOS SAB DERIVATIONS
[2026-09-09 23:32:14,898] [SUBPROCESS]    2026-09-09 23:32:14 +0200: Memory Usage (838688K) : Starting NMOS EFUSE DERIVATIONS
[2026-09-09 23:32:14,905] [SUBPROCESS]    2026-09-09 23:32:14 +0200: Memory Usage (838688K) : Starting GF180 LVS connectivity setup
[2026-09-09 23:32:14,911] [SUBPROCESS]    2026-09-09 23:32:14 +0200: Memory Usage (838688K) : Starting GF180 LVS connectivity setup (Inter-layer)
[2026-09-09 23:32:14,918] [SUBPROCESS]    2026-09-09 23:32:14 +0200: Memory Usage (838688K) : Starting GF180 LVS connectivity setup (Global)
[2026-09-09 23:32:14,924] [SUBPROCESS]    2026-09-09 23:32:14 +0200: Memory Usage (838688K) : Starting GF180 LVS connectivity setup (Multifinger Devices)
[2026-09-09 23:32:14,930] [SUBPROCESS]    2026-09-09 23:32:14 +0200: Memory Usage (838688K) : Starting LVS MOSFET CONNECTIONS
[2026-09-09 23:32:14,937] [SUBPROCESS]    2026-09-09 23:32:14 +0200: Memory Usage (838688K) : Starting LVS BJT CONNECTIONS
[2026-09-09 23:32:14,943] [SUBPROCESS]    2026-09-09 23:32:14 +0200: Memory Usage (838688K) : Starting LVS DIODE CONNECTIONS
[2026-09-09 23:32:14,952] [SUBPROCESS]    2026-09-09 23:32:14 +0200: Memory Usage (838688K) : Starting LVS MIMCAP CONNECTIONS
[2026-09-09 23:32:14,958] [SUBPROCESS]    2026-09-09 23:32:14 +0200: Memory Usage (838688K) : Starting LVS RESISTOR CONNECTIONS
[2026-09-09 23:32:14,964] [SUBPROCESS]    2026-09-09 23:32:14 +0200: Memory Usage (838688K) : Starting LVS EFUSE CONNECTIONS
[2026-09-09 23:32:14,971] [SUBPROCESS]    2026-09-09 23:32:14 +0200: Memory Usage (838688K) : Starting GF180 LVS DEVICES EXTRACTION
[2026-09-09 23:32:14,976] [SUBPROCESS]    2026-09-09 23:32:14 +0200: Memory Usage (838688K) : Starting MOSFET EXTRACTION
[2026-09-09 23:32:14,984] [SUBPROCESS]    2026-09-09 23:32:14 +0200: Memory Usage (838688K) : Starting PMOS EXTRACTION
[2026-09-09 23:32:14,993] [SUBPROCESS]    2026-09-09 23:32:14 +0200: Memory Usage (838688K) : Extracting 3.3V PMOS transistor outside DNWEL
[2026-09-09 23:32:15,003] [SUBPROCESS]    2026-09-09 23:32:14 +0200: Memory Usage (838688K) : Extracting 5V PMOS transistor outside DNWELL
[2026-09-09 23:32:15,010] [SUBPROCESS]    2026-09-09 23:32:15 +0200: Memory Usage (838688K) : Extracting 6V PMOS transistor outside DNWELL
[2026-09-09 23:32:15,019] [SUBPROCESS]    2026-09-09 23:32:15 +0200: Memory Usage (838688K) : Extracting 3.3V PMOS transistor inside DNWELL
[2026-09-09 23:32:15,027] [SUBPROCESS]    2026-09-09 23:32:15 +0200: Memory Usage (838688K) : Extracting 5V PMOS transistor inside DNWELL
[2026-09-09 23:32:15,036] [SUBPROCESS]    2026-09-09 23:32:15 +0200: Memory Usage (838688K) : Extracting 6V PMOS transistor inside DNWELL
[2026-09-09 23:32:15,044] [SUBPROCESS]    2026-09-09 23:32:15 +0200: Memory Usage (838688K) : Extracting LDPMOS transistor
[2026-09-09 23:32:15,050] [SUBPROCESS]    2026-09-09 23:32:15 +0200: Memory Usage (838688K) : Starting NMOS EXTRACTION
[2026-09-09 23:32:15,078] [SUBPROCESS]    2026-09-09 23:32:15 +0200: Memory Usage (838688K) : 3.3V NMOS transistor outside DNWELL
[2026-09-09 23:32:15,086] [SUBPROCESS]    2026-09-09 23:32:15 +0200: Memory Usage (838752K) : 5V NMOS transistor outside DNWELL
[2026-09-09 23:32:15,092] [SUBPROCESS]    2026-09-09 23:32:15 +0200: Memory Usage (838752K) : 6V NMOS transistor outside DNWELL
[2026-09-09 23:32:15,100] [SUBPROCESS]    2026-09-09 23:32:15 +0200: Memory Usage (838752K) : 3.3V NMOS transistor inside DNWELL
[2026-09-09 23:32:15,107] [SUBPROCESS]    2026-09-09 23:32:15 +0200: Memory Usage (838752K) : 5V NMOS transistor inside DNWELL
[2026-09-09 23:32:15,117] [SUBPROCESS]    2026-09-09 23:32:15 +0200: Memory Usage (838752K) : 6V NMOS transistor inside DNWELL
[2026-09-09 23:32:15,125] [SUBPROCESS]    2026-09-09 23:32:15 +0200: Memory Usage (838752K) : Native Vt NMOS transistor
[2026-09-09 23:32:15,132] [SUBPROCESS]    2026-09-09 23:32:15 +0200: Memory Usage (838752K) : Extracting LDNMOS transistor
[2026-09-09 23:32:15,139] [SUBPROCESS]    2026-09-09 23:32:15 +0200: Memory Usage (838752K) : Starting BJT EXTRACTION
[2026-09-09 23:32:15,144] [SUBPROCESS]    2026-09-09 23:32:15 +0200: Memory Usage (838752K) : Starting vnpn BJT EXTRACTION
[2026-09-09 23:32:15,158] [SUBPROCESS]    2026-09-09 23:32:15 +0200: Memory Usage (838752K) : Extracting npn_10p00x10p00 BJT
[2026-09-09 23:32:15,170] [SUBPROCESS]    2026-09-09 23:32:15 +0200: Memory Usage (838752K) : Extracting npn_05p00x05p00 BJT
[2026-09-09 23:32:15,181] [SUBPROCESS]    2026-09-09 23:32:15 +0200: Memory Usage (838752K) : Extracting npn_00p54x16p00 BJT
[2026-09-09 23:32:15,194] [SUBPROCESS]    2026-09-09 23:32:15 +0200: Memory Usage (838752K) : Extracting npn_00p54x08p00 BJT
[2026-09-09 23:32:15,206] [SUBPROCESS]    2026-09-09 23:32:15 +0200: Memory Usage (838752K) : Extracting npn_00p54x04p00 BJT
[2026-09-09 23:32:15,216] [SUBPROCESS]    2026-09-09 23:32:15 +0200: Memory Usage (838752K) : Extracting npn_00p54x02p00 BJT
[2026-09-09 23:32:15,223] [SUBPROCESS]    2026-09-09 23:32:15 +0200: Memory Usage (838752K) : Starting vpnp BJT EXTRACTION
[2026-09-09 23:32:15,234] [SUBPROCESS]    2026-09-09 23:32:15 +0200: Memory Usage (838752K) : Extracting pnp_10p00x10p00 BJT
[2026-09-09 23:32:15,244] [SUBPROCESS]    2026-09-09 23:32:15 +0200: Memory Usage (838752K) : Extracting pnp_05p00x05p00 BJT
[2026-09-09 23:32:15,254] [SUBPROCESS]    2026-09-09 23:32:15 +0200: Memory Usage (838752K) : Extracting pnp_10p00x00p42 BJT
[2026-09-09 23:32:15,262] [SUBPROCESS]    2026-09-09 23:32:15 +0200: Memory Usage (838752K) : Extracting pnp_05p00x00p42 BJT
[2026-09-09 23:32:15,270] [SUBPROCESS]    2026-09-09 23:32:15 +0200: Memory Usage (838752K) : Starting DIODE EXTRACTION
[2026-09-09 23:32:15,280] [SUBPROCESS]    2026-09-09 23:32:15 +0200: Memory Usage (838752K) : Extracting diode_nd2ps_03v3 diode
[2026-09-09 23:32:15,289] [SUBPROCESS]    2026-09-09 23:32:15 +0200: Memory Usage (838752K) : Extracting diode_nd2ps_03v3_dn diode
[2026-09-09 23:32:15,296] [SUBPROCESS]    2026-09-09 23:32:15 +0200: Memory Usage (838752K) : Extracting diode_nd2ps_06v0 diode
[2026-09-09 23:32:15,304] [SUBPROCESS]    2026-09-09 23:32:15 +0200: Memory Usage (838752K) : Extracting diode_nd2ps_06v0_dn diode
[2026-09-09 23:32:15,312] [SUBPROCESS]    2026-09-09 23:32:15 +0200: Memory Usage (838752K) : Extracting diode_pd2nw_03v3 diode
[2026-09-09 23:32:15,322] [SUBPROCESS]    2026-09-09 23:32:15 +0200: Memory Usage (838752K) : Extractingdiode_pd2nw_03v3_dn diode
[2026-09-09 23:32:15,329] [SUBPROCESS]    2026-09-09 23:32:15 +0200: Memory Usage (838752K) : Extracting diode_pd2nw_06v0 diode
[2026-09-09 23:32:15,338] [SUBPROCESS]    2026-09-09 23:32:15 +0200: Memory Usage (838752K) : Extracting diode_pd2nw_06v0_dn diode
[2026-09-09 23:32:15,345] [SUBPROCESS]    2026-09-09 23:32:15 +0200: Memory Usage (838752K) : Extracting diode_nw2ps_03v3 diode
[2026-09-09 23:32:15,354] [SUBPROCESS]    2026-09-09 23:32:15 +0200: Memory Usage (838752K) : Extracting diode_nw2ps_06v0 diode
[2026-09-09 23:32:15,362] [SUBPROCESS]    2026-09-09 23:32:15 +0200: Memory Usage (838752K) : Extracting diode_pw2dw_03v3 diode
[2026-09-09 23:32:15,369] [SUBPROCESS]    2026-09-09 23:32:15 +0200: Memory Usage (838752K) : Extracting diode_pw2dw_06v0 diode
[2026-09-09 23:32:15,376] [SUBPROCESS]    2026-09-09 23:32:15 +0200: Memory Usage (838752K) : Extracting diode_dw2ps_03v3 diode
[2026-09-09 23:32:15,385] [SUBPROCESS]    2026-09-09 23:32:15 +0200: Memory Usage (838752K) : Extracting diode_dw2ps_06v0 diode
[2026-09-09 23:32:15,393] [SUBPROCESS]    2026-09-09 23:32:15 +0200: Memory Usage (838752K) : Extracting sc_diode diode
[2026-09-09 23:32:15,401] [SUBPROCESS]    2026-09-09 23:32:15 +0200: Memory Usage (838752K) : Starting RESISTOR EXTRACTION
[2026-09-09 23:32:15,408] [SUBPROCESS]    2026-09-09 23:32:15 +0200: Memory Usage (838752K) : Extracting NPLUS_U device
[2026-09-09 23:32:15,416] [SUBPROCESS]    2026-09-09 23:32:15 +0200: Memory Usage (838752K) : Extracting NPLUS_U_DW device
[2026-09-09 23:32:15,425] [SUBPROCESS]    2026-09-09 23:32:15 +0200: Memory Usage (838752K) : Extracting PPLUS_U device
[2026-09-09 23:32:15,434] [SUBPROCESS]    2026-09-09 23:32:15 +0200: Memory Usage (838752K) : Extracting PPLUS_U_DW device
[2026-09-09 23:32:15,442] [SUBPROCESS]    2026-09-09 23:32:15 +0200: Memory Usage (838752K) : Extracting NPLUS_S device
[2026-09-09 23:32:15,450] [SUBPROCESS]    2026-09-09 23:32:15 +0200: Memory Usage (838752K) : Extracting NPLUS_S_DW device
[2026-09-09 23:32:15,457] [SUBPROCESS]    2026-09-09 23:32:15 +0200: Memory Usage (838752K) : Extracting PPLUS_S device
[2026-09-09 23:32:15,464] [SUBPROCESS]    2026-09-09 23:32:15 +0200: Memory Usage (838752K) : Extracting PPLUS_S_DW device
[2026-09-09 23:32:15,476] [SUBPROCESS]    2026-09-09 23:32:15 +0200: Memory Usage (838752K) : Extracting NWELL device
[2026-09-09 23:32:15,484] [SUBPROCESS]    2026-09-09 23:32:15 +0200: Memory Usage (838752K) : Extracting PWELL device
[2026-09-09 23:32:15,492] [SUBPROCESS]    2026-09-09 23:32:15 +0200: Memory Usage (838752K) : Extracting NPOLYF_U device
[2026-09-09 23:32:15,500] [SUBPROCESS]    2026-09-09 23:32:15 +0200: Memory Usage (838752K) : Extracting NPOLYF_U_DW device
[2026-09-09 23:32:15,508] [SUBPROCESS]    2026-09-09 23:32:15 +0200: Memory Usage (838752K) : Extracting PPOLYF_U device
[2026-09-09 23:32:15,519] [SUBPROCESS]    2026-09-09 23:32:15 +0200: Memory Usage (838752K) : Extracting PPOLYF_U_DW device
[2026-09-09 23:32:15,527] [SUBPROCESS]    2026-09-09 23:32:15 +0200: Memory Usage (838752K) : Extracting NPOLYF_S device
[2026-09-09 23:32:15,535] [SUBPROCESS]    2026-09-09 23:32:15 +0200: Memory Usage (838752K) : Extracting NPOLYF_S_DW device
[2026-09-09 23:32:15,542] [SUBPROCESS]    2026-09-09 23:32:15 +0200: Memory Usage (838752K) : Extracting PPOLYF_S device
[2026-09-09 23:32:15,551] [SUBPROCESS]    2026-09-09 23:32:15 +0200: Memory Usage (838752K) : Extracting PPOLYF_S_DW device
[2026-09-09 23:32:15,559] [SUBPROCESS]    2026-09-09 23:32:15 +0200: Memory Usage (838752K) : Extracting PPOLYF_U_1K device
[2026-09-09 23:32:15,566] [SUBPROCESS]    2026-09-09 23:32:15 +0200: Memory Usage (838752K) : Extracting PPOLYF_U_DW_1 device
[2026-09-09 23:32:15,574] [SUBPROCESS]    2026-09-09 23:32:15 +0200: Memory Usage (838752K) : Extracting PPOLYF_U_1K_6p0 device
[2026-09-09 23:32:15,599] [SUBPROCESS]    2026-09-09 23:32:15 +0200: Memory Usage (838752K) : Extracting PPOLYF_U_DW_1K_6p0 device
[2026-09-09 23:32:15,609] [SUBPROCESS]    2026-09-09 23:32:15 +0200: Memory Usage (838752K) : Extracting RM1 device
[2026-09-09 23:32:15,618] [SUBPROCESS]    2026-09-09 23:32:15 +0200: Memory Usage (838752K) : Extracting RM2 device
[2026-09-09 23:32:15,625] [SUBPROCESS]    2026-09-09 23:32:15 +0200: Memory Usage (838752K) : Extracting RM3 device
[2026-09-09 23:32:15,634] [SUBPROCESS]    2026-09-09 23:32:15 +0200: Memory Usage (838752K) : Extracting TM9K device
[2026-09-09 23:32:15,640] [SUBPROCESS]    2026-09-09 23:32:15 +0200: Memory Usage (838752K) : Starting MIMCAP EXTRACTION
[2026-09-09 23:32:15,647] [SUBPROCESS]    2026-09-09 23:32:15 +0200: Memory Usage (838752K) : Extracting cap_mim2f0 device
[2026-09-09 23:32:15,655] [SUBPROCESS]    2026-09-09 23:32:15 +0200: Memory Usage (838752K) : Starting MOSCAP EXTRACTION
[2026-09-09 23:32:15,661] [SUBPROCESS]    2026-09-09 23:32:15 +0200: Memory Usage (838752K) : Extracting cap_nmos_03v3 device
[2026-09-09 23:32:15,670] [SUBPROCESS]    2026-09-09 23:32:15 +0200: Memory Usage (838752K) : Extracting cap_nmos_03v3_dn device
[2026-09-09 23:32:15,685] [SUBPROCESS]    2026-09-09 23:32:15 +0200: Memory Usage (838752K) : Extracting cap_pmos_03v3 device
[2026-09-09 23:32:15,692] [SUBPROCESS]    2026-09-09 23:32:15 +0200: Memory Usage (838752K) : Extracting cap_pmos_03v3_dn device
[2026-09-09 23:32:15,700] [SUBPROCESS]    2026-09-09 23:32:15 +0200: Memory Usage (838752K) : Extracting cap_nmos_06v0 device
[2026-09-09 23:32:15,707] [SUBPROCESS]    2026-09-09 23:32:15 +0200: Memory Usage (838752K) : Extracting cap_nmos_06v0_dn device
[2026-09-09 23:32:15,724] [SUBPROCESS]    2026-09-09 23:32:15 +0200: Memory Usage (838752K) : Extracting cap_pmos_06v0 device
[2026-09-09 23:32:15,740] [SUBPROCESS]    2026-09-09 23:32:15 +0200: Memory Usage (838752K) : Extracting cap_pmos_06v0 device
[2026-09-09 23:32:15,747] [SUBPROCESS]    2026-09-09 23:32:15 +0200: Memory Usage (838752K) : Extracting cap_pmos_03v3_b device
[2026-09-09 23:32:15,764] [SUBPROCESS]    2026-09-09 23:32:15 +0200: Memory Usage (838752K) : Extracting cap_nmos_06v0_b device
[2026-09-09 23:32:15,773] [SUBPROCESS]    2026-09-09 23:32:15 +0200: Memory Usage (838752K) : Extracting cap_pmos_06v0_b device
[2026-09-09 23:32:15,779] [SUBPROCESS]    2026-09-09 23:32:15 +0200: Memory Usage (838752K) : Starting MOS SAB EXTRACTION
[2026-09-09 23:32:15,786] [SUBPROCESS]    2026-09-09 23:32:15 +0200: Memory Usage (838752K) : Starting PMOS SAB EXTRACTION
[2026-09-09 23:32:15,794] [SUBPROCESS]    2026-09-09 23:32:15 +0200: Memory Usage (838752K) : Extracting 3.3V ESD PMOS transistor outside DNWELL device
[2026-09-09 23:32:15,804] [SUBPROCESS]    2026-09-09 23:32:15 +0200: Memory Usage (838752K) : Extracting 5V ESD PMOS transistor outside DNWELL device
[2026-09-09 23:32:15,811] [SUBPROCESS]    2026-09-09 23:32:15 +0200: Memory Usage (838752K) : Extracting 6V ESD PMOS transistor outside DNWELL device
[2026-09-09 23:32:15,819] [SUBPROCESS]    2026-09-09 23:32:15 +0200: Memory Usage (838752K) : Extracting 3.3V ESD PMOS transistor inside DNWELL device
[2026-09-09 23:32:15,827] [SUBPROCESS]    2026-09-09 23:32:15 +0200: Memory Usage (838752K) : Extracting 5V ESD PMOS transistor inside DNWELL device
[2026-09-09 23:32:15,836] [SUBPROCESS]    2026-09-09 23:32:15 +0200: Memory Usage (838752K) : Extracting 6V ESD PMOS transistor inside DNWELL device
[2026-09-09 23:32:15,842] [SUBPROCESS]    2026-09-09 23:32:15 +0200: Memory Usage (838752K) : Starting NMOS SAB EXTRACTION
[2026-09-09 23:32:15,850] [SUBPROCESS]    2026-09-09 23:32:15 +0200: Memory Usage (838752K) : Extracting 3.3V ESD NMOS transistor outside DNWELL device
[2026-09-09 23:32:15,858] [SUBPROCESS]    2026-09-09 23:32:15 +0200: Memory Usage (838752K) : Extracting 5V ESD NMOS transistor outside DNWELL device
[2026-09-09 23:32:15,865] [SUBPROCESS]    2026-09-09 23:32:15 +0200: Memory Usage (838752K) : Extracting 6V ESD NMOS transistor outside DNWELL device
[2026-09-09 23:32:15,874] [SUBPROCESS]    2026-09-09 23:32:15 +0200: Memory Usage (838752K) : Extracting 3.3V ESD NMOS transistor inside DNWELL device
[2026-09-09 23:32:15,883] [SUBPROCESS]    2026-09-09 23:32:15 +0200: Memory Usage (838752K) : Extracting 5V ESD NMOS transistor inside DNWELL device
[2026-09-09 23:32:15,892] [SUBPROCESS]    2026-09-09 23:32:15 +0200: Memory Usage (838752K) : Extracting 6V ESD NMOS transistor inside DNWELL device
[2026-09-09 23:32:15,900] [SUBPROCESS]    2026-09-09 23:32:15 +0200: Memory Usage (838752K) : Starting EFUSE EXTRACTION
[2026-09-09 23:32:15,934] [SUBPROCESS]    2026-09-09 23:32:15 +0200: Memory Usage (838752K) : Starting GF180 LVS comparison section
[2026-09-09 23:32:15,941] [SUBPROCESS]    2026-09-09 23:32:15 +0200: Memory Usage (838752K) : LVS Total Run time 2.929977 seconds
[2026-09-09 23:32:15,947] [SUBPROCESS]    2026-09-09 23:32:15 +0200: Memory Usage (838752K) : xxxxxxxxxxxxxxxxxxxxxxxxxxxxxxxxxxxxxxxxxx
[2026-09-09 23:32:15,954] [SUBPROCESS]    2026-09-09 23:32:15 +0200: Memory Usage (838752K) : ERROR : Netlists don't match
[2026-09-09 23:32:16,077] [SUBPROCESS]    2026-09-09 23:32:15 +0200: Memory Usage (838752K) : xxxxxxxxxxxxxxxxxxxxxxxxxxxxxxxxxxxxxxxxxx
[2026-09-09 23:32:16,199] [INFO]    klayout LVS succeeded after 5.291s
[2026-09-09 23:32:16,217] [WARNING]    Unable to find info about extracted LVS layer 'comp'
[2026-09-09 23:32:16,219] [WARNING]    Unable to find info about extracted LVS layer 'nwell'
[2026-09-09 23:32:16,220] [WARNING]    Unable to find info about extracted LVS layer 'contact'
[2026-09-09 23:32:16,222] [WARNING]    Unable to find info about extracted LVS layer 'via1'
[2026-09-09 23:32:16,223] [INFO]    (31, 20) -> (psd)
[2026-09-09 23:32:16,224] [INFO]    (34, 0) -> (metal1_con)
[2026-09-09 23:32:16,225] [INFO]    (36, 0) -> (metal2_con)
[2026-09-09 23:32:16,249] [WARNING]    Can't find GDS pair for layer M1-Poly
[2026-09-09 23:32:16,250] [WARNING]    Can't find GDS pair for layer Via1_con
[2026-09-09 23:32:16,252] [WARNING]    Can't find GDS pair for layer Via2_con
[2026-09-09 23:32:16,252] [WARNING]    Can't find GDS pair for layer Via3_con
[2026-09-09 23:32:16,253] [WARNING]    Can't find GDS pair for layer Via4_ncap
[2026-09-09 23:32:19,751] [INFO]    LVSDB: found 8pins
[2026-09-09 23:32:19,754] [WARNING]    Could not find a layer for device $1, class pfet_03v3, terminal G, net DAC_REF
[2026-09-09 23:32:19,757] [WARNING]    Could not find a layer for device $1, class pfet_03v3, terminal B, net VDD
[2026-09-09 23:32:19,760] [WARNING]    Could not find a layer for device $2, class pfet_03v3, terminal G, net DAC_REF
[2026-09-09 23:32:19,762] [WARNING]    Could not find a layer for device $2, class pfet_03v3, terminal B, net VDD
[2026-09-09 23:32:19,764] [WARNING]    Could not find a layer for device $3, class pfet_03v3, terminal G, net DAC_REF
[2026-09-09 23:32:19,766] [WARNING]    Could not find a layer for device $3, class pfet_03v3, terminal B, net VDD
[2026-09-09 23:32:19,768] [WARNING]    Could not find a layer for device $4, class pfet_03v3, terminal G, net DAC_REF
[2026-09-09 23:32:19,770] [WARNING]    Could not find a layer for device $4, class pfet_03v3, terminal B, net VDD
[2026-09-09 23:32:19,772] [WARNING]    Could not find a layer for device $5, class pfet_03v3, terminal G, net DAC_REF
[2026-09-09 23:32:19,775] [WARNING]    Could not find a layer for device $5, class pfet_03v3, terminal B, net VDD
[2026-09-09 23:32:19,777] [WARNING]    Could not find a layer for device $6, class pfet_03v3, terminal G, net DAC_REF
[2026-09-09 23:32:19,779] [WARNING]    Could not find a layer for device $6, class pfet_03v3, terminal B, net VDD
[2026-09-09 23:32:19,781] [WARNING]    Could not find a layer for device $7, class pfet_03v3, terminal G, net DAC_REF
[2026-09-09 23:32:19,783] [WARNING]    Could not find a layer for device $7, class pfet_03v3, terminal B, net VDD
[2026-09-09 23:32:19,786] [WARNING]    Could not find a layer for device $8, class pfet_03v3, terminal G, net DAC_REF
[2026-09-09 23:32:19,790] [WARNING]    Could not find a layer for device $8, class pfet_03v3, terminal B, net VDD
[2026-09-09 23:32:19,793] [WARNING]    Could not find a layer for device $9, class pfet_03v3, terminal G, net DAC_REF
[2026-09-09 23:32:19,795] [WARNING]    Could not find a layer for device $9, class pfet_03v3, terminal B, net VDD
[2026-09-09 23:32:19,797] [WARNING]    Could not find a layer for device $10, class pfet_03v3, terminal G, net DAC_REF
[2026-09-09 23:32:19,800] [WARNING]    Could not find a layer for device $10, class pfet_03v3, terminal B, net VDD
[2026-09-09 23:32:19,802] [WARNING]    Could not find a layer for device $11, class pfet_03v3, terminal G, net DAC_REF
[2026-09-09 23:32:19,805] [WARNING]    Could not find a layer for device $11, class pfet_03v3, terminal B, net VDD
[2026-09-09 23:32:19,807] [WARNING]    Could not find a layer for device $12, class pfet_03v3, terminal G, net DAC_REF
[2026-09-09 23:32:19,810] [WARNING]    Could not find a layer for device $12, class pfet_03v3, terminal B, net VDD
[2026-09-09 23:32:19,812] [WARNING]    Could not find a layer for device $13, class pfet_03v3, terminal G, net DAC_REF
[2026-09-09 23:32:19,815] [WARNING]    Could not find a layer for device $13, class pfet_03v3, terminal B, net VDD
[2026-09-09 23:32:19,818] [WARNING]    Could not find a layer for device $14, class pfet_03v3, terminal G, net DAC_REF
[2026-09-09 23:32:19,820] [WARNING]    Could not find a layer for device $14, class pfet_03v3, terminal B, net VDD
[2026-09-09 23:32:19,822] [WARNING]    Could not find a layer for device $15, class pfet_03v3, terminal G, net DAC_REF
[2026-09-09 23:32:19,824] [WARNING]    Could not find a layer for device $15, class pfet_03v3, terminal B, net VDD
[2026-09-09 23:32:19,827] [WARNING]    Could not find a layer for device $16, class pfet_03v3, terminal G, net DAC_REF
[2026-09-09 23:32:19,829] [WARNING]    Could not find a layer for device $16, class pfet_03v3, terminal B, net VDD
[2026-09-09 23:32:19,832] [WARNING]    Could not find a layer for device $17, class pfet_03v3, terminal G, net DAC_REF
[2026-09-09 23:32:19,835] [WARNING]    Could not find a layer for device $17, class pfet_03v3, terminal B, net VDD
[2026-09-09 23:32:19,838] [WARNING]    Could not find a layer for device $18, class pfet_03v3, terminal G, net DAC_REF
[2026-09-09 23:32:19,841] [WARNING]    Could not find a layer for device $18, class pfet_03v3, terminal B, net VDD
[2026-09-09 23:32:19,843] [WARNING]    Could not find a layer for device $19, class pfet_03v3, terminal G, net DAC_REF
[2026-09-09 23:32:19,845] [WARNING]    Could not find a layer for device $19, class pfet_03v3, terminal B, net VDD
[2026-09-09 23:32:19,848] [WARNING]    Could not find a layer for device $20, class pfet_03v3, terminal G, net DAC_REF
[2026-09-09 23:32:19,851] [WARNING]    Could not find a layer for device $20, class pfet_03v3, terminal B, net VDD
[2026-09-09 23:32:19,853] [WARNING]    Could not find a layer for device $21, class pfet_03v3, terminal G, net DAC_REF
[2026-09-09 23:32:19,856] [WARNING]    Could not find a layer for device $21, class pfet_03v3, terminal B, net VDD
[2026-09-09 23:32:19,860] [WARNING]    Could not find a layer for device $22, class pfet_03v3, terminal G, net DAC_REF
[2026-09-09 23:32:19,862] [WARNING]    Could not find a layer for device $22, class pfet_03v3, terminal B, net VDD
[2026-09-09 23:32:19,864] [WARNING]    Could not find a layer for device $23, class pfet_03v3, terminal G, net DAC_REF
[2026-09-09 23:32:19,866] [WARNING]    Could not find a layer for device $23, class pfet_03v3, terminal B, net VDD
[2026-09-09 23:32:19,869] [WARNING]    Could not find a layer for device $24, class pfet_03v3, terminal G, net DAC_REF
[2026-09-09 23:32:19,871] [WARNING]    Could not find a layer for device $24, class pfet_03v3, terminal B, net VDD
[2026-09-09 23:32:19,874] [WARNING]    Could not find a layer for device $25, class pfet_03v3, terminal G, net DAC_REF
[2026-09-09 23:32:19,877] [WARNING]    Could not find a layer for device $25, class pfet_03v3, terminal B, net VDD
[2026-09-09 23:32:19,878] [WARNING]    Could not find a layer for device $26, class pfet_03v3, terminal G, net DAC_REF
[2026-09-09 23:32:19,880] [WARNING]    Could not find a layer for device $26, class pfet_03v3, terminal B, net VDD
[2026-09-09 23:32:19,883] [WARNING]    Could not find a layer for device $27, class pfet_03v3, terminal G, net DAC_REF
[2026-09-09 23:32:19,886] [WARNING]    Could not find a layer for device $27, class pfet_03v3, terminal B, net VDD
[2026-09-09 23:32:19,888] [WARNING]    Could not find a layer for device $28, class pfet_03v3, terminal G, net DAC_REF
[2026-09-09 23:32:19,892] [WARNING]    Could not find a layer for device $28, class pfet_03v3, terminal B, net VDD
[2026-09-09 23:32:19,894] [WARNING]    Could not find a layer for device $29, class pfet_03v3, terminal G, net DAC_REF
[2026-09-09 23:32:19,896] [WARNING]    Could not find a layer for device $29, class pfet_03v3, terminal B, net VDD
[2026-09-09 23:32:19,898] [WARNING]    Could not find a layer for device $30, class pfet_03v3, terminal G, net DAC_REF
[2026-09-09 23:32:19,901] [WARNING]    Could not find a layer for device $30, class pfet_03v3, terminal B, net VDD
[2026-09-09 23:32:19,903] [WARNING]    Could not find a layer for device $31, class pfet_03v3, terminal G, net DAC_REF
[2026-09-09 23:32:19,906] [WARNING]    Could not find a layer for device $31, class pfet_03v3, terminal B, net VDD
[2026-09-09 23:32:19,909] [WARNING]    Could not find a layer for device $32, class pfet_03v3, terminal G, net DAC_REF
[2026-09-09 23:32:19,911] [WARNING]    Could not find a layer for device $32, class pfet_03v3, terminal B, net VDD
[2026-09-09 23:32:19,912] [WARNING]    Could not find a layer for device $33, class pfet_03v3, terminal G, net DAC_REF
[2026-09-09 23:32:19,915] [WARNING]    Could not find a layer for device $33, class pfet_03v3, terminal B, net VDD
[2026-09-09 23:32:19,917] [WARNING]    Could not find a layer for device $34, class pfet_03v3, terminal G, net DAC_REF
[2026-09-09 23:32:19,919] [WARNING]    Could not find a layer for device $34, class pfet_03v3, terminal B, net VDD
[2026-09-09 23:32:19,921] [WARNING]    Could not find a layer for device $35, class pfet_03v3, terminal G, net DAC_REF
[2026-09-09 23:32:19,924] [WARNING]    Could not find a layer for device $35, class pfet_03v3, terminal B, net VDD
[2026-09-09 23:32:19,926] [WARNING]    Could not find a layer for device $36, class pfet_03v3, terminal G, net DAC_REF
[2026-09-09 23:32:19,928] [WARNING]    Could not find a layer for device $36, class pfet_03v3, terminal B, net VDD
[2026-09-09 23:32:19,930] [WARNING]    Could not find a layer for device $37, class pfet_03v3, terminal G, net DAC_REF
[2026-09-09 23:32:19,932] [WARNING]    Could not find a layer for device $37, class pfet_03v3, terminal B, net VDD
[2026-09-09 23:32:19,934] [WARNING]    Could not find a layer for device $38, class pfet_03v3, terminal G, net DAC_REF
[2026-09-09 23:32:19,936] [WARNING]    Could not find a layer for device $38, class pfet_03v3, terminal B, net VDD
[2026-09-09 23:32:19,938] [WARNING]    Could not find a layer for device $39, class pfet_03v3, terminal G, net DAC_REF
[2026-09-09 23:32:19,941] [WARNING]    Could not find a layer for device $39, class pfet_03v3, terminal B, net VDD
[2026-09-09 23:32:19,943] [WARNING]    Could not find a layer for device $40, class pfet_03v3, terminal G, net DAC_REF
[2026-09-09 23:32:19,945] [WARNING]    Could not find a layer for device $40, class pfet_03v3, terminal B, net VDD
[2026-09-09 23:32:19,946] [WARNING]    Could not find a layer for device $41, class pfet_03v3, terminal G, net DAC_REF
[2026-09-09 23:32:19,948] [WARNING]    Could not find a layer for device $41, class pfet_03v3, terminal B, net VDD
[2026-09-09 23:32:19,951] [WARNING]    Could not find a layer for device $42, class pfet_03v3, terminal G, net DAC_REF
[2026-09-09 23:32:19,954] [WARNING]    Could not find a layer for device $42, class pfet_03v3, terminal B, net VDD
[2026-09-09 23:32:19,956] [WARNING]    Could not find a layer for device $43, class pfet_03v3, terminal G, net DAC_REF
[2026-09-09 23:32:19,959] [WARNING]    Could not find a layer for device $43, class pfet_03v3, terminal B, net VDD
[2026-09-09 23:32:19,961] [WARNING]    Could not find a layer for device $44, class pfet_03v3, terminal G, net DAC_REF
[2026-09-09 23:32:19,963] [WARNING]    Could not find a layer for device $44, class pfet_03v3, terminal B, net VDD
[2026-09-09 23:32:19,964] [WARNING]    Could not find a layer for device $45, class pfet_03v3, terminal G, net DAC_REF
[2026-09-09 23:32:19,967] [WARNING]    Could not find a layer for device $45, class pfet_03v3, terminal B, net VDD
[2026-09-09 23:32:19,969] [WARNING]    Could not find a layer for device $46, class pfet_03v3, terminal G, net DAC_REF
[2026-09-09 23:32:19,971] [WARNING]    Could not find a layer for device $46, class pfet_03v3, terminal B, net VDD
[2026-09-09 23:32:19,973] [WARNING]    Could not find a layer for device $47, class pfet_03v3, terminal G, net DAC_REF
[2026-09-09 23:32:19,976] [WARNING]    Could not find a layer for device $47, class pfet_03v3, terminal B, net VDD
[2026-09-09 23:32:19,977] [WARNING]    Could not find a layer for device $48, class pfet_03v3, terminal G, net DAC_REF
[2026-09-09 23:32:19,979] [WARNING]    Could not find a layer for device $48, class pfet_03v3, terminal B, net VDD
[2026-09-09 23:32:19,982] [WARNING]    Could not find a layer for device $49, class pfet_03v3, terminal G, net DAC_REF
[2026-09-09 23:32:19,985] [WARNING]    Could not find a layer for device $49, class pfet_03v3, terminal B, net VDD
[2026-09-09 23:32:19,987] [WARNING]    Could not find a layer for device $50, class pfet_03v3, terminal G, net DAC_REF
[2026-09-09 23:32:19,989] [WARNING]    Could not find a layer for device $50, class pfet_03v3, terminal B, net VDD
[2026-09-09 23:32:19,993] [WARNING]    Could not find a layer for device $51, class pfet_03v3, terminal G, net DAC_REF
[2026-09-09 23:32:19,995] [WARNING]    Could not find a layer for device $51, class pfet_03v3, terminal B, net VDD
[2026-09-09 23:32:19,997] [WARNING]    Could not find a layer for device $52, class pfet_03v3, terminal G, net DAC_REF
[2026-09-09 23:32:19,999] [WARNING]    Could not find a layer for device $52, class pfet_03v3, terminal B, net VDD
[2026-09-09 23:32:20,001] [WARNING]    Could not find a layer for device $53, class pfet_03v3, terminal G, net DAC_REF
[2026-09-09 23:32:20,003] [WARNING]    Could not find a layer for device $53, class pfet_03v3, terminal B, net VDD
[2026-09-09 23:32:20,005] [WARNING]    Could not find a layer for device $54, class pfet_03v3, terminal G, net DAC_REF
[2026-09-09 23:32:20,008] [WARNING]    Could not find a layer for device $54, class pfet_03v3, terminal B, net VDD
[2026-09-09 23:32:20,010] [WARNING]    Could not find a layer for device $55, class pfet_03v3, terminal G, net DAC_REF
[2026-09-09 23:32:20,012] [WARNING]    Could not find a layer for device $55, class pfet_03v3, terminal B, net VDD
[2026-09-09 23:32:20,014] [WARNING]    Could not find a layer for device $56, class pfet_03v3, terminal G, net DAC_REF
[2026-09-09 23:32:20,017] [WARNING]    Could not find a layer for device $56, class pfet_03v3, terminal B, net VDD
[2026-09-09 23:32:20,020] [WARNING]    Could not find a layer for device $57, class pfet_03v3, terminal G, net DAC_REF
[2026-09-09 23:32:20,022] [WARNING]    Could not find a layer for device $57, class pfet_03v3, terminal B, net VDD
[2026-09-09 23:32:20,025] [WARNING]    Could not find a layer for device $58, class pfet_03v3, terminal G, net DAC_REF
[2026-09-09 23:32:20,027] [WARNING]    Could not find a layer for device $58, class pfet_03v3, terminal B, net VDD
[2026-09-09 23:32:20,029] [WARNING]    Could not find a layer for device $59, class pfet_03v3, terminal G, net DAC_REF
[2026-09-09 23:32:20,032] [WARNING]    Could not find a layer for device $59, class pfet_03v3, terminal B, net VDD
[2026-09-09 23:32:20,035] [WARNING]    Could not find a layer for device $60, class pfet_03v3, terminal G, net DAC_REF
[2026-09-09 23:32:20,037] [WARNING]    Could not find a layer for device $60, class pfet_03v3, terminal B, net VDD
[2026-09-09 23:32:20,040] [WARNING]    Could not find a layer for device $61, class pfet_03v3, terminal G, net DAC_REF
[2026-09-09 23:32:20,043] [WARNING]    Could not find a layer for device $61, class pfet_03v3, terminal B, net VDD
[2026-09-09 23:32:20,044] [WARNING]    Could not find a layer for device $62, class pfet_03v3, terminal G, net DAC_REF
[2026-09-09 23:32:20,046] [WARNING]    Could not find a layer for device $62, class pfet_03v3, terminal B, net VDD
[2026-09-09 23:32:20,049] [WARNING]    Could not find a layer for device $63, class pfet_03v3, terminal G, net DAC_REF
[2026-09-09 23:32:20,052] [WARNING]    Could not find a layer for device $63, class pfet_03v3, terminal B, net VDD
[2026-09-09 23:32:20,054] [WARNING]    Could not find a layer for device $64, class pfet_03v3, terminal G, net b[4]
[2026-09-09 23:32:20,056] [WARNING]    Could not find a layer for device $64, class pfet_03v3, terminal B, net VDD
[2026-09-09 23:32:20,058] [WARNING]    Could not find a layer for device $65, class pfet_03v3, terminal G, net b[4]
[2026-09-09 23:32:20,060] [WARNING]    Could not find a layer for device $65, class pfet_03v3, terminal B, net VDD
[2026-09-09 23:32:20,061] [WARNING]    Could not find a layer for device $66, class pfet_03v3, terminal G, net b[4]
[2026-09-09 23:32:20,063] [WARNING]    Could not find a layer for device $66, class pfet_03v3, terminal B, net VDD
[2026-09-09 23:32:20,065] [WARNING]    Could not find a layer for device $67, class pfet_03v3, terminal G, net b[4]
[2026-09-09 23:32:20,067] [WARNING]    Could not find a layer for device $67, class pfet_03v3, terminal B, net VDD
[2026-09-09 23:32:20,070] [WARNING]    Could not find a layer for device $68, class pfet_03v3, terminal G, net b[3]
[2026-09-09 23:32:20,072] [WARNING]    Could not find a layer for device $68, class pfet_03v3, terminal B, net VDD
[2026-09-09 23:32:20,074] [WARNING]    Could not find a layer for device $69, class pfet_03v3, terminal G, net b[3]
[2026-09-09 23:32:20,076] [WARNING]    Could not find a layer for device $69, class pfet_03v3, terminal B, net VDD
[2026-09-09 23:32:20,078] [WARNING]    Could not find a layer for device $70, class pfet_03v3, terminal G, net b[2]
[2026-09-09 23:32:20,080] [WARNING]    Could not find a layer for device $70, class pfet_03v3, terminal B, net VDD
[2026-09-09 23:32:20,082] [WARNING]    Could not find a layer for device $71, class pfet_03v3, terminal G, net b[1]
[2026-09-09 23:32:20,084] [WARNING]    Could not find a layer for device $71, class pfet_03v3, terminal B, net VDD
[2026-09-09 23:32:20,086] [WARNING]    Could not find a layer for device $72, class pfet_03v3, terminal G, net b[4]
[2026-09-09 23:32:20,088] [WARNING]    Could not find a layer for device $72, class pfet_03v3, terminal B, net VDD
[2026-09-09 23:32:20,091] [WARNING]    Could not find a layer for device $73, class pfet_03v3, terminal G, net b[4]
[2026-09-09 23:32:20,093] [WARNING]    Could not find a layer for device $73, class pfet_03v3, terminal B, net VDD
[2026-09-09 23:32:20,094] [WARNING]    Could not find a layer for device $74, class pfet_03v3, terminal G, net b[4]
[2026-09-09 23:32:20,096] [WARNING]    Could not find a layer for device $74, class pfet_03v3, terminal B, net VDD
[2026-09-09 23:32:20,098] [WARNING]    Could not find a layer for device $75, class pfet_03v3, terminal G, net b[4]
[2026-09-09 23:32:20,101] [WARNING]    Could not find a layer for device $75, class pfet_03v3, terminal B, net VDD
[2026-09-09 23:32:20,103] [WARNING]    Could not find a layer for device $76, class pfet_03v3, terminal G, net b[3]
[2026-09-09 23:32:20,104] [WARNING]    Could not find a layer for device $76, class pfet_03v3, terminal B, net VDD
[2026-09-09 23:32:20,107] [WARNING]    Could not find a layer for device $77, class pfet_03v3, terminal G, net b[3]
[2026-09-09 23:32:20,109] [WARNING]    Could not find a layer for device $77, class pfet_03v3, terminal B, net VDD
[2026-09-09 23:32:20,111] [WARNING]    Could not find a layer for device $78, class pfet_03v3, terminal G, net b[2]
[2026-09-09 23:32:20,113] [WARNING]    Could not find a layer for device $78, class pfet_03v3, terminal B, net VDD
[2026-09-09 23:32:20,114] [WARNING]    Could not find a layer for device $79, class pfet_03v3, terminal G, net b[4]
[2026-09-09 23:32:20,117] [WARNING]    Could not find a layer for device $79, class pfet_03v3, terminal B, net VDD
[2026-09-09 23:32:20,119] [WARNING]    Could not find a layer for device $80, class pfet_03v3, terminal G, net b[4]
[2026-09-09 23:32:20,122] [WARNING]    Could not find a layer for device $80, class pfet_03v3, terminal B, net VDD
[2026-09-09 23:32:20,125] [WARNING]    Could not find a layer for device $81, class pfet_03v3, terminal G, net b[4]
[2026-09-09 23:32:20,126] [WARNING]    Could not find a layer for device $81, class pfet_03v3, terminal B, net VDD
[2026-09-09 23:32:20,128] [WARNING]    Could not find a layer for device $82, class pfet_03v3, terminal G, net b[4]
[2026-09-09 23:32:20,130] [WARNING]    Could not find a layer for device $82, class pfet_03v3, terminal B, net VDD
[2026-09-09 23:32:20,131] [WARNING]    Could not find a layer for device $83, class pfet_03v3, terminal G, net b[3]
[2026-09-09 23:32:20,134] [WARNING]    Could not find a layer for device $83, class pfet_03v3, terminal B, net VDD
[2026-09-09 23:32:20,136] [WARNING]    Could not find a layer for device $84, class pfet_03v3, terminal G, net b[3]
[2026-09-09 23:32:20,138] [WARNING]    Could not find a layer for device $84, class pfet_03v3, terminal B, net VDD
[2026-09-09 23:32:20,140] [WARNING]    Could not find a layer for device $85, class pfet_03v3, terminal G, net b[2]
[2026-09-09 23:32:20,142] [WARNING]    Could not find a layer for device $85, class pfet_03v3, terminal B, net VDD
[2026-09-09 23:32:20,144] [WARNING]    Could not find a layer for device $86, class pfet_03v3, terminal G, net b[1]
[2026-09-09 23:32:20,145] [WARNING]    Could not find a layer for device $86, class pfet_03v3, terminal B, net VDD
[2026-09-09 23:32:20,148] [WARNING]    Could not find a layer for device $87, class pfet_03v3, terminal G, net b[1]
[2026-09-09 23:32:20,150] [WARNING]    Could not find a layer for device $87, class pfet_03v3, terminal B, net VDD
[2026-09-09 23:32:20,153] [WARNING]    Could not find a layer for device $88, class pfet_03v3, terminal G, net b[4]
[2026-09-09 23:32:20,154] [WARNING]    Could not find a layer for device $88, class pfet_03v3, terminal B, net VDD
[2026-09-09 23:32:20,157] [WARNING]    Could not find a layer for device $89, class pfet_03v3, terminal G, net b[4]
[2026-09-09 23:32:20,159] [WARNING]    Could not find a layer for device $89, class pfet_03v3, terminal B, net VDD
[2026-09-09 23:32:20,161] [WARNING]    Could not find a layer for device $90, class pfet_03v3, terminal G, net b[4]
[2026-09-09 23:32:20,162] [WARNING]    Could not find a layer for device $90, class pfet_03v3, terminal B, net VDD
[2026-09-09 23:32:20,164] [WARNING]    Could not find a layer for device $91, class pfet_03v3, terminal G, net b[4]
[2026-09-09 23:32:20,166] [WARNING]    Could not find a layer for device $91, class pfet_03v3, terminal B, net VDD
[2026-09-09 23:32:20,169] [WARNING]    Could not find a layer for device $92, class pfet_03v3, terminal G, net b[3]
[2026-09-09 23:32:20,170] [WARNING]    Could not find a layer for device $92, class pfet_03v3, terminal B, net VDD
[2026-09-09 23:32:20,172] [WARNING]    Could not find a layer for device $93, class pfet_03v3, terminal G, net b[3]
[2026-09-09 23:32:20,175] [WARNING]    Could not find a layer for device $93, class pfet_03v3, terminal B, net VDD
[2026-09-09 23:32:20,177] [WARNING]    Could not find a layer for device $94, class pfet_03v3, terminal G, net b[2]
[2026-09-09 23:32:20,178] [WARNING]    Could not find a layer for device $94, class pfet_03v3, terminal B, net VDD
[2026-09-09 23:32:20,180] [WARNING]    Could not find a layer for device $95, class pfet_03v3, terminal G, net b[0]
[2026-09-09 23:32:20,182] [WARNING]    Could not find a layer for device $95, class pfet_03v3, terminal B, net VDD
[2026-09-09 23:32:20,856] [SUBPROCESS]    Device;Net1;Net2;Capacitance [fF];Resistance [Ω]
[2026-09-09 23:32:20,856] [SUBPROCESS]    C1;$10;$13;1.369;
[2026-09-09 23:32:20,857] [SUBPROCESS]    C2;$10;$14;0.261;
[2026-09-09 23:32:20,857] [SUBPROCESS]    C3;$10;$26;3.271;
[2026-09-09 23:32:20,858] [SUBPROCESS]    C4;$10;$7;0.58;
[2026-09-09 23:32:20,859] [SUBPROCESS]    C5;$10;b[0];0.003;
[2026-09-09 23:32:20,859] [SUBPROCESS]    C6;$10;b[2];0.439;
[2026-09-09 23:32:20,860] [SUBPROCESS]    C7;$10;b[3];2.105;
[2026-09-09 23:32:20,860] [SUBPROCESS]    C8;$10;b[4];0.012;
[2026-09-09 23:32:20,861] [SUBPROCESS]    C9;$10;DAC_REF;0.013;
[2026-09-09 23:32:20,862] [SUBPROCESS]    C10;$10;I_DAC;0.807;
[2026-09-09 23:32:20,862] [SUBPROCESS]    C11;$10;VDD;7.076;
[2026-09-09 23:32:20,862] [SUBPROCESS]    C12;$10;VSUBS;7.292;
[2026-09-09 23:32:20,863] [SUBPROCESS]    C13;$13;$14;2.423;
[2026-09-09 23:32:20,863] [SUBPROCESS]    C14;$13;$26;0.35;
[2026-09-09 23:32:20,864] [SUBPROCESS]    C15;$13;$7;0.097;
[2026-09-09 23:32:20,864] [SUBPROCESS]    C16;$13;b[0];0.117;
[2026-09-09 23:32:20,864] [SUBPROCESS]    C17;$13;b[1];0.326;
[2026-09-09 23:32:20,865] [SUBPROCESS]    C18;$13;b[2];0.524;
[2026-09-09 23:32:20,865] [SUBPROCESS]    C19;$13;I_DAC;0.361;
[2026-09-09 23:32:20,866] [SUBPROCESS]    C20;$13;VDD;3.208;
[2026-09-09 23:32:20,866] [SUBPROCESS]    C21;$13;VSUBS;3.105;
[2026-09-09 23:32:20,866] [SUBPROCESS]    C22;$14;$26;0.368;
[2026-09-09 23:32:20,867] [SUBPROCESS]    C23;$14;$7;1.178;
[2026-09-09 23:32:20,867] [SUBPROCESS]    C24;$14;b[0];0.14;
[2026-09-09 23:32:20,868] [SUBPROCESS]    C25;$14;b[1];0.126;
[2026-09-09 23:32:20,868] [SUBPROCESS]    C26;$14;I_DAC;0.329;
[2026-09-09 23:32:20,868] [SUBPROCESS]    C27;$14;VDD;2.122;
[2026-09-09 23:32:20,869] [SUBPROCESS]    C28;$14;VSUBS;1.902;
[2026-09-09 23:32:20,869] [SUBPROCESS]    C29;$26;$7;0.33;
[2026-09-09 23:32:20,870] [SUBPROCESS]    C30;$26;b[3];0.073;
[2026-09-09 23:32:20,870] [SUBPROCESS]    C31;$26;b[4];3.887;
[2026-09-09 23:32:20,870] [SUBPROCESS]    C32;$26;DAC_REF;0.062;
[2026-09-09 23:32:20,871] [SUBPROCESS]    C33;$26;I_DAC;1.326;
[2026-09-09 23:32:20,871] [SUBPROCESS]    C34;$26;VDD;10.237;
[2026-09-09 23:32:20,872] [SUBPROCESS]    C35;$26;VSUBS;9.899;
[2026-09-09 23:32:20,872] [SUBPROCESS]    C36;$7;b[0];0.299;
[2026-09-09 23:32:20,872] [SUBPROCESS]    C37;$7;I_DAC;0.054;
[2026-09-09 23:32:20,873] [SUBPROCESS]    C38;$7;VDD;1.178;
[2026-09-09 23:32:20,873] [SUBPROCESS]    C39;$7;VSUBS;1.73;
[2026-09-09 23:32:20,874] [SUBPROCESS]    C40;b[0];b[1];0.05;
[2026-09-09 23:32:20,875] [SUBPROCESS]    C41;b[0];b[2];0.016;
[2026-09-09 23:32:20,875] [SUBPROCESS]    C42;b[1];b[2];0.062;
[2026-09-09 23:32:20,876] [SUBPROCESS]    C43;b[1];b[3];0.0;
[2026-09-09 23:32:20,876] [SUBPROCESS]    C44;b[2];b[3];0.079;
[2026-09-09 23:32:20,877] [SUBPROCESS]    C45;b[3];b[4];0.252;
[2026-09-09 23:32:20,877] [SUBPROCESS]    C46;DAC_REF;VDD;1.307;
[2026-09-09 23:32:20,878] [SUBPROCESS]    C47;DAC_REF;VSUBS;0.553;
[2026-09-09 23:32:20,878] [SUBPROCESS]    C48;I_DAC;b[0];1.153;
[2026-09-09 23:32:20,878] [SUBPROCESS]    C49;I_DAC;b[1];0.66;
[2026-09-09 23:32:20,879] [SUBPROCESS]    C50;I_DAC;b[2];0.794;
[2026-09-09 23:32:20,879] [SUBPROCESS]    C51;I_DAC;b[3];1.625;
[2026-09-09 23:32:20,880] [SUBPROCESS]    C52;I_DAC;b[4];3.571;
[2026-09-09 23:32:20,880] [SUBPROCESS]    C53;I_DAC;VDD;1.187;
[2026-09-09 23:32:20,881] [SUBPROCESS]    C54;I_DAC;VSUBS;3.647;
[2026-09-09 23:32:20,881] [SUBPROCESS]    C55;VDD;b[0];2.273;
[2026-09-09 23:32:20,882] [SUBPROCESS]    C56;VDD;b[1];0.11;
[2026-09-09 23:32:20,883] [SUBPROCESS]    C57;VDD;b[2];0.137;
[2026-09-09 23:32:20,883] [SUBPROCESS]    C58;VDD;b[3];0.228;
[2026-09-09 23:32:20,884] [SUBPROCESS]    C59;VDD;b[4];0.779;
[2026-09-09 23:32:20,884] [SUBPROCESS]    C60;VDD;VSUBS;49.487;
[2026-09-09 23:32:20,885] [SUBPROCESS]    C61;VSUBS;b[0];0.693;
[2026-09-09 23:32:20,885] [SUBPROCESS]    C62;VSUBS;b[1];0.413;
[2026-09-09 23:32:20,886] [SUBPROCESS]    C63;VSUBS;b[2];0.45;
[2026-09-09 23:32:20,886] [SUBPROCESS]    C64;VSUBS;b[3];0.952;
[2026-09-09 23:32:20,887] [SUBPROCESS]    C65;VSUBS;b[4];2.063;
[2026-09-09 23:32:20,887] [SUBPROCESS]    /foss/designs/DAC_CORE_5bit/output/DAC_CORE_5bit__DAC_CORE_5bit/DAC_CORE_5bit_k25d_pex_netlist.csv
[2026-09-09 23:32:20,895] [SUBPROCESS]    Wrote expanded netlist to: /foss/designs/DAC_CORE_5bit/output/DAC_CORE_5bit__DAC_CORE_5bit/DAC_CORE_5bit_k25d_pex_netlist.spice
[2026-09-09 23:32:20,898] [INFO]    Copied expanded SPICE netlist to: DAC_CORE_5bit.pex.spice
